###############################################################################
#
# IAR ELF Linker V8.32.3.193/W32 for ARM                  31/Jan/2021  09:13:17
# Copyright 2007-2019 IAR Systems AB.
#
#    Output file  =  
#        D:\Examples\STM32\CLOCK_STM32F103C8T6_WIFI_V203\EWARM\CLOCK_STM32F103C8T6_WIFI_V203_20190222\Exe\CLOCK_STM32F103C8T6_WIFI_V203_20190222.out
#    Map file     =  
#        D:\Examples\STM32\CLOCK_STM32F103C8T6_WIFI_V203\EWARM\CLOCK_STM32F103C8T6_WIFI_V203_20190222\List\CLOCK_STM32F103C8T6_WIFI_V203_20190222.map
#    Command line =  
#        -f C:\Users\WENHUA~1\AppData\Local\Temp\EW9DF0.tmp
#        (D:\Examples\STM32\CLOCK_STM32F103C8T6_WIFI_V203\EWARM\CLOCK_STM32F103C8T6_WIFI_V203_20190222\Obj\dma.o
#        D:\Examples\STM32\CLOCK_STM32F103C8T6_WIFI_V203\EWARM\CLOCK_STM32F103C8T6_WIFI_V203_20190222\Obj\EMW3060_AT.o
#        D:\Examples\STM32\CLOCK_STM32F103C8T6_WIFI_V203\EWARM\CLOCK_STM32F103C8T6_WIFI_V203_20190222\Obj\ESP8266_AT.o
#        D:\Examples\STM32\CLOCK_STM32F103C8T6_WIFI_V203\EWARM\CLOCK_STM32F103C8T6_WIFI_V203_20190222\Obj\gpio.o
#        D:\Examples\STM32\CLOCK_STM32F103C8T6_WIFI_V203\EWARM\CLOCK_STM32F103C8T6_WIFI_V203_20190222\Obj\HTU21D.o
#        D:\Examples\STM32\CLOCK_STM32F103C8T6_WIFI_V203\EWARM\CLOCK_STM32F103C8T6_WIFI_V203_20190222\Obj\HUB75D.o
#        D:\Examples\STM32\CLOCK_STM32F103C8T6_WIFI_V203\EWARM\CLOCK_STM32F103C8T6_WIFI_V203_20190222\Obj\main.o
#        D:\Examples\STM32\CLOCK_STM32F103C8T6_WIFI_V203\EWARM\CLOCK_STM32F103C8T6_WIFI_V203_20190222\Obj\rtc.o
#        D:\Examples\STM32\CLOCK_STM32F103C8T6_WIFI_V203\EWARM\CLOCK_STM32F103C8T6_WIFI_V203_20190222\Obj\RTC_software.o
#        D:\Examples\STM32\CLOCK_STM32F103C8T6_WIFI_V203\EWARM\CLOCK_STM32F103C8T6_WIFI_V203_20190222\Obj\startup_stm32f103xb.o
#        D:\Examples\STM32\CLOCK_STM32F103C8T6_WIFI_V203\EWARM\CLOCK_STM32F103C8T6_WIFI_V203_20190222\Obj\stm32f1xx_hal.o
#        D:\Examples\STM32\CLOCK_STM32F103C8T6_WIFI_V203\EWARM\CLOCK_STM32F103C8T6_WIFI_V203_20190222\Obj\stm32f1xx_hal_cortex.o
#        D:\Examples\STM32\CLOCK_STM32F103C8T6_WIFI_V203\EWARM\CLOCK_STM32F103C8T6_WIFI_V203_20190222\Obj\stm32f1xx_hal_dma.o
#        D:\Examples\STM32\CLOCK_STM32F103C8T6_WIFI_V203\EWARM\CLOCK_STM32F103C8T6_WIFI_V203_20190222\Obj\stm32f1xx_hal_exti.o
#        D:\Examples\STM32\CLOCK_STM32F103C8T6_WIFI_V203\EWARM\CLOCK_STM32F103C8T6_WIFI_V203_20190222\Obj\stm32f1xx_hal_flash.o
#        D:\Examples\STM32\CLOCK_STM32F103C8T6_WIFI_V203\EWARM\CLOCK_STM32F103C8T6_WIFI_V203_20190222\Obj\stm32f1xx_hal_flash_ex.o
#        D:\Examples\STM32\CLOCK_STM32F103C8T6_WIFI_V203\EWARM\CLOCK_STM32F103C8T6_WIFI_V203_20190222\Obj\stm32f1xx_hal_gpio.o
#        D:\Examples\STM32\CLOCK_STM32F103C8T6_WIFI_V203\EWARM\CLOCK_STM32F103C8T6_WIFI_V203_20190222\Obj\stm32f1xx_hal_gpio_ex.o
#        D:\Examples\STM32\CLOCK_STM32F103C8T6_WIFI_V203\EWARM\CLOCK_STM32F103C8T6_WIFI_V203_20190222\Obj\stm32f1xx_hal_msp.o
#        D:\Examples\STM32\CLOCK_STM32F103C8T6_WIFI_V203\EWARM\CLOCK_STM32F103C8T6_WIFI_V203_20190222\Obj\stm32f1xx_hal_pwr.o
#        D:\Examples\STM32\CLOCK_STM32F103C8T6_WIFI_V203\EWARM\CLOCK_STM32F103C8T6_WIFI_V203_20190222\Obj\stm32f1xx_hal_rcc.o
#        D:\Examples\STM32\CLOCK_STM32F103C8T6_WIFI_V203\EWARM\CLOCK_STM32F103C8T6_WIFI_V203_20190222\Obj\stm32f1xx_hal_rcc_ex.o
#        D:\Examples\STM32\CLOCK_STM32F103C8T6_WIFI_V203\EWARM\CLOCK_STM32F103C8T6_WIFI_V203_20190222\Obj\stm32f1xx_hal_rtc.o
#        D:\Examples\STM32\CLOCK_STM32F103C8T6_WIFI_V203\EWARM\CLOCK_STM32F103C8T6_WIFI_V203_20190222\Obj\stm32f1xx_hal_rtc_ex.o
#        D:\Examples\STM32\CLOCK_STM32F103C8T6_WIFI_V203\EWARM\CLOCK_STM32F103C8T6_WIFI_V203_20190222\Obj\stm32f1xx_hal_tim.o
#        D:\Examples\STM32\CLOCK_STM32F103C8T6_WIFI_V203\EWARM\CLOCK_STM32F103C8T6_WIFI_V203_20190222\Obj\stm32f1xx_hal_tim_ex.o
#        D:\Examples\STM32\CLOCK_STM32F103C8T6_WIFI_V203\EWARM\CLOCK_STM32F103C8T6_WIFI_V203_20190222\Obj\stm32f1xx_hal_uart.o
#        D:\Examples\STM32\CLOCK_STM32F103C8T6_WIFI_V203\EWARM\CLOCK_STM32F103C8T6_WIFI_V203_20190222\Obj\stm32f1xx_it.o
#        D:\Examples\STM32\CLOCK_STM32F103C8T6_WIFI_V203\EWARM\CLOCK_STM32F103C8T6_WIFI_V203_20190222\Obj\system_stm32f1xx.o
#        D:\Examples\STM32\CLOCK_STM32F103C8T6_WIFI_V203\EWARM\CLOCK_STM32F103C8T6_WIFI_V203_20190222\Obj\tim.o
#        D:\Examples\STM32\CLOCK_STM32F103C8T6_WIFI_V203\EWARM\CLOCK_STM32F103C8T6_WIFI_V203_20190222\Obj\usart.o
#        --redirect _Printf=_PrintfFull --redirect _Scanf=_ScanfFull
#        --no_out_extension -o
#        D:\Examples\STM32\CLOCK_STM32F103C8T6_WIFI_V203\EWARM\CLOCK_STM32F103C8T6_WIFI_V203_20190222\Exe\CLOCK_STM32F103C8T6_WIFI_V203_20190222.out
#        --map
#        D:\Examples\STM32\CLOCK_STM32F103C8T6_WIFI_V203\EWARM\CLOCK_STM32F103C8T6_WIFI_V203_20190222\List\CLOCK_STM32F103C8T6_WIFI_V203_20190222.map
#        --config
#        D:\Examples\STM32\CLOCK_STM32F103C8T6_WIFI_V203\EWARM/stm32f103xb_flash.icf
#        --semihosting --entry __iar_program_start --vfe --text_out locale)
#
###############################################################################

*******************************************************************************
*** RUNTIME MODEL ATTRIBUTES
***

CppFlavor       = *
__SystemLibrary = DLib
__dlib_version  = 6


*******************************************************************************
*** HEAP SELECTION
***

The basic heap was selected because no calls to memory allocation
functions were found in the application outside of system library
functions, and there are calls to deallocation functions in the
application.


*******************************************************************************
*** PLACEMENT SUMMARY
***

"A0":  place at 0x800'0000 { ro section .intvec };
"P1":  place in [from 0x800'0000 to 0x801'ffff] { ro };
define block CSTACK with size = 1K, alignment = 8 { };
define block HEAP with size = 512, alignment = 8 { };
"P2":  place in [from 0x2000'0000 to 0x2000'4fff] {
          rw, block CSTACK, block HEAP };
initialize by copy { rw };

  Section            Kind         Address    Size  Object
  -------            ----         -------    ----  ------
"A0":                                        0xec
  .intvec            ro code   0x800'0000    0xec  startup_stm32f103xb.o [1]
                             - 0x800'00ec    0xec

"P1":                                      0x7909
  .text              ro code   0x800'00ec   0xf46  xprintffull.o [2]
  .text              ro code   0x800'1032    0x7a  lz77_init_single.o [4]
  .text              ro code   0x800'10ac    0x78  xlocale_c.o [2]
  .text              ro code   0x800'1124    0x16  strchr.o [4]
  .text              ro code   0x800'113a    0x3a  zero_init3.o [4]
  .text              ro code   0x800'1174    0x40  xfail_s.o [2]
  .text              ro code   0x800'11b4    0x36  strlen.o [4]
  .text              ro code   0x800'11ea    0x1e  xencoding_8859_1.o [2]
  .text              ro code   0x800'1208    0x58  memchr.o [4]
  .text              ro code   0x800'1260     0xa  xmbcurmax.o [2]
  .text              ro code   0x800'126c    0xa6  ABImemcpy.o [4]
  .text              ro code   0x800'1314   0x230  I64DivMod.o [4]
  .text              ro code   0x800'1544   0x1a2  DblMul.o [3]
  .text              ro code   0x800'16e8    0x70  frexp.o [3]
  .text              ro code   0x800'1758    0x2e  DblCmpLe.o [3]
  .text              ro code   0x800'1788    0x2e  DblCmpGe.o [3]
  .text              ro code   0x800'17b8   0x13a  ldexp.o [3]
  .text              ro code   0x800'18f4    0x3a  DblToS32.o [3]
  .text              ro code   0x800'1930    0x22  S32ToDbl.o [3]
  .text              ro code   0x800'1954    0xe2  DblSub.o [3]
  .text              ro code   0x800'1a38   0x246  DblDiv.o [3]
  .text              ro code   0x800'1c80    0x28  DblToU32.o [3]
  .text              ro code   0x800'1ca8    0x1a  U32ToDbl.o [3]
  .text              ro code   0x800'1cc2     0x6  abort.o [2]
  .text              ro code   0x800'1cc8     0x2  I64DivZer.o [4]
  .text              ro code   0x800'1ccc   0x17a  DblAdd.o [3]
  .text              ro code   0x800'1e48    0x14  exit.o [5]
  .text              ro code   0x800'1e5c   0xd88  HUB75D.o [1]
  .text              ro code   0x800'2be4   0x3e4  main.o [1]
  .text              ro code   0x800'2fc8    0x24  stm32f1xx_hal.o [1]
  .text              ro code   0x800'2fec   0x10c  gpio.o [1]
  .text              ro code   0x800'30f8    0x20  dma.o [1]
  .text              ro code   0x800'3118    0xbc  rtc.o [1]
  .text              ro code   0x800'31d4    0xa4  tim.o [1]
  .text              ro code   0x800'3278   0x1d4  usart.o [1]
  .text              ro code   0x800'344c   0x53c  HTU21D.o [1]
  .text              ro code   0x800'3988    0x6e  stm32f1xx_hal_rtc_ex.o [1]
  .text              ro code   0x800'39f8    0x28  stm32f1xx_hal.o [1]
  .text              ro code   0x800'3a20   0x374  EMW3060_AT.o [1]
  .text              ro code   0x800'3d94   0x698  stm32f1xx_hal_uart.o [1]
  .text              ro code   0x800'442c   0x7c0  stm32f1xx_hal_tim.o [1]
  .text              ro code   0x800'4bec   0x150  RTC_software.o [1]
  .text              ro code   0x800'4d3c     0x6  ABImemclr4.o [4]
  .text              ro code   0x800'4d44   0x6fa  stm32f1xx_hal_rcc.o [1]
  .text              ro code   0x800'5440   0x232  stm32f1xx_hal_rcc_ex.o [1]
  .text              ro code   0x800'5674   0x130  stm32f1xx_hal_cortex.o [1]
  .text              ro code   0x800'57a4   0x800  stm32f1xx_hal_rtc.o [1]
  .text              ro code   0x800'5fa4    0x28  printf.o [2]
  .text              ro code   0x800'5fcc   0x478  stm32f1xx_hal_gpio.o [1]
  .text              ro code   0x800'6444    0x84  stm32f1xx_hal_pwr.o [1]
  .text              ro code   0x800'64c8    0x40  stm32f1xx_hal.o [1]
  .text              ro code   0x800'6508    0x48  stm32f1xx_hal_msp.o [1]
  .text              ro code   0x800'6550    0xd0  stm32f1xx_hal_tim_ex.o [1]
  .text              ro code   0x800'6620   0x4f6  stm32f1xx_hal_dma.o [1]
  .text              ro code   0x800'6b18    0x68  DblToFlt.o [3]
  .text              ro code   0x800'6b80    0x2a  FltToS32.o [3]
  .text              ro code   0x800'6baa     0x2  stm32f1xx_hal_rtc_ex.o [1]
  .text              ro code   0x800'6bac     0x2  stm32f1xx_hal_rtc_ex.o [1]
  .text              ro code   0x800'6bb0     0xc  stm32f1xx_hal.o [1]
  .text              ro code   0x800'6bbc    0x30  strstr.o [2]
  .text              ro code   0x800'6bec     0x2  stm32f1xx_hal_uart.o [1]
  .text              ro code   0x800'6bee     0x2  stm32f1xx_hal_uart.o [1]
  .text              ro code   0x800'6bf0     0x2  stm32f1xx_hal_uart.o [1]
  .text              ro code   0x800'6bf2     0x2  stm32f1xx_hal_tim.o [1]
  .text              ro code   0x800'6bf4     0x2  stm32f1xx_hal_tim.o [1]
  .text              ro code   0x800'6bf6     0x2  stm32f1xx_hal_tim.o [1]
  .text              ro code   0x800'6bf8     0x2  stm32f1xx_hal_tim.o [1]
  .text              ro code   0x800'6bfa     0x2  stm32f1xx_hal_tim_ex.o [1]
  .text              ro code   0x800'6bfc     0x2  stm32f1xx_hal_tim.o [1]
  .text              ro code   0x800'6bfe     0x2  stm32f1xx_hal_tim_ex.o [1]
  .text              ro code   0x800'6c00    0x32  ABImemset48.o [4]
  .rodata            const     0x800'6c34   0x290  HUB75D.o [1]
  .rodata            const     0x800'6ec4   0x258  HUB75D.o [1]
  .rodata            const     0x800'711c    0xd8  HUB75D.o [1]
  .rodata            const     0x800'71f4    0x98  HUB75D.o [1]
  .text              ro code   0x800'728c    0x80  stm32f1xx_it.o [1]
  .text              ro code   0x800'730c    0x10  stm32f1xx_hal.o [1]
  .rodata            const     0x800'731c    0x68  stm32f1xx_hal_cortex.o [1]
  .rodata            const     0x800'7384    0x68  stm32f1xx_hal_dma.o [1]
  .rodata            const     0x800'73ec    0x68  stm32f1xx_hal_gpio.o [1]
  .rodata            const     0x800'7454    0x68  stm32f1xx_hal_pwr.o [1]
  .rodata            const     0x800'74bc    0x68  stm32f1xx_hal_rcc.o [1]
  .rodata            const     0x800'7524    0x68  stm32f1xx_hal_rcc_ex.o [1]
  .rodata            const     0x800'758c    0x68  stm32f1xx_hal_rtc.o [1]
  .rodata            const     0x800'75f4    0x68  stm32f1xx_hal_tim.o [1]
  .rodata            const     0x800'765c    0x68  stm32f1xx_hal_tim_ex.o [1]
  .rodata            const     0x800'76c4    0x68  stm32f1xx_hal_uart.o [1]
  .text              ro code   0x800'772c    0x60  system_stm32f1xx.o [1]
  .rodata            const     0x800'778c    0x2c  EMW3060_AT.o [1]
  .rodata            const     0x800'77b8    0x28  EMW3060_AT.o [1]
  .text              ro code   0x800'77e0    0x28  data_init.o [4]
  .rodata            const     0x800'7808    0x24  EMW3060_AT.o [1]
  .rodata            const     0x800'782c    0x24  HTU21D.o [1]
  .rodata            const     0x800'7850    0x24  main.o [1]
  .iar.init_table    const     0x800'7874    0x20  - Linker created -
  .text              ro code   0x800'7894    0x1e  cmain.o [4]
  .text              ro code   0x800'78b2     0x4  low_level_init.o [2]
  .text              ro code   0x800'78b6     0x4  exit.o [2]
  .text              ro code   0x800'78bc     0xa  cexit.o [4]
  .text              ro code   0x800'78c6    0x16  xprout.o [2]
  .text              ro code   0x800'78dc     0xc  putchar.o [2]
  .text              ro code   0x800'78e8    0x10  startup_stm32f103xb.o [1]
  .text              ro code   0x800'78f8     0xc  cstartup_M.o [4]
  .rodata            const     0x800'7904     0x8  system_stm32f1xx.o [1]
  .rodata            const     0x800'790c     0x6  xlocale_c.o [2]
  .text              ro code   0x800'7912     0x4  startup_stm32f103xb.o [1]
  .text              ro code   0x800'7916     0x4  startup_stm32f103xb.o [1]
  .text              ro code   0x800'791a     0x4  startup_stm32f103xb.o [1]
  .text              ro code   0x800'791e     0x4  startup_stm32f103xb.o [1]
  .text              ro code   0x800'7922     0x4  startup_stm32f103xb.o [1]
  .text              ro code   0x800'7926     0x4  startup_stm32f103xb.o [1]
  .text              ro code   0x800'792a     0x4  startup_stm32f103xb.o [1]
  .text              ro code   0x800'792e     0x4  startup_stm32f103xb.o [1]
  .text              ro code   0x800'7932     0x4  startup_stm32f103xb.o [1]
  .text              ro code   0x800'7936     0x4  startup_stm32f103xb.o [1]
  .text              ro code   0x800'793a     0x4  startup_stm32f103xb.o [1]
  .text              ro code   0x800'793e     0x4  startup_stm32f103xb.o [1]
  .text              ro code   0x800'7942     0x4  startup_stm32f103xb.o [1]
  .text              ro code   0x800'7946     0x4  startup_stm32f103xb.o [1]
  .text              ro code   0x800'794a     0x4  startup_stm32f103xb.o [1]
  .text              ro code   0x800'794e     0x4  startup_stm32f103xb.o [1]
  .text              ro code   0x800'7952     0x4  startup_stm32f103xb.o [1]
  .text              ro code   0x800'7956     0x4  startup_stm32f103xb.o [1]
  .text              ro code   0x800'795a     0x4  startup_stm32f103xb.o [1]
  .text              ro code   0x800'795e     0x4  startup_stm32f103xb.o [1]
  .text              ro code   0x800'7962     0x4  startup_stm32f103xb.o [1]
  .text              ro code   0x800'7966     0x4  startup_stm32f103xb.o [1]
  .text              ro code   0x800'796a     0x4  startup_stm32f103xb.o [1]
  .text              ro code   0x800'796e     0x4  startup_stm32f103xb.o [1]
  .text              ro code   0x800'7972     0x4  startup_stm32f103xb.o [1]
  .text              ro code   0x800'7976     0x4  startup_stm32f103xb.o [1]
  .text              ro code   0x800'797a     0x4  startup_stm32f103xb.o [1]
  .text              ro code   0x800'797e     0x4  startup_stm32f103xb.o [1]
  .text              ro code   0x800'7982     0x4  startup_stm32f103xb.o [1]
  .text              ro code   0x800'7986     0x4  startup_stm32f103xb.o [1]
  .text              ro code   0x800'798a     0x4  startup_stm32f103xb.o [1]
  .text              ro code   0x800'798e     0x4  startup_stm32f103xb.o [1]
  .text              ro code   0x800'7992     0x4  startup_stm32f103xb.o [1]
  .text              ro code   0x800'7996     0x4  startup_stm32f103xb.o [1]
  .text              ro code   0x800'799a     0x4  startup_stm32f103xb.o [1]
  .text              ro code   0x800'799e     0x4  startup_stm32f103xb.o [1]
  .text              ro code   0x800'79a2     0x4  startup_stm32f103xb.o [1]
  .rodata            const     0x800'79a6     0x0  zero_init3.o [4]
  .rodata            const     0x800'79a6     0x0  lz77_init_single.o [4]
  Initializer bytes  const     0x800'79a6    0x4f  <for P2-1>
                             - 0x800'79f5  0x7909

"P2", part 1 of 3:                           0xd8
  P2-1                        0x2000'0000    0xd8  <Init block>
    .data            inited   0x2000'0000     0xc  stm32f1xx_hal.o [1]
    .data            inited   0x2000'000c     0x4  system_stm32f1xx.o [1]
    .data            inited   0x2000'0010    0x38  xlocale_c.o [2]
    .data            inited   0x2000'0048    0x48  xlocale_c.o [2]
    .data            inited   0x2000'0090    0x48  xfiles.o [2]
                            - 0x2000'00d8    0xd8

"P2", part 2 of 3:                          0x254
  .bss               zero     0x2000'00d8    0x88  usart.o [1]
  .bss               zero     0x2000'0160    0x68  usart.o [1]
  .bss               zero     0x2000'01c8    0x50  xfiles.o [2]
  .bss               zero     0x2000'0218    0x48  tim.o [1]
  .bss               zero     0x2000'0260    0x40  usart.o [1]
  .bss               zero     0x2000'02a0    0x20  HUB75D.o [1]
  .bss               zero     0x2000'02c0    0x1e  HUB75D.o [1]
  .bss               zero     0x2000'02de     0x6  HTU21D.o [1]
  .bss               zero     0x2000'02e4    0x14  rtc.o [1]
  .bss               zero     0x2000'02f8    0x10  HUB75D.o [1]
  .bss               zero     0x2000'0308     0xc  EMW3060_AT.o [1]
  .bss               zero     0x2000'0314     0xc  RTC_software.o [1]
  .bss               zero     0x2000'0320     0x4  HUB75D.o [1]
  .bss               zero     0x2000'0324     0x4  xfail_s.o [2]
  .bss               zero     0x2000'0328     0x1  RTC_software.o [1]
                            - 0x2000'0329   0x251

"P2", part 3 of 3:                          0x400
  CSTACK                      0x2000'0330   0x400  <Block>
    CSTACK           uninit   0x2000'0330   0x400  <Block tail>
                            - 0x2000'0730   0x400

Unused ranges:

         From           To      Size
         ----           --      ----
   0x800'79f5   0x801'ffff  0x1'860b
  0x2000'032c  0x2000'032f       0x4
  0x2000'0730  0x2000'4fff    0x48d0


*******************************************************************************
*** INIT TABLE
***

          Address      Size
          -------      ----
Zero (__iar_zero_init3)
    1 destination range, total size 0x251:
          0x2000'00d8  0x251

Copy/lz77 (__iar_lz77_init_single3)
    1 source range, total size 0x4f (36% of destination):
           0x800'79a6   0x4f
    1 destination range, total size 0xd8:
          0x2000'0000   0xd8



*******************************************************************************
*** MODULE SUMMARY
***

    Module                  ro code  ro data  rw data
    ------                  -------  -------  -------
command line/config:
    -------------------------------------------------
    Total:

D:\Examples\STM32\CLOCK_STM32F103C8T6_WIFI_V203\EWARM\CLOCK_STM32F103C8T6_WIFI_V203_20190222\Obj: [1]
    EMW3060_AT.o                884      120       12
    HTU21D.o                  1 340       36        6
    HUB75D.o                  3 464    1 624       82
    RTC_software.o              336                13
    dma.o                        32
    gpio.o                      268
    main.o                      996       36
    rtc.o                       188                20
    startup_stm32f103xb.o       400
    stm32f1xx_hal.o             168        4       12
    stm32f1xx_hal_cortex.o      304      104
    stm32f1xx_hal_dma.o       1 270      104
    stm32f1xx_hal_gpio.o      1 144      104
    stm32f1xx_hal_msp.o          72
    stm32f1xx_hal_pwr.o         132      104
    stm32f1xx_hal_rcc.o       1 786      104
    stm32f1xx_hal_rcc_ex.o      562      104
    stm32f1xx_hal_rtc.o       2 048      104
    stm32f1xx_hal_rtc_ex.o      114
    stm32f1xx_hal_tim.o       1 994      104
    stm32f1xx_hal_tim_ex.o      212      104
    stm32f1xx_hal_uart.o      1 694      104
    stm32f1xx_it.o              128
    system_stm32f1xx.o           96        9        4
    tim.o                       164                72
    usart.o                     468               304
    -------------------------------------------------
    Total:                   20 264    2 869      525

dl7M_tlf.a: [2]
    abort.o                       6
    exit.o                        4
    low_level_init.o              4
    printf.o                     40
    putchar.o                    12
    strstr.o                     48
    xencoding_8859_1.o           30
    xfail_s.o                    64                 4
    xfiles.o                              27      152
    xlocale_c.o                 120       53      128
    xmbcurmax.o                  10
    xprintffull.o             3 910
    xprout.o                     22
    -------------------------------------------------
    Total:                    4 270       80      284

m7M_tl.a: [3]
    DblAdd.o                    378
    DblCmpGe.o                   46
    DblCmpLe.o                   46
    DblDiv.o                    582
    DblMul.o                    418
    DblSub.o                    226
    DblToFlt.o                  104
    DblToS32.o                   58
    DblToU32.o                   40
    FltToS32.o                   42
    S32ToDbl.o                   34
    U32ToDbl.o                   26
    frexp.o                     112
    ldexp.o                     314
    -------------------------------------------------
    Total:                    2 426

rt7M_tl.a: [4]
    ABImemclr4.o                  6
    ABImemcpy.o                 166
    ABImemset48.o                50
    I64DivMod.o                 560
    I64DivZer.o                   2
    cexit.o                      10
    cmain.o                      30
    cstartup_M.o                 12
    data_init.o                  40
    lz77_init_single.o          122
    memchr.o                     88
    strchr.o                     22
    strlen.o                     54
    zero_init3.o                 58
    -------------------------------------------------
    Total:                    1 220

shb_l.a: [5]
    exit.o                       20
    -------------------------------------------------
    Total:                       20

    Gaps                         38        2
    Linker created                        32    1 024
-----------------------------------------------------
    Grand Total:             28 238    2 983    1 833


*******************************************************************************
*** ENTRY LIST
***

Entry                       Address   Size  Type      Object
-----                       -------   ----  ----      ------
.iar.init_table$$Base    0x800'7874          --   Gb  - Linker created -
.iar.init_table$$Limit   0x800'7894          --   Gb  - Linker created -
?main                    0x800'7895         Code  Gb  cmain.o [4]
AHBPrescTable            0x800'777c   0x10  Data  Gb  system_stm32f1xx.o [1]
APBPrescTable            0x800'7904    0x8  Data  Gb  system_stm32f1xx.o [1]
AckBus                   0x800'350b   0x4e  Code  Lc  HTU21D.o [1]
AscToHex                 0x800'3a21   0x28  Code  Gb  EMW3060_AT.o [1]
Buffer                  0x2000'0310    0x4  Data  Gb  EMW3060_AT.o [1]
BusFault_Handler         0x800'7293    0x2  Code  Gb  stm32f1xx_it.o [1]
CSTACK$$Base            0x2000'0330          --   Gb  - Linker created -
CSTACK$$Limit           0x2000'0730          --   Gb  - Linker created -
CacheMore                0x800'10b1   0x24  Code  Lc  xlocale_c.o [2]
Conversion               0x800'1f59  0x210  Code  Gb  HUB75D.o [1]
DMA1_Channel4_IRQHandler
                         0x800'72c1    0x6  Code  Gb  stm32f1xx_it.o [1]
DMA1_Channel5_IRQHandler
                         0x800'72c7    0x6  Code  Gb  stm32f1xx_it.o [1]
DMA_SetConfig            0x800'6af5   0x22  Code  Lc  stm32f1xx_hal_dma.o [1]
DZF                      0x800'6c34  0x1d0  Data  Gb  HUB75D.o [1]
DateD                    0x800'711c   0x80  Data  Gb  HUB75D.o [1]
Date_Day                 0x800'4c69   0x62  Code  Gb  RTC_software.o [1]
DebugMon_Handler         0x800'7299    0x2  Code  Gb  stm32f1xx_it.o [1]
DelayUs                  0x800'344d    0x2  Code  Gb  HTU21D.o [1]
DispDate                 0x800'23e1  0x1da  Code  Gb  HUB75D.o [1]
DispTime                 0x800'21b7  0x22a  Code  Gb  HUB75D.o [1]
DispYinli                0x800'25bb  0x344  Code  Gb  HUB75D.o [1]
EMW3060_AT_CtrDec        0x800'3c71   0x60  Code  Gb  EMW3060_AT.o [1]
EMW3060_AT_GetTimeCtr   0x2000'0309    0x1  Data  Gb  EMW3060_AT.o [1]
EMW3060_AT_Init          0x800'3cd1   0x36  Code  Gb  EMW3060_AT.o [1]
EMW3060_AT_PowerOffCtr  0x2000'0308    0x1  Data  Gb  EMW3060_AT.o [1]
EMW3060_AT_PowerOnOff    0x800'3bf5   0x34  Code  Gb  EMW3060_AT.o [1]
EMW3060_AT_ProcessClock
                         0x800'3aa7  0x14e  Code  Gb  EMW3060_AT.o [1]
EMW3060_AT_ReceiveProcess
                         0x800'3c29   0x46  Code  Gb  EMW3060_AT.o [1]
EMW3060_AT_RenewInitCtr
                        0x2000'030a    0x1  Data  Gb  EMW3060_AT.o [1]
EMW3060_AT_RenewInitCtr_1
                        0x2000'030b    0x1  Data  Gb  EMW3060_AT.o [1]
EXTI0_IRQHandler         0x800'72bb    0x6  Code  Gb  stm32f1xx_it.o [1]
EnterStandbyMode         0x800'2e69   0xf6  Code  Gb  main.o [1]
Error_Handler            0x800'2f9d    0x2  Code  Gb  main.o [1]
F_1000MS                0x2000'0328    0x1  Data  Gb  RTC_software.o [1]
F_1MIN                  0x2000'0314    0x1  Data  Gb  RTC_software.o [1]
F_EMW3060_AT_CONNECT    0x2000'030d    0x1  Data  Gb  EMW3060_AT.o [1]
F_EMW3060_AT_ON_OFF     0x2000'030c    0x1  Data  Gb  EMW3060_AT.o [1]
F_EMW3060_AT_TimeData   0x2000'030e    0x1  Data  Gb  EMW3060_AT.o [1]
F_HUB75D_DISP_ON_OFF    0x2000'0320    0x1  Data  Gb  HUB75D.o [1]
F_HUB75D_TH_DISP_CHANGE
                        0x2000'02b0    0x1  Data  Gb  HUB75D.o [1]
GetClock                 0x800'2dbf   0x58  Code  Gb  main.o [1]
Get_HTU21D_Data          0x800'3745  0x158  Code  Gb  HTU21D.o [1]
HAL_DMA_Abort            0x800'68a9   0x50  Code  Gb  stm32f1xx_hal_dma.o [1]
HAL_DMA_Abort_IT         0x800'68f9   0x98  Code  Gb  stm32f1xx_hal_dma.o [1]
HAL_DMA_DeInit           0x800'676f   0xa2  Code  Gb  stm32f1xx_hal_dma.o [1]
HAL_DMA_IRQHandler       0x800'6991  0x134  Code  Gb  stm32f1xx_hal_dma.o [1]
HAL_DMA_Init             0x800'6621  0x14e  Code  Gb  stm32f1xx_hal_dma.o [1]
HAL_DMA_Start_IT         0x800'6811   0x98  Code  Gb  stm32f1xx_hal_dma.o [1]
HAL_Delay                0x800'39f9   0x28  Code  Wk  stm32f1xx_hal.o [1]
HAL_GPIO_DeInit          0x800'6285   0xfc  Code  Gb  stm32f1xx_hal_gpio.o [1]
HAL_GPIO_EXTI_Callback   0x800'2f61   0x10  Code  Gb  main.o [1]
HAL_GPIO_EXTI_IRQHandler
                         0x800'63f3   0x10  Code  Gb  stm32f1xx_hal_gpio.o [1]
HAL_GPIO_Init            0x800'5fcd  0x2b8  Code  Gb  stm32f1xx_hal_gpio.o [1]
HAL_GPIO_ReadPin         0x800'6381   0x20  Code  Gb  stm32f1xx_hal_gpio.o [1]
HAL_GPIO_TogglePin       0x800'63d1   0x22  Code  Gb  stm32f1xx_hal_gpio.o [1]
HAL_GPIO_WritePin        0x800'63a1   0x30  Code  Gb  stm32f1xx_hal_gpio.o [1]
HAL_GetTick              0x800'6bb1    0xc  Code  Wk  stm32f1xx_hal.o [1]
HAL_IncTick              0x800'730d   0x10  Code  Wk  stm32f1xx_hal.o [1]
HAL_Init                 0x800'2fc9   0x20  Code  Gb  stm32f1xx_hal.o [1]
HAL_InitTick             0x800'64c9   0x40  Code  Wk  stm32f1xx_hal.o [1]
HAL_MspInit              0x800'6509   0x48  Code  Gb  stm32f1xx_hal_msp.o [1]
HAL_NVIC_DisableIRQ      0x800'572b   0x22  Code  Gb  stm32f1xx_hal_cortex.o [1]
HAL_NVIC_EnableIRQ       0x800'5719   0x12  Code  Gb  stm32f1xx_hal_cortex.o [1]
HAL_NVIC_SetPriority     0x800'56ad   0x6c  Code  Gb  stm32f1xx_hal_cortex.o [1]
HAL_NVIC_SetPriorityGrouping
                         0x800'5675   0x38  Code  Gb  stm32f1xx_hal_cortex.o [1]
HAL_PWR_EnableBkUpAccess
                         0x800'644b    0x4  Code  Gb  stm32f1xx_hal_pwr.o [1]
HAL_PWR_EnterSTOPMode    0x800'6455   0x62  Code  Gb  stm32f1xx_hal_pwr.o [1]
HAL_RCCEx_GetPeriphCLKFreq
                         0x800'5585   0xc0  Code  Gb  stm32f1xx_hal_rcc_ex.o [1]
HAL_RCCEx_GetPeriphCLKFreq::aPLLMULFactorTable
                         0x800'5660   0x10  Data  Lc  stm32f1xx_hal_rcc_ex.o [1]
HAL_RCCEx_GetPeriphCLKFreq::aPredivFactorTable
                         0x800'5670    0x2  Data  Lc  stm32f1xx_hal_rcc_ex.o [1]
HAL_RCCEx_PeriphCLKConfig
                         0x800'5441  0x142  Code  Gb  stm32f1xx_hal_rcc_ex.o [1]
HAL_RCC_ClockConfig      0x800'51b9  0x1d8  Code  Gb  stm32f1xx_hal_rcc.o [1]
HAL_RCC_GetPCLK1Freq     0x800'53d3   0x10  Code  Gb  stm32f1xx_hal_rcc.o [1]
HAL_RCC_GetPCLK2Freq     0x800'53e3    0xe  Code  Gb  stm32f1xx_hal_rcc.o [1]
HAL_RCC_GetSysClockFreq
                         0x800'539d   0x36  Code  Gb  stm32f1xx_hal_rcc.o [1]
HAL_RCC_GetSysClockFreq::aPLLMULFactorTable
                         0x800'542c   0x10  Data  Lc  stm32f1xx_hal_rcc.o [1]
HAL_RCC_GetSysClockFreq::aPredivFactorTable
                         0x800'543c    0x2  Data  Lc  stm32f1xx_hal_rcc.o [1]
HAL_RCC_OscConfig        0x800'4d45  0x46e  Code  Gb  stm32f1xx_hal_rcc.o [1]
HAL_RTCEx_RTCIRQHandler
                         0x800'39b9   0x3e  Code  Gb  stm32f1xx_hal_rtc_ex.o [1]
HAL_RTCEx_SetSecond_IT   0x800'3989   0x24  Code  Gb  stm32f1xx_hal_rtc_ex.o [1]
HAL_RTC_GetDate          0x800'5d13   0x66  Code  Gb  stm32f1xx_hal_rtc.o [1]
HAL_RTC_GetTime          0x800'5a61  0x126  Code  Gb  stm32f1xx_hal_rtc.o [1]
HAL_RTC_Init             0x800'57a5  0x144  Code  Gb  stm32f1xx_hal_rtc.o [1]
HAL_RTC_MspInit          0x800'3191   0x2c  Code  Gb  rtc.o [1]
HAL_RTC_SetDate          0x800'5b87  0x18c  Code  Gb  stm32f1xx_hal_rtc.o [1]
HAL_RTC_SetTime          0x800'58e9  0x178  Code  Gb  stm32f1xx_hal_rtc.o [1]
HAL_SYSTICK_Config       0x800'5753   0x22  Code  Gb  stm32f1xx_hal_cortex.o [1]
HAL_TIMEx_BreakCallback
                         0x800'6bfb    0x2  Code  Wk  stm32f1xx_hal_tim_ex.o [1]
HAL_TIMEx_CommutCallback
                         0x800'6bff    0x2  Code  Wk  stm32f1xx_hal_tim_ex.o [1]
HAL_TIMEx_MasterConfigSynchronization
                         0x800'6551   0xbc  Code  Gb  stm32f1xx_hal_tim_ex.o [1]
HAL_TIM_Base_Init        0x800'442d   0x9c  Code  Gb  stm32f1xx_hal_tim.o [1]
HAL_TIM_Base_MspInit     0x800'3243   0x22  Code  Gb  tim.o [1]
HAL_TIM_Base_Start       0x800'44c9   0x7e  Code  Gb  stm32f1xx_hal_tim.o [1]
HAL_TIM_Base_Start_IT    0x800'4547   0x88  Code  Gb  stm32f1xx_hal_tim.o [1]
HAL_TIM_ConfigClockSource
                         0x800'474f  0x3be  Code  Gb  stm32f1xx_hal_tim.o [1]
HAL_TIM_IRQHandler       0x800'4605  0x14a  Code  Gb  stm32f1xx_hal_tim.o [1]
HAL_UART_DMAStop         0x800'403f   0x5c  Code  Gb  stm32f1xx_hal_uart.o [1]
HAL_UART_DeInit          0x800'3e6d   0x52  Code  Gb  stm32f1xx_hal_uart.o [1]
HAL_UART_IRQHandler      0x800'409b  0x158  Code  Gb  stm32f1xx_hal_uart.o [1]
HAL_UART_Init            0x800'3d95   0xc0  Code  Gb  stm32f1xx_hal_uart.o [1]
HAL_UART_MspDeInit       0x800'3373   0x38  Code  Gb  usart.o [1]
HAL_UART_MspInit         0x800'32a7   0xcc  Code  Gb  usart.o [1]
HAL_UART_Receive_DMA     0x800'3fad   0x92  Code  Gb  stm32f1xx_hal_uart.o [1]
HAL_UART_Transmit        0x800'3ebf   0xee  Code  Gb  stm32f1xx_hal_uart.o [1]
HAL_UART_TxCpltCallback
                         0x800'33bf   0x22  Code  Gb  usart.o [1]
HTU21D_I2C_Init          0x800'344f   0x48  Code  Gb  HTU21D.o [1]
HTU21D_Init              0x800'36d1   0x74  Code  Gb  HTU21D.o [1]
HTU21D_Reset             0x800'368d   0x44  Code  Gb  HTU21D.o [1]
HTU21D_Sampling          0x800'389d   0x38  Code  Gb  HTU21D.o [1]
HTU21D_Sampling::i      0x2000'02df    0x1  Data  Lc  HTU21D.o [1]
HUB75D_CalcClock         0x800'28ff   0xea  Code  Gb  HUB75D.o [1]
HUB75D_CalcClock::i     0x2000'02bf    0x1  Data  Lc  HUB75D.o [1]
HUB75D_CalcYinli         0x800'2169   0x4e  Code  Gb  HUB75D.o [1]
HUB75D_CtrDec            0x800'2b89   0x16  Code  Gb  HUB75D.o [1]
HUB75D_DispOffCtr       0x2000'0322    0x2  Data  Gb  HUB75D.o [1]
HUB75D_DispOnOff         0x800'2b43   0x46  Code  Gb  HUB75D.o [1]
HUB75D_DispScan          0x800'29e9  0x15a  Code  Gb  HUB75D.o [1]
HUB75D_DispScan::i      0x2000'02dd    0x1  Data  Lc  HUB75D.o [1]
HZ                       0x800'719c   0x58  Data  Gb  HUB75D.o [1]
HardFault_Handler        0x800'728f    0x2  Code  Gb  stm32f1xx_it.o [1]
Humidity                0x2000'02e2    0x2  Data  Gb  HTU21D.o [1]
LoadInt                  0x800'02af   0x7a  Code  Lc  xprintffull.o [2]
MX_DMA_Init              0x800'30f9   0x20  Code  Gb  dma.o [1]
MX_GPIO_Init             0x800'2fed   0xf6  Code  Gb  gpio.o [1]
MX_NVIC_Init             0x800'2d59   0x66  Code  Lc  main.o [1]
MX_RTC_Init              0x800'3119   0x78  Code  Gb  rtc.o [1]
MX_TIM4_Init             0x800'31d5   0x6e  Code  Gb  tim.o [1]
MX_USART1_UART_Init      0x800'3279   0x2e  Code  Gb  usart.o [1]
MemManage_Handler        0x800'7291    0x2  Code  Gb  stm32f1xx_it.o [1]
NMI_Handler              0x800'728d    0x2  Code  Gb  stm32f1xx_it.o [1]
NoAckBus                 0x800'3559   0x28  Code  Lc  HTU21D.o [1]
PWR_OverloadWfe          0x800'6445    0x6  Code  Lc  stm32f1xx_hal_pwr.o [1]
PendSV_Handler           0x800'729b    0x2  Code  Gb  stm32f1xx_it.o [1]
RTC_ByteToBcd2           0x800'5e7d   0x16  Code  Lc  stm32f1xx_hal_rtc.o [1]
RTC_DateUpdate           0x800'5e93   0xac  Code  Lc  stm32f1xx_hal_rtc.o [1]
RTC_IRQHandler           0x800'72a1   0x1a  Code  Gb  stm32f1xx_it.o [1]
RTC_ReadAlarmCounter     0x800'5e09   0x10  Code  Lc  stm32f1xx_hal_rtc.o [1]
RTC_ReadTimeCounter      0x800'5d89   0x22  Code  Lc  stm32f1xx_hal_rtc.o [1]
RTC_Time_Deal            0x800'4bed   0x74  Code  Gb  RTC_software.o [1]
RTC_WeekDayNum           0x800'5f3f   0x60  Code  Lc  stm32f1xx_hal_rtc.o [1]
RTC_WriteAlarmCounter    0x800'5e19   0x5e  Code  Lc  stm32f1xx_hal_rtc.o [1]
RTC_WriteTimeCounter     0x800'5dab   0x5e  Code  Lc  stm32f1xx_hal_rtc.o [1]
ReadByte                 0x800'362d   0x5e  Code  Gb  HTU21D.o [1]
Region$$Table$$Base      0x800'7874          --   Gb  - Linker created -
Region$$Table$$Limit     0x800'7894          --   Gb  - Linker created -
SVC_Handler              0x800'7297    0x2  Code  Gb  stm32f1xx_it.o [1]
SetClock                 0x800'2e17   0x52  Code  Gb  main.o [1]
StartBus                 0x800'3497   0x3c  Code  Lc  HTU21D.o [1]
StopBus                  0x800'34d3   0x2a  Code  Lc  HTU21D.o [1]
SysTick_Handler          0x800'729d    0x4  Code  Gb  stm32f1xx_it.o [1]
SystemClock_Config       0x800'2cdd   0x7c  Code  Gb  main.o [1]
SystemCoreClock         0x2000'000c    0x4  Data  Gb  system_stm32f1xx.o [1]
SystemInit               0x800'772d   0x40  Code  Gb  system_stm32f1xx.o [1]
TIM4_IRQHandler          0x800'72cd   0x10  Code  Gb  stm32f1xx_it.o [1]
TIME                    0x2000'0318    0x8  Data  Gb  RTC_software.o [1]
TIM_Base_SetConfig       0x800'4b19   0x70  Code  Gb  stm32f1xx_hal_tim.o [1]
TIM_TI1_ConfigInputStage
                         0x800'4b91   0x24  Code  Lc  stm32f1xx_hal_tim.o [1]
TIM_TI2_ConfigInputStage
                         0x800'4bb5   0x26  Code  Lc  stm32f1xx_hal_tim.o [1]
Temperature             0x2000'02e0    0x2  Data  Gb  HTU21D.o [1]
UART_DMAAbortOnError     0x800'42bd    0xc  Code  Lc  stm32f1xx_hal_uart.o [1]
UART_DMAError            0x800'4245   0x5c  Code  Lc  stm32f1xx_hal_uart.o [1]
UART_DMAReceiveCplt      0x800'4205   0x38  Code  Lc  stm32f1xx_hal_uart.o [1]
UART_DMARxHalfCplt       0x800'423d    0x6  Code  Lc  stm32f1xx_hal_uart.o [1]
UART_EndRxTransfer       0x800'42a1   0x1c  Code  Lc  stm32f1xx_hal_uart.o [1]
UART_Receive_IT          0x800'42c9   0x84  Code  Lc  stm32f1xx_hal_uart.o [1]
UART_SetConfig           0x800'434d   0xcc  Code  Lc  stm32f1xx_hal_uart.o [1]
USART1_IRQHandler        0x800'72dd   0x14  Code  Gb  stm32f1xx_it.o [1]
UsageFault_Handler       0x800'7295    0x2  Code  Gb  stm32f1xx_it.o [1]
UsartReceive_IDLE        0x800'33e1   0x50  Code  Gb  usart.o [1]
UsartType1              0x2000'0160   0x68  Data  Gb  usart.o [1]
WEEK_TAB_ADDR            0x800'4d2c   0x10  Data  Gb  RTC_software.o [1]
WeekDeal                 0x800'3a49   0x5e  Code  Gb  EMW3060_AT.o [1]
Week_Deal                0x800'4ccd   0x4e  Code  Gb  RTC_software.o [1]
WriteByte                0x800'3581   0xac  Code  Gb  HTU21D.o [1]
ZF                       0x800'71f4   0x98  Data  Gb  HUB75D.o [1]
ZZF                      0x800'6e04   0xc0  Data  Gb  HUB75D.o [1]
_Encoding_8859_1_Mbrlen
                         0x800'11fd    0x2  Code  Gb  xencoding_8859_1.o [2]
_Encoding_8859_1_Wctomb
                         0x800'11eb   0x12  Code  Gb  xencoding_8859_1.o [2]
_GenldFull               0x800'0d0d  0x274  Code  Lc  xprintffull.o [2]
_LdtobFull               0x800'0909  0x3d6  Code  Lc  xprintffull.o [2]
_LitobFull               0x800'07b9  0x10a  Code  Lc  xprintffull.o [2]
_Locale_lconv           0x2000'0010   0x38  Data  Lc  xlocale_c.o [2]
_PrintfFull              0x800'00ed  0x1aa  Code  Gb  xprintffull.o [2]
_Prout                   0x800'78c7   0x16  Code  Gb  xprout.o [2]
_PutcharsFull            0x800'0f81   0x2e  Code  Lc  xprintffull.o [2]
_PutfldFull              0x800'0329  0x2d4  Code  Lc  xprintffull.o [2]
_PutstrFull              0x800'06f3   0xc6  Code  Lc  xprintffull.o [2]
_PuttxtFull              0x800'05fd   0xf6  Code  Lc  xprintffull.o [2]
__aeabi_cdcmple          0x800'1759         Code  Gb  DblCmpLe.o [3]
__aeabi_cdrcmple         0x800'1789         Code  Gb  DblCmpGe.o [3]
__aeabi_d2f              0x800'6b19         Code  Gb  DblToFlt.o [3]
__aeabi_d2iz             0x800'18f5         Code  Gb  DblToS32.o [3]
__aeabi_d2uiz            0x800'1c81         Code  Gb  DblToU32.o [3]
__aeabi_dadd             0x800'1ccd         Code  Gb  DblAdd.o [3]
__aeabi_ddiv             0x800'1a39         Code  Gb  DblDiv.o [3]
__aeabi_dmul             0x800'1545         Code  Gb  DblMul.o [3]
__aeabi_dsub             0x800'1955         Code  Gb  DblSub.o [3]
__aeabi_f2iz             0x800'6b81         Code  Gb  FltToS32.o [3]
__aeabi_i2d              0x800'1931         Code  Gb  S32ToDbl.o [3]
__aeabi_ldiv0            0x800'1cc9         Code  Gb  I64DivZer.o [4]
__aeabi_memclr4          0x800'4d3d         Code  Gb  ABImemclr4.o [4]
__aeabi_memcpy           0x800'126d         Code  Gb  ABImemcpy.o [4]
__aeabi_memcpy4          0x800'128d         Code  Gb  ABImemcpy.o [4]
__aeabi_memcpy8          0x800'128d         Code  Gb  ABImemcpy.o [4]
__aeabi_ui2d             0x800'1ca9         Code  Gb  U32ToDbl.o [3]
__aeabi_uldivmod         0x800'1315         Code  Gb  I64DivMod.o [4]
__cmain                  0x800'7895         Code  Gb  cmain.o [4]
__exit                   0x800'1e49   0x14  Code  Gb  exit.o [5]
__iar_Fail_s             0x800'1175   0x1c  Code  Gb  xfail_s.o [2]
__iar_Mbcurmax           0x800'1261    0xa  Code  Gb  xmbcurmax.o [2]
__iar_Memchr             0x800'1209         Code  Gb  memchr.o [4]
__iar_Memset4_word       0x800'6c01         Code  Gb  ABImemset48.o [4]
__iar_Memset8_word       0x800'6c01         Code  Gb  ABImemset48.o [4]
__iar_Stdout            0x2000'0090   0x48  Data  Gb  xfiles.o [2]
__iar_Strchr             0x800'1125         Code  Gb  strchr.o [4]
__iar_dadd               0x800'1965         Code  Gb  DblSub.o [3]
__iar_data_init3         0x800'77e1   0x28  Code  Gb  data_init.o [4]
__iar_dsub               0x800'1cdd         Code  Gb  DblAdd.o [3]
__iar_dsubStart          0x800'1cef         Code  Gb  DblAdd.o [3]
__iar_frexp              0x800'16f5         Code  Gb  frexp.o [3]
__iar_frexp64            0x800'16e9         Code  Gb  frexp.o [3]
__iar_frexpl             0x800'16f5         Code  Gb  frexp.o [3]
__iar_globLocale        0x2000'0048   0x48  Data  Lc  xlocale_c.o [2]
__iar_global_Locale      0x800'10ad    0x4  Code  Gb  xlocale_c.o [2]
__iar_ldexp64            0x800'17b9         Code  Gb  ldexp.o [3]
__iar_lz77_init_single3
                         0x800'1033   0x7a  Code  Gb  lz77_init_single.o [4]
__iar_program_start      0x800'78f9         Code  Gb  cstartup_M.o [4]
__iar_scalbln64          0x800'17b9         Code  Gb  ldexp.o [3]
__iar_scalbn64           0x800'17b9         Code  Gb  ldexp.o [3]
__iar_zero_init3         0x800'113b   0x3a  Code  Gb  zero_init3.o [4]
__low_level_init         0x800'78b3    0x4  Code  Gb  low_level_init.o [2]
__vector_table           0x800'0000         Data  Gb  startup_stm32f103xb.o [1]
_call_main               0x800'78a1         Code  Gb  cmain.o [4]
_crol_                   0x800'1f41   0x18  Code  Gb  HUB75D.o [1]
_cror_                   0x800'1f2b   0x16  Code  Gb  HUB75D.o [1]
_exit                    0x800'78bd         Code  Gb  cexit.o [4]
_gLocale_mblen           0x800'1111    0x4  Code  Gb  xlocale_c.o [2]
_gLocale_mblenInt        0x800'10d5   0x2c  Code  Gb  xlocale_c.o [2]
_gLocale_wctomb          0x800'1115    0x4  Code  Gb  xlocale_c.o [2]
_gLocale_wctombInt       0x800'110d    0x4  Code  Gb  xlocale_c.o [2]
_main                    0x800'78af         Code  Gb  cmain.o [4]
abort                    0x800'1cc3    0x6  Code  Gb  abort.o [2]
assert_failed            0x800'2f9f    0x2  Code  Gb  main.o [1]
d0                      0x2000'02b9    0x1  Data  Gb  HUB75D.o [1]
d1                      0x2000'02b8    0x1  Data  Gb  HUB75D.o [1]
day_code1                0x800'2bd0    0xc  Data  Gb  HUB75D.o [1]
day_code2                0x800'2bdc    0x8  Data  Gb  HUB75D.o [1]
day_moon                0x2000'02dc    0x1  Data  Gb  HUB75D.o [1]
exit                     0x800'78b7    0x4  Code  Gb  exit.o [2]
f0                      0x2000'02b2    0x1  Data  Gb  HUB75D.o [1]
f1                      0x2000'02b1    0x1  Data  Gb  HUB75D.o [1]
flag_i2c_fial           0x2000'02de    0x1  Data  Gb  HTU21D.o [1]
fputc                    0x800'33ab   0x14  Code  Gb  usart.o [1]
frexp                    0x800'16e9         Code  Gb  frexp.o [3]
frexpl                   0x800'16e9         Code  Gb  frexp.o [3]
get_moon_day             0x800'1e5d   0xce  Code  Gb  HUB75D.o [1]
h0                      0x2000'02b6    0x1  Data  Gb  HUB75D.o [1]
h1                      0x2000'02b5    0x1  Data  Gb  HUB75D.o [1]
hdma_usart1_rx          0x2000'00d8   0x44  Data  Gb  usart.o [1]
hdma_usart1_tx          0x2000'011c   0x44  Data  Gb  usart.o [1]
hrtc                    0x2000'02e4   0x14  Data  Gb  rtc.o [1]
htim4                   0x2000'0218   0x48  Data  Gb  tim.o [1]
huart1                  0x2000'0260   0x40  Data  Gb  usart.o [1]
ldexp                    0x800'17b9         Code  Gb  ldexp.o [3]
ldexpl                   0x800'17b9         Code  Gb  ldexp.o [3]
localeconv               0x800'1119    0x4  Code  Gb  xlocale_c.o [2]
m0                      0x2000'02bb    0x1  Data  Gb  HUB75D.o [1]
m1                      0x2000'02ba    0x1  Data  Gb  HUB75D.o [1]
main                     0x800'2be5   0xf8  Code  Gb  main.o [1]
memchr                   0x800'1209         Code  Gb  memchr.o [4]
month_moon              0x2000'02db    0x1  Data  Gb  HUB75D.o [1]
nd0                     0x2000'02d5    0x1  Data  Gb  HUB75D.o [1]
nd1                     0x2000'02d4    0x1  Data  Gb  HUB75D.o [1]
nm0                     0x2000'02d7    0x1  Data  Gb  HUB75D.o [1]
nm1                     0x2000'02d6    0x1  Data  Gb  HUB75D.o [1]
ny0                     0x2000'02d9    0x1  Data  Gb  HUB75D.o [1]
ny1                     0x2000'02d8    0x1  Data  Gb  HUB75D.o [1]
obuf                    0x2000'01c8   0x50  Data  Lc  xfiles.o [2]
printf                   0x800'5fa5   0x28  Code  Gb  printf.o [2]
putchar                  0x800'78dd    0xc  Code  Gb  putchar.o [2]
s0                      0x2000'02b4    0x1  Data  Gb  HUB75D.o [1]
s1                      0x2000'02b3    0x1  Data  Gb  HUB75D.o [1]
scalbln                  0x800'17b9         Code  Gb  ldexp.o [3]
scalblnl                 0x800'17b9         Code  Gb  ldexp.o [3]
scalbn                   0x800'17b9         Code  Gb  ldexp.o [3]
scalbnl                  0x800'17b9         Code  Gb  ldexp.o [3]
scale                    0x800'08c3   0x46  Code  Lc  xprintffull.o [2]
sd                      0x2000'02b7    0x1  Data  Gb  HUB75D.o [1]
sec_hand                0x2000'0324    0x4  Data  Lc  xfail_s.o [2]
sign                    0x2000'02d0    0x1  Data  Gb  HUB75D.o [1]
strchr                   0x800'1125         Code  Gb  strchr.o [4]
strlen                   0x800'11b5         Code  Gb  strlen.o [4]
strstr                   0x800'6bbd   0x30  Code  Gb  strstr.o [2]
t0                      0x2000'02d2    0x1  Data  Gb  HUB75D.o [1]
t1                      0x2000'02d1    0x1  Data  Gb  HUB75D.o [1]
td                      0x2000'02d3    0x1  Data  Gb  HUB75D.o [1]
uwTick                  0x2000'0004    0x4  Data  Gb  stm32f1xx_hal.o [1]
uwTickFreq              0x2000'0000    0x1  Data  Gb  stm32f1xx_hal.o [1]
uwTickPrio              0x2000'0008    0x4  Data  Gb  stm32f1xx_hal.o [1]
wk                      0x2000'02be    0x1  Data  Gb  HUB75D.o [1]
y0                      0x2000'02bd    0x1  Data  Gb  HUB75D.o [1]
y1                      0x2000'02bc    0x1  Data  Gb  HUB75D.o [1]
year_code                0x800'6ec4  0x258  Data  Gb  HUB75D.o [1]
year_moon               0x2000'02da    0x1  Data  Gb  HUB75D.o [1]
zb                      0x2000'02f8   0x10  Data  Gb  HUB75D.o [1]
zg                      0x2000'02c0   0x10  Data  Gb  HUB75D.o [1]
zr                      0x2000'02a0   0x10  Data  Gb  HUB75D.o [1]


[1] = D:\Examples\STM32\CLOCK_STM32F103C8T6_WIFI_V203\EWARM\CLOCK_STM32F103C8T6_WIFI_V203_20190222\Obj
[2] = dl7M_tlf.a
[3] = m7M_tl.a
[4] = rt7M_tl.a
[5] = shb_l.a

  28 238 bytes of readonly  code memory
   2 983 bytes of readonly  data memory
   1 833 bytes of readwrite data memory

Errors: none
Warnings: none
