Archive member included to satisfy reference by file (symbol)

d:/program files (x86)/gnu arm embedded toolchain/10 2021.10/bin/../lib/gcc/arm-none-eabi/10.3.1/../../../../arm-none-eabi/lib/thumb/v7-m/nofp\libc_nano.a(lib_a-exit.o)
                              d:/program files (x86)/gnu arm embedded toolchain/10 2021.10/bin/../lib/gcc/arm-none-eabi/10.3.1/../../../../arm-none-eabi/lib/thumb/v7-m/nofp/crt0.o (exit)
d:/program files (x86)/gnu arm embedded toolchain/10 2021.10/bin/../lib/gcc/arm-none-eabi/10.3.1/../../../../arm-none-eabi/lib/thumb/v7-m/nofp\libc_nano.a(lib_a-impure.o)
                              d:/program files (x86)/gnu arm embedded toolchain/10 2021.10/bin/../lib/gcc/arm-none-eabi/10.3.1/../../../../arm-none-eabi/lib/thumb/v7-m/nofp\libc_nano.a(lib_a-exit.o) (_global_impure_ptr)
d:/program files (x86)/gnu arm embedded toolchain/10 2021.10/bin/../lib/gcc/arm-none-eabi/10.3.1/../../../../arm-none-eabi/lib/thumb/v7-m/nofp\libc_nano.a(lib_a-init.o)
                              d:/program files (x86)/gnu arm embedded toolchain/10 2021.10/bin/../lib/gcc/arm-none-eabi/10.3.1/../../../../arm-none-eabi/lib/thumb/v7-m/nofp/crt0.o (__libc_init_array)
d:/program files (x86)/gnu arm embedded toolchain/10 2021.10/bin/../lib/gcc/arm-none-eabi/10.3.1/../../../../arm-none-eabi/lib/thumb/v7-m/nofp\libc_nano.a(lib_a-memset.o)
                              d:/program files (x86)/gnu arm embedded toolchain/10 2021.10/bin/../lib/gcc/arm-none-eabi/10.3.1/../../../../arm-none-eabi/lib/thumb/v7-m/nofp/crt0.o (memset)
d:/program files (x86)/gnu arm embedded toolchain/10 2021.10/bin/../lib/gcc/arm-none-eabi/10.3.1/../../../../arm-none-eabi/lib/thumb/v7-m/nofp\libc_nano.a(lib_a-puts.o)
                              build/esp8266_at.o (puts)
d:/program files (x86)/gnu arm embedded toolchain/10 2021.10/bin/../lib/gcc/arm-none-eabi/10.3.1/../../../../arm-none-eabi/lib/thumb/v7-m/nofp\libc_nano.a(lib_a-strlen.o)
                              build/tiny_vsnprintf.o (strlen)
d:/program files (x86)/gnu arm embedded toolchain/10 2021.10/bin/../lib/gcc/arm-none-eabi/10.3.1/../../../../arm-none-eabi/lib/thumb/v7-m/nofp\libc_nano.a(lib_a-strstr.o)
                              build/esp8266_at.o (strstr)
d:/program files (x86)/gnu arm embedded toolchain/10 2021.10/bin/../lib/gcc/arm-none-eabi/10.3.1/../../../../arm-none-eabi/lib/thumb/v7-m/nofp\libc_nano.a(lib_a-wbuf.o)
                              d:/program files (x86)/gnu arm embedded toolchain/10 2021.10/bin/../lib/gcc/arm-none-eabi/10.3.1/../../../../arm-none-eabi/lib/thumb/v7-m/nofp\libc_nano.a(lib_a-puts.o) (__swbuf_r)
d:/program files (x86)/gnu arm embedded toolchain/10 2021.10/bin/../lib/gcc/arm-none-eabi/10.3.1/../../../../arm-none-eabi/lib/thumb/v7-m/nofp\libc_nano.a(lib_a-wsetup.o)
                              d:/program files (x86)/gnu arm embedded toolchain/10 2021.10/bin/../lib/gcc/arm-none-eabi/10.3.1/../../../../arm-none-eabi/lib/thumb/v7-m/nofp\libc_nano.a(lib_a-puts.o) (__swsetup_r)
d:/program files (x86)/gnu arm embedded toolchain/10 2021.10/bin/../lib/gcc/arm-none-eabi/10.3.1/../../../../arm-none-eabi/lib/thumb/v7-m/nofp\libc_nano.a(lib_a-fflush.o)
                              d:/program files (x86)/gnu arm embedded toolchain/10 2021.10/bin/../lib/gcc/arm-none-eabi/10.3.1/../../../../arm-none-eabi/lib/thumb/v7-m/nofp\libc_nano.a(lib_a-wbuf.o) (_fflush_r)
d:/program files (x86)/gnu arm embedded toolchain/10 2021.10/bin/../lib/gcc/arm-none-eabi/10.3.1/../../../../arm-none-eabi/lib/thumb/v7-m/nofp\libc_nano.a(lib_a-findfp.o)
                              d:/program files (x86)/gnu arm embedded toolchain/10 2021.10/bin/../lib/gcc/arm-none-eabi/10.3.1/../../../../arm-none-eabi/lib/thumb/v7-m/nofp\libc_nano.a(lib_a-puts.o) (__sinit)
d:/program files (x86)/gnu arm embedded toolchain/10 2021.10/bin/../lib/gcc/arm-none-eabi/10.3.1/../../../../arm-none-eabi/lib/thumb/v7-m/nofp\libc_nano.a(lib_a-fwalk.o)
                              d:/program files (x86)/gnu arm embedded toolchain/10 2021.10/bin/../lib/gcc/arm-none-eabi/10.3.1/../../../../arm-none-eabi/lib/thumb/v7-m/nofp\libc_nano.a(lib_a-findfp.o) (_fwalk)
d:/program files (x86)/gnu arm embedded toolchain/10 2021.10/bin/../lib/gcc/arm-none-eabi/10.3.1/../../../../arm-none-eabi/lib/thumb/v7-m/nofp\libc_nano.a(lib_a-lock.o)
                              d:/program files (x86)/gnu arm embedded toolchain/10 2021.10/bin/../lib/gcc/arm-none-eabi/10.3.1/../../../../arm-none-eabi/lib/thumb/v7-m/nofp\libc_nano.a(lib_a-findfp.o) (__retarget_lock_init_recursive)
d:/program files (x86)/gnu arm embedded toolchain/10 2021.10/bin/../lib/gcc/arm-none-eabi/10.3.1/../../../../arm-none-eabi/lib/thumb/v7-m/nofp\libc_nano.a(lib_a-makebuf.o)
                              d:/program files (x86)/gnu arm embedded toolchain/10 2021.10/bin/../lib/gcc/arm-none-eabi/10.3.1/../../../../arm-none-eabi/lib/thumb/v7-m/nofp\libc_nano.a(lib_a-wsetup.o) (__smakebuf_r)
[...]
Memory Configuration

Name             Origin             Length             Attributes
RAM              0x20000000         0x00005000         xrw
FLASH            0x08000000         0x00010000         xr
*default*        0x00000000         0xffffffff

Linker script and memory map

LOAD d:/program files (x86)/gnu arm embedded toolchain/10 2021.10/bin/../lib/gcc/arm-none-eabi/10.3.1/thumb/v7-m/nofp/crti.o
LOAD d:/program files (x86)/gnu arm embedded toolchain/10 2021.10/bin/../lib/gcc/arm-none-eabi/10.3.1/thumb/v7-m/nofp/crtbegin.o
LOAD d:/program files (x86)/gnu arm embedded toolchain/10 2021.10/bin/../lib/gcc/arm-none-eabi/10.3.1/../../../../arm-none-eabi/lib/thumb/v7-m/nofp/crt0.o
LOAD build/main.o
LOAD build/gpio.o
LOAD build/rtc.o
LOAD build/tim.o
LOAD build/stm32f1xx_it.o
LOAD build/stm32f1xx_hal_msp.o
LOAD build/stm32f1xx_hal_gpio_ex.o
LOAD build/stm32f1xx_hal_rtc.o
LOAD build/stm32f1xx_hal_rtc_ex.o
LOAD build/stm32f1xx_hal.o
LOAD build/stm32f1xx_hal_rcc.o
LOAD build/stm32f1xx_hal_rcc_ex.o
LOAD build/stm32f1xx_hal_gpio.o
LOAD build/stm32f1xx_hal_dma.o
LOAD build/stm32f1xx_hal_cortex.o
LOAD build/stm32f1xx_hal_pwr.o
LOAD build/stm32f1xx_hal_flash.o
LOAD build/stm32f1xx_hal_flash_ex.o
LOAD build/stm32f1xx_hal_exti.o
LOAD build/stm32f1xx_hal_tim.o
LOAD build/stm32f1xx_hal_tim_ex.o
LOAD build/stm32f1xx_hal_uart.o
LOAD build/system_stm32f1xx.o
LOAD build/usart.o
LOAD build/dma.o
LOAD build/common.o
LOAD build/emw3060_at.o
LOAD build/esp8266_at.o
LOAD build/htu21d.o
LOAD build/hub75d.o
LOAD build/lunar_calendar.o
LOAD build/time.o
LOAD build/mem.o
LOAD build/tiny_vsnprintf.o
LOAD build/trace_uart_if.o
LOAD build/trace.o
LOAD build/wifi_uart_if.o
LOAD build/startup_stm32f103xb.o
LOAD d:/program files (x86)/gnu arm embedded toolchain/10 2021.10/bin/../lib/gcc/arm-none-eabi/10.3.1/../../../../arm-none-eabi/lib/thumb/v7-m/nofp\libc_nano.a
LOAD d:/program files (x86)/gnu arm embedded toolchain/10 2021.10/bin/../lib/gcc/arm-none-eabi/10.3.1/../../../../arm-none-eabi/lib/thumb/v7-m/nofp\libm.a
LOAD d:/program files (x86)/gnu arm embedded toolchain/10 2021.10/bin/../lib/gcc/arm-none-eabi/10.3.1/../../../../arm-none-eabi/lib/thumb/v7-m/nofp\libnosys.a
START GROUP
LOAD d:/program files (x86)/gnu arm embedded toolchain/10 2021.10/bin/../lib/gcc/arm-none-eabi/10.3.1/thumb/v7-m/nofp\libgcc.a
LOAD d:/program files (x86)/gnu arm embedded toolchain/10 2021.10/bin/../lib/gcc/arm-none-eabi/10.3.1/../../../../arm-none-eabi/lib/thumb/v7-m/nofp\libc_nano.a
END GROUP
START GROUP
LOAD d:/program files (x86)/gnu arm embedded toolchain/10 2021.10/bin/../lib/gcc/arm-none-eabi/10.3.1/thumb/v7-m/nofp\libgcc.a
LOAD d:/program files (x86)/gnu arm embedded toolchain/10 2021.10/bin/../lib/gcc/arm-none-eabi/10.3.1/../../../../arm-none-eabi/lib/thumb/v7-m/nofp\libc_nano.a
END GROUP
LOAD d:/program files (x86)/gnu arm embedded toolchain/10 2021.10/bin/../lib/gcc/arm-none-eabi/10.3.1/thumb/v7-m/nofp/crtend.o
LOAD d:/program files (x86)/gnu arm embedded toolchain/10 2021.10/bin/../lib/gcc/arm-none-eabi/10.3.1/thumb/v7-m/nofp/crtn.o
                0x20005000                _estack = 0x20005000
                0x00000400                _Min_Heap_Size = 0x400
                0x00000400                _Min_Stack_Size = 0x400

.isr_vector     0x08000000      0x10c
                0x08000000                . = ALIGN (0x4)
 *(.isr_vector)
 .isr_vector    0x08000000      0x10c build/startup_stm32f103xb.o
                0x08000000                g_pfnVectors
                0x0800010c                . = ALIGN (0x4)

.text           0x08000110     0x74fc
                0x08000110                . = ALIGN (0x4)
 *(.text)
 .text          0x08000110       0x40 d:/program files (x86)/gnu arm embedded toolchain/10 2021.10/bin/../lib/gcc/arm-none-eabi/10.3.1/thumb/v7-m/nofp/crtbegin.o
 .text          0x08000150       0x10 d:/program files (x86)/gnu arm embedded toolchain/10 2021.10/bin/../lib/gcc/arm-none-eabi/10.3.1/../../../../arm-none-eabi/lib/thumb/v7-m/nofp\libc_nano.a(lib_a-strlen.o)
                0x08000150                strlen
 .text          0x08000160      0x254 d:/program files (x86)/gnu arm embedded toolchain/10 2021.10/bin/../lib/gcc/arm-none-eabi/10.3.1/thumb/v7-m/nofp\libgcc.a(_arm_muldf3.o)
                0x08000160                __muldf3
                0x08000160                __aeabi_dmul
 .text          0x080003b4      0x378 d:/program files (x86)/gnu arm embedded toolchain/10 2021.10/bin/../lib/gcc/arm-none-eabi/10.3.1/thumb/v7-m/nofp\libgcc.a(_arm_addsubdf3.o)
                0x080003b4                __aeabi_drsub
                0x080003bc                __aeabi_dsub
                0x080003bc                __subdf3
                0x080003c0                __aeabi_dadd
                0x080003c0                __adddf3
                0x08000638                __floatunsidf
                0x08000638                __aeabi_ui2d
                0x08000658                __floatsidf
                0x08000658                __aeabi_i2d
                0x0800067c                __aeabi_f2d
                0x0800067c                __extendsfdf2
                0x080006c0                __floatundidf
                0x080006c0                __aeabi_ul2d
                0x080006d0                __floatdidf
                0x080006d0                __aeabi_l2d
 .text          0x0800072c       0xa0 d:/program files (x86)/gnu arm embedded toolchain/10 2021.10/bin/../lib/gcc/arm-none-eabi/10.3.1/thumb/v7-m/nofp\libgcc.a(_arm_truncdfsf2.o)
                0x0800072c                __truncdfsf2
                0x0800072c                __aeabi_d2f
 .text          0x080007cc       0x4c d:/program files (x86)/gnu arm embedded toolchain/10 2021.10/bin/../lib/gcc/arm-none-eabi/10.3.1/thumb/v7-m/nofp\libgcc.a(_arm_fixsfsi.o)
                0x080007cc                __aeabi_f2iz
                0x080007cc                __fixsfsi
 .text          0x08000818       0x40 d:/program files (x86)/gnu arm embedded toolchain/10 2021.10/bin/../lib/gcc/arm-none-eabi/10.3.1/thumb/v7-m/nofp\libgcc.a(_arm_fixunssfsi.o)
                0x08000818                __fixunssfsi
                0x08000818                __aeabi_f2uiz
 *(.text*)
 .text.SystemClock_Config
                0x08000858       0x74 build/main.o
                0x08000858                SystemClock_Config
 .text.startup.main
                0x080008cc       0x5c build/main.o
                0x080008cc                main
 .text.Error_Handler
                0x08000928        0x4 build/main.o
                0x08000928                Error_Handler
 .text.assert_failed
                0x0800092c        0x4 build/main.o
                0x0800092c                assert_failed
 .text.MX_GPIO_Init
                0x08000930      0x108 build/gpio.o
                0x08000930                MX_GPIO_Init
 .text.MX_RTC_Init
                0x08000a38       0x74 build/rtc.o
                0x08000a38                MX_RTC_Init
 .text.HAL_RTC_MspInit
                0x08000aac       0x40 build/rtc.o
                0x08000aac                HAL_RTC_MspInit
 .text.MX_TIM4_Init
                0x08000aec       0x74 build/tim.o
                0x08000aec                MX_TIM4_Init
 .text.HAL_TIM_Base_MspInit
                0x08000b60       0x2c build/tim.o
                0x08000b60                HAL_TIM_Base_MspInit
 .text.NMI_Handler
                0x08000b8c        0x4 build/stm32f1xx_it.o
                0x08000b8c                NMI_Handler
 .text.HardFault_Handler
                0x08000b90        0x4 build/stm32f1xx_it.o
                0x08000b90                HardFault_Handler
 .text.MemManage_Handler
                0x08000b94        0x4 build/stm32f1xx_it.o
                0x08000b94                MemManage_Handler
 .text.BusFault_Handler
                0x08000b98        0x4 build/stm32f1xx_it.o
                0x08000b98                BusFault_Handler
 .text.UsageFault_Handler
                0x08000b9c        0x4 build/stm32f1xx_it.o
                0x08000b9c                UsageFault_Handler
 .text.SVC_Handler
                0x08000ba0        0x4 build/stm32f1xx_it.o
                0x08000ba0                SVC_Handler
 .text.DebugMon_Handler
                0x08000ba4        0x4 build/stm32f1xx_it.o
                0x08000ba4                DebugMon_Handler
 .text.PendSV_Handler
                0x08000ba8        0x4 build/stm32f1xx_it.o
                0x08000ba8                PendSV_Handler
 .text.SysTick_Handler
                0x08000bac        0x4 build/stm32f1xx_it.o
                0x08000bac                SysTick_Handler
 .text.RTC_IRQHandler
                0x08000bb0       0x24 build/stm32f1xx_it.o
                0x08000bb0                RTC_IRQHandler
 .text.EXTI0_IRQHandler
                0x08000bd4        0x8 build/stm32f1xx_it.o
                0x08000bd4                EXTI0_IRQHandler
 .text.DMA1_Channel4_IRQHandler
                0x08000bdc        0xc build/stm32f1xx_it.o
                0x08000bdc                DMA1_Channel4_IRQHandler
 .text.DMA1_Channel5_IRQHandler
                0x08000be8        0xc build/stm32f1xx_it.o
                0x08000be8                DMA1_Channel5_IRQHandler
 .text.DMA1_Channel6_IRQHandler
                0x08000bf4        0xc build/stm32f1xx_it.o
                0x08000bf4                DMA1_Channel6_IRQHandler
 .text.DMA1_Channel7_IRQHandler
                0x08000c00        0xc build/stm32f1xx_it.o
                0x08000c00                DMA1_Channel7_IRQHandler
 .text.TIM4_IRQHandler
                0x08000c0c       0x14 build/stm32f1xx_it.o
                0x08000c0c                TIM4_IRQHandler
 .text.USART1_IRQHandler
                0x08000c20       0x18 build/stm32f1xx_it.o
                0x08000c20                USART1_IRQHandler
 .text.USART2_IRQHandler
                0x08000c38       0x18 build/stm32f1xx_it.o
                0x08000c38                USART2_IRQHandler
 .text.HAL_MspInit
                0x08000c50       0x4c build/stm32f1xx_hal_msp.o
                0x08000c50                HAL_MspInit
 .text.RTC_WriteAlarmCounter
                0x08000c9c       0x60 build/stm32f1xx_hal_rtc.o
 .text.HAL_RTC_GetTime.part.0
                0x08000cfc      0x3cc build/stm32f1xx_hal_rtc.o
 .text.HAL_RTC_Init
                0x080010c8      0x160 build/stm32f1xx_hal_rtc.o
                0x080010c8                HAL_RTC_Init
 .text.HAL_RTC_SetTime
                0x08001228      0x1e8 build/stm32f1xx_hal_rtc.o
                0x08001228                HAL_RTC_SetTime
 .text.HAL_RTC_GetTime
                0x08001410       0x44 build/stm32f1xx_hal_rtc.o
                0x08001410                HAL_RTC_GetTime
 .text.HAL_RTC_SetDate
                0x08001454      0x2a4 build/stm32f1xx_hal_rtc.o
                0x08001454                HAL_RTC_SetDate
 .text.HAL_RTC_GetDate
                0x080016f8       0xe0 build/stm32f1xx_hal_rtc.o
                0x080016f8                HAL_RTC_GetDate
 .text.HAL_RTCEx_SetSecond_IT
                0x080017d8       0x30 build/stm32f1xx_hal_rtc_ex.o
                0x080017d8                HAL_RTCEx_SetSecond_IT
 .text.HAL_RTCEx_RTCEventCallback
                0x08001808        0x4 build/stm32f1xx_hal_rtc_ex.o
                0x08001808                HAL_RTCEx_RTCEventCallback
 .text.HAL_RTCEx_RTCEventErrorCallback
                0x0800180c        0x4 build/stm32f1xx_hal_rtc_ex.o
                0x0800180c                HAL_RTCEx_RTCEventErrorCallback
 .text.HAL_RTCEx_RTCIRQHandler
                0x08001810       0x48 build/stm32f1xx_hal_rtc_ex.o
                0x08001810                HAL_RTCEx_RTCIRQHandler
 .text.HAL_InitTick
                0x08001858       0x48 build/stm32f1xx_hal.o
                0x08001858                HAL_InitTick
 .text.HAL_Init
                0x080018a0       0x24 build/stm32f1xx_hal.o
                0x080018a0                HAL_Init
 .text.HAL_IncTick
                0x080018c4       0x18 build/stm32f1xx_hal.o
                0x080018c4                HAL_IncTick
 .text.HAL_GetTick
                0x080018dc        0xc build/stm32f1xx_hal.o
                0x080018dc                HAL_GetTick
 .text.HAL_Delay
                0x080018e8       0x24 build/stm32f1xx_hal.o
                0x080018e8                HAL_Delay
 .text.HAL_RCC_OscConfig
                0x0800190c      0x4f0 build/stm32f1xx_hal_rcc.o
                0x0800190c                HAL_RCC_OscConfig
 .text.HAL_RCC_ClockConfig
                0x08001dfc      0x25c build/stm32f1xx_hal_rcc.o
                0x08001dfc                HAL_RCC_ClockConfig
 .text.HAL_RCC_GetPCLK1Freq
                0x08002058       0x20 build/stm32f1xx_hal_rcc.o
                0x08002058                HAL_RCC_GetPCLK1Freq
 .text.HAL_RCC_GetPCLK2Freq
                0x08002078       0x20 build/stm32f1xx_hal_rcc.o
                0x08002078                HAL_RCC_GetPCLK2Freq
 .text.HAL_RCCEx_PeriphCLKConfig
                0x08002098      0x150 build/stm32f1xx_hal_rcc_ex.o
                0x08002098                HAL_RCCEx_PeriphCLKConfig
 .text.HAL_RCCEx_GetPeriphCLKFreq
                0x080021e8      0x108 build/stm32f1xx_hal_rcc_ex.o
                0x080021e8                HAL_RCCEx_GetPeriphCLKFreq
 .text.HAL_GPIO_Init
                0x080022f0      0x380 build/stm32f1xx_hal_gpio.o
                0x080022f0                HAL_GPIO_Init
 .text.HAL_GPIO_DeInit
                0x08002670      0x16c build/stm32f1xx_hal_gpio.o
                0x08002670                HAL_GPIO_DeInit
 .text.HAL_GPIO_ReadPin
                0x080027dc       0x24 build/stm32f1xx_hal_gpio.o
                0x080027dc                HAL_GPIO_ReadPin
 .text.HAL_GPIO_WritePin
                0x08002800       0x34 build/stm32f1xx_hal_gpio.o
                0x08002800                HAL_GPIO_WritePin
 .text.HAL_GPIO_TogglePin
                0x08002834       0x2c build/stm32f1xx_hal_gpio.o
                0x08002834                HAL_GPIO_TogglePin
 .text.HAL_GPIO_EXTI_IRQHandler
                0x08002860       0x18 build/stm32f1xx_hal_gpio.o
                0x08002860                HAL_GPIO_EXTI_IRQHandler
 .text.HAL_DMA_Init
                0x08002878      0x150 build/stm32f1xx_hal_dma.o
                0x08002878                HAL_DMA_Init
 .text.HAL_DMA_DeInit
                0x080029c8       0x94 build/stm32f1xx_hal_dma.o
                0x080029c8                HAL_DMA_DeInit
 .text.HAL_DMA_Start_IT
                0x08002a5c       0xb0 build/stm32f1xx_hal_dma.o
                0x08002a5c                HAL_DMA_Start_IT
 .text.HAL_DMA_Abort
                0x08002b0c       0x44 build/stm32f1xx_hal_dma.o
                0x08002b0c                HAL_DMA_Abort
 .text.HAL_DMA_Abort_IT
                0x08002b50       0x94 build/stm32f1xx_hal_dma.o
                0x08002b50                HAL_DMA_Abort_IT
 .text.HAL_DMA_IRQHandler
                0x08002be4      0x128 build/stm32f1xx_hal_dma.o
                0x08002be4                HAL_DMA_IRQHandler
 .text.HAL_NVIC_SetPriorityGrouping
                0x08002d0c       0x3c build/stm32f1xx_hal_cortex.o
                0x08002d0c                HAL_NVIC_SetPriorityGrouping
 .text.HAL_NVIC_SetPriority
                0x08002d48       0x94 build/stm32f1xx_hal_cortex.o
                0x08002d48                HAL_NVIC_SetPriority
 .text.HAL_NVIC_EnableIRQ
                0x08002ddc       0x28 build/stm32f1xx_hal_cortex.o
                0x08002ddc                HAL_NVIC_EnableIRQ
 .text.HAL_NVIC_DisableIRQ
                0x08002e04       0x34 build/stm32f1xx_hal_cortex.o
                0x08002e04                HAL_NVIC_DisableIRQ
 .text.HAL_SYSTICK_Config
                0x08002e38       0x30 build/stm32f1xx_hal_cortex.o
                0x08002e38                HAL_SYSTICK_Config
 .text.PWR_OverloadWfe
                0x08002e68        0x8 build/stm32f1xx_hal_pwr.o
 .text.HAL_PWR_EnableBkUpAccess
                0x08002e70        0xc build/stm32f1xx_hal_pwr.o
                0x08002e70                HAL_PWR_EnableBkUpAccess
 .text.HAL_PWR_EnterSTOPMode
                0x08002e7c       0x8c build/stm32f1xx_hal_pwr.o
                0x08002e7c                HAL_PWR_EnterSTOPMode
 .text.HAL_TIM_Base_Init
                0x08002f08      0x168 build/stm32f1xx_hal_tim.o
                0x08002f08                HAL_TIM_Base_Init
 .text.HAL_TIM_Base_Start_IT
                0x08003070       0x88 build/stm32f1xx_hal_tim.o
                0x08003070                HAL_TIM_Base_Start_IT
 .text.HAL_TIM_ConfigClockSource
                0x080030f8      0x3e4 build/stm32f1xx_hal_tim.o
                0x080030f8                HAL_TIM_ConfigClockSource
 .text.HAL_TIM_PeriodElapsedCallback
                0x080034dc        0x4 build/stm32f1xx_hal_tim.o
                0x080034dc                HAL_TIM_PeriodElapsedCallback
 .text.HAL_TIM_OC_DelayElapsedCallback
                0x080034e0        0x4 build/stm32f1xx_hal_tim.o
                0x080034e0                HAL_TIM_OC_DelayElapsedCallback
 .text.HAL_TIM_IC_CaptureCallback
                0x080034e4        0x4 build/stm32f1xx_hal_tim.o
                0x080034e4                HAL_TIM_IC_CaptureCallback
 .text.HAL_TIM_PWM_PulseFinishedCallback
                0x080034e8        0x4 build/stm32f1xx_hal_tim.o
                0x080034e8                HAL_TIM_PWM_PulseFinishedCallback
 .text.HAL_TIM_TriggerCallback
                0x080034ec        0x4 build/stm32f1xx_hal_tim.o
                0x080034ec                HAL_TIM_TriggerCallback
 .text.HAL_TIM_IRQHandler
                0x080034f0      0x154 build/stm32f1xx_hal_tim.o
                0x080034f0                HAL_TIM_IRQHandler
 .text.HAL_TIMEx_MasterConfigSynchronization
                0x08003644       0xc0 build/stm32f1xx_hal_tim_ex.o
                0x08003644                HAL_TIMEx_MasterConfigSynchronization
 .text.HAL_TIMEx_CommutCallback
                0x08003704        0x4 build/stm32f1xx_hal_tim_ex.o
                0x08003704                HAL_TIMEx_CommutCallback
 .text.HAL_TIMEx_BreakCallback
                0x08003708        0x4 build/stm32f1xx_hal_tim_ex.o
                0x08003708                HAL_TIMEx_BreakCallback
 .text.UART_SetConfig
                0x0800370c       0xe8 build/stm32f1xx_hal_uart.o
 .text.HAL_UART_Init
                0x080037f4       0xf0 build/stm32f1xx_hal_uart.o
                0x080037f4                HAL_UART_Init
 .text.HAL_UART_DeInit
                0x080038e4       0x60 build/stm32f1xx_hal_uart.o
                0x080038e4                HAL_UART_DeInit
 .text.HAL_UART_Transmit
                0x08003944      0x110 build/stm32f1xx_hal_uart.o
                0x08003944                HAL_UART_Transmit
 .text.HAL_UART_Transmit_DMA
                0x08003a54       0x78 build/stm32f1xx_hal_uart.o
                0x08003a54                HAL_UART_Transmit_DMA
 .text.HAL_UART_Receive_DMA
                0x08003acc       0xa0 build/stm32f1xx_hal_uart.o
                0x08003acc                HAL_UART_Receive_DMA
 .text.HAL_UART_DMAStop
                0x08003b6c       0x90 build/stm32f1xx_hal_uart.o
                0x08003b6c                HAL_UART_DMAStop
 .text.HAL_UARTEx_ReceiveToIdle_DMA
                0x08003bfc       0xc4 build/stm32f1xx_hal_uart.o
                0x08003bfc                HAL_UARTEx_ReceiveToIdle_DMA
 .text.UART_DMATransmitCplt
                0x08003cc0       0x2c build/stm32f1xx_hal_uart.o
 .text.HAL_UART_TxHalfCpltCallback
                0x08003cec        0x4 build/stm32f1xx_hal_uart.o
                0x08003cec                HAL_UART_TxHalfCpltCallback
 .text.UART_DMATxHalfCplt
                0x08003cf0        0xc build/stm32f1xx_hal_uart.o
 .text.HAL_UART_RxHalfCpltCallback
                0x08003cfc        0x4 build/stm32f1xx_hal_uart.o
                0x08003cfc                HAL_UART_RxHalfCpltCallback
 .text.HAL_UART_ErrorCallback
                0x08003d00        0x4 build/stm32f1xx_hal_uart.o
                0x08003d00                HAL_UART_ErrorCallback
 .text.UART_DMAError
                0x08003d04       0x7c build/stm32f1xx_hal_uart.o
 .text.UART_DMAAbortOnError
                0x08003d80       0x10 build/stm32f1xx_hal_uart.o
 .text.HAL_UARTEx_RxEventCallback
                0x08003d90        0x4 build/stm32f1xx_hal_uart.o
                0x08003d90                HAL_UARTEx_RxEventCallback
 .text.UART_DMARxHalfCplt
                0x08003d94       0x1c build/stm32f1xx_hal_uart.o
 .text.UART_DMAReceiveCplt
                0x08003db0       0x54 build/stm32f1xx_hal_uart.o
 .text.UART_Receive_IT.part.0.isra.0
                0x08003e04       0xb8 build/stm32f1xx_hal_uart.o
 .text.HAL_UART_IRQHandler
                0x08003ebc      0x25c build/stm32f1xx_hal_uart.o
                0x08003ebc                HAL_UART_IRQHandler
 .text.SystemInit
                0x08004118       0x50 build/system_stm32f1xx.o
                0x08004118                SystemInit
 .text.MX_USART1_UART_Init
                0x08004168       0x38 build/usart.o
                0x08004168                MX_USART1_UART_Init
 .text.MX_USART2_UART_Init
                0x080041a0       0x38 build/usart.o
                0x080041a0                MX_USART2_UART_Init
 .text.HAL_UART_MspInit
                0x080041d8      0x1c4 build/usart.o
                0x080041d8                HAL_UART_MspInit
 .text.HAL_UART_MspDeInit
                0x0800439c       0x78 build/usart.o
                0x0800439c                HAL_UART_MspDeInit
 .text.MX_DMA_Init
                0x08004414       0x64 build/dma.o
                0x08004414                MX_DMA_Init
 .text.COMMON_Init
                0x08004478       0x90 build/common.o
                0x08004478                COMMON_Init
 .text.COMMON_Process
                0x08004508      0x108 build/common.o
                0x08004508                COMMON_Process
 .text.HAL_GPIO_EXTI_Callback
                0x08004610       0x10 build/common.o
                0x08004610                HAL_GPIO_EXTI_Callback
 .text.HAL_UART_TxCpltCallback
                0x08004620       0x20 build/common.o
                0x08004620                HAL_UART_TxCpltCallback
 .text.HAL_UART_RxCpltCallback
                0x08004640       0x20 build/common.o
                0x08004640                HAL_UART_RxCpltCallback
 .text.WIFI_Init
                0x08004660       0x30 build/esp8266_at.o
                0x08004660                WIFI_Init
 .text.WIFI_PowerOnOff
                0x08004690       0x34 build/esp8266_at.o
                0x08004690                WIFI_PowerOnOff
 .text.WIFI_CtrDec
                0x080046c4       0xbc build/esp8266_at.o
                0x080046c4                WIFI_CtrDec
 .text.WIFI_ReceiveProcess
                0x08004780      0x5d0 build/esp8266_at.o
                0x08004780                WIFI_ReceiveProcess
 .text.WriteByte
                0x08004d50       0xc4 build/htu21d.o
 *fill*         0x08004e14        0x4 
 .text.HTU21D_GetData.isra.0
                0x08004e18      0x480 build/htu21d.o
 .text.HTU21D_GetTemperature
                0x08005298        0xc build/htu21d.o
                0x08005298                HTU21D_GetTemperature
 .text.HTU21D_GetHumidity
                0x080052a4        0xc build/htu21d.o
                0x080052a4                HTU21D_GetHumidity
 .text.HTU21D_Init
                0x080052b0      0x268 build/htu21d.o
                0x080052b0                HTU21D_Init
 .text.HTU21D_Sampling
                0x08005518       0x44 build/htu21d.o
                0x08005518                HTU21D_Sampling
 .text.HUB75D_DispScan
                0x0800555c      0x524 build/hub75d.o
                0x0800555c                HUB75D_DispScan
 .text.HUB75D_CalculateCalendar
                0x08005a80       0xc0 build/hub75d.o
                0x08005a80                HUB75D_CalculateCalendar
 .text.HUB75D_SetDispOffCtr
                0x08005b40        0xc build/hub75d.o
                0x08005b40                HUB75D_SetDispOffCtr
 .text.HUB75D_DispOnOff
                0x08005b4c       0x5c build/hub75d.o
                0x08005b4c                HUB75D_DispOnOff
 .text.HUB75D_CtrDec
                0x08005ba8       0x54 build/hub75d.o
                0x08005ba8                HUB75D_CtrDec
 .text.CalculationLunarCalendar
                0x08005bfc      0x164 build/lunar_calendar.o
                0x08005bfc                CalculationLunarCalendar
 .text.GetLunarCalendar
                0x08005d60        0x8 build/lunar_calendar.o
                0x08005d60                GetLunarCalendar
 .text.Get1sFlag
                0x08005d68        0xc build/time.o
                0x08005d68                Get1sFlag
 .text.Set1sFlag
                0x08005d74        0xc build/time.o
                0x08005d74                Set1sFlag
 .text.GetTimeData
                0x08005d80        0x8 build/time.o
                0x08005d80                GetTimeData
 .text.SetTimeData
                0x08005d88       0x34 build/time.o
                0x08005d88                SetTimeData
 .text.ClockRun
                0x08005dbc      0x19c build/time.o
                0x08005dbc                ClockRun
 .text.GetClock
                0x08005f58       0x8c build/time.o
                0x08005f58                GetClock
 .text.SetClock
                0x08005fe4       0x8c build/time.o
                0x08005fe4                SetClock
 .text.UTIL_MEM_set_8
                0x08006070        0x8 build/mem.o
                0x08006070                UTIL_MEM_set_8
 .text.tiny_vsnprintf_like
                0x08006078      0x4a0 build/tiny_vsnprintf.o
                0x08006078                tiny_vsnprintf_like
 .text.COM_Init
                0x08006518       0x10 build/trace_uart_if.o
                0x08006518                COM_Init
 .text.COM_DeInit
                0x08006528       0x34 build/trace_uart_if.o
                0x08006528                COM_DeInit
 .text.COM_TraceDMA
                0x0800655c       0x18 build/trace_uart_if.o
                0x0800655c                COM_TraceDMA
 .text.COM_ReceiveInit
                0x08006574       0x34 build/trace_uart_if.o
                0x08006574                COM_ReceiveInit
 .text.TRACE_UART_GetDriver
                0x080065a8        0x8 build/trace_uart_if.o
                0x080065a8                TRACE_UART_GetDriver
 .text.TRACE_UART_ReceiveIDLE
                0x080065b0       0x70 build/trace_uart_if.o
                0x080065b0                TRACE_UART_ReceiveIDLE
 .text.TRACE_UART_TxCpltCallback
                0x08006620        0xc build/trace_uart_if.o
                0x08006620                TRACE_UART_TxCpltCallback
 .text.TRACE_UART_RxCpltCallback
                0x0800662c        0x4 build/trace_uart_if.o
                0x0800662c                TRACE_UART_RxCpltCallback
 .text.TRACE_Init
                0x08006630       0x3c build/trace.o
                0x08006630                TRACE_Init
 .text.TRACE_PreSendHook
                0x0800666c        0x4 build/trace.o
                0x0800666c                TRACE_PreSendHook
 .text.TRACE_SendData
                0x08006670       0xa8 build/trace.o
 .text.TRACE_COND_FSend
                0x08006718      0x22c build/trace.o
                0x08006718                TRACE_COND_FSend
 .text.TRACE_PostSendHook
                0x08006944        0x4 build/trace.o
                0x08006944                TRACE_PostSendHook
 .text.TRACE_TxCpltCallback
                0x08006948       0xa0 build/trace.o
 .text._write   0x080069e8       0x18 build/wifi_uart_if.o
                0x080069e8                _write
 .text.WIFI_ReceiveDmaInit
                0x08006a00       0x24 build/wifi_uart_if.o
                0x08006a00                WIFI_ReceiveDmaInit
 .text.WIFI_ReceiveIDLE
                0x08006a24       0x5c build/wifi_uart_if.o
                0x08006a24                WIFI_ReceiveIDLE
 .text.WIFI_HandlerUartData
                0x08006a80       0x1c build/wifi_uart_if.o
                0x08006a80                WIFI_HandlerUartData
 .text.WIFI_UART_TxCpltCallback
                0x08006a9c       0x2c build/wifi_uart_if.o
                0x08006a9c                WIFI_UART_TxCpltCallback
 .text.WIFI_UART_RxCpltCallback
                0x08006ac8        0x4 build/wifi_uart_if.o
                0x08006ac8                WIFI_UART_RxCpltCallback
 .text.Reset_Handler
                0x08006acc       0x48 build/startup_stm32f103xb.o
                0x08006acc                Reset_Handler
 .text.Default_Handler
                0x08006b14        0x2 build/startup_stm32f103xb.o
                0x08006b14                RTC_Alarm_IRQHandler
                0x08006b14                EXTI2_IRQHandler
                0x08006b14                TIM1_CC_IRQHandler
                0x08006b14                PVD_IRQHandler
                0x08006b14                EXTI3_IRQHandler
                0x08006b14                I2C2_EV_IRQHandler
                0x08006b14                ADC1_2_IRQHandler
                0x08006b14                SPI1_IRQHandler
                0x08006b14                TAMPER_IRQHandler
                0x08006b14                USART3_IRQHandler
                0x08006b14                CAN1_RX1_IRQHandler
                0x08006b14                I2C1_EV_IRQHandler
                0x08006b14                TIM3_IRQHandler
                0x08006b14                RCC_IRQHandler
                0x08006b14                TIM1_TRG_COM_IRQHandler
                0x08006b14                DMA1_Channel1_IRQHandler
                0x08006b14                Default_Handler
                0x08006b14                EXTI15_10_IRQHandler
                0x08006b14                EXTI9_5_IRQHandler
                0x08006b14                SPI2_IRQHandler
                0x08006b14                EXTI4_IRQHandler
                0x08006b14                USB_LP_CAN1_RX0_IRQHandler
                0x08006b14                USB_HP_CAN1_TX_IRQHandler
                0x08006b14                DMA1_Channel3_IRQHandler
                0x08006b14                TIM1_UP_IRQHandler
                0x08006b14                WWDG_IRQHandler
                0x08006b14                TIM2_IRQHandler
                0x08006b14                TIM1_BRK_IRQHandler
                0x08006b14                EXTI1_IRQHandler
                0x08006b14                I2C2_ER_IRQHandler
                0x08006b14                DMA1_Channel2_IRQHandler
                0x08006b14                CAN1_SCE_IRQHandler
                0x08006b14                FLASH_IRQHandler
                0x08006b14                I2C1_ER_IRQHandler
                0x08006b14                USBWakeUp_IRQHandler
 *fill*         0x08006b16        0x2 
 .text.__libc_init_array
                0x08006b18       0x48 d:/program files (x86)/gnu arm embedded toolchain/10 2021.10/bin/../lib/gcc/arm-none-eabi/10.3.1/../../../../arm-none-eabi/lib/thumb/v7-m/nofp\libc_nano.a(lib_a-init.o)
                0x08006b18                __libc_init_array
 .text.memset   0x08006b60       0x10 d:/program files (x86)/gnu arm embedded toolchain/10 2021.10/bin/../lib/gcc/arm-none-eabi/10.3.1/../../../../arm-none-eabi/lib/thumb/v7-m/nofp\libc_nano.a(lib_a-memset.o)
                0x08006b60                memset
 .text._puts_r  0x08006b70       0xdc d:/program files (x86)/gnu arm embedded toolchain/10 2021.10/bin/../lib/gcc/arm-none-eabi/10.3.1/../../../../arm-none-eabi/lib/thumb/v7-m/nofp\libc_nano.a(lib_a-puts.o)
                0x08006b70                _puts_r
 .text.puts     0x08006c4c       0x10 d:/program files (x86)/gnu arm embedded toolchain/10 2021.10/bin/../lib/gcc/arm-none-eabi/10.3.1/../../../../arm-none-eabi/lib/thumb/v7-m/nofp\libc_nano.a(lib_a-puts.o)
                0x08006c4c                puts
 .text.strstr   0x08006c5c       0x2c d:/program files (x86)/gnu arm embedded toolchain/10 2021.10/bin/../lib/gcc/arm-none-eabi/10.3.1/../../../../arm-none-eabi/lib/thumb/v7-m/nofp\libc_nano.a(lib_a-strstr.o)
                0x08006c5c                strstr
 .text.__swbuf_r
                0x08006c88       0xa4 d:/program files (x86)/gnu arm embedded toolchain/10 2021.10/bin/../lib/gcc/arm-none-eabi/10.3.1/../../../../arm-none-eabi/lib/thumb/v7-m/nofp\libc_nano.a(lib_a-wbuf.o)
                0x08006c88                __swbuf_r
 .text.__swsetup_r
                0x08006d2c       0xdc d:/program files (x86)/gnu arm embedded toolchain/10 2021.10/bin/../lib/gcc/arm-none-eabi/10.3.1/../../../../arm-none-eabi/lib/thumb/v7-m/nofp\libc_nano.a(lib_a-wsetup.o)
                0x08006d2c                __swsetup_r
 .text.__sflush_r
                0x08006e08      0x104 d:/program files (x86)/gnu arm embedded toolchain/10 2021.10/bin/../lib/gcc/arm-none-eabi/10.3.1/../../../../arm-none-eabi/lib/thumb/v7-m/nofp\libc_nano.a(lib_a-fflush.o)
                0x08006e08                __sflush_r
 .text._fflush_r
                0x08006f0c       0x78 d:/program files (x86)/gnu arm embedded toolchain/10 2021.10/bin/../lib/gcc/arm-none-eabi/10.3.1/../../../../arm-none-eabi/lib/thumb/v7-m/nofp\libc_nano.a(lib_a-fflush.o)
                0x08006f0c                _fflush_r
 .text.std      0x08006f84       0x48 d:/program files (x86)/gnu arm embedded toolchain/10 2021.10/bin/../lib/gcc/arm-none-eabi/10.3.1/../../../../arm-none-eabi/lib/thumb/v7-m/nofp\libc_nano.a(lib_a-findfp.o)
 .text._cleanup_r
                0x08006fcc        0xc d:/program files (x86)/gnu arm embedded toolchain/10 2021.10/bin/../lib/gcc/arm-none-eabi/10.3.1/../../../../arm-none-eabi/lib/thumb/v7-m/nofp\libc_nano.a(lib_a-findfp.o)
                0x08006fcc                _cleanup_r
 .text.__sfmoreglue
                0x08006fd8       0x2c d:/program files (x86)/gnu arm embedded toolchain/10 2021.10/bin/../lib/gcc/arm-none-eabi/10.3.1/../../../../arm-none-eabi/lib/thumb/v7-m/nofp\libc_nano.a(lib_a-findfp.o)
                0x08006fd8                __sfmoreglue
 .text.__sfp_lock_acquire
                0x08007004        0xc d:/program files (x86)/gnu arm embedded toolchain/10 2021.10/bin/../lib/gcc/arm-none-eabi/10.3.1/../../../../arm-none-eabi/lib/thumb/v7-m/nofp\libc_nano.a(lib_a-findfp.o)
                0x08007004                __sfp_lock_acquire
 .text.__sfp_lock_release
                0x08007010        0xc d:/program files (x86)/gnu arm embedded toolchain/10 2021.10/bin/../lib/gcc/arm-none-eabi/10.3.1/../../../../arm-none-eabi/lib/thumb/v7-m/nofp\libc_nano.a(lib_a-findfp.o)
                0x08007010                __sfp_lock_release
 .text.__sinit_lock_acquire
                0x0800701c        0xc d:/program files (x86)/gnu arm embedded toolchain/10 2021.10/bin/../lib/gcc/arm-none-eabi/10.3.1/../../../../arm-none-eabi/lib/thumb/v7-m/nofp\libc_nano.a(lib_a-findfp.o)
                0x0800701c                __sinit_lock_acquire
 .text.__sinit_lock_release
                0x08007028        0xc d:/program files (x86)/gnu arm embedded toolchain/10 2021.10/bin/../lib/gcc/arm-none-eabi/10.3.1/../../../../arm-none-eabi/lib/thumb/v7-m/nofp\libc_nano.a(lib_a-findfp.o)
                0x08007028                __sinit_lock_release
 .text.__sinit  0x08007034       0x70 d:/program files (x86)/gnu arm embedded toolchain/10 2021.10/bin/../lib/gcc/arm-none-eabi/10.3.1/../../../../arm-none-eabi/lib/thumb/v7-m/nofp\libc_nano.a(lib_a-findfp.o)
                0x08007034                __sinit
 .text.__sfp    0x080070a4       0x8c d:/program files (x86)/gnu arm embedded toolchain/10 2021.10/bin/../lib/gcc/arm-none-eabi/10.3.1/../../../../arm-none-eabi/lib/thumb/v7-m/nofp\libc_nano.a(lib_a-findfp.o)
                0x080070a4                __sfp
 .text._fwalk_reent
                0x08007130       0x3e d:/program files (x86)/gnu arm embedded toolchain/10 2021.10/bin/../lib/gcc/arm-none-eabi/10.3.1/../../../../arm-none-eabi/lib/thumb/v7-m/nofp\libc_nano.a(lib_a-fwalk.o)
                0x08007130                _fwalk_reent
 .text.__retarget_lock_init_recursive
                0x0800716e        0x2 d:/program files (x86)/gnu arm embedded toolchain/10 2021.10/bin/../lib/gcc/arm-none-eabi/10.3.1/../../../../arm-none-eabi/lib/thumb/v7-m/nofp\libc_nano.a(lib_a-lock.o)
                0x0800716e                __retarget_lock_init_recursive
 .text.__retarget_lock_acquire_recursive
                0x08007170        0x2 d:/program files (x86)/gnu arm embedded toolchain/10 2021.10/bin/../lib/gcc/arm-none-eabi/10.3.1/../../../../arm-none-eabi/lib/thumb/v7-m/nofp\libc_nano.a(lib_a-lock.o)
                0x08007170                __retarget_lock_acquire_recursive
 .text.__retarget_lock_release_recursive
                0x08007172        0x2 d:/program files (x86)/gnu arm embedded toolchain/10 2021.10/bin/../lib/gcc/arm-none-eabi/10.3.1/../../../../arm-none-eabi/lib/thumb/v7-m/nofp\libc_nano.a(lib_a-lock.o)
                0x08007172                __retarget_lock_release_recursive
 .text.__swhatbuf_r
                0x08007174       0x4a d:/program files (x86)/gnu arm embedded toolchain/10 2021.10/bin/../lib/gcc/arm-none-eabi/10.3.1/../../../../arm-none-eabi/lib/thumb/v7-m/nofp\libc_nano.a(lib_a-makebuf.o)
                0x08007174                __swhatbuf_r
 *fill*         0x080071be        0x2 
 .text.__smakebuf_r
                0x080071c0       0x80 d:/program files (x86)/gnu arm embedded toolchain/10 2021.10/bin/../lib/gcc/arm-none-eabi/10.3.1/../../../../arm-none-eabi/lib/thumb/v7-m/nofp\libc_nano.a(lib_a-makebuf.o)
                0x080071c0                __smakebuf_r
 .text._free_r  0x08007240       0x90 d:/program files (x86)/gnu arm embedded toolchain/10 2021.10/bin/../lib/gcc/arm-none-eabi/10.3.1/../../../../arm-none-eabi/lib/thumb/v7-m/nofp\libc_nano.a(lib_a-nano-freer.o)
                0x08007240                _free_r
 .text.sbrk_aligned
                0x080072d0       0x40 d:/program files (x86)/gnu arm embedded toolchain/10 2021.10/bin/../lib/gcc/arm-none-eabi/10.3.1/../../../../arm-none-eabi/lib/thumb/v7-m/nofp\libc_nano.a(lib_a-nano-mallocr.o)
 .text._malloc_r
                0x08007310       0xe8 d:/program files (x86)/gnu arm embedded toolchain/10 2021.10/bin/../lib/gcc/arm-none-eabi/10.3.1/../../../../arm-none-eabi/lib/thumb/v7-m/nofp\libc_nano.a(lib_a-nano-mallocr.o)
                0x08007310                _malloc_r
 .text._sbrk_r  0x080073f8       0x20 d:/program files (x86)/gnu arm embedded toolchain/10 2021.10/bin/../lib/gcc/arm-none-eabi/10.3.1/../../../../arm-none-eabi/lib/thumb/v7-m/nofp\libc_nano.a(lib_a-sbrkr.o)
                0x080073f8                _sbrk_r
 .text.__sread  0x08007418       0x22 d:/program files (x86)/gnu arm embedded toolchain/10 2021.10/bin/../lib/gcc/arm-none-eabi/10.3.1/../../../../arm-none-eabi/lib/thumb/v7-m/nofp\libc_nano.a(lib_a-stdio.o)
                0x08007418                __sread
 .text.__swrite
                0x0800743a       0x38 d:/program files (x86)/gnu arm embedded toolchain/10 2021.10/bin/../lib/gcc/arm-none-eabi/10.3.1/../../../../arm-none-eabi/lib/thumb/v7-m/nofp\libc_nano.a(lib_a-stdio.o)
                0x0800743a                __swrite
 .text.__sseek  0x08007472       0x24 d:/program files (x86)/gnu arm embedded toolchain/10 2021.10/bin/../lib/gcc/arm-none-eabi/10.3.1/../../../../arm-none-eabi/lib/thumb/v7-m/nofp\libc_nano.a(lib_a-stdio.o)
                0x08007472                __sseek
 .text.__sclose
                0x08007496        0x8 d:/program files (x86)/gnu arm embedded toolchain/10 2021.10/bin/../lib/gcc/arm-none-eabi/10.3.1/../../../../arm-none-eabi/lib/thumb/v7-m/nofp\libc_nano.a(lib_a-stdio.o)
                0x08007496                __sclose
 *fill*         0x0800749e        0x2 
 .text._write_r
                0x080074a0       0x24 d:/program files (x86)/gnu arm embedded toolchain/10 2021.10/bin/../lib/gcc/arm-none-eabi/10.3.1/../../../../arm-none-eabi/lib/thumb/v7-m/nofp\libc_nano.a(lib_a-writer.o)
                0x080074a0                _write_r
 .text._close_r
                0x080074c4       0x20 d:/program files (x86)/gnu arm embedded toolchain/10 2021.10/bin/../lib/gcc/arm-none-eabi/10.3.1/../../../../arm-none-eabi/lib/thumb/v7-m/nofp\libc_nano.a(lib_a-closer.o)
                0x080074c4                _close_r
 .text._fstat_r
                0x080074e4       0x24 d:/program files (x86)/gnu arm embedded toolchain/10 2021.10/bin/../lib/gcc/arm-none-eabi/10.3.1/../../../../arm-none-eabi/lib/thumb/v7-m/nofp\libc_nano.a(lib_a-fstatr.o)
                0x080074e4                _fstat_r
 .text._isatty_r
                0x08007508       0x20 d:/program files (x86)/gnu arm embedded toolchain/10 2021.10/bin/../lib/gcc/arm-none-eabi/10.3.1/../../../../arm-none-eabi/lib/thumb/v7-m/nofp\libc_nano.a(lib_a-isattyr.o)
                0x08007508                _isatty_r
 .text._lseek_r
                0x08007528       0x24 d:/program files (x86)/gnu arm embedded toolchain/10 2021.10/bin/../lib/gcc/arm-none-eabi/10.3.1/../../../../arm-none-eabi/lib/thumb/v7-m/nofp\libc_nano.a(lib_a-lseekr.o)
                0x08007528                _lseek_r
 .text.__malloc_lock
                0x0800754c        0xc d:/program files (x86)/gnu arm embedded toolchain/10 2021.10/bin/../lib/gcc/arm-none-eabi/10.3.1/../../../../arm-none-eabi/lib/thumb/v7-m/nofp\libc_nano.a(lib_a-mlock.o)
                0x0800754c                __malloc_lock
 .text.__malloc_unlock
                0x08007558        0xc d:/program files (x86)/gnu arm embedded toolchain/10 2021.10/bin/../lib/gcc/arm-none-eabi/10.3.1/../../../../arm-none-eabi/lib/thumb/v7-m/nofp\libc_nano.a(lib_a-mlock.o)
                0x08007558                __malloc_unlock
 .text._read_r  0x08007564       0x24 d:/program files (x86)/gnu arm embedded toolchain/10 2021.10/bin/../lib/gcc/arm-none-eabi/10.3.1/../../../../arm-none-eabi/lib/thumb/v7-m/nofp\libc_nano.a(lib_a-readr.o)
                0x08007564                _read_r
 .text._close   0x08007588       0x10 d:/program files (x86)/gnu arm embedded toolchain/10 2021.10/bin/../lib/gcc/arm-none-eabi/10.3.1/../../../../arm-none-eabi/lib/thumb/v7-m/nofp\libnosys.a(close.o)
                0x08007588                _close
 .text._fstat   0x08007598       0x10 d:/program files (x86)/gnu arm embedded toolchain/10 2021.10/bin/../lib/gcc/arm-none-eabi/10.3.1/../../../../arm-none-eabi/lib/thumb/v7-m/nofp\libnosys.a(fstat.o)
                0x08007598                _fstat
 .text._isatty  0x080075a8       0x10 d:/program files (x86)/gnu arm embedded toolchain/10 2021.10/bin/../lib/gcc/arm-none-eabi/10.3.1/../../../../arm-none-eabi/lib/thumb/v7-m/nofp\libnosys.a(isatty.o)
                0x080075a8                _isatty
 .text._lseek   0x080075b8       0x10 d:/program files (x86)/gnu arm embedded toolchain/10 2021.10/bin/../lib/gcc/arm-none-eabi/10.3.1/../../../../arm-none-eabi/lib/thumb/v7-m/nofp\libnosys.a(lseek.o)
                0x080075b8                _lseek
 .text._read    0x080075c8       0x10 d:/program files (x86)/gnu arm embedded toolchain/10 2021.10/bin/../lib/gcc/arm-none-eabi/10.3.1/../../../../arm-none-eabi/lib/thumb/v7-m/nofp\libnosys.a(read.o)
                0x080075c8                _read
 .text._sbrk    0x080075d8       0x1c d:/program files (x86)/gnu arm embedded toolchain/10 2021.10/bin/../lib/gcc/arm-none-eabi/10.3.1/../../../../arm-none-eabi/lib/thumb/v7-m/nofp\libnosys.a(sbrk.o)
                0x080075d8                _sbrk
 *(.glue_7)
 .glue_7        0x080075f4        0x0 linker stubs
 *(.glue_7t)
 .glue_7t       0x080075f4        0x0 linker stubs
 *(.eh_frame)
 .eh_frame      0x080075f4        0x0 d:/program files (x86)/gnu arm embedded toolchain/10 2021.10/bin/../lib/gcc/arm-none-eabi/10.3.1/thumb/v7-m/nofp/crtbegin.o
 *(.init)
 .init          0x080075f4        0x4 d:/program files (x86)/gnu arm embedded toolchain/10 2021.10/bin/../lib/gcc/arm-none-eabi/10.3.1/thumb/v7-m/nofp/crti.o
                0x080075f4                _init
 .init          0x080075f8        0x8 d:/program files (x86)/gnu arm embedded toolchain/10 2021.10/bin/../lib/gcc/arm-none-eabi/10.3.1/thumb/v7-m/nofp/crtn.o
 *(.fini)
 .fini          0x08007600        0x4 d:/program files (x86)/gnu arm embedded toolchain/10 2021.10/bin/../lib/gcc/arm-none-eabi/10.3.1/thumb/v7-m/nofp/crti.o
                0x08007600                _fini
 .fini          0x08007604        0x8 d:/program files (x86)/gnu arm embedded toolchain/10 2021.10/bin/../lib/gcc/arm-none-eabi/10.3.1/thumb/v7-m/nofp/crtn.o
                0x0800760c                . = ALIGN (0x4)
                0x0800760c                _etext = .

.vfp11_veneer   0x0800760c        0x0
 .vfp11_veneer  0x0800760c        0x0 linker stubs

.v4_bx          0x0800760c        0x0
 .v4_bx         0x0800760c        0x0 linker stubs

.iplt           0x0800760c        0x0
 .iplt          0x0800760c        0x0 d:/program files (x86)/gnu arm embedded toolchain/10 2021.10/bin/../lib/gcc/arm-none-eabi/10.3.1/thumb/v7-m/nofp/crtbegin.o

.rodata         0x0800760c      0xc98
                0x0800760c                . = ALIGN (0x4)
 *(.rodata)
 .rodata        0x0800760c        0xd build/time.o
 *(.rodata*)
 *fill*         0x08007619        0x3 
 .rodata.HAL_RTC_Init.str1.4
                0x0800761c       0x35 build/stm32f1xx_hal_rtc.o
 *fill*         0x08007651        0x3 
 .rodata.HAL_RCC_OscConfig.str1.4
                0x08007654       0x35 build/stm32f1xx_hal_rcc.o
 *fill*         0x08007689        0x3 
 .rodata.HAL_RCC_ClockConfig.str1.4
                0x0800768c       0x11 build/stm32f1xx_hal_rcc.o
 *fill*         0x0800769d        0x3 
 .rodata.HAL_RCCEx_PeriphCLKConfig.str1.4
                0x080076a0       0x38 build/stm32f1xx_hal_rcc_ex.o
 .rodata.HAL_RCCEx_GetPeriphCLKFreq.str1.4
                0x080076d8       0x11 build/stm32f1xx_hal_rcc_ex.o
 .rodata.HAL_GPIO_Init.str1.4
                0x080076d8       0x36 build/stm32f1xx_hal_gpio.o
 *fill*         0x0800770e        0x2 
 .rodata.HAL_DMA_Init.str1.4
                0x08007710       0x35 build/stm32f1xx_hal_dma.o
 *fill*         0x08007745        0x3 
 .rodata.HAL_NVIC_SetPriorityGrouping.str1.4
                0x08007748       0x38 build/stm32f1xx_hal_cortex.o
 .rodata.HAL_PWR_ConfigPVD.str1.4
                0x08007780       0x35 build/stm32f1xx_hal_pwr.o
 *fill*         0x080077b5        0x3 
 .rodata.TIM_OC1_SetConfig.str1.4
                0x080077b8       0x35 build/stm32f1xx_hal_tim.o
 *fill*         0x080077ed        0x3 
 .rodata.HAL_TIMEx_HallSensor_Init.str1.4
                0x080077f0       0x38 build/stm32f1xx_hal_tim_ex.o
 .rodata.UART_SetConfig.str1.4
                0x08007828       0x36 build/stm32f1xx_hal_uart.o
 *fill*         0x0800785e        0x2 
 .rodata.AHBPrescTable
                0x08007860       0x10 build/system_stm32f1xx.o
                0x08007860                AHBPrescTable
 .rodata.APBPrescTable
                0x08007870        0x8 build/system_stm32f1xx.o
                0x08007870                APBPrescTable
 .rodata.COMMON_Init.str1.4
                0x08007878       0x39 build/common.o
 *fill*         0x080078b1        0x3 
 .rodata.COMMON_Process.str1.4
                0x080078b4       0x58 build/common.o
 .rodata.WIFI_Init.str1.4
                0x0800790c       0x3b build/esp8266_at.o
 *fill*         0x08007947        0x1 
 .rodata.WIFI_CtrDec.str1.4
                0x08007948       0x25 build/esp8266_at.o
 *fill*         0x0800796d        0x3 
 .rodata.WIFI_ReceiveProcess.str1.4
                0x08007970       0x5e build/esp8266_at.o
 *fill*         0x080079ce        0x2 
 .rodata.HTU21D_GetData.isra.0.str1.4
                0x080079d0       0x38 build/htu21d.o
 .rodata.HTU21D_Init.str1.4
                0x08007a08       0x3c build/htu21d.o
 .rodata.HUB75D_CtrDec.str1.4
                0x08007a44       0x1d build/hub75d.o
 *fill*         0x08007a61        0x3 
 .rodata.DateD  0x08007a64       0x80 build/hub75d.o
 .rodata.DateTable
                0x08007ae4       0x98 build/hub75d.o
 .rodata.HZ     0x08007b7c       0x58 build/hub75d.o
 .rodata.Time8Mul16Table
                0x08007bd4      0x1d0 build/hub75d.o
 .rodata.TimeSecondTable
                0x08007da4       0xc0 build/hub75d.o
 .rodata.g_lunarCalendarTable
                0x08007e64      0x31c build/lunar_calendar.o
 .rodata.g_monthAdd
                0x08008180       0x18 build/lunar_calendar.o
 .rodata.GetClock.str1.4
                0x08008198       0x27 build/time.o
 *fill*         0x080081bf        0x1 
 .rodata.SetClock.str1.4
                0x080081c0       0x27 build/time.o
 *fill*         0x080081e7        0x1 
 .rodata.tiny_vsnprintf_like.str1.4
                0x080081e8       0x55 build/tiny_vsnprintf.o
 *fill*         0x0800823d        0x3 
 .rodata._global_impure_ptr
                0x08008240        0x4 d:/program files (x86)/gnu arm embedded toolchain/10 2021.10/bin/../lib/gcc/arm-none-eabi/10.3.1/../../../../arm-none-eabi/lib/thumb/v7-m/nofp\libc_nano.a(lib_a-impure.o)
                0x08008240                _global_impure_ptr
 .rodata.__sf_fake_stderr
                0x08008244       0x20 d:/program files (x86)/gnu arm embedded toolchain/10 2021.10/bin/../lib/gcc/arm-none-eabi/10.3.1/../../../../arm-none-eabi/lib/thumb/v7-m/nofp\libc_nano.a(lib_a-findfp.o)
                0x08008244                __sf_fake_stderr
 .rodata.__sf_fake_stdin
                0x08008264       0x20 d:/program files (x86)/gnu arm embedded toolchain/10 2021.10/bin/../lib/gcc/arm-none-eabi/10.3.1/../../../../arm-none-eabi/lib/thumb/v7-m/nofp\libc_nano.a(lib_a-findfp.o)
                0x08008264                __sf_fake_stdin
 .rodata.__sf_fake_stdout
                0x08008284       0x20 d:/program files (x86)/gnu arm embedded toolchain/10 2021.10/bin/../lib/gcc/arm-none-eabi/10.3.1/../../../../arm-none-eabi/lib/thumb/v7-m/nofp\libc_nano.a(lib_a-findfp.o)
                0x08008284                __sf_fake_stdout
                0x080082a4                . = ALIGN (0x4)

.rel.dyn        0x080082a4        0x0
 .rel.iplt      0x080082a4        0x0 d:/program files (x86)/gnu arm embedded toolchain/10 2021.10/bin/../lib/gcc/arm-none-eabi/10.3.1/thumb/v7-m/nofp/crtbegin.o

.ARM.extab
 *(.ARM.extab* .gnu.linkonce.armextab.*)

.ARM            0x080082a4        0x0
                0x080082a4                __exidx_start = .
 *(.ARM.exidx*)
                0x080082a4                __exidx_end = .

.preinit_array  0x080082a4        0x0
                0x080082a4                PROVIDE (__preinit_array_start = .)
 *(.preinit_array*)
                0x080082a4                PROVIDE (__preinit_array_end = .)

.init_array     0x080082a4        0x4
                0x080082a4                PROVIDE (__init_array_start = .)
 *(SORT_BY_NAME(.init_array.*))
 *(.init_array*)
 .init_array    0x080082a4        0x4 d:/program files (x86)/gnu arm embedded toolchain/10 2021.10/bin/../lib/gcc/arm-none-eabi/10.3.1/thumb/v7-m/nofp/crtbegin.o
                0x080082a8                PROVIDE (__init_array_end = .)

.fini_array     0x080082a8        0x4
                [!provide]                PROVIDE (__fini_array_start = .)
 *(SORT_BY_NAME(.fini_array.*))
 *(.fini_array*)
 .fini_array    0x080082a8        0x4 d:/program files (x86)/gnu arm embedded toolchain/10 2021.10/bin/../lib/gcc/arm-none-eabi/10.3.1/thumb/v7-m/nofp/crtbegin.o
                [!provide]                PROVIDE (__fini_array_end = .)
                0x080082ac                _sidata = LOADADDR (.data)

.data           0x20000000       0x80 load address 0x080082ac
                0x20000000                . = ALIGN (0x4)
                0x20000000                _sdata = .
 *(.data)
 *(.data*)
 .data.uwTickFreq
                0x20000000        0x1 build/stm32f1xx_hal.o
                0x20000000                uwTickFreq
 *fill*         0x20000001        0x3 
 .data.uwTickPrio
                0x20000004        0x4 build/stm32f1xx_hal.o
                0x20000004                uwTickPrio
 .data.SystemCoreClock
                0x20000008        0x4 build/system_stm32f1xx.o
                0x20000008                SystemCoreClock
 .data.TraceDriver
                0x2000000c       0x10 build/trace_uart_if.o
                0x2000000c                TraceDriver
 .data._impure_ptr
                0x2000001c        0x4 d:/program files (x86)/gnu arm embedded toolchain/10 2021.10/bin/../lib/gcc/arm-none-eabi/10.3.1/../../../../arm-none-eabi/lib/thumb/v7-m/nofp\libc_nano.a(lib_a-impure.o)
                0x2000001c                _impure_ptr
 .data.impure_data
                0x20000020       0x60 d:/program files (x86)/gnu arm embedded toolchain/10 2021.10/bin/../lib/gcc/arm-none-eabi/10.3.1/../../../../arm-none-eabi/lib/thumb/v7-m/nofp\libc_nano.a(lib_a-impure.o)
                0x20000080                . = ALIGN (0x4)
                0x20000080                _edata = .

.igot.plt       0x20000080        0x0 load address 0x0800832c
 .igot.plt      0x20000080        0x0 d:/program files (x86)/gnu arm embedded toolchain/10 2021.10/bin/../lib/gcc/arm-none-eabi/10.3.1/thumb/v7-m/nofp/crtbegin.o
                0x20000080                . = ALIGN (0x4)

.bss            0x20000080      0x924 load address 0x0800832c
                0x20000080                _sbss = .
                0x20000080                __bss_start__ = _sbss
 *(.bss)
 .bss           0x20000080       0x1c d:/program files (x86)/gnu arm embedded toolchain/10 2021.10/bin/../lib/gcc/arm-none-eabi/10.3.1/thumb/v7-m/nofp/crtbegin.o
 *(.bss*)
 .bss.hrtc      0x2000009c       0x14 build/rtc.o
                0x2000009c                hrtc
 .bss.htim4     0x200000b0       0x48 build/tim.o
                0x200000b0                htim4
 .bss.uwTick    0x200000f8        0x4 build/stm32f1xx_hal.o
                0x200000f8                uwTick
 .bss.hdma_usart1_rx
                0x200000fc       0x44 build/usart.o
                0x200000fc                hdma_usart1_rx
 .bss.hdma_usart1_tx
                0x20000140       0x44 build/usart.o
                0x20000140                hdma_usart1_tx
 .bss.hdma_usart2_rx
                0x20000184       0x44 build/usart.o
                0x20000184                hdma_usart2_rx
 .bss.hdma_usart2_tx
                0x200001c8       0x44 build/usart.o
                0x200001c8                hdma_usart2_tx
 .bss.huart1    0x2000020c       0x44 build/usart.o
                0x2000020c                huart1
 .bss.huart2    0x20000250       0x44 build/usart.o
                0x20000250                huart2
 .bss.g_pirInt  0x20000294        0x1 build/common.o
                0x20000294                g_pirInt
 *fill*         0x20000295        0x3 
 .bss.g_getTime
                0x20000298        0x6 build/esp8266_at.o
                0x20000298                g_getTime
 .bss.count.0   0x2000029e        0x1 build/htu21d.o
 .bss.g_i2cFial
                0x2000029f        0x1 build/htu21d.o
 .bss.g_thData  0x200002a0        0x4 build/htu21d.o
                0x200002a0                g_thData
 .bss.changeCtr.0
                0x200002a4        0x1 build/hub75d.o
 .bss.count.1   0x200002a5        0x1 build/hub75d.o
 *fill*         0x200002a6        0x2 
 .bss.g_calendarDecimal
                0x200002a8        0xe build/hub75d.o
                0x200002a8                g_calendarDecimal
 .bss.g_displayOffCtr
                0x200002b6        0x2 build/hub75d.o
 .bss.g_displayTorH
                0x200002b8        0x1 build/hub75d.o
                0x200002b8                g_displayTorH
 *fill*         0x200002b9        0x3 
 .bss.g_lunarCalendarData
                0x200002bc        0x3 build/lunar_calendar.o
                0x200002bc                g_lunarCalendarData
 .bss.g_1sFlag  0x200002bf        0x1 build/time.o
 .bss.g_time    0x200002c0        0x8 build/time.o
                0x200002c0                g_time
 .bss.RxCpltCallback
                0x200002c8        0x4 build/trace_uart_if.o
 .bss.TxCpltCallback
                0x200002cc        0x4 build/trace_uart_if.o
 .bss.g_rxComplete
                0x200002d0        0x1 build/trace_uart_if.o
 *fill*         0x200002d1        0x3 
 .bss.g_rxType  0x200002d4       0x36 build/trace_uart_if.o
 *fill*         0x2000030a        0x2 
 .bss.g_traceBuffer
                0x2000030c      0x400 build/trace.o
 .bss.g_traceContext
                0x2000070c       0x18 build/trace.o
 .bss.g_traceDriver
                0x20000724        0x4 build/trace.o
 .bss.sztmp     0x20000728      0x200 build/trace.o
 .bss.g_usartType
                0x20000928       0x68 build/wifi_uart_if.o
                0x20000928                g_usartType
 .bss.__lock___malloc_recursive_mutex
                0x20000990        0x1 d:/program files (x86)/gnu arm embedded toolchain/10 2021.10/bin/../lib/gcc/arm-none-eabi/10.3.1/../../../../arm-none-eabi/lib/thumb/v7-m/nofp\libc_nano.a(lib_a-lock.o)
                0x20000990                __lock___malloc_recursive_mutex
 .bss.__lock___sfp_recursive_mutex
                0x20000991        0x1 d:/program files (x86)/gnu arm embedded toolchain/10 2021.10/bin/../lib/gcc/arm-none-eabi/10.3.1/../../../../arm-none-eabi/lib/thumb/v7-m/nofp\libc_nano.a(lib_a-lock.o)
                0x20000991                __lock___sfp_recursive_mutex
 .bss.__lock___sinit_recursive_mutex
                0x20000992        0x1 d:/program files (x86)/gnu arm embedded toolchain/10 2021.10/bin/../lib/gcc/arm-none-eabi/10.3.1/../../../../arm-none-eabi/lib/thumb/v7-m/nofp\libc_nano.a(lib_a-lock.o)
                0x20000992                __lock___sinit_recursive_mutex
 *fill*         0x20000993        0x1 
 .bss.__malloc_free_list
                0x20000994        0x4 d:/program files (x86)/gnu arm embedded toolchain/10 2021.10/bin/../lib/gcc/arm-none-eabi/10.3.1/../../../../arm-none-eabi/lib/thumb/v7-m/nofp\libc_nano.a(lib_a-nano-mallocr.o)
                0x20000994                __malloc_free_list
 .bss.__malloc_sbrk_start
                0x20000998        0x4 d:/program files (x86)/gnu arm embedded toolchain/10 2021.10/bin/../lib/gcc/arm-none-eabi/10.3.1/../../../../arm-none-eabi/lib/thumb/v7-m/nofp\libc_nano.a(lib_a-nano-mallocr.o)
                0x20000998                __malloc_sbrk_start
 .bss.errno     0x2000099c        0x4 d:/program files (x86)/gnu arm embedded toolchain/10 2021.10/bin/../lib/gcc/arm-none-eabi/10.3.1/../../../../arm-none-eabi/lib/thumb/v7-m/nofp\libc_nano.a(lib_a-reent.o)
                0x2000099c                errno
 .bss.heap_end.0
                0x200009a0        0x4 d:/program files (x86)/gnu arm embedded toolchain/10 2021.10/bin/../lib/gcc/arm-none-eabi/10.3.1/../../../../arm-none-eabi/lib/thumb/v7-m/nofp\libnosys.a(sbrk.o)
 *(COMMON)
                0x200009a4                . = ALIGN (0x4)
                0x200009a4                _ebss = .
                0x200009a4                __bss_end__ = _ebss

._user_heap_stack
                0x200009a4      0x804 load address 0x0800832c
                0x200009a8                . = ALIGN (0x8)
 *fill*         0x200009a4        0x4 
                0x200009a8                PROVIDE (end = .)
                [!provide]                PROVIDE (_end = .)
                0x20000da8                . = (. + _Min_Heap_Size)
 *fill*         0x200009a8      0x400 
                0x200011a8                . = (. + _Min_Stack_Size)
 *fill*         0x20000da8      0x400 
                0x200011a8                . = ALIGN (0x8)

/DISCARD/
 libc.a(*)
 libm.a(*)
 libgcc.a(*)

.ARM.attributes
                0x00000000       0x29
 *(.ARM.attributes)
 .ARM.attributes
                0x00000000       0x1d d:/program files (x86)/gnu arm embedded toolchain/10 2021.10/bin/../lib/gcc/arm-none-eabi/10.3.1/thumb/v7-m/nofp/crti.o
 .ARM.attributes
                0x0000001d       0x2d d:/program files (x86)/gnu arm embedded toolchain/10 2021.10/bin/../lib/gcc/arm-none-eabi/10.3.1/thumb/v7-m/nofp/crtbegin.o
 .ARM.attributes
                0x0000004a       0x2d build/main.o
 .ARM.attributes
                0x00000077       0x2d build/gpio.o
 .ARM.attributes
                0x000000a4       0x2d build/rtc.o
 .ARM.attributes
                0x000000d1       0x2d build/tim.o
 .ARM.attributes
                0x000000fe       0x2d build/stm32f1xx_it.o
 .ARM.attributes
                0x0000012b       0x2d build/stm32f1xx_hal_msp.o
 .ARM.attributes
                0x00000158       0x2d build/stm32f1xx_hal_rtc.o
 .ARM.attributes
                0x00000185       0x2d build/stm32f1xx_hal_rtc_ex.o
 .ARM.attributes
                0x000001b2       0x2d build/stm32f1xx_hal.o
 .ARM.attributes
                0x000001df       0x2d build/stm32f1xx_hal_rcc.o
 .ARM.attributes
                0x0000020c       0x2d build/stm32f1xx_hal_rcc_ex.o
 .ARM.attributes
                0x00000239       0x2d build/stm32f1xx_hal_gpio.o
 .ARM.attributes
                0x00000266       0x2d build/stm32f1xx_hal_dma.o
 .ARM.attributes
                0x00000293       0x2d build/stm32f1xx_hal_cortex.o
 .ARM.attributes
                0x000002c0       0x2d build/stm32f1xx_hal_pwr.o
 .ARM.attributes
                0x000002ed       0x2d build/stm32f1xx_hal_tim.o
 .ARM.attributes
                0x0000031a       0x2d build/stm32f1xx_hal_tim_ex.o
 .ARM.attributes
                0x00000347       0x2d build/stm32f1xx_hal_uart.o
 .ARM.attributes
                0x00000374       0x2d build/system_stm32f1xx.o
 .ARM.attributes
                0x000003a1       0x2d build/usart.o
 .ARM.attributes
                0x000003ce       0x2d build/dma.o
 .ARM.attributes
                0x000003fb       0x2d build/common.o
 .ARM.attributes
                0x00000428       0x2d build/esp8266_at.o
 .ARM.attributes
                0x00000455       0x2d build/htu21d.o
 .ARM.attributes
                0x00000482       0x2d build/hub75d.o
 .ARM.attributes
                0x000004af       0x2d build/lunar_calendar.o
 .ARM.attributes
                0x000004dc       0x2d build/time.o
 .ARM.attributes
                0x00000509       0x2d build/mem.o
 .ARM.attributes
                0x00000536       0x2d build/tiny_vsnprintf.o
 .ARM.attributes
                0x00000563       0x2d build/trace_uart_if.o
 .ARM.attributes
                0x00000590       0x2d build/trace.o
 .ARM.attributes
                0x000005bd       0x2d build/wifi_uart_if.o
 .ARM.attributes
                0x000005ea       0x21 build/startup_stm32f103xb.o
 .ARM.attributes
                0x0000060b       0x2d d:/program files (x86)/gnu arm embedded toolchain/10 2021.10/bin/../lib/gcc/arm-none-eabi/10.3.1/../../../../arm-none-eabi/lib/thumb/v7-m/nofp\libc_nano.a(lib_a-impure.o)
 .ARM.attributes
                0x00000638       0x2d d:/program files (x86)/gnu arm embedded toolchain/10 2021.10/bin/../lib/gcc/arm-none-eabi/10.3.1/../../../../arm-none-eabi/lib/thumb/v7-m/nofp\libc_nano.a(lib_a-init.o)
 .ARM.attributes
                0x00000665       0x2d d:/program files (x86)/gnu arm embedded toolchain/10 2021.10/bin/../lib/gcc/arm-none-eabi/10.3.1/../../../../arm-none-eabi/lib/thumb/v7-m/nofp\libc_nano.a(lib_a-memset.o)
 .ARM.attributes
                0x00000692       0x2d d:/program files (x86)/gnu arm embedded toolchain/10 2021.10/bin/../lib/gcc/arm-none-eabi/10.3.1/../../../../arm-none-eabi/lib/thumb/v7-m/nofp\libc_nano.a(lib_a-puts.o)
 .ARM.attributes
                0x000006bf       0x17 d:/program files (x86)/gnu arm embedded toolchain/10 2021.10/bin/../lib/gcc/arm-none-eabi/10.3.1/../../../../arm-none-eabi/lib/thumb/v7-m/nofp\libc_nano.a(lib_a-strlen.o)
 .ARM.attributes
                0x000006d6       0x2d d:/program files (x86)/gnu arm embedded toolchain/10 2021.10/bin/../lib/gcc/arm-none-eabi/10.3.1/../../../../arm-none-eabi/lib/thumb/v7-m/nofp\libc_nano.a(lib_a-strstr.o)
 .ARM.attributes
                0x00000703       0x2d d:/program files (x86)/gnu arm embedded toolchain/10 2021.10/bin/../lib/gcc/arm-none-eabi/10.3.1/../../../../arm-none-eabi/lib/thumb/v7-m/nofp\libc_nano.a(lib_a-wbuf.o)
 .ARM.attributes
                0x00000730       0x2d d:/program files (x86)/gnu arm embedded toolchain/10 2021.10/bin/../lib/gcc/arm-none-eabi/10.3.1/../../../../arm-none-eabi/lib/thumb/v7-m/nofp\libc_nano.a(lib_a-wsetup.o)
 .ARM.attributes
                0x0000075d       0x2d d:/program files (x86)/gnu arm embedded toolchain/10 2021.10/bin/../lib/gcc/arm-none-eabi/10.3.1/../../../../arm-none-eabi/lib/thumb/v7-m/nofp\libc_nano.a(lib_a-fflush.o)
 .ARM.attributes
                0x0000078a       0x2d d:/program files (x86)/gnu arm embedded toolchain/10 2021.10/bin/../lib/gcc/arm-none-eabi/10.3.1/../../../../arm-none-eabi/lib/thumb/v7-m/nofp\libc_nano.a(lib_a-findfp.o)
 .ARM.attributes
                0x000007b7       0x2d d:/program files (x86)/gnu arm embedded toolchain/10 2021.10/bin/../lib/gcc/arm-none-eabi/10.3.1/../../../../arm-none-eabi/lib/thumb/v7-m/nofp\libc_nano.a(lib_a-fwalk.o)
 .ARM.attributes
                0x000007e4       0x2d d:/program files (x86)/gnu arm embedded toolchain/10 2021.10/bin/../lib/gcc/arm-none-eabi/10.3.1/../../../../arm-none-eabi/lib/thumb/v7-m/nofp\libc_nano.a(lib_a-lock.o)
 .ARM.attributes
                0x00000811       0x2d d:/program files (x86)/gnu arm embedded toolchain/10 2021.10/bin/../lib/gcc/arm-none-eabi/10.3.1/../../../../arm-none-eabi/lib/thumb/v7-m/nofp\libc_nano.a(lib_a-makebuf.o)
 .ARM.attributes
                0x0000083e       0x2d d:/program files (x86)/gnu arm embedded toolchain/10 2021.10/bin/../lib/gcc/arm-none-eabi/10.3.1/../../../../arm-none-eabi/lib/thumb/v7-m/nofp\libc_nano.a(lib_a-nano-freer.o)
 .ARM.attributes
                0x0000086b       0x2d d:/program files (x86)/gnu arm embedded toolchain/10 2021.10/bin/../lib/gcc/arm-none-eabi/10.3.1/../../../../arm-none-eabi/lib/thumb/v7-m/nofp\libc_nano.a(lib_a-nano-mallocr.o)
 .ARM.attributes
                0x00000898       0x2d d:/program files (x86)/gnu arm embedded toolchain/10 2021.10/bin/../lib/gcc/arm-none-eabi/10.3.1/../../../../arm-none-eabi/lib/thumb/v7-m/nofp\libc_nano.a(lib_a-sbrkr.o)
 .ARM.attributes
                0x000008c5       0x2d d:/program files (x86)/gnu arm embedded toolchain/10 2021.10/bin/../lib/gcc/arm-none-eabi/10.3.1/../../../../arm-none-eabi/lib/thumb/v7-m/nofp\libc_nano.a(lib_a-stdio.o)
 .ARM.attributes
                0x000008f2       0x2d d:/program files (x86)/gnu arm embedded toolchain/10 2021.10/bin/../lib/gcc/arm-none-eabi/10.3.1/../../../../arm-none-eabi/lib/thumb/v7-m/nofp\libc_nano.a(lib_a-writer.o)
 .ARM.attributes
                0x0000091f       0x2d d:/program files (x86)/gnu arm embedded toolchain/10 2021.10/bin/../lib/gcc/arm-none-eabi/10.3.1/../../../../arm-none-eabi/lib/thumb/v7-m/nofp\libc_nano.a(lib_a-closer.o)
 .ARM.attributes
                0x0000094c       0x2d d:/program files (x86)/gnu arm embedded toolchain/10 2021.10/bin/../lib/gcc/arm-none-eabi/10.3.1/../../../../arm-none-eabi/lib/thumb/v7-m/nofp\libc_nano.a(lib_a-fstatr.o)
 .ARM.attributes
                0x00000979       0x2d d:/program files (x86)/gnu arm embedded toolchain/10 2021.10/bin/../lib/gcc/arm-none-eabi/10.3.1/../../../../arm-none-eabi/lib/thumb/v7-m/nofp\libc_nano.a(lib_a-isattyr.o)
 .ARM.attributes
                0x000009a6       0x2d d:/program files (x86)/gnu arm embedded toolchain/10 2021.10/bin/../lib/gcc/arm-none-eabi/10.3.1/../../../../arm-none-eabi/lib/thumb/v7-m/nofp\libc_nano.a(lib_a-lseekr.o)
 .ARM.attributes
                0x000009d3       0x2d d:/program files (x86)/gnu arm embedded toolchain/10 2021.10/bin/../lib/gcc/arm-none-eabi/10.3.1/../../../../arm-none-eabi/lib/thumb/v7-m/nofp\libc_nano.a(lib_a-mlock.o)
 .ARM.attributes
                0x00000a00       0x2d d:/program files (x86)/gnu arm embedded toolchain/10 2021.10/bin/../lib/gcc/arm-none-eabi/10.3.1/../../../../arm-none-eabi/lib/thumb/v7-m/nofp\libc_nano.a(lib_a-readr.o)
 .ARM.attributes
                0x00000a2d       0x2d d:/program files (x86)/gnu arm embedded toolchain/10 2021.10/bin/../lib/gcc/arm-none-eabi/10.3.1/../../../../arm-none-eabi/lib/thumb/v7-m/nofp\libc_nano.a(lib_a-reent.o)
 .ARM.attributes
                0x00000a5a       0x2d d:/program files (x86)/gnu arm embedded toolchain/10 2021.10/bin/../lib/gcc/arm-none-eabi/10.3.1/../../../../arm-none-eabi/lib/thumb/v7-m/nofp\libnosys.a(close.o)
 .ARM.attributes
                0x00000a87       0x2d d:/program files (x86)/gnu arm embedded toolchain/10 2021.10/bin/../lib/gcc/arm-none-eabi/10.3.1/../../../../arm-none-eabi/lib/thumb/v7-m/nofp\libnosys.a(fstat.o)
 .ARM.attributes
                0x00000ab4       0x2d d:/program files (x86)/gnu arm embedded toolchain/10 2021.10/bin/../lib/gcc/arm-none-eabi/10.3.1/../../../../arm-none-eabi/lib/thumb/v7-m/nofp\libnosys.a(isatty.o)
 .ARM.attributes
                0x00000ae1       0x2d d:/program files (x86)/gnu arm embedded toolchain/10 2021.10/bin/../lib/gcc/arm-none-eabi/10.3.1/../../../../arm-none-eabi/lib/thumb/v7-m/nofp\libnosys.a(lseek.o)
 .ARM.attributes
                0x00000b0e       0x2d d:/program files (x86)/gnu arm embedded toolchain/10 2021.10/bin/../lib/gcc/arm-none-eabi/10.3.1/../../../../arm-none-eabi/lib/thumb/v7-m/nofp\libnosys.a(read.o)
 .ARM.attributes
                0x00000b3b       0x2d d:/program files (x86)/gnu arm embedded toolchain/10 2021.10/bin/../lib/gcc/arm-none-eabi/10.3.1/../../../../arm-none-eabi/lib/thumb/v7-m/nofp\libnosys.a(sbrk.o)
 .ARM.attributes
                0x00000b68       0x1d d:/program files (x86)/gnu arm embedded toolchain/10 2021.10/bin/../lib/gcc/arm-none-eabi/10.3.1/thumb/v7-m/nofp\libgcc.a(_arm_muldf3.o)
 .ARM.attributes
                0x00000b85       0x1d d:/program files (x86)/gnu arm embedded toolchain/10 2021.10/bin/../lib/gcc/arm-none-eabi/10.3.1/thumb/v7-m/nofp\libgcc.a(_arm_addsubdf3.o)
 .ARM.attributes
                0x00000ba2       0x1d d:/program files (x86)/gnu arm embedded toolchain/10 2021.10/bin/../lib/gcc/arm-none-eabi/10.3.1/thumb/v7-m/nofp\libgcc.a(_arm_truncdfsf2.o)
 .ARM.attributes
                0x00000bbf       0x1d d:/program files (x86)/gnu arm embedded toolchain/10 2021.10/bin/../lib/gcc/arm-none-eabi/10.3.1/thumb/v7-m/nofp\libgcc.a(_arm_fixsfsi.o)
 .ARM.attributes
                0x00000bdc       0x1d d:/program files (x86)/gnu arm embedded toolchain/10 2021.10/bin/../lib/gcc/arm-none-eabi/10.3.1/thumb/v7-m/nofp\libgcc.a(_arm_fixunssfsi.o)
 .ARM.attributes
                0x00000bf9       0x1d d:/program files (x86)/gnu arm embedded toolchain/10 2021.10/bin/../lib/gcc/arm-none-eabi/10.3.1/thumb/v7-m/nofp/crtn.o
OUTPUT(build/CLOCK_STM32F103C8T6_WIFI.elf elf32-littlearm)
LOAD linker stubs
LOAD d:/program files (x86)/gnu arm embedded toolchain/10 2021.10/bin/../lib/gcc/arm-none-eabi/10.3.1/../../../../arm-none-eabi/lib/thumb/v7-m/nofp\libc.a
LOAD d:/program files (x86)/gnu arm embedded toolchain/10 2021.10/bin/../lib/gcc/arm-none-eabi/10.3.1/../../../../arm-none-eabi/lib/thumb/v7-m/nofp\libm.a
LOAD d:/program files (x86)/gnu arm embedded toolchain/10 2021.10/bin/../lib/gcc/arm-none-eabi/10.3.1/thumb/v7-m/nofp\libgcc.a

.debug_info     0x00000000    0x2070f
 .debug_info    0x00000000      0x678 build/main.o
 .debug_info    0x00000678      0x3e7 build/gpio.o
 .debug_info    0x00000a5f      0x6f5 build/rtc.o
 .debug_info    0x00001154      0xabd build/tim.o
 .debug_info    0x00001c11      0xf19 build/stm32f1xx_it.o
 .debug_info    0x00002b2a      0x25a build/stm32f1xx_hal_msp.o
 .debug_info    0x00002d84     0x273e build/stm32f1xx_hal_rtc.o
 .debug_info    0x000054c2      0x926 build/stm32f1xx_hal_rtc_ex.o
 .debug_info    0x00005de8      0x8cc build/stm32f1xx_hal.o
 .debug_info    0x000066b4      0xe44 build/stm32f1xx_hal_rcc.o
 .debug_info    0x000074f8      0x517 build/stm32f1xx_hal_rcc_ex.o
 .debug_info    0x00007a0f      0x932 build/stm32f1xx_hal_gpio.o
 .debug_info    0x00008341      0xa4e build/stm32f1xx_hal_dma.o
 .debug_info    0x00008d8f      0xf86 build/stm32f1xx_hal_cortex.o
 .debug_info    0x00009d15      0x83b build/stm32f1xx_hal_pwr.o
 .debug_info    0x0000a550     0x6e6b build/stm32f1xx_hal_tim.o
 .debug_info    0x000113bb     0x2624 build/stm32f1xx_hal_tim_ex.o
 .debug_info    0x000139df     0x229f build/stm32f1xx_hal_uart.o
 .debug_info    0x00015c7e      0x459 build/system_stm32f1xx.o
 .debug_info    0x000160d7      0xcc3 build/usart.o
 .debug_info    0x00016d9a      0x3a2 build/dma.o
 .debug_info    0x0001713c     0x1288 build/common.o
 .debug_info    0x000183c4     0x14cb build/esp8266_at.o
 .debug_info    0x0001988f     0x1b9c build/htu21d.o
 .debug_info    0x0001b42b      0xc37 build/hub75d.o
 .debug_info    0x0001c062      0x354 build/lunar_calendar.o
 .debug_info    0x0001c3b6      0x8c8 build/time.o
 .debug_info    0x0001cc7e      0x246 build/mem.o
 .debug_info    0x0001cec4      0x464 build/tiny_vsnprintf.o
 .debug_info    0x0001d328      0xd2a build/trace_uart_if.o
 .debug_info    0x0001e052     0x1ded build/trace.o
 .debug_info    0x0001fe3f      0x8ae build/wifi_uart_if.o
 .debug_info    0x000206ed       0x22 build/startup_stm32f103xb.o

.debug_abbrev   0x00000000     0x4fd7
 .debug_abbrev  0x00000000      0x1e4 build/main.o
 .debug_abbrev  0x000001e4      0x148 build/gpio.o
 .debug_abbrev  0x0000032c      0x1b2 build/rtc.o
 .debug_abbrev  0x000004de      0x20e build/tim.o
 .debug_abbrev  0x000006ec      0x24d build/stm32f1xx_it.o
 .debug_abbrev  0x00000939      0x114 build/stm32f1xx_hal_msp.o
 .debug_abbrev  0x00000a4d      0x346 build/stm32f1xx_hal_rtc.o
 .debug_abbrev  0x00000d93      0x267 build/stm32f1xx_hal_rtc_ex.o
 .debug_abbrev  0x00000ffa      0x259 build/stm32f1xx_hal.o
 .debug_abbrev  0x00001253      0x333 build/stm32f1xx_hal_rcc.o
 .debug_abbrev  0x00001586      0x1f0 build/stm32f1xx_hal_rcc_ex.o
 .debug_abbrev  0x00001776      0x23f build/stm32f1xx_hal_gpio.o
 .debug_abbrev  0x000019b5      0x279 build/stm32f1xx_hal_dma.o
 .debug_abbrev  0x00001c2e      0x3bc build/stm32f1xx_hal_cortex.o
 .debug_abbrev  0x00001fea      0x20b build/stm32f1xx_hal_pwr.o
 .debug_abbrev  0x000021f5      0x374 build/stm32f1xx_hal_tim.o
 .debug_abbrev  0x00002569      0x2f7 build/stm32f1xx_hal_tim_ex.o
 .debug_abbrev  0x00002860      0x3de build/stm32f1xx_hal_uart.o
 .debug_abbrev  0x00002c3e      0x140 build/system_stm32f1xx.o
 .debug_abbrev  0x00002d7e      0x200 build/usart.o
 .debug_abbrev  0x00002f7e      0x118 build/dma.o
 .debug_abbrev  0x00003096      0x258 build/common.o
 .debug_abbrev  0x000032ee      0x3f5 build/esp8266_at.o
 .debug_abbrev  0x000036e3      0x39d build/htu21d.o
 .debug_abbrev  0x00003a80      0x35f build/hub75d.o
 .debug_abbrev  0x00003ddf      0x183 build/lunar_calendar.o
 .debug_abbrev  0x00003f62      0x2f7 build/time.o
 .debug_abbrev  0x00004259       0xf0 build/mem.o
 .debug_abbrev  0x00004349      0x1e1 build/tiny_vsnprintf.o
 .debug_abbrev  0x0000452a      0x2db build/trace_uart_if.o
 .debug_abbrev  0x00004805      0x562 build/trace.o
 .debug_abbrev  0x00004d67      0x25e build/wifi_uart_if.o
 .debug_abbrev  0x00004fc5       0x12 build/startup_stm32f103xb.o

.debug_loc      0x00000000    0x1bbd9
 .debug_loc     0x00000000       0x59 build/main.o
 .debug_loc     0x00000059       0x38 build/gpio.o
 .debug_loc     0x00000091       0xde build/rtc.o
 .debug_loc     0x0000016f       0xad build/tim.o
 .debug_loc     0x0000021c       0xb0 build/stm32f1xx_it.o
 .debug_loc     0x000002cc       0x4d build/stm32f1xx_hal_msp.o
 .debug_loc     0x00000319     0x30eb build/stm32f1xx_hal_rtc.o
 .debug_loc     0x00003404      0x950 build/stm32f1xx_hal_rtc_ex.o
 .debug_loc     0x00003d54      0x1da build/stm32f1xx_hal.o
 .debug_loc     0x00003f2e      0xabb build/stm32f1xx_hal_rcc.o
 .debug_loc     0x000049e9      0x447 build/stm32f1xx_hal_rcc_ex.o
 .debug_loc     0x00004e30      0x7dc build/stm32f1xx_hal_gpio.o
 .debug_loc     0x0000560c      0xc52 build/stm32f1xx_hal_dma.o
 .debug_loc     0x0000625e      0x934 build/stm32f1xx_hal_cortex.o
 .debug_loc     0x00006b92      0x295 build/stm32f1xx_hal_pwr.o
 .debug_loc     0x00006e27     0x92fd build/stm32f1xx_hal_tim.o
 .debug_loc     0x00010124     0x26d3 build/stm32f1xx_hal_tim_ex.o
 .debug_loc     0x000127f7     0x276a build/stm32f1xx_hal_uart.o
 .debug_loc     0x00014f61      0x113 build/system_stm32f1xx.o
 .debug_loc     0x00015074      0x1a8 build/usart.o
 .debug_loc     0x0001521c       0x44 build/dma.o
 .debug_loc     0x00015260      0x100 build/common.o
 .debug_loc     0x00015360     0x17de build/esp8266_at.o
 .debug_loc     0x00016b3e      0x6f9 build/htu21d.o
 .debug_loc     0x00017237      0x7be build/hub75d.o
 .debug_loc     0x000179f5      0x540 build/lunar_calendar.o
 .debug_loc     0x00017f35      0x604 build/time.o
 .debug_loc     0x00018539      0x41a build/mem.o
 .debug_loc     0x00018953      0xfa0 build/tiny_vsnprintf.o
 .debug_loc     0x000198f3      0x266 build/trace_uart_if.o
 .debug_loc     0x00019b59     0x1e7c build/trace.o
 .debug_loc     0x0001b9d5      0x204 build/wifi_uart_if.o

.debug_aranges  0x00000000      0xfb8
 .debug_aranges
                0x00000000       0x38 build/main.o
 .debug_aranges
                0x00000038       0x20 build/gpio.o
 .debug_aranges
                0x00000058       0x30 build/rtc.o
 .debug_aranges
                0x00000088       0x30 build/tim.o
 .debug_aranges
                0x000000b8       0x90 build/stm32f1xx_it.o
 .debug_aranges
                0x00000148       0x20 build/stm32f1xx_hal_msp.o
 .debug_aranges
                0x00000168       0xa0 build/stm32f1xx_hal_rtc.o
 .debug_aranges
                0x00000208       0x78 build/stm32f1xx_hal_rtc_ex.o
 .debug_aranges
                0x00000280       0xd8 build/stm32f1xx_hal.o
 .debug_aranges
                0x00000358       0x88 build/stm32f1xx_hal_rcc.o
 .debug_aranges
                0x000003e0       0x30 build/stm32f1xx_hal_rcc_ex.o
 .debug_aranges
                0x00000410       0x58 build/stm32f1xx_hal_gpio.o
 .debug_aranges
                0x00000468       0x78 build/stm32f1xx_hal_dma.o
 .debug_aranges
                0x000004e0       0x90 build/stm32f1xx_hal_cortex.o
 .debug_aranges
                0x00000570       0xa8 build/stm32f1xx_hal_pwr.o
 .debug_aranges
                0x00000618      0x2c8 build/stm32f1xx_hal_tim.o
 .debug_aranges
                0x000008e0      0x140 build/stm32f1xx_hal_tim_ex.o
 .debug_aranges
                0x00000a20      0x190 build/stm32f1xx_hal_uart.o
 .debug_aranges
                0x00000bb0       0x28 build/system_stm32f1xx.o
 .debug_aranges
                0x00000bd8       0x38 build/usart.o
 .debug_aranges
                0x00000c10       0x20 build/dma.o
 .debug_aranges
                0x00000c30       0x40 build/common.o
 .debug_aranges
                0x00000c70       0x50 build/esp8266_at.o
 .debug_aranges
                0x00000cc0       0x48 build/htu21d.o
 .debug_aranges
                0x00000d08       0x40 build/hub75d.o
 .debug_aranges
                0x00000d48       0x28 build/lunar_calendar.o
 .debug_aranges
                0x00000d70       0x58 build/time.o
 .debug_aranges
                0x00000dc8       0x30 build/mem.o
 .debug_aranges
                0x00000df8       0x20 build/tiny_vsnprintf.o
 .debug_aranges
                0x00000e18       0x70 build/trace_uart_if.o
 .debug_aranges
                0x00000e88       0xb8 build/trace.o
 .debug_aranges
                0x00000f40       0x50 build/wifi_uart_if.o
 .debug_aranges
                0x00000f90       0x28 build/startup_stm32f103xb.o

.debug_ranges   0x00000000     0x3818
 .debug_ranges  0x00000000       0x28 build/main.o
 .debug_ranges  0x00000028       0x68 build/gpio.o
 .debug_ranges  0x00000090       0x40 build/rtc.o
 .debug_ranges  0x000000d0       0x38 build/tim.o
 .debug_ranges  0x00000108       0x80 build/stm32f1xx_it.o
 .debug_ranges  0x00000188       0x38 build/stm32f1xx_hal_msp.o
 .debug_ranges  0x000001c0      0x4d0 build/stm32f1xx_hal_rtc.o
 .debug_ranges  0x00000690       0x68 build/stm32f1xx_hal_rtc_ex.o
 .debug_ranges  0x000006f8       0xc8 build/stm32f1xx_hal.o
 .debug_ranges  0x000007c0      0x138 build/stm32f1xx_hal_rcc.o
 .debug_ranges  0x000008f8       0x68 build/stm32f1xx_hal_rcc_ex.o
 .debug_ranges  0x00000960       0x70 build/stm32f1xx_hal_gpio.o
 .debug_ranges  0x000009d0       0xb0 build/stm32f1xx_hal_dma.o
 .debug_ranges  0x00000a80      0x168 build/stm32f1xx_hal_cortex.o
 .debug_ranges  0x00000be8       0x98 build/stm32f1xx_hal_pwr.o
 .debug_ranges  0x00000c80     0x1270 build/stm32f1xx_hal_tim.o
 .debug_ranges  0x00001ef0      0x330 build/stm32f1xx_hal_tim_ex.o
 .debug_ranges  0x00002220      0x3e0 build/stm32f1xx_hal_uart.o
 .debug_ranges  0x00002600       0x18 build/system_stm32f1xx.o
 .debug_ranges  0x00002618       0x98 build/usart.o
 .debug_ranges  0x000026b0       0x48 build/dma.o
 .debug_ranges  0x000026f8       0x60 build/common.o
 .debug_ranges  0x00002758      0x488 build/esp8266_at.o
 .debug_ranges  0x00002be0      0x598 build/htu21d.o
 .debug_ranges  0x00003178      0x168 build/hub75d.o
 .debug_ranges  0x000032e0       0x40 build/lunar_calendar.o
 .debug_ranges  0x00003320       0xb0 build/time.o
 .debug_ranges  0x000033d0       0x20 build/mem.o
 .debug_ranges  0x000033f0       0x70 build/tiny_vsnprintf.o
 .debug_ranges  0x00003460       0x78 build/trace_uart_if.o
 .debug_ranges  0x000034d8      0x2c0 build/trace.o
 .debug_ranges  0x00003798       0x60 build/wifi_uart_if.o
 .debug_ranges  0x000037f8       0x20 build/startup_stm32f103xb.o

.debug_line     0x00000000    0x1c0aa
 .debug_line    0x00000000      0x352 build/main.o
 .debug_line    0x00000352      0x253 build/gpio.o
 .debug_line    0x000005a5      0x2ec build/rtc.o
 .debug_line    0x00000891      0x305 build/tim.o
 .debug_line    0x00000b96      0x45c build/stm32f1xx_it.o
 .debug_line    0x00000ff2      0x1c3 build/stm32f1xx_hal_msp.o
 .debug_line    0x000011b5     0x1e8e build/stm32f1xx_hal_rtc.o
 .debug_line    0x00003043      0x901 build/stm32f1xx_hal_rtc_ex.o
 .debug_line    0x00003944      0x596 build/stm32f1xx_hal.o
 .debug_line    0x00003eda      0xf9d build/stm32f1xx_hal_rcc.o
 .debug_line    0x00004e77      0x570 build/stm32f1xx_hal_rcc_ex.o
 .debug_line    0x000053e7      0x85a build/stm32f1xx_hal_gpio.o
 .debug_line    0x00005c41      0xdb3 build/stm32f1xx_hal_dma.o
 .debug_line    0x000069f4      0x7e2 build/stm32f1xx_hal_cortex.o
 .debug_line    0x000071d6      0x57b build/stm32f1xx_hal_pwr.o
 .debug_line    0x00007751     0x88d6 build/stm32f1xx_hal_tim.o
 .debug_line    0x00010027     0x2853 build/stm32f1xx_hal_tim_ex.o
 .debug_line    0x0001287a     0x2ab9 build/stm32f1xx_hal_uart.o
 .debug_line    0x00015333      0x297 build/system_stm32f1xx.o
 .debug_line    0x000155ca      0x557 build/usart.o
 .debug_line    0x00015b21      0x1b8 build/dma.o
 .debug_line    0x00015cd9      0x4f3 build/common.o
 .debug_line    0x000161cc      0xd09 build/esp8266_at.o
 .debug_line    0x00016ed5     0x10f2 build/htu21d.o
 .debug_line    0x00017fc7      0xa2d build/hub75d.o
 .debug_line    0x000189f4      0x361 build/lunar_calendar.o
 .debug_line    0x00018d55      0x658 build/time.o
 .debug_line    0x000193ad      0x1e5 build/mem.o
 .debug_line    0x00019592      0x67b build/tiny_vsnprintf.o
 .debug_line    0x00019c0d      0x427 build/trace_uart_if.o
 .debug_line    0x0001a034     0x1c78 build/trace.o
 .debug_line    0x0001bcac      0x389 build/wifi_uart_if.o
 .debug_line    0x0001c035       0x75 build/startup_stm32f103xb.o

.debug_str      0x00000000     0x5030
 .debug_str     0x00000000      0x6d9 build/main.o
                                0x71e (size before relaxing)
 .debug_str     0x000006d9       0xe0 build/gpio.o
                                0x249 (size before relaxing)
 .debug_str     0x000007b9      0x20e build/rtc.o
                                0x6e9 (size before relaxing)
 .debug_str     0x000009c7      0x550 build/tim.o
                                0xabd (size before relaxing)
 .debug_str     0x00000f17      0x438 build/stm32f1xx_it.o
                                0xbb2 (size before relaxing)
 .debug_str     0x0000134f       0x74 build/stm32f1xx_hal_msp.o
                                0x208 (size before relaxing)
 .debug_str     0x000013c3      0x31d build/stm32f1xx_hal_rtc.o
                                0x6e9 (size before relaxing)
 .debug_str     0x000016e0      0x206 build/stm32f1xx_hal_rtc_ex.o
                                0x57b (size before relaxing)
 .debug_str     0x000018e6      0x2d6 build/stm32f1xx_hal.o
                                0x810 (size before relaxing)
 .debug_str     0x00001bbc      0x1fe build/stm32f1xx_hal_rcc.o
                                0x605 (size before relaxing)
 .debug_str     0x00001dba       0x81 build/stm32f1xx_hal_rcc_ex.o
                                0x3ad (size before relaxing)
 .debug_str     0x00001e3b       0xde build/stm32f1xx_hal_gpio.o
                                0x3ec (size before relaxing)
 .debug_str     0x00001f19      0x224 build/stm32f1xx_hal_dma.o
                                0x5e9 (size before relaxing)
 .debug_str     0x0000213d      0x39b build/stm32f1xx_hal_cortex.o
                                0x8ad (size before relaxing)
 .debug_str     0x000024d8      0x208 build/stm32f1xx_hal_pwr.o
                                0x475 (size before relaxing)
 .debug_str     0x000026e0      0xe3a build/stm32f1xx_hal_tim.o
                               0x1624 (size before relaxing)
 .debug_str     0x0000351a      0x521 build/stm32f1xx_hal_tim_ex.o
                                0xe25 (size before relaxing)
 .debug_str     0x00003a3b      0x5fb build/stm32f1xx_hal_uart.o
                                0xc68 (size before relaxing)
 .debug_str     0x00004036       0x4f build/system_stm32f1xx.o
                                0x27e (size before relaxing)
 .debug_str     0x00004085       0x1c build/usart.o
                                0x9e8 (size before relaxing)
 .debug_str     0x000040a1        0xf build/dma.o
                                0x4ac (size before relaxing)
 .debug_str     0x000040b0      0x2c4 build/common.o
                                0xd4c (size before relaxing)
 .debug_str     0x00004374      0x1a7 build/esp8266_at.o
                                0x7dd (size before relaxing)
 .debug_str     0x0000451b      0x1cb build/htu21d.o
                                0x428 (size before relaxing)
 .debug_str     0x000046e6      0x1e4 build/hub75d.o
                                0x48f (size before relaxing)
 .debug_str     0x000048ca       0x7b build/lunar_calendar.o
                                0x262 (size before relaxing)
 .debug_str     0x00004945       0x7a build/time.o
                                0x494 (size before relaxing)
 .debug_str     0x000049bf       0x49 build/mem.o
                                0x1d1 (size before relaxing)
 .debug_str     0x00004a08       0xbe build/tiny_vsnprintf.o
                                0x22d (size before relaxing)
 .debug_str     0x00004ac6       0xf3 build/trace_uart_if.o
                                0xb59 (size before relaxing)
 .debug_str     0x00004bb9      0x3db build/trace.o
                                0x6dc (size before relaxing)
 .debug_str     0x00004f94       0x78 build/wifi_uart_if.o
                                0x69a (size before relaxing)
 .debug_str     0x0000500c       0x24 build/startup_stm32f103xb.o
                                 0x3f (size before relaxing)

.comment        0x00000000       0x49
 .comment       0x00000000       0x49 build/main.o
                                 0x4a (size before relaxing)
 .comment       0x00000049       0x4a build/gpio.o
 .comment       0x00000049       0x4a build/rtc.o
 .comment       0x00000049       0x4a build/tim.o
 .comment       0x00000049       0x4a build/stm32f1xx_it.o
 .comment       0x00000049       0x4a build/stm32f1xx_hal_msp.o
 .comment       0x00000049       0x4a build/stm32f1xx_hal_rtc.o
 .comment       0x00000049       0x4a build/stm32f1xx_hal_rtc_ex.o
 .comment       0x00000049       0x4a build/stm32f1xx_hal.o
 .comment       0x00000049       0x4a build/stm32f1xx_hal_rcc.o
 .comment       0x00000049       0x4a build/stm32f1xx_hal_rcc_ex.o
 .comment       0x00000049       0x4a build/stm32f1xx_hal_gpio.o
 .comment       0x00000049       0x4a build/stm32f1xx_hal_dma.o
 .comment       0x00000049       0x4a build/stm32f1xx_hal_cortex.o
 .comment       0x00000049       0x4a build/stm32f1xx_hal_pwr.o
 .comment       0x00000049       0x4a build/stm32f1xx_hal_tim.o
 .comment       0x00000049       0x4a build/stm32f1xx_hal_tim_ex.o
 .comment       0x00000049       0x4a build/stm32f1xx_hal_uart.o
 .comment       0x00000049       0x4a build/system_stm32f1xx.o
 .comment       0x00000049       0x4a build/usart.o
 .comment       0x00000049       0x4a build/dma.o
 .comment       0x00000049       0x4a build/common.o
 .comment       0x00000049       0x4a build/esp8266_at.o
 .comment       0x00000049       0x4a build/htu21d.o
 .comment       0x00000049       0x4a build/hub75d.o
 .comment       0x00000049       0x4a build/lunar_calendar.o
 .comment       0x00000049       0x4a build/time.o
 .comment       0x00000049       0x4a build/mem.o
 .comment       0x00000049       0x4a build/tiny_vsnprintf.o
 .comment       0x00000049       0x4a build/trace_uart_if.o
 .comment       0x00000049       0x4a build/trace.o
 .comment       0x00000049       0x4a build/wifi_uart_if.o

.debug_frame    0x00000000     0x3960
 .debug_frame   0x00000000       0x68 build/main.o
 .debug_frame   0x00000068       0x34 build/gpio.o
 .debug_frame   0x0000009c       0x64 build/rtc.o
 .debug_frame   0x00000100       0x60 build/tim.o
 .debug_frame   0x00000160      0x160 build/stm32f1xx_it.o
 .debug_frame   0x000002c0       0x2c build/stm32f1xx_hal_msp.o
 .debug_frame   0x000002ec      0x2e8 build/stm32f1xx_hal_rtc.o
 .debug_frame   0x000005d4      0x194 build/stm32f1xx_hal_rtc_ex.o
 .debug_frame   0x00000768      0x1d4 build/stm32f1xx_hal.o
 .debug_frame   0x0000093c      0x1c4 build/stm32f1xx_hal_rcc.o
 .debug_frame   0x00000b00       0x78 build/stm32f1xx_hal_rcc_ex.o
 .debug_frame   0x00000b78      0x110 build/stm32f1xx_hal_gpio.o
 .debug_frame   0x00000c88      0x16c build/stm32f1xx_hal_dma.o
 .debug_frame   0x00000df4      0x150 build/stm32f1xx_hal_cortex.o
 .debug_frame   0x00000f44      0x164 build/stm32f1xx_hal_pwr.o
 .debug_frame   0x000010a8      0xbc4 build/stm32f1xx_hal_tim.o
 .debug_frame   0x00001c6c      0x450 build/stm32f1xx_hal_tim_ex.o
 .debug_frame   0x000020bc      0x5f0 build/stm32f1xx_hal_uart.o
 .debug_frame   0x000026ac       0x3c build/system_stm32f1xx.o
 .debug_frame   0x000026e8       0xa0 build/usart.o
 .debug_frame   0x00002788       0x30 build/dma.o
 .debug_frame   0x000027b8       0x80 build/common.o
 .debug_frame   0x00002838       0xd4 build/esp8266_at.o
 .debug_frame   0x0000290c       0xe4 build/htu21d.o
 .debug_frame   0x000029f0       0x94 build/hub75d.o
 .debug_frame   0x00002a84       0x40 build/lunar_calendar.o
 .debug_frame   0x00002ac4       0xe8 build/time.o
 .debug_frame   0x00002bac       0x50 build/mem.o
 .debug_frame   0x00002bfc       0x48 build/tiny_vsnprintf.o
 .debug_frame   0x00002c44      0x104 build/trace_uart_if.o
 .debug_frame   0x00002d48      0x26c build/trace.o
 .debug_frame   0x00002fb4       0xb4 build/wifi_uart_if.o
 .debug_frame   0x00003068       0x2c d:/program files (x86)/gnu arm embedded toolchain/10 2021.10/bin/../lib/gcc/arm-none-eabi/10.3.1/../../../../arm-none-eabi/lib/thumb/v7-m/nofp\libc_nano.a(lib_a-init.o)
 .debug_frame   0x00003094       0x20 d:/program files (x86)/gnu arm embedded toolchain/10 2021.10/bin/../lib/gcc/arm-none-eabi/10.3.1/../../../../arm-none-eabi/lib/thumb/v7-m/nofp\libc_nano.a(lib_a-memset.o)
 .debug_frame   0x000030b4       0x3c d:/program files (x86)/gnu arm embedded toolchain/10 2021.10/bin/../lib/gcc/arm-none-eabi/10.3.1/../../../../arm-none-eabi/lib/thumb/v7-m/nofp\libc_nano.a(lib_a-puts.o)
 .debug_frame   0x000030f0       0x2c d:/program files (x86)/gnu arm embedded toolchain/10 2021.10/bin/../lib/gcc/arm-none-eabi/10.3.1/../../../../arm-none-eabi/lib/thumb/v7-m/nofp\libc_nano.a(lib_a-strstr.o)
 .debug_frame   0x0000311c       0x40 d:/program files (x86)/gnu arm embedded toolchain/10 2021.10/bin/../lib/gcc/arm-none-eabi/10.3.1/../../../../arm-none-eabi/lib/thumb/v7-m/nofp\libc_nano.a(lib_a-wbuf.o)
 .debug_frame   0x0000315c       0x2c d:/program files (x86)/gnu arm embedded toolchain/10 2021.10/bin/../lib/gcc/arm-none-eabi/10.3.1/../../../../arm-none-eabi/lib/thumb/v7-m/nofp\libc_nano.a(lib_a-wsetup.o)
 .debug_frame   0x00003188       0x5c d:/program files (x86)/gnu arm embedded toolchain/10 2021.10/bin/../lib/gcc/arm-none-eabi/10.3.1/../../../../arm-none-eabi/lib/thumb/v7-m/nofp\libc_nano.a(lib_a-fflush.o)
 .debug_frame   0x000031e4      0x14c d:/program files (x86)/gnu arm embedded toolchain/10 2021.10/bin/../lib/gcc/arm-none-eabi/10.3.1/../../../../arm-none-eabi/lib/thumb/v7-m/nofp\libc_nano.a(lib_a-findfp.o)
 .debug_frame   0x00003330       0x54 d:/program files (x86)/gnu arm embedded toolchain/10 2021.10/bin/../lib/gcc/arm-none-eabi/10.3.1/../../../../arm-none-eabi/lib/thumb/v7-m/nofp\libc_nano.a(lib_a-fwalk.o)
 .debug_frame   0x00003384       0xb0 d:/program files (x86)/gnu arm embedded toolchain/10 2021.10/bin/../lib/gcc/arm-none-eabi/10.3.1/../../../../arm-none-eabi/lib/thumb/v7-m/nofp\libc_nano.a(lib_a-lock.o)
 .debug_frame   0x00003434       0x58 d:/program files (x86)/gnu arm embedded toolchain/10 2021.10/bin/../lib/gcc/arm-none-eabi/10.3.1/../../../../arm-none-eabi/lib/thumb/v7-m/nofp\libc_nano.a(lib_a-makebuf.o)
 .debug_frame   0x0000348c       0x38 d:/program files (x86)/gnu arm embedded toolchain/10 2021.10/bin/../lib/gcc/arm-none-eabi/10.3.1/../../../../arm-none-eabi/lib/thumb/v7-m/nofp\libc_nano.a(lib_a-nano-freer.o)
 .debug_frame   0x000034c4       0x4c d:/program files (x86)/gnu arm embedded toolchain/10 2021.10/bin/../lib/gcc/arm-none-eabi/10.3.1/../../../../arm-none-eabi/lib/thumb/v7-m/nofp\libc_nano.a(lib_a-nano-mallocr.o)
 .debug_frame   0x00003510       0x2c d:/program files (x86)/gnu arm embedded toolchain/10 2021.10/bin/../lib/gcc/arm-none-eabi/10.3.1/../../../../arm-none-eabi/lib/thumb/v7-m/nofp\libc_nano.a(lib_a-sbrkr.o)
 .debug_frame   0x0000353c       0x88 d:/program files (x86)/gnu arm embedded toolchain/10 2021.10/bin/../lib/gcc/arm-none-eabi/10.3.1/../../../../arm-none-eabi/lib/thumb/v7-m/nofp\libc_nano.a(lib_a-stdio.o)
 .debug_frame   0x000035c4       0x2c d:/program files (x86)/gnu arm embedded toolchain/10 2021.10/bin/../lib/gcc/arm-none-eabi/10.3.1/../../../../arm-none-eabi/lib/thumb/v7-m/nofp\libc_nano.a(lib_a-writer.o)