Archive member included to satisfy reference by file (symbol)

d:/program files (x86)/gnu arm embedded toolchain/10 2021.10/bin/../lib/gcc/arm-none-eabi/10.3.1/../../../../arm-none-eabi/lib/thumb/v7-m/nofp\libc_nano.a(lib_a-exit.o)
                              d:/program files (x86)/gnu arm embedded toolchain/10 2021.10/bin/../lib/gcc/arm-none-eabi/10.3.1/../../../../arm-none-eabi/lib/thumb/v7-m/nofp/crt0.o (exit)
d:/program files (x86)/gnu arm embedded toolchain/10 2021.10/bin/../lib/gcc/arm-none-eabi/10.3.1/../../../../arm-none-eabi/lib/thumb/v7-m/nofp\libc_nano.a(lib_a-impure.o)
                              d:/program files (x86)/gnu arm embedded toolchain/10 2021.10/bin/../lib/gcc/arm-none-eabi/10.3.1/../../../../arm-none-eabi/lib/thumb/v7-m/nofp\libc_nano.a(lib_a-exit.o) (_global_impure_ptr)
d:/program files (x86)/gnu arm embedded toolchain/10 2021.10/bin/../lib/gcc/arm-none-eabi/10.3.1/../../../../arm-none-eabi/lib/thumb/v7-m/nofp\libc_nano.a(lib_a-init.o)
                              d:/program files (x86)/gnu arm embedded toolchain/10 2021.10/bin/../lib/gcc/arm-none-eabi/10.3.1/../../../../arm-none-eabi/lib/thumb/v7-m/nofp/crt0.o (__libc_init_array)
d:/program files (x86)/gnu arm embedded toolchain/10 2021.10/bin/../lib/gcc/arm-none-eabi/10.3.1/../../../../arm-none-eabi/lib/thumb/v7-m/nofp\libc_nano.a(lib_a-memset.o)
                              d:/program files (x86)/gnu arm embedded toolchain/10 2021.10/bin/../lib/gcc/arm-none-eabi/10.3.1/../../../../arm-none-eabi/lib/thumb/v7-m/nofp/crt0.o (memset)
d:/program files (x86)/gnu arm embedded toolchain/10 2021.10/bin/../lib/gcc/arm-none-eabi/10.3.1/../../../../arm-none-eabi/lib/thumb/v7-m/nofp\libc_nano.a(lib_a-printf.o)
                              build/main.o (printf)
d:/program files (x86)/gnu arm embedded toolchain/10 2021.10/bin/../lib/gcc/arm-none-eabi/10.3.1/../../../../arm-none-eabi/lib/thumb/v7-m/nofp\libc_nano.a(lib_a-puts.o)
                              build/emw3060_at.o (puts)
d:/program files (x86)/gnu arm embedded toolchain/10 2021.10/bin/../lib/gcc/arm-none-eabi/10.3.1/../../../../arm-none-eabi/lib/thumb/v7-m/nofp\libc_nano.a(lib_a-strstr.o)
                              build/emw3060_at.o (strstr)
d:/program files (x86)/gnu arm embedded toolchain/10 2021.10/bin/../lib/gcc/arm-none-eabi/10.3.1/../../../../arm-none-eabi/lib/thumb/v7-m/nofp\libc_nano.a(lib_a-wbuf.o)
                              d:/program files (x86)/gnu arm embedded toolchain/10 2021.10/bin/../lib/gcc/arm-none-eabi/10.3.1/../../../../arm-none-eabi/lib/thumb/v7-m/nofp\libc_nano.a(lib_a-puts.o) (__swbuf_r)
d:/program files (x86)/gnu arm embedded toolchain/10 2021.10/bin/../lib/gcc/arm-none-eabi/10.3.1/../../../../arm-none-eabi/lib/thumb/v7-m/nofp\libc_nano.a(lib_a-wsetup.o)
                              d:/program files (x86)/gnu arm embedded toolchain/10 2021.10/bin/../lib/gcc/arm-none-eabi/10.3.1/../../../../arm-none-eabi/lib/thumb/v7-m/nofp\libc_nano.a(lib_a-puts.o) (__swsetup_r)
d:/program files (x86)/gnu arm embedded toolchain/10 2021.10/bin/../lib/gcc/arm-none-eabi/10.3.1/../../../../arm-none-eabi/lib/thumb/v7-m/nofp\libc_nano.a(lib_a-fflush.o)
                              d:/program files (x86)/gnu arm embedded toolchain/10 2021.10/bin/../lib/gcc/arm-none-eabi/10.3.1/../../../../arm-none-eabi/lib/thumb/v7-m/nofp\libc_nano.a(lib_a-wbuf.o) (_fflush_r)
d:/program files (x86)/gnu arm embedded toolchain/10 2021.10/bin/../lib/gcc/arm-none-eabi/10.3.1/../../../../arm-none-eabi/lib/thumb/v7-m/nofp\libc_nano.a(lib_a-findfp.o)
                              d:/program files (x86)/gnu arm embedded toolchain/10 2021.10/bin/../lib/gcc/arm-none-eabi/10.3.1/../../../../arm-none-eabi/lib/thumb/v7-m/nofp\libc_nano.a(lib_a-printf.o) (__sinit)
d:/program files (x86)/gnu arm embedded toolchain/10 2021.10/bin/../lib/gcc/arm-none-eabi/10.3.1/../../../../arm-none-eabi/lib/thumb/v7-m/nofp\libc_nano.a(lib_a-fwalk.o)
                              d:/program files (x86)/gnu arm embedded toolchain/10 2021.10/bin/../lib/gcc/arm-none-eabi/10.3.1/../../../../arm-none-eabi/lib/thumb/v7-m/nofp\libc_nano.a(lib_a-findfp.o) (_fwalk)
d:/program files (x86)/gnu arm embedded toolchain/10 2021.10/bin/../lib/gcc/arm-none-eabi/10.3.1/../../../../arm-none-eabi/lib/thumb/v7-m/nofp\libc_nano.a(lib_a-lock.o)
                              d:/program files (x86)/gnu arm embedded toolchain/10 2021.10/bin/../lib/gcc/arm-none-eabi/10.3.1/../../../../arm-none-eabi/lib/thumb/v7-m/nofp\libc_nano.a(lib_a-findfp.o) (__retarget_lock_init_recursive)
d:/program files (x86)/gnu arm embedded toolchain/10 2021.10/bin/../lib/gcc/arm-none-eabi/10.3.1/../../../../arm-none-eabi/lib/thumb/v7-m/nofp\libc_nano.a(lib_a-makebuf.o)
                              d:/program files (x86)/gnu arm embedded toolchain/10 2021.10/bin/../lib/gcc/arm-none-eabi/10.3.1/../../../../arm-none-eabi/lib/thumb/v7-m/nofp\libc_nano.a(lib_a-wsetup.o) (__smakebuf_r)
[...]
Memory Configuration

Name             Origin             Length             Attributes
RAM              0x20000000         0x00005000         xrw
FLASH            0x08000000         0x00010000         xr
*default*        0x00000000         0xffffffff

Linker script and memory map

LOAD d:/program files (x86)/gnu arm embedded toolchain/10 2021.10/bin/../lib/gcc/arm-none-eabi/10.3.1/thumb/v7-m/nofp/crti.o
LOAD d:/program files (x86)/gnu arm embedded toolchain/10 2021.10/bin/../lib/gcc/arm-none-eabi/10.3.1/thumb/v7-m/nofp/crtbegin.o
LOAD d:/program files (x86)/gnu arm embedded toolchain/10 2021.10/bin/../lib/gcc/arm-none-eabi/10.3.1/../../../../arm-none-eabi/lib/thumb/v7-m/nofp/crt0.o
LOAD build/main.o
LOAD build/gpio.o
LOAD build/dma.o
LOAD build/rtc.o
LOAD build/tim.o
LOAD build/usart.o
LOAD build/stm32f1xx_it.o
LOAD build/stm32f1xx_hal_msp.o
LOAD build/stm32f1xx_hal_gpio_ex.o
LOAD build/stm32f1xx_hal_rtc.o
LOAD build/stm32f1xx_hal_rtc_ex.o
LOAD build/stm32f1xx_hal.o
LOAD build/stm32f1xx_hal_rcc.o
LOAD build/stm32f1xx_hal_rcc_ex.o
LOAD build/stm32f1xx_hal_gpio.o
LOAD build/stm32f1xx_hal_dma.o
LOAD build/stm32f1xx_hal_cortex.o
LOAD build/stm32f1xx_hal_pwr.o
LOAD build/stm32f1xx_hal_flash.o
LOAD build/stm32f1xx_hal_flash_ex.o
LOAD build/stm32f1xx_hal_exti.o
LOAD build/stm32f1xx_hal_tim.o
LOAD build/stm32f1xx_hal_tim_ex.o
LOAD build/stm32f1xx_hal_uart.o
LOAD build/system_stm32f1xx.o
LOAD build/delay.o
LOAD build/emw3060_at.o
LOAD build/esp8266_at.o
LOAD build/htu21d.o
LOAD build/hub75d.o
LOAD build/lunar_calendar.o
LOAD build/time.o
LOAD build/startup_stm32f103xb.o
LOAD d:/program files (x86)/gnu arm embedded toolchain/10 2021.10/bin/../lib/gcc/arm-none-eabi/10.3.1/../../../../arm-none-eabi/lib/thumb/v7-m/nofp\libc_nano.a
LOAD d:/program files (x86)/gnu arm embedded toolchain/10 2021.10/bin/../lib/gcc/arm-none-eabi/10.3.1/../../../../arm-none-eabi/lib/thumb/v7-m/nofp\libm.a
LOAD d:/program files (x86)/gnu arm embedded toolchain/10 2021.10/bin/../lib/gcc/arm-none-eabi/10.3.1/../../../../arm-none-eabi/lib/thumb/v7-m/nofp\libnosys.a
START GROUP
LOAD d:/program files (x86)/gnu arm embedded toolchain/10 2021.10/bin/../lib/gcc/arm-none-eabi/10.3.1/thumb/v7-m/nofp\libgcc.a
LOAD d:/program files (x86)/gnu arm embedded toolchain/10 2021.10/bin/../lib/gcc/arm-none-eabi/10.3.1/../../../../arm-none-eabi/lib/thumb/v7-m/nofp\libc_nano.a
END GROUP
START GROUP
LOAD d:/program files (x86)/gnu arm embedded toolchain/10 2021.10/bin/../lib/gcc/arm-none-eabi/10.3.1/thumb/v7-m/nofp\libgcc.a
LOAD d:/program files (x86)/gnu arm embedded toolchain/10 2021.10/bin/../lib/gcc/arm-none-eabi/10.3.1/../../../../arm-none-eabi/lib/thumb/v7-m/nofp\libc_nano.a
END GROUP
LOAD d:/program files (x86)/gnu arm embedded toolchain/10 2021.10/bin/../lib/gcc/arm-none-eabi/10.3.1/thumb/v7-m/nofp/crtend.o
LOAD d:/program files (x86)/gnu arm embedded toolchain/10 2021.10/bin/../lib/gcc/arm-none-eabi/10.3.1/thumb/v7-m/nofp/crtn.o
                0x20005000                _estack = 0x20005000
                0x00000400                _Min_Heap_Size = 0x400
                0x00000400                _Min_Stack_Size = 0x400

.isr_vector     0x08000000      0x10c
                0x08000000                . = ALIGN (0x4)
 *(.isr_vector)
 .isr_vector    0x08000000      0x10c build/startup_stm32f103xb.o
                0x08000000                g_pfnVectors
                0x0800010c                . = ALIGN (0x4)

.text           0x08000110     0x6d6c
                0x08000110                . = ALIGN (0x4)
 *(.text)
 .text          0x08000110       0x40 d:/program files (x86)/gnu arm embedded toolchain/10 2021.10/bin/../lib/gcc/arm-none-eabi/10.3.1/thumb/v7-m/nofp/crtbegin.o
 .text          0x08000150      0x254 d:/program files (x86)/gnu arm embedded toolchain/10 2021.10/bin/../lib/gcc/arm-none-eabi/10.3.1/thumb/v7-m/nofp\libgcc.a(_arm_muldf3.o)
                0x08000150                __muldf3
                0x08000150                __aeabi_dmul
 .text          0x080003a4      0x378 d:/program files (x86)/gnu arm embedded toolchain/10 2021.10/bin/../lib/gcc/arm-none-eabi/10.3.1/thumb/v7-m/nofp\libgcc.a(_arm_addsubdf3.o)
                0x080003a4                __aeabi_drsub
                0x080003ac                __aeabi_dsub
                0x080003ac                __subdf3
                0x080003b0                __aeabi_dadd
                0x080003b0                __adddf3
                0x08000628                __floatunsidf
                0x08000628                __aeabi_ui2d
                0x08000648                __floatsidf
                0x08000648                __aeabi_i2d
                0x0800066c                __aeabi_f2d
                0x0800066c                __extendsfdf2
                0x080006b0                __floatundidf
                0x080006b0                __aeabi_ul2d
                0x080006c0                __floatdidf
                0x080006c0                __aeabi_l2d
 .text          0x0800071c       0xa0 d:/program files (x86)/gnu arm embedded toolchain/10 2021.10/bin/../lib/gcc/arm-none-eabi/10.3.1/thumb/v7-m/nofp\libgcc.a(_arm_truncdfsf2.o)
                0x0800071c                __truncdfsf2
                0x0800071c                __aeabi_d2f
 .text          0x080007bc       0x4c d:/program files (x86)/gnu arm embedded toolchain/10 2021.10/bin/../lib/gcc/arm-none-eabi/10.3.1/thumb/v7-m/nofp\libgcc.a(_arm_fixsfsi.o)
                0x080007bc                __aeabi_f2iz
                0x080007bc                __fixsfsi
 .text          0x08000808       0x40 d:/program files (x86)/gnu arm embedded toolchain/10 2021.10/bin/../lib/gcc/arm-none-eabi/10.3.1/thumb/v7-m/nofp\libgcc.a(_arm_fixunssfsi.o)
                0x08000808                __fixunssfsi
                0x08000808                __aeabi_f2uiz
 *(.text*)
 .text.MX_NVIC_Init
                0x08000848       0x68 build/main.o
 .text.SystemClock_Config
                0x080008b0       0x74 build/main.o
                0x080008b0                SystemClock_Config
 .text.EnterStandbyMode
                0x08000924       0xd8 build/main.o
                0x08000924                EnterStandbyMode
 .text.startup.main
                0x080009fc      0x124 build/main.o
                0x080009fc                main
 .text.HAL_GPIO_EXTI_Callback
                0x08000b20       0x10 build/main.o
                0x08000b20                HAL_GPIO_EXTI_Callback
 .text.Error_Handler
                0x08000b30        0x4 build/main.o
                0x08000b30                Error_Handler
 .text.assert_failed
                0x08000b34        0x4 build/main.o
                0x08000b34                assert_failed
 .text.MX_GPIO_Init
                0x08000b38      0x108 build/gpio.o
                0x08000b38                MX_GPIO_Init
 .text.MX_DMA_Init
                0x08000c40       0x20 build/dma.o
                0x08000c40                MX_DMA_Init
 .text.MX_RTC_Init
                0x08000c60       0x74 build/rtc.o
                0x08000c60                MX_RTC_Init
 .text.HAL_RTC_MspInit
                0x08000cd4       0x40 build/rtc.o
                0x08000cd4                HAL_RTC_MspInit
 .text.MX_TIM4_Init
                0x08000d14       0x74 build/tim.o
                0x08000d14                MX_TIM4_Init
 .text.HAL_TIM_Base_MspInit
                0x08000d88       0x2c build/tim.o
                0x08000d88                HAL_TIM_Base_MspInit
 .text.MX_USART1_UART_Init
                0x08000db4       0x38 build/usart.o
                0x08000db4                MX_USART1_UART_Init
 .text.HAL_UART_MspInit
                0x08000dec       0xe0 build/usart.o
                0x08000dec                HAL_UART_MspInit
 .text.HAL_UART_MspDeInit
                0x08000ecc       0x44 build/usart.o
                0x08000ecc                HAL_UART_MspDeInit
 .text.HAL_UART_TxCpltCallback
                0x08000f10       0x2c build/usart.o
                0x08000f10                HAL_UART_TxCpltCallback
 .text.UsartReceive_IDLE
                0x08000f3c       0x5c build/usart.o
                0x08000f3c                UsartReceive_IDLE
 .text.NMI_Handler
                0x08000f98        0x4 build/stm32f1xx_it.o
                0x08000f98                NMI_Handler
 .text.HardFault_Handler
                0x08000f9c        0x4 build/stm32f1xx_it.o
                0x08000f9c                HardFault_Handler
 .text.MemManage_Handler
                0x08000fa0        0x4 build/stm32f1xx_it.o
                0x08000fa0                MemManage_Handler
 .text.BusFault_Handler
                0x08000fa4        0x4 build/stm32f1xx_it.o
                0x08000fa4                BusFault_Handler
 .text.UsageFault_Handler
                0x08000fa8        0x4 build/stm32f1xx_it.o
                0x08000fa8                UsageFault_Handler
 .text.SVC_Handler
                0x08000fac        0x4 build/stm32f1xx_it.o
                0x08000fac                SVC_Handler
 .text.DebugMon_Handler
                0x08000fb0        0x4 build/stm32f1xx_it.o
                0x08000fb0                DebugMon_Handler
 .text.PendSV_Handler
                0x08000fb4        0x4 build/stm32f1xx_it.o
                0x08000fb4                PendSV_Handler
 .text.SysTick_Handler
                0x08000fb8        0x4 build/stm32f1xx_it.o
                0x08000fb8                SysTick_Handler
 .text.RTC_IRQHandler
                0x08000fbc       0x24 build/stm32f1xx_it.o
                0x08000fbc                RTC_IRQHandler
 .text.EXTI0_IRQHandler
                0x08000fe0        0x8 build/stm32f1xx_it.o
                0x08000fe0                EXTI0_IRQHandler
 .text.DMA1_Channel4_IRQHandler
                0x08000fe8        0xc build/stm32f1xx_it.o
                0x08000fe8                DMA1_Channel4_IRQHandler
 .text.DMA1_Channel5_IRQHandler
                0x08000ff4        0xc build/stm32f1xx_it.o
                0x08000ff4                DMA1_Channel5_IRQHandler
 .text.TIM4_IRQHandler
                0x08001000       0x14 build/stm32f1xx_it.o
                0x08001000                TIM4_IRQHandler
 .text.USART1_IRQHandler
                0x08001014       0x18 build/stm32f1xx_it.o
                0x08001014                USART1_IRQHandler
 .text.HAL_MspInit
                0x0800102c       0x4c build/stm32f1xx_hal_msp.o
                0x0800102c                HAL_MspInit
 .text.RTC_WriteAlarmCounter
                0x08001078       0x60 build/stm32f1xx_hal_rtc.o
 .text.HAL_RTC_GetTime.part.0
                0x080010d8      0x3cc build/stm32f1xx_hal_rtc.o
 .text.HAL_RTC_Init
                0x080014a4      0x160 build/stm32f1xx_hal_rtc.o
                0x080014a4                HAL_RTC_Init
 .text.HAL_RTC_SetTime
                0x08001604      0x1e8 build/stm32f1xx_hal_rtc.o
                0x08001604                HAL_RTC_SetTime
 .text.HAL_RTC_GetTime
                0x080017ec       0x44 build/stm32f1xx_hal_rtc.o
                0x080017ec                HAL_RTC_GetTime
 .text.HAL_RTC_SetDate
                0x08001830      0x2a4 build/stm32f1xx_hal_rtc.o
                0x08001830                HAL_RTC_SetDate
 .text.HAL_RTC_GetDate
                0x08001ad4       0xe0 build/stm32f1xx_hal_rtc.o
                0x08001ad4                HAL_RTC_GetDate
 .text.HAL_RTCEx_SetSecond_IT
                0x08001bb4       0x30 build/stm32f1xx_hal_rtc_ex.o
                0x08001bb4                HAL_RTCEx_SetSecond_IT
 .text.HAL_RTCEx_RTCEventCallback
                0x08001be4        0x4 build/stm32f1xx_hal_rtc_ex.o
                0x08001be4                HAL_RTCEx_RTCEventCallback
 .text.HAL_RTCEx_RTCEventErrorCallback
                0x08001be8        0x4 build/stm32f1xx_hal_rtc_ex.o
                0x08001be8                HAL_RTCEx_RTCEventErrorCallback
 .text.HAL_RTCEx_RTCIRQHandler
                0x08001bec       0x48 build/stm32f1xx_hal_rtc_ex.o
                0x08001bec                HAL_RTCEx_RTCIRQHandler
 .text.HAL_InitTick
                0x08001c34       0x48 build/stm32f1xx_hal.o
                0x08001c34                HAL_InitTick
 .text.HAL_Init
                0x08001c7c       0x24 build/stm32f1xx_hal.o
                0x08001c7c                HAL_Init
 .text.HAL_IncTick
                0x08001ca0       0x18 build/stm32f1xx_hal.o
                0x08001ca0                HAL_IncTick
 .text.HAL_GetTick
                0x08001cb8        0xc build/stm32f1xx_hal.o
                0x08001cb8                HAL_GetTick
 .text.HAL_Delay
                0x08001cc4       0x24 build/stm32f1xx_hal.o
                0x08001cc4                HAL_Delay
 .text.HAL_RCC_OscConfig
                0x08001ce8      0x4f0 build/stm32f1xx_hal_rcc.o
                0x08001ce8                HAL_RCC_OscConfig
 .text.HAL_RCC_ClockConfig
                0x080021d8      0x25c build/stm32f1xx_hal_rcc.o
                0x080021d8                HAL_RCC_ClockConfig
 .text.HAL_RCC_GetPCLK1Freq
                0x08002434       0x20 build/stm32f1xx_hal_rcc.o
                0x08002434                HAL_RCC_GetPCLK1Freq
 .text.HAL_RCC_GetPCLK2Freq
                0x08002454       0x20 build/stm32f1xx_hal_rcc.o
                0x08002454                HAL_RCC_GetPCLK2Freq
 .text.HAL_RCCEx_PeriphCLKConfig
                0x08002474      0x150 build/stm32f1xx_hal_rcc_ex.o
                0x08002474                HAL_RCCEx_PeriphCLKConfig
 .text.HAL_RCCEx_GetPeriphCLKFreq
                0x080025c4      0x108 build/stm32f1xx_hal_rcc_ex.o
                0x080025c4                HAL_RCCEx_GetPeriphCLKFreq
 .text.HAL_GPIO_Init
                0x080026cc      0x380 build/stm32f1xx_hal_gpio.o
                0x080026cc                HAL_GPIO_Init
 .text.HAL_GPIO_DeInit
                0x08002a4c      0x16c build/stm32f1xx_hal_gpio.o
                0x08002a4c                HAL_GPIO_DeInit
 .text.HAL_GPIO_ReadPin
                0x08002bb8       0x24 build/stm32f1xx_hal_gpio.o
                0x08002bb8                HAL_GPIO_ReadPin
 .text.HAL_GPIO_WritePin
                0x08002bdc       0x34 build/stm32f1xx_hal_gpio.o
                0x08002bdc                HAL_GPIO_WritePin
 .text.HAL_GPIO_TogglePin
                0x08002c10       0x2c build/stm32f1xx_hal_gpio.o
                0x08002c10                HAL_GPIO_TogglePin
 .text.HAL_GPIO_EXTI_IRQHandler
                0x08002c3c       0x18 build/stm32f1xx_hal_gpio.o
                0x08002c3c                HAL_GPIO_EXTI_IRQHandler
 .text.HAL_DMA_Init
                0x08002c54      0x150 build/stm32f1xx_hal_dma.o
                0x08002c54                HAL_DMA_Init
 .text.HAL_DMA_DeInit
                0x08002da4       0x94 build/stm32f1xx_hal_dma.o
                0x08002da4                HAL_DMA_DeInit
 .text.HAL_DMA_Start_IT
                0x08002e38       0xb0 build/stm32f1xx_hal_dma.o
                0x08002e38                HAL_DMA_Start_IT
 .text.HAL_DMA_Abort
                0x08002ee8       0x44 build/stm32f1xx_hal_dma.o
                0x08002ee8                HAL_DMA_Abort
 .text.HAL_DMA_Abort_IT
                0x08002f2c       0x94 build/stm32f1xx_hal_dma.o
                0x08002f2c                HAL_DMA_Abort_IT
 .text.HAL_DMA_IRQHandler
                0x08002fc0      0x128 build/stm32f1xx_hal_dma.o
                0x08002fc0                HAL_DMA_IRQHandler
 .text.HAL_NVIC_SetPriorityGrouping
                0x080030e8       0x3c build/stm32f1xx_hal_cortex.o
                0x080030e8                HAL_NVIC_SetPriorityGrouping
 .text.HAL_NVIC_SetPriority
                0x08003124       0x94 build/stm32f1xx_hal_cortex.o
                0x08003124                HAL_NVIC_SetPriority
 .text.HAL_NVIC_EnableIRQ
                0x080031b8       0x28 build/stm32f1xx_hal_cortex.o
                0x080031b8                HAL_NVIC_EnableIRQ
 .text.HAL_NVIC_DisableIRQ
                0x080031e0       0x34 build/stm32f1xx_hal_cortex.o
                0x080031e0                HAL_NVIC_DisableIRQ
 .text.HAL_SYSTICK_Config
                0x08003214       0x30 build/stm32f1xx_hal_cortex.o
                0x08003214                HAL_SYSTICK_Config
 .text.PWR_OverloadWfe
                0x08003244        0x8 build/stm32f1xx_hal_pwr.o
 .text.HAL_PWR_EnableBkUpAccess
                0x0800324c        0xc build/stm32f1xx_hal_pwr.o
                0x0800324c                HAL_PWR_EnableBkUpAccess
 .text.HAL_PWR_EnterSTOPMode
                0x08003258       0x8c build/stm32f1xx_hal_pwr.o
                0x08003258                HAL_PWR_EnterSTOPMode
 .text.HAL_TIM_Base_Init
                0x080032e4      0x168 build/stm32f1xx_hal_tim.o
                0x080032e4                HAL_TIM_Base_Init
 .text.HAL_TIM_Base_Start
                0x0800344c       0x80 build/stm32f1xx_hal_tim.o
                0x0800344c                HAL_TIM_Base_Start
 .text.HAL_TIM_Base_Start_IT
                0x080034cc       0x88 build/stm32f1xx_hal_tim.o
                0x080034cc                HAL_TIM_Base_Start_IT
 .text.HAL_TIM_ConfigClockSource
                0x08003554      0x3e4 build/stm32f1xx_hal_tim.o
                0x08003554                HAL_TIM_ConfigClockSource
 .text.HAL_TIM_PeriodElapsedCallback
                0x08003938        0x4 build/stm32f1xx_hal_tim.o
                0x08003938                HAL_TIM_PeriodElapsedCallback
 .text.HAL_TIM_OC_DelayElapsedCallback
                0x0800393c        0x4 build/stm32f1xx_hal_tim.o
                0x0800393c                HAL_TIM_OC_DelayElapsedCallback
 .text.HAL_TIM_IC_CaptureCallback
                0x08003940        0x4 build/stm32f1xx_hal_tim.o
                0x08003940                HAL_TIM_IC_CaptureCallback
 .text.HAL_TIM_PWM_PulseFinishedCallback
                0x08003944        0x4 build/stm32f1xx_hal_tim.o
                0x08003944                HAL_TIM_PWM_PulseFinishedCallback
 .text.HAL_TIM_TriggerCallback
                0x08003948        0x4 build/stm32f1xx_hal_tim.o
                0x08003948                HAL_TIM_TriggerCallback
 .text.HAL_TIM_IRQHandler
                0x0800394c      0x154 build/stm32f1xx_hal_tim.o
                0x0800394c                HAL_TIM_IRQHandler
 .text.HAL_TIMEx_MasterConfigSynchronization
                0x08003aa0       0xc0 build/stm32f1xx_hal_tim_ex.o
                0x08003aa0                HAL_TIMEx_MasterConfigSynchronization
 .text.HAL_TIMEx_CommutCallback
                0x08003b60        0x4 build/stm32f1xx_hal_tim_ex.o
                0x08003b60                HAL_TIMEx_CommutCallback
 .text.HAL_TIMEx_BreakCallback
                0x08003b64        0x4 build/stm32f1xx_hal_tim_ex.o
                0x08003b64                HAL_TIMEx_BreakCallback
 .text.UART_SetConfig
                0x08003b68       0xe8 build/stm32f1xx_hal_uart.o
 .text.HAL_UART_Init
                0x08003c50       0xf0 build/stm32f1xx_hal_uart.o
                0x08003c50                HAL_UART_Init
 .text.HAL_UART_DeInit
                0x08003d40       0x60 build/stm32f1xx_hal_uart.o
                0x08003d40                HAL_UART_DeInit
 .text.HAL_UART_Receive_DMA
                0x08003da0       0xa0 build/stm32f1xx_hal_uart.o
                0x08003da0                HAL_UART_Receive_DMA
 .text.HAL_UART_DMAStop
                0x08003e40       0x90 build/stm32f1xx_hal_uart.o
                0x08003e40                HAL_UART_DMAStop
 .text.HAL_UART_RxCpltCallback
                0x08003ed0        0x4 build/stm32f1xx_hal_uart.o
                0x08003ed0                HAL_UART_RxCpltCallback
 .text.HAL_UART_RxHalfCpltCallback
                0x08003ed4        0x4 build/stm32f1xx_hal_uart.o
                0x08003ed4                HAL_UART_RxHalfCpltCallback
 .text.HAL_UART_ErrorCallback
                0x08003ed8        0x4 build/stm32f1xx_hal_uart.o
                0x08003ed8                HAL_UART_ErrorCallback
 .text.UART_DMAError
                0x08003edc       0x7c build/stm32f1xx_hal_uart.o
 .text.UART_DMAAbortOnError
                0x08003f58       0x10 build/stm32f1xx_hal_uart.o
 .text.HAL_UARTEx_RxEventCallback
                0x08003f68        0x4 build/stm32f1xx_hal_uart.o
                0x08003f68                HAL_UARTEx_RxEventCallback
 .text.UART_DMARxHalfCplt
                0x08003f6c       0x1c build/stm32f1xx_hal_uart.o
 .text.UART_DMAReceiveCplt
                0x08003f88       0x54 build/stm32f1xx_hal_uart.o
 .text.UART_Receive_IT.part.0.isra.0
                0x08003fdc       0xb8 build/stm32f1xx_hal_uart.o
 .text.HAL_UART_IRQHandler
                0x08004094      0x25c build/stm32f1xx_hal_uart.o
                0x08004094                HAL_UART_IRQHandler
 .text.SystemInit
                0x080042f0       0x50 build/system_stm32f1xx.o
                0x080042f0                SystemInit
 .text.WIFI_Init
                0x08004340       0x44 build/emw3060_at.o
                0x08004340                WIFI_Init
 .text.WIFI_PowerOnOff
                0x08004384       0x54 build/emw3060_at.o
                0x08004384                WIFI_PowerOnOff
 .text.WIFI_CtrDec
                0x080043d8       0xf4 build/emw3060_at.o
                0x080043d8                WIFI_CtrDec
 .text.WIFI_ReceiveProcess
                0x080044cc      0x4a0 build/emw3060_at.o
                0x080044cc                WIFI_ReceiveProcess
 .text.WriteByte
                0x0800496c       0xc4 build/htu21d.o
 .text.GetTemperature
                0x08004a30        0xc build/htu21d.o
                0x08004a30                GetTemperature
 .text.GetHumidity
                0x08004a3c        0xc build/htu21d.o
                0x08004a3c                GetHumidity
 .text.HTU21D_I2cInit
                0x08004a48       0x48 build/htu21d.o
                0x08004a48                HTU21D_I2cInit
 .text.HTU21D_GetData
                0x08004a90      0x47c build/htu21d.o
                0x08004a90                HTU21D_GetData
 .text.HTU21D_Init
                0x08004f0c      0x19c build/htu21d.o
                0x08004f0c                HTU21D_Init
 .text.HTU21D_Sampling
                0x080050a8       0xcc build/htu21d.o
                0x080050a8                HTU21D_Sampling
 .text.HTU21D_Reset
                0x08005174       0x90 build/htu21d.o
                0x08005174                HTU21D_Reset
 .text.HUB75D_DispScan
                0x08005204      0x4c4 build/hub75d.o
                0x08005204                HUB75D_DispScan
 .text.HUB75D_CalculateCalendar
                0x080056c8       0xc0 build/hub75d.o
                0x080056c8                HUB75D_CalculateCalendar
 .text.HUB75D_SetDispOffCtr
                0x08005788        0xc build/hub75d.o
                0x08005788                HUB75D_SetDispOffCtr
 .text.HUB75D_DispOnOff
                0x08005794       0x5c build/hub75d.o
                0x08005794                HUB75D_DispOnOff
 .text.HUB75D_CtrDec
                0x080057f0       0x44 build/hub75d.o
                0x080057f0                HUB75D_CtrDec
 .text.CalculationLunarCalendar
                0x08005834      0x164 build/lunar_calendar.o
                0x08005834                CalculationLunarCalendar
 .text.GetLunarCalendar
                0x08005998       0x28 build/lunar_calendar.o
                0x08005998                GetLunarCalendar
 .text.Get1sFlag
                0x080059c0        0xc build/time.o
                0x080059c0                Get1sFlag
 .text.Set1sFlag
                0x080059cc        0xc build/time.o
                0x080059cc                Set1sFlag
 .text.GetTimeData
                0x080059d8        0x8 build/time.o
                0x080059d8                GetTimeData
 .text.CalculateWeek
                0x080059e0       0x88 build/time.o
                0x080059e0                CalculateWeek
 .text.ClockRun
                0x08005a68      0x19c build/time.o
                0x08005a68                ClockRun
 .text.GetClock
                0x08005c04       0x80 build/time.o
                0x08005c04                GetClock
 .text.SetClock
                0x08005c84       0x80 build/time.o
                0x08005c84                SetClock
 .text.Reset_Handler
                0x08005d04       0x48 build/startup_stm32f103xb.o
                0x08005d04                Reset_Handler
 .text.Default_Handler
                0x08005d4c        0x2 build/startup_stm32f103xb.o
                0x08005d4c                RTC_Alarm_IRQHandler
                0x08005d4c                EXTI2_IRQHandler
                0x08005d4c                TIM1_CC_IRQHandler
                0x08005d4c                PVD_IRQHandler
                0x08005d4c                EXTI3_IRQHandler
                0x08005d4c                I2C2_EV_IRQHandler
                0x08005d4c                ADC1_2_IRQHandler
                0x08005d4c                SPI1_IRQHandler
                0x08005d4c                TAMPER_IRQHandler
                0x08005d4c                USART3_IRQHandler
                0x08005d4c                DMA1_Channel7_IRQHandler
                0x08005d4c                CAN1_RX1_IRQHandler
                0x08005d4c                I2C1_EV_IRQHandler
                0x08005d4c                DMA1_Channel6_IRQHandler
                0x08005d4c                TIM3_IRQHandler
                0x08005d4c                RCC_IRQHandler
                0x08005d4c                TIM1_TRG_COM_IRQHandler
                0x08005d4c                DMA1_Channel1_IRQHandler
                0x08005d4c                Default_Handler
                0x08005d4c                EXTI15_10_IRQHandler
                0x08005d4c                EXTI9_5_IRQHandler
                0x08005d4c                SPI2_IRQHandler
                0x08005d4c                EXTI4_IRQHandler
                0x08005d4c                USB_LP_CAN1_RX0_IRQHandler
                0x08005d4c                USB_HP_CAN1_TX_IRQHandler
                0x08005d4c                DMA1_Channel3_IRQHandler
                0x08005d4c                TIM1_UP_IRQHandler
                0x08005d4c                WWDG_IRQHandler
                0x08005d4c                TIM2_IRQHandler
                0x08005d4c                TIM1_BRK_IRQHandler
                0x08005d4c                EXTI1_IRQHandler
                0x08005d4c                USART2_IRQHandler
                0x08005d4c                I2C2_ER_IRQHandler
                0x08005d4c                DMA1_Channel2_IRQHandler
                0x08005d4c                CAN1_SCE_IRQHandler
                0x08005d4c                FLASH_IRQHandler
                0x08005d4c                I2C1_ER_IRQHandler
                0x08005d4c                USBWakeUp_IRQHandler
 *fill*         0x08005d4e        0x2 
 .text.__libc_init_array
                0x08005d50       0x48 d:/program files (x86)/gnu arm embedded toolchain/10 2021.10/bin/../lib/gcc/arm-none-eabi/10.3.1/../../../../arm-none-eabi/lib/thumb/v7-m/nofp\libc_nano.a(lib_a-init.o)
                0x08005d50                __libc_init_array
 .text.memset   0x08005d98       0x10 d:/program files (x86)/gnu arm embedded toolchain/10 2021.10/bin/../lib/gcc/arm-none-eabi/10.3.1/../../../../arm-none-eabi/lib/thumb/v7-m/nofp\libc_nano.a(lib_a-memset.o)
                0x08005d98                memset
 .text.printf   0x08005da8       0x30 d:/program files (x86)/gnu arm embedded toolchain/10 2021.10/bin/../lib/gcc/arm-none-eabi/10.3.1/../../../../arm-none-eabi/lib/thumb/v7-m/nofp\libc_nano.a(lib_a-printf.o)
                0x08005da8                iprintf
                0x08005da8                printf
 .text._puts_r  0x08005dd8       0xdc d:/program files (x86)/gnu arm embedded toolchain/10 2021.10/bin/../lib/gcc/arm-none-eabi/10.3.1/../../../../arm-none-eabi/lib/thumb/v7-m/nofp\libc_nano.a(lib_a-puts.o)
                0x08005dd8                _puts_r
 .text.puts     0x08005eb4       0x10 d:/program files (x86)/gnu arm embedded toolchain/10 2021.10/bin/../lib/gcc/arm-none-eabi/10.3.1/../../../../arm-none-eabi/lib/thumb/v7-m/nofp\libc_nano.a(lib_a-puts.o)
                0x08005eb4                puts
 .text.strstr   0x08005ec4       0x2c d:/program files (x86)/gnu arm embedded toolchain/10 2021.10/bin/../lib/gcc/arm-none-eabi/10.3.1/../../../../arm-none-eabi/lib/thumb/v7-m/nofp\libc_nano.a(lib_a-strstr.o)
                0x08005ec4                strstr
 .text.__swbuf_r
                0x08005ef0       0xa4 d:/program files (x86)/gnu arm embedded toolchain/10 2021.10/bin/../lib/gcc/arm-none-eabi/10.3.1/../../../../arm-none-eabi/lib/thumb/v7-m/nofp\libc_nano.a(lib_a-wbuf.o)
                0x08005ef0                __swbuf_r
 .text.__swsetup_r
                0x08005f94       0xdc d:/program files (x86)/gnu arm embedded toolchain/10 2021.10/bin/../lib/gcc/arm-none-eabi/10.3.1/../../../../arm-none-eabi/lib/thumb/v7-m/nofp\libc_nano.a(lib_a-wsetup.o)
                0x08005f94                __swsetup_r
 .text.__sflush_r
                0x08006070      0x104 d:/program files (x86)/gnu arm embedded toolchain/10 2021.10/bin/../lib/gcc/arm-none-eabi/10.3.1/../../../../arm-none-eabi/lib/thumb/v7-m/nofp\libc_nano.a(lib_a-fflush.o)
                0x08006070                __sflush_r
 .text._fflush_r
                0x08006174       0x78 d:/program files (x86)/gnu arm embedded toolchain/10 2021.10/bin/../lib/gcc/arm-none-eabi/10.3.1/../../../../arm-none-eabi/lib/thumb/v7-m/nofp\libc_nano.a(lib_a-fflush.o)
                0x08006174                _fflush_r
 .text.std      0x080061ec       0x48 d:/program files (x86)/gnu arm embedded toolchain/10 2021.10/bin/../lib/gcc/arm-none-eabi/10.3.1/../../../../arm-none-eabi/lib/thumb/v7-m/nofp\libc_nano.a(lib_a-findfp.o)
 .text._cleanup_r
                0x08006234        0xc d:/program files (x86)/gnu arm embedded toolchain/10 2021.10/bin/../lib/gcc/arm-none-eabi/10.3.1/../../../../arm-none-eabi/lib/thumb/v7-m/nofp\libc_nano.a(lib_a-findfp.o)
                0x08006234                _cleanup_r
 .text.__sfmoreglue
                0x08006240       0x2c d:/program files (x86)/gnu arm embedded toolchain/10 2021.10/bin/../lib/gcc/arm-none-eabi/10.3.1/../../../../arm-none-eabi/lib/thumb/v7-m/nofp\libc_nano.a(lib_a-findfp.o)
                0x08006240                __sfmoreglue
 .text.__sfp_lock_acquire
                0x0800626c        0xc d:/program files (x86)/gnu arm embedded toolchain/10 2021.10/bin/../lib/gcc/arm-none-eabi/10.3.1/../../../../arm-none-eabi/lib/thumb/v7-m/nofp\libc_nano.a(lib_a-findfp.o)
                0x0800626c                __sfp_lock_acquire
 .text.__sfp_lock_release
                0x08006278        0xc d:/program files (x86)/gnu arm embedded toolchain/10 2021.10/bin/../lib/gcc/arm-none-eabi/10.3.1/../../../../arm-none-eabi/lib/thumb/v7-m/nofp\libc_nano.a(lib_a-findfp.o)
                0x08006278                __sfp_lock_release
 .text.__sinit_lock_acquire
                0x08006284        0xc d:/program files (x86)/gnu arm embedded toolchain/10 2021.10/bin/../lib/gcc/arm-none-eabi/10.3.1/../../../../arm-none-eabi/lib/thumb/v7-m/nofp\libc_nano.a(lib_a-findfp.o)
                0x08006284                __sinit_lock_acquire
 .text.__sinit_lock_release
                0x08006290        0xc d:/program files (x86)/gnu arm embedded toolchain/10 2021.10/bin/../lib/gcc/arm-none-eabi/10.3.1/../../../../arm-none-eabi/lib/thumb/v7-m/nofp\libc_nano.a(lib_a-findfp.o)
                0x08006290                __sinit_lock_release
 .text.__sinit  0x0800629c       0x70 d:/program files (x86)/gnu arm embedded toolchain/10 2021.10/bin/../lib/gcc/arm-none-eabi/10.3.1/../../../../arm-none-eabi/lib/thumb/v7-m/nofp\libc_nano.a(lib_a-findfp.o)
                0x0800629c                __sinit
 .text.__sfp    0x0800630c       0x8c d:/program files (x86)/gnu arm embedded toolchain/10 2021.10/bin/../lib/gcc/arm-none-eabi/10.3.1/../../../../arm-none-eabi/lib/thumb/v7-m/nofp\libc_nano.a(lib_a-findfp.o)
                0x0800630c                __sfp
 .text._fwalk_reent
                0x08006398       0x3e d:/program files (x86)/gnu arm embedded toolchain/10 2021.10/bin/../lib/gcc/arm-none-eabi/10.3.1/../../../../arm-none-eabi/lib/thumb/v7-m/nofp\libc_nano.a(lib_a-fwalk.o)
                0x08006398                _fwalk_reent
 .text.__retarget_lock_init_recursive
                0x080063d6        0x2 d:/program files (x86)/gnu arm embedded toolchain/10 2021.10/bin/../lib/gcc/arm-none-eabi/10.3.1/../../../../arm-none-eabi/lib/thumb/v7-m/nofp\libc_nano.a(lib_a-lock.o)
                0x080063d6                __retarget_lock_init_recursive
 .text.__retarget_lock_acquire_recursive
                0x080063d8        0x2 d:/program files (x86)/gnu arm embedded toolchain/10 2021.10/bin/../lib/gcc/arm-none-eabi/10.3.1/../../../../arm-none-eabi/lib/thumb/v7-m/nofp\libc_nano.a(lib_a-lock.o)
                0x080063d8                __retarget_lock_acquire_recursive
 .text.__retarget_lock_release_recursive
                0x080063da        0x2 d:/program files (x86)/gnu arm embedded toolchain/10 2021.10/bin/../lib/gcc/arm-none-eabi/10.3.1/../../../../arm-none-eabi/lib/thumb/v7-m/nofp\libc_nano.a(lib_a-lock.o)
                0x080063da                __retarget_lock_release_recursive
 .text.__swhatbuf_r
                0x080063dc       0x4a d:/program files (x86)/gnu arm embedded toolchain/10 2021.10/bin/../lib/gcc/arm-none-eabi/10.3.1/../../../../arm-none-eabi/lib/thumb/v7-m/nofp\libc_nano.a(lib_a-makebuf.o)
                0x080063dc                __swhatbuf_r
 *fill*         0x08006426        0x2 
 .text.__smakebuf_r
                0x08006428       0x80 d:/program files (x86)/gnu arm embedded toolchain/10 2021.10/bin/../lib/gcc/arm-none-eabi/10.3.1/../../../../arm-none-eabi/lib/thumb/v7-m/nofp\libc_nano.a(lib_a-makebuf.o)
                0x08006428                __smakebuf_r
 .text._free_r  0x080064a8       0x90 d:/program files (x86)/gnu arm embedded toolchain/10 2021.10/bin/../lib/gcc/arm-none-eabi/10.3.1/../../../../arm-none-eabi/lib/thumb/v7-m/nofp\libc_nano.a(lib_a-nano-freer.o)
                0x080064a8                _free_r
 .text.sbrk_aligned
                0x08006538       0x40 d:/program files (x86)/gnu arm embedded toolchain/10 2021.10/bin/../lib/gcc/arm-none-eabi/10.3.1/../../../../arm-none-eabi/lib/thumb/v7-m/nofp\libc_nano.a(lib_a-nano-mallocr.o)
 .text._malloc_r
                0x08006578       0xe8 d:/program files (x86)/gnu arm embedded toolchain/10 2021.10/bin/../lib/gcc/arm-none-eabi/10.3.1/../../../../arm-none-eabi/lib/thumb/v7-m/nofp\libc_nano.a(lib_a-nano-mallocr.o)
                0x08006578                _malloc_r
 .text.__sfputc_r
                0x08006660       0x2a d:/program files (x86)/gnu arm embedded toolchain/10 2021.10/bin/../lib/gcc/arm-none-eabi/10.3.1/../../../../arm-none-eabi/lib/thumb/v7-m/nofp\libc_nano.a(lib_a-nano-vfprintf.o)
 .text.__sfputs_r
                0x0800668a       0x24 d:/program files (x86)/gnu arm embedded toolchain/10 2021.10/bin/../lib/gcc/arm-none-eabi/10.3.1/../../../../arm-none-eabi/lib/thumb/v7-m/nofp\libc_nano.a(lib_a-nano-vfprintf.o)
                0x0800668a                __sfputs_r
 *fill*         0x080066ae        0x2 
 .text._vfprintf_r
                0x080066b0      0x260 d:/program files (x86)/gnu arm embedded toolchain/10 2021.10/bin/../lib/gcc/arm-none-eabi/10.3.1/../../../../arm-none-eabi/lib/thumb/v7-m/nofp\libc_nano.a(lib_a-nano-vfprintf.o)
                0x080066b0                _vfprintf_r
                0x080066b0                _vfiprintf_r
 .text._printf_common
                0x08006910       0xde d:/program files (x86)/gnu arm embedded toolchain/10 2021.10/bin/../lib/gcc/arm-none-eabi/10.3.1/../../../../arm-none-eabi/lib/thumb/v7-m/nofp\libc_nano.a(lib_a-nano-vfprintf_i.o)
                0x08006910                _printf_common
 *fill*         0x080069ee        0x2 
 .text._printf_i
                0x080069f0      0x24c d:/program files (x86)/gnu arm embedded toolchain/10 2021.10/bin/../lib/gcc/arm-none-eabi/10.3.1/../../../../arm-none-eabi/lib/thumb/v7-m/nofp\libc_nano.a(lib_a-nano-vfprintf_i.o)
                0x080069f0                _printf_i
 .text._sbrk_r  0x08006c3c       0x20 d:/program files (x86)/gnu arm embedded toolchain/10 2021.10/bin/../lib/gcc/arm-none-eabi/10.3.1/../../../../arm-none-eabi/lib/thumb/v7-m/nofp\libc_nano.a(lib_a-sbrkr.o)
                0x08006c3c                _sbrk_r
 .text.__sread  0x08006c5c       0x22 d:/program files (x86)/gnu arm embedded toolchain/10 2021.10/bin/../lib/gcc/arm-none-eabi/10.3.1/../../../../arm-none-eabi/lib/thumb/v7-m/nofp\libc_nano.a(lib_a-stdio.o)
                0x08006c5c                __sread
 .text.__swrite
                0x08006c7e       0x38 d:/program files (x86)/gnu arm embedded toolchain/10 2021.10/bin/../lib/gcc/arm-none-eabi/10.3.1/../../../../arm-none-eabi/lib/thumb/v7-m/nofp\libc_nano.a(lib_a-stdio.o)
                0x08006c7e                __swrite
 .text.__sseek  0x08006cb6       0x24 d:/program files (x86)/gnu arm embedded toolchain/10 2021.10/bin/../lib/gcc/arm-none-eabi/10.3.1/../../../../arm-none-eabi/lib/thumb/v7-m/nofp\libc_nano.a(lib_a-stdio.o)
                0x08006cb6                __sseek
 .text.__sclose
                0x08006cda        0x8 d:/program files (x86)/gnu arm embedded toolchain/10 2021.10/bin/../lib/gcc/arm-none-eabi/10.3.1/../../../../arm-none-eabi/lib/thumb/v7-m/nofp\libc_nano.a(lib_a-stdio.o)
                0x08006cda                __sclose
 *fill*         0x08006ce2        0x2 
 .text._write_r
                0x08006ce4       0x24 d:/program files (x86)/gnu arm embedded toolchain/10 2021.10/bin/../lib/gcc/arm-none-eabi/10.3.1/../../../../arm-none-eabi/lib/thumb/v7-m/nofp\libc_nano.a(lib_a-writer.o)
                0x08006ce4                _write_r
 .text._close_r
                0x08006d08       0x20 d:/program files (x86)/gnu arm embedded toolchain/10 2021.10/bin/../lib/gcc/arm-none-eabi/10.3.1/../../../../arm-none-eabi/lib/thumb/v7-m/nofp\libc_nano.a(lib_a-closer.o)
                0x08006d08                _close_r
 .text._fstat_r
                0x08006d28       0x24 d:/program files (x86)/gnu arm embedded toolchain/10 2021.10/bin/../lib/gcc/arm-none-eabi/10.3.1/../../../../arm-none-eabi/lib/thumb/v7-m/nofp\libc_nano.a(lib_a-fstatr.o)
                0x08006d28                _fstat_r
 .text._isatty_r
                0x08006d4c       0x20 d:/program files (x86)/gnu arm embedded toolchain/10 2021.10/bin/../lib/gcc/arm-none-eabi/10.3.1/../../../../arm-none-eabi/lib/thumb/v7-m/nofp\libc_nano.a(lib_a-isattyr.o)
                0x08006d4c                _isatty_r
 .text._lseek_r
                0x08006d6c       0x24 d:/program files (x86)/gnu arm embedded toolchain/10 2021.10/bin/../lib/gcc/arm-none-eabi/10.3.1/../../../../arm-none-eabi/lib/thumb/v7-m/nofp\libc_nano.a(lib_a-lseekr.o)
                0x08006d6c                _lseek_r
 .text.memchr   0x08006d90       0x1c d:/program files (x86)/gnu arm embedded toolchain/10 2021.10/bin/../lib/gcc/arm-none-eabi/10.3.1/../../../../arm-none-eabi/lib/thumb/v7-m/nofp\libc_nano.a(lib_a-memchr-stub.o)
                0x08006d90                memchr
 .text.__malloc_lock
                0x08006dac        0xc d:/program files (x86)/gnu arm embedded toolchain/10 2021.10/bin/../lib/gcc/arm-none-eabi/10.3.1/../../../../arm-none-eabi/lib/thumb/v7-m/nofp\libc_nano.a(lib_a-mlock.o)
                0x08006dac                __malloc_lock
 .text.__malloc_unlock
                0x08006db8        0xc d:/program files (x86)/gnu arm embedded toolchain/10 2021.10/bin/../lib/gcc/arm-none-eabi/10.3.1/../../../../arm-none-eabi/lib/thumb/v7-m/nofp\libc_nano.a(lib_a-mlock.o)
                0x08006db8                __malloc_unlock
 .text._read_r  0x08006dc4       0x24 d:/program files (x86)/gnu arm embedded toolchain/10 2021.10/bin/../lib/gcc/arm-none-eabi/10.3.1/../../../../arm-none-eabi/lib/thumb/v7-m/nofp\libc_nano.a(lib_a-readr.o)
                0x08006dc4                _read_r
 .text._close   0x08006de8       0x10 d:/program files (x86)/gnu arm embedded toolchain/10 2021.10/bin/../lib/gcc/arm-none-eabi/10.3.1/../../../../arm-none-eabi/lib/thumb/v7-m/nofp\libnosys.a(close.o)
                0x08006de8                _close
 .text._fstat   0x08006df8       0x10 d:/program files (x86)/gnu arm embedded toolchain/10 2021.10/bin/../lib/gcc/arm-none-eabi/10.3.1/../../../../arm-none-eabi/lib/thumb/v7-m/nofp\libnosys.a(fstat.o)
                0x08006df8                _fstat
 .text._isatty  0x08006e08       0x10 d:/program files (x86)/gnu arm embedded toolchain/10 2021.10/bin/../lib/gcc/arm-none-eabi/10.3.1/../../../../arm-none-eabi/lib/thumb/v7-m/nofp\libnosys.a(isatty.o)
                0x08006e08                _isatty
 .text._lseek   0x08006e18       0x10 d:/program files (x86)/gnu arm embedded toolchain/10 2021.10/bin/../lib/gcc/arm-none-eabi/10.3.1/../../../../arm-none-eabi/lib/thumb/v7-m/nofp\libnosys.a(lseek.o)
                0x08006e18                _lseek
 .text._read    0x08006e28       0x10 d:/program files (x86)/gnu arm embedded toolchain/10 2021.10/bin/../lib/gcc/arm-none-eabi/10.3.1/../../../../arm-none-eabi/lib/thumb/v7-m/nofp\libnosys.a(read.o)
                0x08006e28                _read
 .text._sbrk    0x08006e38       0x1c d:/program files (x86)/gnu arm embedded toolchain/10 2021.10/bin/../lib/gcc/arm-none-eabi/10.3.1/../../../../arm-none-eabi/lib/thumb/v7-m/nofp\libnosys.a(sbrk.o)
                0x08006e38                _sbrk
 .text._write   0x08006e54       0x10 d:/program files (x86)/gnu arm embedded toolchain/10 2021.10/bin/../lib/gcc/arm-none-eabi/10.3.1/../../../../arm-none-eabi/lib/thumb/v7-m/nofp\libnosys.a(write.o)
                0x08006e54                _write
 *(.glue_7)
 .glue_7        0x08006e64        0x0 linker stubs
 *(.glue_7t)
 .glue_7t       0x08006e64        0x0 linker stubs
 *(.eh_frame)
 .eh_frame      0x08006e64        0x0 d:/program files (x86)/gnu arm embedded toolchain/10 2021.10/bin/../lib/gcc/arm-none-eabi/10.3.1/thumb/v7-m/nofp/crtbegin.o
 *(.init)
 .init          0x08006e64        0x4 d:/program files (x86)/gnu arm embedded toolchain/10 2021.10/bin/../lib/gcc/arm-none-eabi/10.3.1/thumb/v7-m/nofp/crti.o
                0x08006e64                _init
 .init          0x08006e68        0x8 d:/program files (x86)/gnu arm embedded toolchain/10 2021.10/bin/../lib/gcc/arm-none-eabi/10.3.1/thumb/v7-m/nofp/crtn.o
 *(.fini)
 .fini          0x08006e70        0x4 d:/program files (x86)/gnu arm embedded toolchain/10 2021.10/bin/../lib/gcc/arm-none-eabi/10.3.1/thumb/v7-m/nofp/crti.o
                0x08006e70                _fini
 .fini          0x08006e74        0x8 d:/program files (x86)/gnu arm embedded toolchain/10 2021.10/bin/../lib/gcc/arm-none-eabi/10.3.1/thumb/v7-m/nofp/crtn.o
                0x08006e7c                . = ALIGN (0x4)
                0x08006e7c                _etext = .

.vfp11_veneer   0x08006e7c        0x0
 .vfp11_veneer  0x08006e7c        0x0 linker stubs

.v4_bx          0x08006e7c        0x0
 .v4_bx         0x08006e7c        0x0 linker stubs

.iplt           0x08006e7c        0x0
 .iplt          0x08006e7c        0x0 d:/program files (x86)/gnu arm embedded toolchain/10 2021.10/bin/../lib/gcc/arm-none-eabi/10.3.1/thumb/v7-m/nofp/crtbegin.o

.rodata         0x08006e7c      0xbec
                0x08006e7c                . = ALIGN (0x4)
 *(.rodata)
 .rodata        0x08006e7c        0xd build/time.o
 *(.rodata*)
 *fill*         0x08006e89        0x3 
 .rodata.EnterStandbyMode.str1.4
                0x08006e8c       0x25 build/main.o
 *fill*         0x08006eb1        0x3 
 .rodata.HAL_RTC_Init.str1.4
                0x08006eb4       0x35 build/stm32f1xx_hal_rtc.o
 *fill*         0x08006ee9        0x3 
 .rodata.HAL_RCC_OscConfig.str1.4
                0x08006eec       0x35 build/stm32f1xx_hal_rcc.o
 *fill*         0x08006f21        0x3 
 .rodata.HAL_RCC_ClockConfig.str1.4
                0x08006f24       0x11 build/stm32f1xx_hal_rcc.o
 *fill*         0x08006f35        0x3 
 .rodata.HAL_RCCEx_PeriphCLKConfig.str1.4
                0x08006f38       0x38 build/stm32f1xx_hal_rcc_ex.o
 .rodata.HAL_RCCEx_GetPeriphCLKFreq.str1.4
                0x08006f70       0x11 build/stm32f1xx_hal_rcc_ex.o
 .rodata.HAL_GPIO_Init.str1.4
                0x08006f70       0x36 build/stm32f1xx_hal_gpio.o
 *fill*         0x08006fa6        0x2 
 .rodata.HAL_DMA_Init.str1.4
                0x08006fa8       0x35 build/stm32f1xx_hal_dma.o
 *fill*         0x08006fdd        0x3 
 .rodata.HAL_NVIC_SetPriorityGrouping.str1.4
                0x08006fe0       0x38 build/stm32f1xx_hal_cortex.o
 .rodata.HAL_PWR_ConfigPVD.str1.4
                0x08007018       0x35 build/stm32f1xx_hal_pwr.o
 *fill*         0x0800704d        0x3 
 .rodata.TIM_OC1_SetConfig.str1.4
                0x08007050       0x35 build/stm32f1xx_hal_tim.o
 *fill*         0x08007085        0x3 
 .rodata.HAL_TIMEx_HallSensor_Init.str1.4
                0x08007088       0x38 build/stm32f1xx_hal_tim_ex.o
 .rodata.UART_SetConfig.str1.4
                0x080070c0       0x36 build/stm32f1xx_hal_uart.o
 *fill*         0x080070f6        0x2 
 .rodata.AHBPrescTable
                0x080070f8       0x10 build/system_stm32f1xx.o
                0x080070f8                AHBPrescTable
 .rodata.APBPrescTable
                0x08007108        0x8 build/system_stm32f1xx.o
                0x08007108                APBPrescTable
 .rodata.WIFI_Init.str1.4
                0x08007110       0x45 build/emw3060_at.o
 *fill*         0x08007155        0x3 
 .rodata.WIFI_CtrDec.str1.4
                0x08007158       0x39 build/emw3060_at.o
 *fill*         0x08007191        0x3 
 .rodata.WIFI_ReceiveProcess.str1.4
                0x08007194       0x39 build/emw3060_at.o
 *fill*         0x080071cd        0x3 
 .rodata.HTU21D_GetData.str1.4
                0x080071d0       0x30 build/htu21d.o
 .rodata.HTU21D_Init.str1.4
                0x08007200       0x26 build/htu21d.o
 *fill*         0x08007226        0x2 
 .rodata.HTU21D_Sampling.str1.4
                0x08007228       0x27 build/htu21d.o
 *fill*         0x0800724f        0x1 
 .rodata.DateD  0x08007250       0x80 build/hub75d.o
 .rodata.DateTable
                0x080072d0       0x98 build/hub75d.o
 .rodata.HZ     0x08007368       0x58 build/hub75d.o
 .rodata.Time8Mul16Table
                0x080073c0      0x1d0 build/hub75d.o
 .rodata.TimeSecondTable
                0x08007590       0xc0 build/hub75d.o
 .rodata.g_lunarCalendarTable
                0x08007650      0x31c build/lunar_calendar.o
 .rodata.g_monthAdd
                0x0800796c       0x18 build/lunar_calendar.o
 .rodata.GetClock.str1.4
                0x08007984       0x23 build/time.o
 *fill*         0x080079a7        0x1 
 .rodata.SetClock.str1.4
                0x080079a8       0x25 build/time.o
 *fill*         0x080079cd        0x3 
 .rodata._global_impure_ptr
                0x080079d0        0x4 d:/program files (x86)/gnu arm embedded toolchain/10 2021.10/bin/../lib/gcc/arm-none-eabi/10.3.1/../../../../arm-none-eabi/lib/thumb/v7-m/nofp\libc_nano.a(lib_a-impure.o)
                0x080079d0                _global_impure_ptr
 .rodata.__sf_fake_stderr
                0x080079d4       0x20 d:/program files (x86)/gnu arm embedded toolchain/10 2021.10/bin/../lib/gcc/arm-none-eabi/10.3.1/../../../../arm-none-eabi/lib/thumb/v7-m/nofp\libc_nano.a(lib_a-findfp.o)
                0x080079d4                __sf_fake_stderr
 .rodata.__sf_fake_stdin
                0x080079f4       0x20 d:/program files (x86)/gnu arm embedded toolchain/10 2021.10/bin/../lib/gcc/arm-none-eabi/10.3.1/../../../../arm-none-eabi/lib/thumb/v7-m/nofp\libc_nano.a(lib_a-findfp.o)
                0x080079f4                __sf_fake_stdin
 .rodata.__sf_fake_stdout
                0x08007a14       0x20 d:/program files (x86)/gnu arm embedded toolchain/10 2021.10/bin/../lib/gcc/arm-none-eabi/10.3.1/../../../../arm-none-eabi/lib/thumb/v7-m/nofp\libc_nano.a(lib_a-findfp.o)
                0x08007a14                __sf_fake_stdout
 .rodata._vfprintf_r.str1.1
                0x08007a34       0x11 d:/program files (x86)/gnu arm embedded toolchain/10 2021.10/bin/../lib/gcc/arm-none-eabi/10.3.1/../../../../arm-none-eabi/lib/thumb/v7-m/nofp\libc_nano.a(lib_a-nano-vfprintf.o)
 .rodata._printf_i.str1.1
                0x08007a45       0x22 d:/program files (x86)/gnu arm embedded toolchain/10 2021.10/bin/../lib/gcc/arm-none-eabi/10.3.1/../../../../arm-none-eabi/lib/thumb/v7-m/nofp\libc_nano.a(lib_a-nano-vfprintf_i.o)
                0x08007a68                . = ALIGN (0x4)
 *fill*         0x08007a67        0x1 

.rel.dyn        0x08007a68        0x0
 .rel.iplt      0x08007a68        0x0 d:/program files (x86)/gnu arm embedded toolchain/10 2021.10/bin/../lib/gcc/arm-none-eabi/10.3.1/thumb/v7-m/nofp/crtbegin.o

.ARM.extab
 *(.ARM.extab* .gnu.linkonce.armextab.*)

.ARM            0x08007a68        0x0
                0x08007a68                __exidx_start = .
 *(.ARM.exidx*)
                0x08007a68                __exidx_end = .

.preinit_array  0x08007a68        0x0
                0x08007a68                PROVIDE (__preinit_array_start = .)
 *(.preinit_array*)
                0x08007a68                PROVIDE (__preinit_array_end = .)

.init_array     0x08007a68        0x4
                0x08007a68                PROVIDE (__init_array_start = .)
 *(SORT_BY_NAME(.init_array.*))
 *(.init_array*)
 .init_array    0x08007a68        0x4 d:/program files (x86)/gnu arm embedded toolchain/10 2021.10/bin/../lib/gcc/arm-none-eabi/10.3.1/thumb/v7-m/nofp/crtbegin.o
                0x08007a6c                PROVIDE (__init_array_end = .)

.fini_array     0x08007a6c        0x4
                [!provide]                PROVIDE (__fini_array_start = .)
 *(SORT_BY_NAME(.fini_array.*))
 *(.fini_array*)
 .fini_array    0x08007a6c        0x4 d:/program files (x86)/gnu arm embedded toolchain/10 2021.10/bin/../lib/gcc/arm-none-eabi/10.3.1/thumb/v7-m/nofp/crtbegin.o
                [!provide]                PROVIDE (__fini_array_end = .)
                0x08007a70                _sidata = LOADADDR (.data)

.data           0x20000000       0x70 load address 0x08007a70
                0x20000000                . = ALIGN (0x4)
                0x20000000                _sdata = .
 *(.data)
 *(.data*)
 .data.uwTickFreq
                0x20000000        0x1 build/stm32f1xx_hal.o
                0x20000000                uwTickFreq
 *fill*         0x20000001        0x3 
 .data.uwTickPrio
                0x20000004        0x4 build/stm32f1xx_hal.o
                0x20000004                uwTickPrio
 .data.SystemCoreClock
                0x20000008        0x4 build/system_stm32f1xx.o
                0x20000008                SystemCoreClock
 .data._impure_ptr
                0x2000000c        0x4 d:/program files (x86)/gnu arm embedded toolchain/10 2021.10/bin/../lib/gcc/arm-none-eabi/10.3.1/../../../../arm-none-eabi/lib/thumb/v7-m/nofp\libc_nano.a(lib_a-impure.o)
                0x2000000c                _impure_ptr
 .data.impure_data
                0x20000010       0x60 d:/program files (x86)/gnu arm embedded toolchain/10 2021.10/bin/../lib/gcc/arm-none-eabi/10.3.1/../../../../arm-none-eabi/lib/thumb/v7-m/nofp\libc_nano.a(lib_a-impure.o)
                0x20000070                . = ALIGN (0x4)
                0x20000070                _edata = .

.igot.plt       0x20000070        0x0 load address 0x08007ae0
 .igot.plt      0x20000070        0x0 d:/program files (x86)/gnu arm embedded toolchain/10 2021.10/bin/../lib/gcc/arm-none-eabi/10.3.1/thumb/v7-m/nofp/crtbegin.o
                0x20000070                . = ALIGN (0x4)

.bss            0x20000070      0x1f4 load address 0x08007ae0
                0x20000070                _sbss = .
                0x20000070                __bss_start__ = _sbss
 *(.bss)
 .bss           0x20000070       0x1c d:/program files (x86)/gnu arm embedded toolchain/10 2021.10/bin/../lib/gcc/arm-none-eabi/10.3.1/thumb/v7-m/nofp/crtbegin.o
 *(.bss*)
 .bss.hrtc      0x2000008c       0x14 build/rtc.o
                0x2000008c                hrtc
 .bss.htim4     0x200000a0       0x48 build/tim.o
                0x200000a0                htim4
 .bss.UsartType1
                0x200000e8       0x68 build/usart.o
                0x200000e8                UsartType1
 .bss.hdma_usart1_rx
                0x20000150       0x44 build/usart.o
                0x20000150                hdma_usart1_rx
 .bss.hdma_usart1_tx
                0x20000194       0x44 build/usart.o
                0x20000194                hdma_usart1_tx
 .bss.huart1    0x200001d8       0x44 build/usart.o
                0x200001d8                huart1
 .bss.uwTick    0x2000021c        0x4 build/stm32f1xx_hal.o
                0x2000021c                uwTick
 .bss.g_connect
                0x20000220        0x1 build/emw3060_at.o
 .bss.g_getTimeCtr
                0x20000221        0x1 build/emw3060_at.o
 .bss.g_powerOffCtr
                0x20000222        0x1 build/emw3060_at.o
 .bss.g_renewInitCtr
                0x20000223        0x1 build/emw3060_at.o
 .bss.g_renewInitCtr_1
                0x20000224        0x1 build/emw3060_at.o
 .bss.count.0   0x20000225        0x1 build/htu21d.o
 .bss.g_humidity
                0x20000226        0x2 build/htu21d.o
                0x20000226                g_humidity
 .bss.g_i2cFial
                0x20000228        0x1 build/htu21d.o
                0x20000228                g_i2cFial
 *fill*         0x20000229        0x1 
 .bss.g_temperature
                0x2000022a        0x2 build/htu21d.o
                0x2000022a                g_temperature
 .bss.changeCtr.0
                0x2000022c        0x1 build/hub75d.o
 .bss.count.1   0x2000022d        0x1 build/hub75d.o
 *fill*         0x2000022e        0x2 
 .bss.g_calendarDecimal
                0x20000230        0xe build/hub75d.o
                0x20000230                g_calendarDecimal
 .bss.g_dispTorH
                0x2000023e        0x1 build/hub75d.o
                0x2000023e                g_dispTorH
 *fill*         0x2000023f        0x1 
 .bss.g_displayOffCtr
                0x20000240        0x2 build/hub75d.o
 *fill*         0x20000242        0x2 
 .bss.g_lunarCalendarData
                0x20000244        0x3 build/lunar_calendar.o
                0x20000244                g_lunarCalendarData
 .bss.g_1sFlag  0x20000247        0x1 build/time.o
                0x20000247                g_1sFlag
 .bss.g_time    0x20000248        0x8 build/time.o
                0x20000248                g_time
 .bss.__lock___malloc_recursive_mutex
                0x20000250        0x1 d:/program files (x86)/gnu arm embedded toolchain/10 2021.10/bin/../lib/gcc/arm-none-eabi/10.3.1/../../../../arm-none-eabi/lib/thumb/v7-m/nofp\libc_nano.a(lib_a-lock.o)
                0x20000250                __lock___malloc_recursive_mutex
 .bss.__lock___sfp_recursive_mutex
                0x20000251        0x1 d:/program files (x86)/gnu arm embedded toolchain/10 2021.10/bin/../lib/gcc/arm-none-eabi/10.3.1/../../../../arm-none-eabi/lib/thumb/v7-m/nofp\libc_nano.a(lib_a-lock.o)
                0x20000251                __lock___sfp_recursive_mutex
 .bss.__lock___sinit_recursive_mutex
                0x20000252        0x1 d:/program files (x86)/gnu arm embedded toolchain/10 2021.10/bin/../lib/gcc/arm-none-eabi/10.3.1/../../../../arm-none-eabi/lib/thumb/v7-m/nofp\libc_nano.a(lib_a-lock.o)
                0x20000252                __lock___sinit_recursive_mutex
 *fill*         0x20000253        0x1 
 .bss.__malloc_free_list
                0x20000254        0x4 d:/program files (x86)/gnu arm embedded toolchain/10 2021.10/bin/../lib/gcc/arm-none-eabi/10.3.1/../../../../arm-none-eabi/lib/thumb/v7-m/nofp\libc_nano.a(lib_a-nano-mallocr.o)
                0x20000254                __malloc_free_list
 .bss.__malloc_sbrk_start
                0x20000258        0x4 d:/program files (x86)/gnu arm embedded toolchain/10 2021.10/bin/../lib/gcc/arm-none-eabi/10.3.1/../../../../arm-none-eabi/lib/thumb/v7-m/nofp\libc_nano.a(lib_a-nano-mallocr.o)
                0x20000258                __malloc_sbrk_start
 .bss.errno     0x2000025c        0x4 d:/program files (x86)/gnu arm embedded toolchain/10 2021.10/bin/../lib/gcc/arm-none-eabi/10.3.1/../../../../arm-none-eabi/lib/thumb/v7-m/nofp\libc_nano.a(lib_a-reent.o)
                0x2000025c                errno
 .bss.heap_end.0
                0x20000260        0x4 d:/program files (x86)/gnu arm embedded toolchain/10 2021.10/bin/../lib/gcc/arm-none-eabi/10.3.1/../../../../arm-none-eabi/lib/thumb/v7-m/nofp\libnosys.a(sbrk.o)
 *(COMMON)
                0x20000264                . = ALIGN (0x4)
                0x20000264                _ebss = .
                0x20000264                __bss_end__ = _ebss

._user_heap_stack
                0x20000264      0x804 load address 0x08007ae0
                0x20000268                . = ALIGN (0x8)
 *fill*         0x20000264        0x4 
                0x20000268                PROVIDE (end = .)
                [!provide]                PROVIDE (_end = .)
                0x20000668                . = (. + _Min_Heap_Size)
 *fill*         0x20000268      0x400 
                0x20000a68                . = (. + _Min_Stack_Size)
 *fill*         0x20000668      0x400 
                0x20000a68                . = ALIGN (0x8)

/DISCARD/
 libc.a(*)
 libm.a(*)
 libgcc.a(*)

.ARM.attributes
                0x00000000       0x29
 *(.ARM.attributes)
 .ARM.attributes
                0x00000000       0x1d d:/program files (x86)/gnu arm embedded toolchain/10 2021.10/bin/../lib/gcc/arm-none-eabi/10.3.1/thumb/v7-m/nofp/crti.o
 .ARM.attributes
                0x0000001d       0x2d d:/program files (x86)/gnu arm embedded toolchain/10 2021.10/bin/../lib/gcc/arm-none-eabi/10.3.1/thumb/v7-m/nofp/crtbegin.o
 .ARM.attributes
                0x0000004a       0x2d build/main.o
 .ARM.attributes
                0x00000077       0x2d build/gpio.o
 .ARM.attributes
                0x000000a4       0x2d build/dma.o
 .ARM.attributes
                0x000000d1       0x2d build/rtc.o
 .ARM.attributes
                0x000000fe       0x2d build/tim.o
 .ARM.attributes
                0x0000012b       0x2d build/usart.o
 .ARM.attributes
                0x00000158       0x2d build/stm32f1xx_it.o
 .ARM.attributes
                0x00000185       0x2d build/stm32f1xx_hal_msp.o
 .ARM.attributes
                0x000001b2       0x2d build/stm32f1xx_hal_rtc.o
 .ARM.attributes
                0x000001df       0x2d build/stm32f1xx_hal_rtc_ex.o
 .ARM.attributes
                0x0000020c       0x2d build/stm32f1xx_hal.o
 .ARM.attributes
                0x00000239       0x2d build/stm32f1xx_hal_rcc.o
 .ARM.attributes
                0x00000266       0x2d build/stm32f1xx_hal_rcc_ex.o
 .ARM.attributes
                0x00000293       0x2d build/stm32f1xx_hal_gpio.o
 .ARM.attributes
                0x000002c0       0x2d build/stm32f1xx_hal_dma.o
 .ARM.attributes
                0x000002ed       0x2d build/stm32f1xx_hal_cortex.o
 .ARM.attributes
                0x0000031a       0x2d build/stm32f1xx_hal_pwr.o
 .ARM.attributes
                0x00000347       0x2d build/stm32f1xx_hal_tim.o
 .ARM.attributes
                0x00000374       0x2d build/stm32f1xx_hal_tim_ex.o
 .ARM.attributes
                0x000003a1       0x2d build/stm32f1xx_hal_uart.o
 .ARM.attributes
                0x000003ce       0x2d build/system_stm32f1xx.o
 .ARM.attributes
                0x000003fb       0x2d build/emw3060_at.o
 .ARM.attributes
                0x00000428       0x2d build/htu21d.o
 .ARM.attributes
                0x00000455       0x2d build/hub75d.o
 .ARM.attributes
                0x00000482       0x2d build/lunar_calendar.o
 .ARM.attributes
                0x000004af       0x2d build/time.o
 .ARM.attributes
                0x000004dc       0x21 build/startup_stm32f103xb.o
 .ARM.attributes
                0x000004fd       0x2d d:/program files (x86)/gnu arm embedded toolchain/10 2021.10/bin/../lib/gcc/arm-none-eabi/10.3.1/../../../../arm-none-eabi/lib/thumb/v7-m/nofp\libc_nano.a(lib_a-impure.o)
 .ARM.attributes
                0x0000052a       0x2d d:/program files (x86)/gnu arm embedded toolchain/10 2021.10/bin/../lib/gcc/arm-none-eabi/10.3.1/../../../../arm-none-eabi/lib/thumb/v7-m/nofp\libc_nano.a(lib_a-init.o)
 .ARM.attributes
                0x00000557       0x2d d:/program files (x86)/gnu arm embedded toolchain/10 2021.10/bin/../lib/gcc/arm-none-eabi/10.3.1/../../../../arm-none-eabi/lib/thumb/v7-m/nofp\libc_nano.a(lib_a-memset.o)
 .ARM.attributes
                0x00000584       0x2d d:/program files (x86)/gnu arm embedded toolchain/10 2021.10/bin/../lib/gcc/arm-none-eabi/10.3.1/../../../../arm-none-eabi/lib/thumb/v7-m/nofp\libc_nano.a(lib_a-printf.o)
 .ARM.attributes
                0x000005b1       0x2d d:/program files (x86)/gnu arm embedded toolchain/10 2021.10/bin/../lib/gcc/arm-none-eabi/10.3.1/../../../../arm-none-eabi/lib/thumb/v7-m/nofp\libc_nano.a(lib_a-puts.o)
 .ARM.attributes
                0x000005de       0x2d d:/program files (x86)/gnu arm embedded toolchain/10 2021.10/bin/../lib/gcc/arm-none-eabi/10.3.1/../../../../arm-none-eabi/lib/thumb/v7-m/nofp\libc_nano.a(lib_a-strstr.o)
 .ARM.attributes
                0x0000060b       0x2d d:/program files (x86)/gnu arm embedded toolchain/10 2021.10/bin/../lib/gcc/arm-none-eabi/10.3.1/../../../../arm-none-eabi/lib/thumb/v7-m/nofp\libc_nano.a(lib_a-wbuf.o)
 .ARM.attributes
                0x00000638       0x2d d:/program files (x86)/gnu arm embedded toolchain/10 2021.10/bin/../lib/gcc/arm-none-eabi/10.3.1/../../../../arm-none-eabi/lib/thumb/v7-m/nofp\libc_nano.a(lib_a-wsetup.o)
 .ARM.attributes
                0x00000665       0x2d d:/program files (x86)/gnu arm embedded toolchain/10 2021.10/bin/../lib/gcc/arm-none-eabi/10.3.1/../../../../arm-none-eabi/lib/thumb/v7-m/nofp\libc_nano.a(lib_a-fflush.o)
 .ARM.attributes
                0x00000692       0x2d d:/program files (x86)/gnu arm embedded toolchain/10 2021.10/bin/../lib/gcc/arm-none-eabi/10.3.1/../../../../arm-none-eabi/lib/thumb/v7-m/nofp\libc_nano.a(lib_a-findfp.o)
 .ARM.attributes
                0x000006bf       0x2d d:/program files (x86)/gnu arm embedded toolchain/10 2021.10/bin/../lib/gcc/arm-none-eabi/10.3.1/../../../../arm-none-eabi/lib/thumb/v7-m/nofp\libc_nano.a(lib_a-fwalk.o)
 .ARM.attributes
                0x000006ec       0x2d d:/program files (x86)/gnu arm embedded toolchain/10 2021.10/bin/../lib/gcc/arm-none-eabi/10.3.1/../../../../arm-none-eabi/lib/thumb/v7-m/nofp\libc_nano.a(lib_a-lock.o)
 .ARM.attributes
                0x00000719       0x2d d:/program files (x86)/gnu arm embedded toolchain/10 2021.10/bin/../lib/gcc/arm-none-eabi/10.3.1/../../../../arm-none-eabi/lib/thumb/v7-m/nofp\libc_nano.a(lib_a-makebuf.o)
 .ARM.attributes
                0x00000746       0x2d d:/program files (x86)/gnu arm embedded toolchain/10 2021.10/bin/../lib/gcc/arm-none-eabi/10.3.1/../../../../arm-none-eabi/lib/thumb/v7-m/nofp\libc_nano.a(lib_a-nano-freer.o)
 .ARM.attributes
                0x00000773       0x2d d:/program files (x86)/gnu arm embedded toolchain/10 2021.10/bin/../lib/gcc/arm-none-eabi/10.3.1/../../../../arm-none-eabi/lib/thumb/v7-m/nofp\libc_nano.a(lib_a-nano-mallocr.o)
 .ARM.attributes
                0x000007a0       0x2d d:/program files (x86)/gnu arm embedded toolchain/10 2021.10/bin/../lib/gcc/arm-none-eabi/10.3.1/../../../../arm-none-eabi/lib/thumb/v7-m/nofp\libc_nano.a(lib_a-nano-vfprintf.o)
 .ARM.attributes
                0x000007cd       0x2d d:/program files (x86)/gnu arm embedded toolchain/10 2021.10/bin/../lib/gcc/arm-none-eabi/10.3.1/../../../../arm-none-eabi/lib/thumb/v7-m/nofp\libc_nano.a(lib_a-nano-vfprintf_i.o)
 .ARM.attributes
                0x000007fa       0x2d d:/program files (x86)/gnu arm embedded toolchain/10 2021.10/bin/../lib/gcc/arm-none-eabi/10.3.1/../../../../arm-none-eabi/lib/thumb/v7-m/nofp\libc_nano.a(lib_a-sbrkr.o)
 .ARM.attributes
                0x00000827       0x2d d:/program files (x86)/gnu arm embedded toolchain/10 2021.10/bin/../lib/gcc/arm-none-eabi/10.3.1/../../../../arm-none-eabi/lib/thumb/v7-m/nofp\libc_nano.a(lib_a-stdio.o)
 .ARM.attributes
                0x00000854       0x2d d:/program files (x86)/gnu arm embedded toolchain/10 2021.10/bin/../lib/gcc/arm-none-eabi/10.3.1/../../../../arm-none-eabi/lib/thumb/v7-m/nofp\libc_nano.a(lib_a-writer.o)
 .ARM.attributes
                0x00000881       0x2d d:/program files (x86)/gnu arm embedded toolchain/10 2021.10/bin/../lib/gcc/arm-none-eabi/10.3.1/../../../../arm-none-eabi/lib/thumb/v7-m/nofp\libc_nano.a(lib_a-closer.o)
 .ARM.attributes
                0x000008ae       0x2d d:/program files (x86)/gnu arm embedded toolchain/10 2021.10/bin/../lib/gcc/arm-none-eabi/10.3.1/../../../../arm-none-eabi/lib/thumb/v7-m/nofp\libc_nano.a(lib_a-fstatr.o)
 .ARM.attributes
                0x000008db       0x2d d:/program files (x86)/gnu arm embedded toolchain/10 2021.10/bin/../lib/gcc/arm-none-eabi/10.3.1/../../../../arm-none-eabi/lib/thumb/v7-m/nofp\libc_nano.a(lib_a-isattyr.o)
 .ARM.attributes
                0x00000908       0x2d d:/program files (x86)/gnu arm embedded toolchain/10 2021.10/bin/../lib/gcc/arm-none-eabi/10.3.1/../../../../arm-none-eabi/lib/thumb/v7-m/nofp\libc_nano.a(lib_a-lseekr.o)
 .ARM.attributes
                0x00000935       0x2d d:/program files (x86)/gnu arm embedded toolchain/10 2021.10/bin/../lib/gcc/arm-none-eabi/10.3.1/../../../../arm-none-eabi/lib/thumb/v7-m/nofp\libc_nano.a(lib_a-memchr-stub.o)
 .ARM.attributes
                0x00000962       0x2d d:/program files (x86)/gnu arm embedded toolchain/10 2021.10/bin/../lib/gcc/arm-none-eabi/10.3.1/../../../../arm-none-eabi/lib/thumb/v7-m/nofp\libc_nano.a(lib_a-mlock.o)
 .ARM.attributes
                0x0000098f       0x2d d:/program files (x86)/gnu arm embedded toolchain/10 2021.10/bin/../lib/gcc/arm-none-eabi/10.3.1/../../../../arm-none-eabi/lib/thumb/v7-m/nofp\libc_nano.a(lib_a-readr.o)
 .ARM.attributes
                0x000009bc       0x2d d:/program files (x86)/gnu arm embedded toolchain/10 2021.10/bin/../lib/gcc/arm-none-eabi/10.3.1/../../../../arm-none-eabi/lib/thumb/v7-m/nofp\libc_nano.a(lib_a-reent.o)
 .ARM.attributes
                0x000009e9       0x2d d:/program files (x86)/gnu arm embedded toolchain/10 2021.10/bin/../lib/gcc/arm-none-eabi/10.3.1/../../../../arm-none-eabi/lib/thumb/v7-m/nofp\libnosys.a(close.o)
 .ARM.attributes
                0x00000a16       0x2d d:/program files (x86)/gnu arm embedded toolchain/10 2021.10/bin/../lib/gcc/arm-none-eabi/10.3.1/../../../../arm-none-eabi/lib/thumb/v7-m/nofp\libnosys.a(fstat.o)
 .ARM.attributes
                0x00000a43       0x2d d:/program files (x86)/gnu arm embedded toolchain/10 2021.10/bin/../lib/gcc/arm-none-eabi/10.3.1/../../../../arm-none-eabi/lib/thumb/v7-m/nofp\libnosys.a(isatty.o)
 .ARM.attributes
                0x00000a70       0x2d d:/program files (x86)/gnu arm embedded toolchain/10 2021.10/bin/../lib/gcc/arm-none-eabi/10.3.1/../../../../arm-none-eabi/lib/thumb/v7-m/nofp\libnosys.a(lseek.o)
 .ARM.attributes
                0x00000a9d       0x2d d:/program files (x86)/gnu arm embedded toolchain/10 2021.10/bin/../lib/gcc/arm-none-eabi/10.3.1/../../../../arm-none-eabi/lib/thumb/v7-m/nofp\libnosys.a(read.o)
 .ARM.attributes
                0x00000aca       0x2d d:/program files (x86)/gnu arm embedded toolchain/10 2021.10/bin/../lib/gcc/arm-none-eabi/10.3.1/../../../../arm-none-eabi/lib/thumb/v7-m/nofp\libnosys.a(sbrk.o)
 .ARM.attributes
                0x00000af7       0x2d d:/program files (x86)/gnu arm embedded toolchain/10 2021.10/bin/../lib/gcc/arm-none-eabi/10.3.1/../../../../arm-none-eabi/lib/thumb/v7-m/nofp\libnosys.a(write.o)
 .ARM.attributes
                0x00000b24       0x1d d:/program files (x86)/gnu arm embedded toolchain/10 2021.10/bin/../lib/gcc/arm-none-eabi/10.3.1/thumb/v7-m/nofp\libgcc.a(_arm_muldf3.o)
 .ARM.attributes
                0x00000b41       0x1d d:/program files (x86)/gnu arm embedded toolchain/10 2021.10/bin/../lib/gcc/arm-none-eabi/10.3.1/thumb/v7-m/nofp\libgcc.a(_arm_addsubdf3.o)
 .ARM.attributes
                0x00000b5e       0x1d d:/program files (x86)/gnu arm embedded toolchain/10 2021.10/bin/../lib/gcc/arm-none-eabi/10.3.1/thumb/v7-m/nofp\libgcc.a(_arm_truncdfsf2.o)
 .ARM.attributes
                0x00000b7b       0x1d d:/program files (x86)/gnu arm embedded toolchain/10 2021.10/bin/../lib/gcc/arm-none-eabi/10.3.1/thumb/v7-m/nofp\libgcc.a(_arm_fixsfsi.o)
 .ARM.attributes
                0x00000b98       0x1d d:/program files (x86)/gnu arm embedded toolchain/10 2021.10/bin/../lib/gcc/arm-none-eabi/10.3.1/thumb/v7-m/nofp\libgcc.a(_arm_fixunssfsi.o)
 .ARM.attributes
                0x00000bb5       0x1d d:/program files (x86)/gnu arm embedded toolchain/10 2021.10/bin/../lib/gcc/arm-none-eabi/10.3.1/thumb/v7-m/nofp/crtn.o
OUTPUT(build/CLOCK_STM32F103C8T6_WIFI.elf elf32-littlearm)
LOAD linker stubs
LOAD d:/program files (x86)/gnu arm embedded toolchain/10 2021.10/bin/../lib/gcc/arm-none-eabi/10.3.1/../../../../arm-none-eabi/lib/thumb/v7-m/nofp\libc.a
LOAD d:/program files (x86)/gnu arm embedded toolchain/10 2021.10/bin/../lib/gcc/arm-none-eabi/10.3.1/../../../../arm-none-eabi/lib/thumb/v7-m/nofp\libm.a
LOAD d:/program files (x86)/gnu arm embedded toolchain/10 2021.10/bin/../lib/gcc/arm-none-eabi/10.3.1/thumb/v7-m/nofp\libgcc.a

.debug_info     0x00000000    0x1c7f4
 .debug_info    0x00000000     0x183f build/main.o
 .debug_info    0x0000183f      0x3e7 build/gpio.o
 .debug_info    0x00001c26      0x178 build/dma.o
 .debug_info    0x00001d9e      0x6f5 build/rtc.o
 .debug_info    0x00002493      0xabd build/tim.o
 .debug_info    0x00002f50      0xd2c build/usart.o
 .debug_info    0x00003c7c      0xe60 build/stm32f1xx_it.o
 .debug_info    0x00004adc      0x25a build/stm32f1xx_hal_msp.o
 .debug_info    0x00004d36     0x273e build/stm32f1xx_hal_rtc.o
 .debug_info    0x00007474      0x926 build/stm32f1xx_hal_rtc_ex.o
 .debug_info    0x00007d9a      0x8cc build/stm32f1xx_hal.o
 .debug_info    0x00008666      0xe44 build/stm32f1xx_hal_rcc.o
 .debug_info    0x000094aa      0x517 build/stm32f1xx_hal_rcc_ex.o
 .debug_info    0x000099c1      0x932 build/stm32f1xx_hal_gpio.o
 .debug_info    0x0000a2f3      0xa4e build/stm32f1xx_hal_dma.o
 .debug_info    0x0000ad41      0xf86 build/stm32f1xx_hal_cortex.o
 .debug_info    0x0000bcc7      0x83b build/stm32f1xx_hal_pwr.o
 .debug_info    0x0000c502     0x6e6b build/stm32f1xx_hal_tim.o
 .debug_info    0x0001336d     0x2624 build/stm32f1xx_hal_tim_ex.o
 .debug_info    0x00015991     0x229f build/stm32f1xx_hal_uart.o
 .debug_info    0x00017c30      0x459 build/system_stm32f1xx.o
 .debug_info    0x00018089     0x1353 build/emw3060_at.o
 .debug_info    0x000193dc     0x1c85 build/htu21d.o
 .debug_info    0x0001b061      0xbec build/hub75d.o
 .debug_info    0x0001bc4d      0x31b build/lunar_calendar.o
 .debug_info    0x0001bf68      0x86a build/time.o
 .debug_info    0x0001c7d2       0x22 build/startup_stm32f103xb.o

.debug_abbrev   0x00000000     0x40e9
 .debug_abbrev  0x00000000      0x2af build/main.o
 .debug_abbrev  0x000002af      0x148 build/gpio.o
 .debug_abbrev  0x000003f7       0xb4 build/dma.o
 .debug_abbrev  0x000004ab      0x1b2 build/rtc.o
 .debug_abbrev  0x0000065d      0x20e build/tim.o
 .debug_abbrev  0x0000086b      0x28f build/usart.o
 .debug_abbrev  0x00000afa      0x24d build/stm32f1xx_it.o
 .debug_abbrev  0x00000d47      0x114 build/stm32f1xx_hal_msp.o
 .debug_abbrev  0x00000e5b      0x346 build/stm32f1xx_hal_rtc.o
 .debug_abbrev  0x000011a1      0x267 build/stm32f1xx_hal_rtc_ex.o
 .debug_abbrev  0x00001408      0x259 build/stm32f1xx_hal.o
 .debug_abbrev  0x00001661      0x333 build/stm32f1xx_hal_rcc.o
 .debug_abbrev  0x00001994      0x1f0 build/stm32f1xx_hal_rcc_ex.o
 .debug_abbrev  0x00001b84      0x23f build/stm32f1xx_hal_gpio.o
 .debug_abbrev  0x00001dc3      0x279 build/stm32f1xx_hal_dma.o
 .debug_abbrev  0x0000203c      0x3bc build/stm32f1xx_hal_cortex.o
 .debug_abbrev  0x000023f8      0x20b build/stm32f1xx_hal_pwr.o
 .debug_abbrev  0x00002603      0x374 build/stm32f1xx_hal_tim.o
 .debug_abbrev  0x00002977      0x2f7 build/stm32f1xx_hal_tim_ex.o
 .debug_abbrev  0x00002c6e      0x3de build/stm32f1xx_hal_uart.o
 .debug_abbrev  0x0000304c      0x140 build/system_stm32f1xx.o
 .debug_abbrev  0x0000318c      0x33c build/emw3060_at.o
 .debug_abbrev  0x000034c8      0x411 build/htu21d.o
 .debug_abbrev  0x000038d9      0x36e build/hub75d.o
 .debug_abbrev  0x00003c47      0x183 build/lunar_calendar.o
 .debug_abbrev  0x00003dca      0x30d build/time.o
 .debug_abbrev  0x000040d7       0x12 build/startup_stm32f103xb.o

.debug_loc      0x00000000    0x181b6
 .debug_loc     0x00000000       0xd6 build/main.o
 .debug_loc     0x000000d6       0x38 build/gpio.o
 .debug_loc     0x0000010e       0x2c build/dma.o
 .debug_loc     0x0000013a       0xde build/rtc.o
 .debug_loc     0x00000218       0xad build/tim.o
 .debug_loc     0x000002c5      0x2ae build/usart.o
 .debug_loc     0x00000573       0x84 build/stm32f1xx_it.o
 .debug_loc     0x000005f7       0x4d build/stm32f1xx_hal_msp.o
 .debug_loc     0x00000644     0x30eb build/stm32f1xx_hal_rtc.o
 .debug_loc     0x0000372f      0x950 build/stm32f1xx_hal_rtc_ex.o
 .debug_loc     0x0000407f      0x1da build/stm32f1xx_hal.o
 .debug_loc     0x00004259      0xabb build/stm32f1xx_hal_rcc.o
 .debug_loc     0x00004d14      0x447 build/stm32f1xx_hal_rcc_ex.o
 .debug_loc     0x0000515b      0x7dc build/stm32f1xx_hal_gpio.o
 .debug_loc     0x00005937      0xc52 build/stm32f1xx_hal_dma.o
 .debug_loc     0x00006589      0x934 build/stm32f1xx_hal_cortex.o
 .debug_loc     0x00006ebd      0x295 build/stm32f1xx_hal_pwr.o
 .debug_loc     0x00007152     0x92fd build/stm32f1xx_hal_tim.o
 .debug_loc     0x0001044f     0x26d3 build/stm32f1xx_hal_tim_ex.o
 .debug_loc     0x00012b22     0x276a build/stm32f1xx_hal_uart.o
 .debug_loc     0x0001528c      0x113 build/system_stm32f1xx.o
 .debug_loc     0x0001539f     0x13da build/emw3060_at.o
 .debug_loc     0x00016779      0x769 build/htu21d.o
 .debug_loc     0x00016ee2      0x784 build/hub75d.o
 .debug_loc     0x00017666      0x56c build/lunar_calendar.o
 .debug_loc     0x00017bd2      0x5e4 build/time.o

.debug_aranges  0x00000000      0xdb8
 .debug_aranges
                0x00000000       0x50 build/main.o
 .debug_aranges
                0x00000050       0x20 build/gpio.o
 .debug_aranges
                0x00000070       0x20 build/dma.o
 .debug_aranges
                0x00000090       0x30 build/rtc.o
 .debug_aranges
                0x000000c0       0x30 build/tim.o
 .debug_aranges
                0x000000f0       0x50 build/usart.o
 .debug_aranges
                0x00000140       0x78 build/stm32f1xx_it.o
 .debug_aranges
                0x000001b8       0x20 build/stm32f1xx_hal_msp.o
 .debug_aranges
                0x000001d8       0xa0 build/stm32f1xx_hal_rtc.o
 .debug_aranges
                0x00000278       0x78 build/stm32f1xx_hal_rtc_ex.o
 .debug_aranges
                0x000002f0       0xd8 build/stm32f1xx_hal.o
 .debug_aranges
                0x000003c8       0x88 build/stm32f1xx_hal_rcc.o
 .debug_aranges
                0x00000450       0x30 build/stm32f1xx_hal_rcc_ex.o
 .debug_aranges
                0x00000480       0x58 build/stm32f1xx_hal_gpio.o
 .debug_aranges
                0x000004d8       0x78 build/stm32f1xx_hal_dma.o
 .debug_aranges
                0x00000550       0x90 build/stm32f1xx_hal_cortex.o
 .debug_aranges
                0x000005e0       0xa8 build/stm32f1xx_hal_pwr.o
 .debug_aranges
                0x00000688      0x2c8 build/stm32f1xx_hal_tim.o
 .debug_aranges
                0x00000950      0x140 build/stm32f1xx_hal_tim_ex.o
 .debug_aranges
                0x00000a90      0x190 build/stm32f1xx_hal_uart.o
 .debug_aranges
                0x00000c20       0x28 build/system_stm32f1xx.o
 .debug_aranges
                0x00000c48       0x38 build/emw3060_at.o
 .debug_aranges
                0x00000c80       0x58 build/htu21d.o
 .debug_aranges
                0x00000cd8       0x40 build/hub75d.o
 .debug_aranges
                0x00000d18       0x28 build/lunar_calendar.o
 .debug_aranges
                0x00000d40       0x50 build/time.o
 .debug_aranges
                0x00000d90       0x28 build/startup_stm32f103xb.o

.debug_ranges   0x00000000     0x3320
 .debug_ranges  0x00000000       0x40 build/main.o
 .debug_ranges  0x00000040       0x68 build/gpio.o
 .debug_ranges  0x000000a8       0x28 build/dma.o
 .debug_ranges  0x000000d0       0x40 build/rtc.o
 .debug_ranges  0x00000110       0x38 build/tim.o
 .debug_ranges  0x00000148       0x98 build/usart.o
 .debug_ranges  0x000001e0       0x68 build/stm32f1xx_it.o
 .debug_ranges  0x00000248       0x38 build/stm32f1xx_hal_msp.o
 .debug_ranges  0x00000280      0x4d0 build/stm32f1xx_hal_rtc.o
 .debug_ranges  0x00000750       0x68 build/stm32f1xx_hal_rtc_ex.o
 .debug_ranges  0x000007b8       0xc8 build/stm32f1xx_hal.o
 .debug_ranges  0x00000880      0x138 build/stm32f1xx_hal_rcc.o
 .debug_ranges  0x000009b8       0x68 build/stm32f1xx_hal_rcc_ex.o
 .debug_ranges  0x00000a20       0x70 build/stm32f1xx_hal_gpio.o
 .debug_ranges  0x00000a90       0xb0 build/stm32f1xx_hal_dma.o
 .debug_ranges  0x00000b40      0x168 build/stm32f1xx_hal_cortex.o
 .debug_ranges  0x00000ca8       0x98 build/stm32f1xx_hal_pwr.o
 .debug_ranges  0x00000d40     0x1270 build/stm32f1xx_hal_tim.o
 .debug_ranges  0x00001fb0      0x330 build/stm32f1xx_hal_tim_ex.o
 .debug_ranges  0x000022e0      0x3e0 build/stm32f1xx_hal_uart.o
 .debug_ranges  0x000026c0       0x18 build/system_stm32f1xx.o
 .debug_ranges  0x000026d8      0x470 build/emw3060_at.o
 .debug_ranges  0x00002b48      0x560 build/htu21d.o
 .debug_ranges  0x000030a8      0x170 build/hub75d.o
 .debug_ranges  0x00003218       0x40 build/lunar_calendar.o
 .debug_ranges  0x00003258       0xa8 build/time.o
 .debug_ranges  0x00003300       0x20 build/startup_stm32f103xb.o

.debug_line     0x00000000    0x18ce7
 .debug_line    0x00000000      0x5a4 build/main.o
 .debug_line    0x000005a4      0x253 build/gpio.o
 .debug_line    0x000007f7      0x162 build/dma.o
 .debug_line    0x00000959      0x2ec build/rtc.o
 .debug_line    0x00000c45      0x305 build/tim.o
 .debug_line    0x00000f4a      0x4f4 build/usart.o
 .debug_line    0x0000143e      0x3be build/stm32f1xx_it.o
 .debug_line    0x000017fc      0x1c3 build/stm32f1xx_hal_msp.o
 .debug_line    0x000019bf     0x1e8e build/stm32f1xx_hal_rtc.o
 .debug_line    0x0000384d      0x901 build/stm32f1xx_hal_rtc_ex.o
 .debug_line    0x0000414e      0x596 build/stm32f1xx_hal.o
 .debug_line    0x000046e4      0xf9d build/stm32f1xx_hal_rcc.o
 .debug_line    0x00005681      0x570 build/stm32f1xx_hal_rcc_ex.o
 .debug_line    0x00005bf1      0x85a build/stm32f1xx_hal_gpio.o
 .debug_line    0x0000644b      0xdb3 build/stm32f1xx_hal_dma.o
 .debug_line    0x000071fe      0x7e2 build/stm32f1xx_hal_cortex.o
 .debug_line    0x000079e0      0x57b build/stm32f1xx_hal_pwr.o
 .debug_line    0x00007f5b     0x88d6 build/stm32f1xx_hal_tim.o
 .debug_line    0x00010831     0x2853 build/stm32f1xx_hal_tim_ex.o
 .debug_line    0x00013084     0x2ab9 build/stm32f1xx_hal_uart.o
 .debug_line    0x00015b3d      0x297 build/system_stm32f1xx.o
 .debug_line    0x00015dd4      0xaa6 build/emw3060_at.o
 .debug_line    0x0001687a     0x1284 build/htu21d.o
 .debug_line    0x00017afe      0x8aa build/hub75d.o
 .debug_line    0x000183a8      0x29c build/lunar_calendar.o
 .debug_line    0x00018644      0x62e build/time.o
 .debug_line    0x00018c72       0x75 build/startup_stm32f103xb.o

.debug_str      0x00000000     0x473d
 .debug_str     0x00000000     0x107f build/main.o
                               0x1162 (size before relaxing)
 .debug_str     0x0000107f       0x90 build/gpio.o
                                0x249 (size before relaxing)
 .debug_str     0x0000110f        0xf build/dma.o
                                0x1af (size before relaxing)
 .debug_str     0x0000111e       0xd0 build/rtc.o
                                0x6e9 (size before relaxing)
 .debug_str     0x000011ee      0x139 build/tim.o
                                0xabd (size before relaxing)
 .debug_str     0x00001327      0x12c build/usart.o
                                0xa8f (size before relaxing)
 .debug_str     0x00001453      0x1b6 build/stm32f1xx_it.o
                                0xb3a (size before relaxing)
 .debug_str     0x00001609       0x74 build/stm32f1xx_hal_msp.o
                                0x208 (size before relaxing)
 .debug_str     0x0000167d      0x324 build/stm32f1xx_hal_rtc.o
                                0x6e9 (size before relaxing)
 .debug_str     0x000019a1      0x1ef build/stm32f1xx_hal_rtc_ex.o
                                0x57b (size before relaxing)
 .debug_str     0x00001b90      0x2cc build/stm32f1xx_hal.o
                                0x810 (size before relaxing)
 .debug_str     0x00001e5c      0x1fe build/stm32f1xx_hal_rcc.o
                                0x605 (size before relaxing)
 .debug_str     0x0000205a       0x81 build/stm32f1xx_hal_rcc_ex.o
                                0x3ad (size before relaxing)
 .debug_str     0x000020db       0xa9 build/stm32f1xx_hal_gpio.o
                                0x3ec (size before relaxing)
 .debug_str     0x00002184      0x208 build/stm32f1xx_hal_dma.o
                                0x5e9 (size before relaxing)
 .debug_str     0x0000238c      0x39b build/stm32f1xx_hal_cortex.o
                                0x8ad (size before relaxing)
 .debug_str     0x00002727      0x1f2 build/stm32f1xx_hal_pwr.o
                                0x475 (size before relaxing)
 .debug_str     0x00002919      0xe11 build/stm32f1xx_hal_tim.o
                               0x1624 (size before relaxing)
 .debug_str     0x0000372a      0x521 build/stm32f1xx_hal_tim_ex.o
                                0xe25 (size before relaxing)
 .debug_str     0x00003c4b      0x55d build/stm32f1xx_hal_uart.o
                                0xc68 (size before relaxing)
 .debug_str     0x000041a8       0x4f build/system_stm32f1xx.o
                                0x27e (size before relaxing)
 .debug_str     0x000041f7      0x10b build/emw3060_at.o
                                0x727 (size before relaxing)
 .debug_str     0x00004302      0x167 build/htu21d.o
                                0x3eb (size before relaxing)
 .debug_str     0x00004469      0x1de build/hub75d.o
                                0x41e (size before relaxing)
 .debug_str     0x00004647       0x70 build/lunar_calendar.o
                                0x1e3 (size before relaxing)
 .debug_str     0x000046b7       0x62 build/time.o
                                0x44d (size before relaxing)
 .debug_str     0x00004719       0x24 build/startup_stm32f103xb.o
                                 0x3f (size before relaxing)

.comment        0x00000000       0x49
 .comment       0x00000000       0x49 build/main.o
                                 0x4a (size before relaxing)
 .comment       0x00000049       0x4a build/gpio.o
 .comment       0x00000049       0x4a build/dma.o
 .comment       0x00000049       0x4a build/rtc.o
 .comment       0x00000049       0x4a build/tim.o
 .comment       0x00000049       0x4a build/usart.o
 .comment       0x00000049       0x4a build/stm32f1xx_it.o
 .comment       0x00000049       0x4a build/stm32f1xx_hal_msp.o
 .comment       0x00000049       0x4a build/stm32f1xx_hal_rtc.o
 .comment       0x00000049       0x4a build/stm32f1xx_hal_rtc_ex.o
 .comment       0x00000049       0x4a build/stm32f1xx_hal.o
 .comment       0x00000049       0x4a build/stm32f1xx_hal_rcc.o
 .comment       0x00000049       0x4a build/stm32f1xx_hal_rcc_ex.o
 .comment       0x00000049       0x4a build/stm32f1xx_hal_gpio.o
 .comment       0x00000049       0x4a build/stm32f1xx_hal_dma.o
 .comment       0x00000049       0x4a build/stm32f1xx_hal_cortex.o
 .comment       0x00000049       0x4a build/stm32f1xx_hal_pwr.o
 .comment       0x00000049       0x4a build/stm32f1xx_hal_tim.o
 .comment       0x00000049       0x4a build/stm32f1xx_hal_tim_ex.o
 .comment       0x00000049       0x4a build/stm32f1xx_hal_uart.o
 .comment       0x00000049       0x4a build/system_stm32f1xx.o
 .comment       0x00000049       0x4a build/emw3060_at.o
 .comment       0x00000049       0x4a build/htu21d.o
 .comment       0x00000049       0x4a build/hub75d.o
 .comment       0x00000049       0x4a build/lunar_calendar.o
 .comment       0x00000049       0x4a build/time.o

.debug_frame    0x00000000     0x361c
 .debug_frame   0x00000000       0xb8 build/main.o
 .debug_frame   0x000000b8       0x34 build/gpio.o
 .debug_frame   0x000000ec       0x28 build/dma.o
 .debug_frame   0x00000114       0x64 build/rtc.o
 .debug_frame   0x00000178       0x60 build/tim.o
 .debug_frame   0x000001d8       0xe4 build/usart.o
 .debug_frame   0x000002bc      0x124 build/stm32f1xx_it.o
 .debug_frame   0x000003e0       0x2c build/stm32f1xx_hal_msp.o
 .debug_frame   0x0000040c      0x2e8 build/stm32f1xx_hal_rtc.o
 .debug_frame   0x000006f4      0x194 build/stm32f1xx_hal_rtc_ex.o
 .debug_frame   0x00000888      0x1d4 build/stm32f1xx_hal.o
 .debug_frame   0x00000a5c      0x1c4 build/stm32f1xx_hal_rcc.o
 .debug_frame   0x00000c20       0x78 build/stm32f1xx_hal_rcc_ex.o
 .debug_frame   0x00000c98      0x110 build/stm32f1xx_hal_gpio.o
 .debug_frame   0x00000da8      0x16c build/stm32f1xx_hal_dma.o
 .debug_frame   0x00000f14      0x150 build/stm32f1xx_hal_cortex.o
 .debug_frame   0x00001064      0x164 build/stm32f1xx_hal_pwr.o
 .debug_frame   0x000011c8      0xbc4 build/stm32f1xx_hal_tim.o
 .debug_frame   0x00001d8c      0x450 build/stm32f1xx_hal_tim_ex.o
 .debug_frame   0x000021dc      0x5f0 build/stm32f1xx_hal_uart.o
 .debug_frame   0x000027cc       0x3c build/system_stm32f1xx.o
 .debug_frame   0x00002808       0xa4 build/emw3060_at.o
 .debug_frame   0x000028ac      0x10c build/htu21d.o
 .debug_frame   0x000029b8       0x8c build/hub75d.o
 .debug_frame   0x00002a44       0x48 build/lunar_calendar.o
 .debug_frame   0x00002a8c       0xd0 build/time.o
 .debug_frame   0x00002b5c       0x2c d:/program files (x86)/gnu arm embedded toolchain/10 2021.10/bin/../lib/gcc/arm-none-eabi/10.3.1/../../../../arm-none-eabi/lib/thumb/v7-m/nofp\libc_nano.a(lib_a-init.o)
 .debug_frame   0x00002b88       0x20 d:/program files (x86)/gnu arm embedded toolchain/10 2021.10/bin/../lib/gcc/arm-none-eabi/10.3.1/../../../../arm-none-eabi/lib/thumb/v7-m/nofp\libc_nano.a(lib_a-memset.o)
 .debug_frame   0x00002ba8       0x74 d:/program files (x86)/gnu arm embedded toolchain/10 2021.10/bin/../lib/gcc/arm-none-eabi/10.3.1/../../../../arm-none-eabi/lib/thumb/v7-m/nofp\libc_nano.a(lib_a-printf.o)
 .debug_frame   0x00002c1c       0x3c d:/program files (x86)/gnu arm embedded toolchain/10 2021.10/bin/../lib/gcc/arm-none-eabi/10.3.1/../../../../arm-none-eabi/lib/thumb/v7-m/nofp\libc_nano.a(lib_a-puts.o)
 .debug_frame   0x00002c58       0x2c d:/program files (x86)/gnu arm embedded toolchain/10 2021.10/bin/../lib/gcc/arm-none-eabi/10.3.1/../../../../arm-none-eabi/lib/thumb/v7-m/nofp\libc_nano.a(lib_a-strstr.o)
 .debug_frame   0x00002c84       0x40 d:/program files (x86)/gnu arm embedded toolchain/10 2021.10/bin/../lib/gcc/arm-none-eabi/10.3.1/../../../../arm-none-eabi/lib/thumb/v7-m/nofp\libc_nano.a(lib_a-wbuf.o)
 .debug_frame   0x00002cc4       0x2c d:/program files (x86)/gnu arm embedded toolchain/10 2021.10/bin/../lib/gcc/arm-none-eabi/10.3.1/../../../../arm-none-eabi/lib/thumb/v7-m/nofp\libc_nano.a(lib_a-wsetup.o)
 .debug_frame   0x00002cf0       0x5c d:/program files (x86)/gnu arm embedded toolchain/10 2021.10/bin/../lib/gcc/arm-none-eabi/10.3.1/../../../../arm-none-eabi/lib/thumb/v7-m/nofp\libc_nano.a(lib_a-fflush.o)
 .debug_frame   0x00002d4c      0x14c d:/program files (x86)/gnu arm embedded toolchain/10 2021.10/bin/../lib/gcc/arm-none-eabi/10.3.1/../../../../arm-none-eabi/lib/thumb/v7-m/nofp\libc_nano.a(lib_a-findfp.o)
 .debug_frame   0x00002e98       0x54 d:/program files (x86)/gnu arm embedded toolchain/10 2021.10/bin/../lib/gcc/arm-none-eabi/10.3.1/../../../../arm-none-eabi/lib/thumb/v7-m/nofp\libc_nano.a(lib_a-fwalk.o)
 .debug_frame   0x00002eec       0xb0 d:/program files (x86)/gnu arm embedded toolchain/10 2021.10/bin/../lib/gcc/arm-none-eabi/10.3.1/../../../../arm-none-eabi/lib/thumb/v7-m/nofp\libc_nano.a(lib_a-lock.o)
 .debug_frame   0x00002f9c       0x58 d:/program files (x86)/gnu arm embedded toolchain/10 2021.10/bin/../lib/gcc/arm-none-eabi/10.3.1/../../../../arm-none-eabi/lib/thumb/v7-m/nofp\libc_nano.a(lib_a-makebuf.o)
 .debug_frame   0x00002ff4       0x38 d:/program files (x86)/gnu arm embedded toolchain/10 2021.10/bin/../lib/gcc/arm-none-eabi/10.3.1/../../../../arm-none-eabi/lib/thumb/v7-m/nofp\libc_nano.a(lib_a-nano-freer.o)
 .debug_frame   0x0000302c       0x4c d:/program files (x86)/gnu arm embedded toolchain/10 2021.10/bin/../lib/gcc/arm-none-eabi/10.3.1/../../../../arm-none-eabi/lib/thumb/v7-m/nofp\libc_nano.a(lib_a-nano-mallocr.o)
 .debug_frame   0x00003078       0xac d:/program files (x86)/gnu arm embedded toolchain/10 2021.10/bin/../lib/gcc/arm-none-eabi/10.3.1/../../../../arm-none-eabi/lib/thumb/v7-m/nofp\libc_nano.a(lib_a-nano-vfprintf.o)
 .debug_frame   0x00003124       0x60 d:/program files (x86)/gnu arm embedded toolchain/10 2021.10/bin/../lib/gcc/arm-none-eabi/10.3.1/../../../../arm-none-eabi/lib/thumb/v7-m/nofp\libc_nano.a(lib_a-nano-vfprintf_i.o)
 .debug_frame   0x00003184       0x2c d:/program files (x86)/gnu arm embedded toolchain/10 2021.10/bin/../lib/gcc/arm-none-eabi/10.3.1/../../../../arm-none-eabi/lib/thumb/v7-m/nofp\libc_nano.a(lib_a-sbrkr.o)
 .debug_frame   0x000031b0       0x88 d:/program files (x86)/gnu arm embedded toolchain/10 2021.10/bin/../lib/gcc/arm-none-eabi/10.3.1/../../../../arm-none-eabi/lib/thumb/v7-m/nofp\libc_nano.a(lib_a-stdio.o)
 .debug_frame   0x00003238       0x2c d:/program files (x86)/gnu arm embedded toolchain/10 2021.10/bin/../lib/gcc/arm-none-eabi/10.3.1/../../../../arm-none-eabi/lib/thumb/v7-m/nofp\libc_nano.a(lib_a-writer.o)
 .debug_frame   0x00003264       0x2c d:/program files (x86)/gnu arm embedded toolchain/10 2021.10/bin/../lib/gcc/arm-none-eabi/10.3.1/../../../../arm-none-eabi/lib/thumb/v7-m/nofp\libc_nano.a(lib_a-closer.o)
 .debug_frame   0x00003290       0x2c d:/program files (x86)/gnu arm embedded toolchain/10 2021.10/bin/../lib/gcc/arm-none-eabi/10.3.1/../../../../arm-none-eabi/lib/thumb/v7-m/nofp\libc_nano.a(lib_a-fstatr.o)
 .debug_frame   0x000032bc       0x2c d:/program files (x86)/gnu arm embedded toolchain/10 2021.10/bin/../lib/gcc/arm-none-eabi/10.3.1/../../../../arm-none-eabi/lib/thumb/v7-m/nofp\libc_nano.a(lib_a-isattyr.o)
 .debug_frame   0x000032e8       0x2c d:/program files (x86)/gnu arm embedded toolchain/10 2021.10/bin/../lib/gcc/arm-none-eabi/10.3.1/../../../../arm-none-eabi/lib/thumb/v7-m/nofp\libc_nano.a(lib_a-lseekr.o)
 .debug_frame   0x00003314       0x28 d:/program files (x86)/gnu arm embedded toolchain/10 2021.10/bin/../lib/gcc/arm-none-eabi/10.3.1/../../../../arm-none-eabi/lib/thumb/v7-m/nofp\libc_nano.a(lib_a-memchr-stub.o)
 .debug_frame   0x0000333c       0x30 d:/program files (x86)/gnu arm embedded toolchain/10 2021.10/bin/../lib/gcc/arm-none-eabi/10.3.1/../../../../arm-none-eabi/lib/thumb/v7-m/nofp\libc_nano.a(lib_a-mlock.o)
 .debug_frame   0x0000336c       0x2c d:/program files (x86)/gnu arm embedded toolchain/10 2021.10/bin/../lib/gcc/arm-none-eabi/10.3.1/../../../../arm-none-eabi/lib/thumb/v7-m/nofp\libc_nano.a(lib_a-readr.o)
 .debug_frame   0x00003398       0x5c d:/program files (x86)/gnu arm embedded toolchain/10 2021.10/bin/../lib/gcc/arm-none-eabi/10.3.1/../../../../arm-none-eabi/lib/thumb/v7-m/nofp\libc_nano.a(lib_a-reent.o)
 .debug_frame   0x000033f4       0x20 d:/program files (x86)/gnu arm embedded toolchain/10 2021.10/bin/../lib/gcc/arm-none-eabi/10.3.1/../../../../arm-none-eabi/lib/thumb/v7-m/nofp\libnosys.a(close.o)
 .debug_frame   0x00003414       0x20 d:/program files (x86)/gnu arm embedded toolchain/10 2021.10/bin/../lib/gcc/arm-none-eabi/10.3.1/../../../../arm-none-eabi/lib/thumb/v7-m/nofp\libnosys.a(fstat.o)
 .debug_frame   0x00003434       0x20 d:/program files (x86)/gnu arm embedded toolchain/10 2021.10/bin/../lib/gcc/arm-none-eabi/10.3.1/../../../../arm-none-eabi/lib/thumb/v7-m/nofp\libnosys.a(isatty.o)
 .debug_frame   0x00003454       0x20 d:/program files (x86)/gnu arm embedded toolchain/10 2021.10/bin/../lib/gcc/arm-none-eabi/10.3.1/../../../../arm-none-eabi/lib/thumb/v7-m/nofp\libnosys.a(lseek.o)
 .debug_frame   0x00003474       0x20 d:/program files (x86)/gnu arm embedded toolchain/10 2021.10/bin/../lib/gcc/arm-none-eabi/10.3.1/../../../../arm-none-eabi/lib/thumb/v7-m/nofp\libnosys.a(read.o)
 .debug_frame   0x00003494       0x20 d:/program files (x86)/gnu arm embedded toolchain/10 2021.10/bin/../lib/gcc/arm-none-eabi/10.3.1/../../../../arm-none-eabi/lib/thumb/v7-m/nofp\libnosys.a(sbrk.o)
 .debug_frame   0x000034b4       0x20 d:/program files (x86)/gnu arm embedded toolchain/10 2021.10/bin/../lib/gcc/arm-none-eabi/10.3.1/../../../../arm-none-eabi/lib/thumb/v7-m/nofp\libnosys.a(write.o)
 .debug_frame   0x000034d4       0x30 d:/program files (x86)/gnu arm embedded toolchain/10 2021.10/bin/../lib/gcc/arm-none-eabi/10.3.1/thumb/v7-m/nofp\libgcc.a(_arm_muldf3.o)
 .debug_frame   0x00003504       0xac d:/program files (x86)/gnu arm embedded toolchain/10 2021.10/bin/../lib/gcc/arm-none-eabi/10.3.1/thumb/v7-m/nofp\libgcc.a(_arm_addsubdf3.o)
 .debug_frame   0x000035b0       0x24 d:/program files (x86)/gnu arm embedded toolchain/10 2021.10/bin/../lib/gcc/arm-none-eabi/10.3.1/thumb/v7-m/nofp\libgcc.a(_arm_truncdfsf2.o)
 .debug_frame   0x000035d4       0x24 d:/program files (x86)/gnu arm embedded toolchain/10 2021.10/bin/../lib/gcc/arm-none-eabi/10.3.1/thumb/v7-m/nofp\libgcc.a(_arm_fixsfsi.o)
 .debug_frame   0x000035f8       0x24 d:/program files (x86)/gnu arm embedded toolchain/10 2021.10/bin/../lib/gcc/arm-none-eabi/10.3.1/thumb/v7-m/nofp\libgcc.a(_arm_fixunssfsi.o)

.stab           0x00000000       0x9c
 .stab          0x00000000       0x24 d:/program files (x86)/gnu arm embedded toolchain/10 2021.10/bin/../lib/gcc/arm-none-eabi/10.3.1/../../../../arm-none-eabi/lib/thumb/v7-m/nofp\libnosys.a(close.o)
 .stab          0x00000024       0x18 d:/program files (x86)/gnu arm embedded toolchain/10 2021.10/bin/../lib/gcc/arm-none-eabi/10.3.1/../../../../arm-none-eabi/lib/thumb/v7-m/nofp\libnosys.a(fstat.o)
                                 0x24 (size before relaxing)
 .stab          0x0000003c       0x18 d:/program files (x86)/gnu arm embedded toolchain/10 2021.10/bin/../lib/gcc/arm-none-eabi/10.3.1/../../../../arm-none-eabi/lib/thumb/v7-m/nofp\libnosys.a(isatty.o)