Archive member included to satisfy reference by file (symbol)

d:/program files (x86)/gnu arm embedded toolchain/10 2021.10/bin/../lib/gcc/arm-none-eabi/10.3.1/../../../../arm-none-eabi/lib/thumb/v7-m/nofp\libc_nano.a(lib_a-exit.o)
                              d:/program files (x86)/gnu arm embedded toolchain/10 2021.10/bin/../lib/gcc/arm-none-eabi/10.3.1/../../../../arm-none-eabi/lib/thumb/v7-m/nofp/crt0.o (exit)
d:/program files (x86)/gnu arm embedded toolchain/10 2021.10/bin/../lib/gcc/arm-none-eabi/10.3.1/../../../../arm-none-eabi/lib/thumb/v7-m/nofp\libc_nano.a(lib_a-impure.o)
                              d:/program files (x86)/gnu arm embedded toolchain/10 2021.10/bin/../lib/gcc/arm-none-eabi/10.3.1/../../../../arm-none-eabi/lib/thumb/v7-m/nofp\libc_nano.a(lib_a-exit.o) (_global_impure_ptr)
d:/program files (x86)/gnu arm embedded toolchain/10 2021.10/bin/../lib/gcc/arm-none-eabi/10.3.1/../../../../arm-none-eabi/lib/thumb/v7-m/nofp\libc_nano.a(lib_a-init.o)
                              d:/program files (x86)/gnu arm embedded toolchain/10 2021.10/bin/../lib/gcc/arm-none-eabi/10.3.1/../../../../arm-none-eabi/lib/thumb/v7-m/nofp/crt0.o (__libc_init_array)
d:/program files (x86)/gnu arm embedded toolchain/10 2021.10/bin/../lib/gcc/arm-none-eabi/10.3.1/../../../../arm-none-eabi/lib/thumb/v7-m/nofp\libc_nano.a(lib_a-memset.o)
                              d:/program files (x86)/gnu arm embedded toolchain/10 2021.10/bin/../lib/gcc/arm-none-eabi/10.3.1/../../../../arm-none-eabi/lib/thumb/v7-m/nofp/crt0.o (memset)
d:/program files (x86)/gnu arm embedded toolchain/10 2021.10/bin/../lib/gcc/arm-none-eabi/10.3.1/../../../../arm-none-eabi/lib/thumb/v7-m/nofp\libc_nano.a(lib_a-printf.o)
                              build/common.o (printf)
d:/program files (x86)/gnu arm embedded toolchain/10 2021.10/bin/../lib/gcc/arm-none-eabi/10.3.1/../../../../arm-none-eabi/lib/thumb/v7-m/nofp\libc_nano.a(lib_a-puts.o)
                              build/esp8266_at.o (puts)
d:/program files (x86)/gnu arm embedded toolchain/10 2021.10/bin/../lib/gcc/arm-none-eabi/10.3.1/../../../../arm-none-eabi/lib/thumb/v7-m/nofp\libc_nano.a(lib_a-strlen.o)
                              build/tiny_vsnprintf.o (strlen)
d:/program files (x86)/gnu arm embedded toolchain/10 2021.10/bin/../lib/gcc/arm-none-eabi/10.3.1/../../../../arm-none-eabi/lib/thumb/v7-m/nofp\libc_nano.a(lib_a-strstr.o)
                              build/esp8266_at.o (strstr)
d:/program files (x86)/gnu arm embedded toolchain/10 2021.10/bin/../lib/gcc/arm-none-eabi/10.3.1/../../../../arm-none-eabi/lib/thumb/v7-m/nofp\libc_nano.a(lib_a-wbuf.o)
                              d:/program files (x86)/gnu arm embedded toolchain/10 2021.10/bin/../lib/gcc/arm-none-eabi/10.3.1/../../../../arm-none-eabi/lib/thumb/v7-m/nofp\libc_nano.a(lib_a-puts.o) (__swbuf_r)
d:/program files (x86)/gnu arm embedded toolchain/10 2021.10/bin/../lib/gcc/arm-none-eabi/10.3.1/../../../../arm-none-eabi/lib/thumb/v7-m/nofp\libc_nano.a(lib_a-wsetup.o)
                              d:/program files (x86)/gnu arm embedded toolchain/10 2021.10/bin/../lib/gcc/arm-none-eabi/10.3.1/../../../../arm-none-eabi/lib/thumb/v7-m/nofp\libc_nano.a(lib_a-puts.o) (__swsetup_r)
d:/program files (x86)/gnu arm embedded toolchain/10 2021.10/bin/../lib/gcc/arm-none-eabi/10.3.1/../../../../arm-none-eabi/lib/thumb/v7-m/nofp\libc_nano.a(lib_a-fflush.o)
                              d:/program files (x86)/gnu arm embedded toolchain/10 2021.10/bin/../lib/gcc/arm-none-eabi/10.3.1/../../../../arm-none-eabi/lib/thumb/v7-m/nofp\libc_nano.a(lib_a-wbuf.o) (_fflush_r)
d:/program files (x86)/gnu arm embedded toolchain/10 2021.10/bin/../lib/gcc/arm-none-eabi/10.3.1/../../../../arm-none-eabi/lib/thumb/v7-m/nofp\libc_nano.a(lib_a-findfp.o)
                              d:/program files (x86)/gnu arm embedded toolchain/10 2021.10/bin/../lib/gcc/arm-none-eabi/10.3.1/../../../../arm-none-eabi/lib/thumb/v7-m/nofp\libc_nano.a(lib_a-printf.o) (__sinit)
d:/program files (x86)/gnu arm embedded toolchain/10 2021.10/bin/../lib/gcc/arm-none-eabi/10.3.1/../../../../arm-none-eabi/lib/thumb/v7-m/nofp\libc_nano.a(lib_a-fwalk.o)
                              d:/program files (x86)/gnu arm embedded toolchain/10 2021.10/bin/../lib/gcc/arm-none-eabi/10.3.1/../../../../arm-none-eabi/lib/thumb/v7-m/nofp\libc_nano.a(lib_a-findfp.o) (_fwalk)
d:/program files (x86)/gnu arm embedded toolchain/10 2021.10/bin/../lib/gcc/arm-none-eabi/10.3.1/../../../../arm-none-eabi/lib/thumb/v7-m/nofp\libc_nano.a(lib_a-lock.o)
                              d:/program files (x86)/gnu arm embedded toolchain/10 2021.10/bin/../lib/gcc/arm-none-eabi/10.3.1/../../../../arm-none-eabi/lib/thumb/v7-m/nofp\libc_nano.a(lib_a-findfp.o) (__retarget_lock_init_recursive)
d:/program files (x86)/gnu arm embedded toolchain/10 2021.10/bin/../lib/gcc/arm-none-eabi/10.3.1/../../../../arm-none-eabi/lib/thumb/v7-m/nofp\libc_nano.a(lib_a-makebuf.o)
[...]
Memory Configuration

Name             Origin             Length             Attributes
RAM              0x20000000         0x00005000         xrw
FLASH            0x08000000         0x00010000         xr
*default*        0x00000000         0xffffffff

Linker script and memory map

LOAD d:/program files (x86)/gnu arm embedded toolchain/10 2021.10/bin/../lib/gcc/arm-none-eabi/10.3.1/thumb/v7-m/nofp/crti.o
LOAD d:/program files (x86)/gnu arm embedded toolchain/10 2021.10/bin/../lib/gcc/arm-none-eabi/10.3.1/thumb/v7-m/nofp/crtbegin.o
LOAD d:/program files (x86)/gnu arm embedded toolchain/10 2021.10/bin/../lib/gcc/arm-none-eabi/10.3.1/../../../../arm-none-eabi/lib/thumb/v7-m/nofp/crt0.o
LOAD build/main.o
LOAD build/gpio.o
LOAD build/rtc.o
LOAD build/tim.o
LOAD build/stm32f1xx_it.o
LOAD build/stm32f1xx_hal_msp.o
LOAD build/stm32f1xx_hal_gpio_ex.o
LOAD build/stm32f1xx_hal_rtc.o
LOAD build/stm32f1xx_hal_rtc_ex.o
LOAD build/stm32f1xx_hal.o
LOAD build/stm32f1xx_hal_rcc.o
LOAD build/stm32f1xx_hal_rcc_ex.o
LOAD build/stm32f1xx_hal_gpio.o
LOAD build/stm32f1xx_hal_dma.o
LOAD build/stm32f1xx_hal_cortex.o
LOAD build/stm32f1xx_hal_pwr.o
LOAD build/stm32f1xx_hal_flash.o
LOAD build/stm32f1xx_hal_flash_ex.o
LOAD build/stm32f1xx_hal_exti.o
LOAD build/stm32f1xx_hal_tim.o
LOAD build/stm32f1xx_hal_tim_ex.o
LOAD build/stm32f1xx_hal_uart.o
LOAD build/system_stm32f1xx.o
LOAD build/usart.o
LOAD build/dma.o
LOAD build/common.o
LOAD build/emw3060_at.o
LOAD build/esp8266_at.o
LOAD build/htu21d.o
LOAD build/hub75d.o
LOAD build/lunar_calendar.o
LOAD build/time.o
LOAD build/mem.o
LOAD build/tiny_vsnprintf.o
LOAD build/trace_uart_if.o
LOAD build/trace.o
LOAD build/wifi_uart_if.o
LOAD build/startup_stm32f103xb.o
LOAD d:/program files (x86)/gnu arm embedded toolchain/10 2021.10/bin/../lib/gcc/arm-none-eabi/10.3.1/../../../../arm-none-eabi/lib/thumb/v7-m/nofp\libc_nano.a
LOAD d:/program files (x86)/gnu arm embedded toolchain/10 2021.10/bin/../lib/gcc/arm-none-eabi/10.3.1/../../../../arm-none-eabi/lib/thumb/v7-m/nofp\libm.a
LOAD d:/program files (x86)/gnu arm embedded toolchain/10 2021.10/bin/../lib/gcc/arm-none-eabi/10.3.1/../../../../arm-none-eabi/lib/thumb/v7-m/nofp\libnosys.a
START GROUP
LOAD d:/program files (x86)/gnu arm embedded toolchain/10 2021.10/bin/../lib/gcc/arm-none-eabi/10.3.1/thumb/v7-m/nofp\libgcc.a
LOAD d:/program files (x86)/gnu arm embedded toolchain/10 2021.10/bin/../lib/gcc/arm-none-eabi/10.3.1/../../../../arm-none-eabi/lib/thumb/v7-m/nofp\libc_nano.a
END GROUP
START GROUP
LOAD d:/program files (x86)/gnu arm embedded toolchain/10 2021.10/bin/../lib/gcc/arm-none-eabi/10.3.1/thumb/v7-m/nofp\libgcc.a
LOAD d:/program files (x86)/gnu arm embedded toolchain/10 2021.10/bin/../lib/gcc/arm-none-eabi/10.3.1/../../../../arm-none-eabi/lib/thumb/v7-m/nofp\libc_nano.a
END GROUP
LOAD d:/program files (x86)/gnu arm embedded toolchain/10 2021.10/bin/../lib/gcc/arm-none-eabi/10.3.1/thumb/v7-m/nofp/crtend.o
LOAD d:/program files (x86)/gnu arm embedded toolchain/10 2021.10/bin/../lib/gcc/arm-none-eabi/10.3.1/thumb/v7-m/nofp/crtn.o
                0x20005000                _estack = 0x20005000
                0x00000400                _Min_Heap_Size = 0x400
                0x00000400                _Min_Stack_Size = 0x400

.isr_vector     0x08000000      0x10c
                0x08000000                . = ALIGN (0x4)
 *(.isr_vector)
 .isr_vector    0x08000000      0x10c build/startup_stm32f103xb.o
                0x08000000                g_pfnVectors
                0x0800010c                . = ALIGN (0x4)

.text           0x08000110     0x7074
                0x08000110                . = ALIGN (0x4)
 *(.text)
 .text          0x08000110       0x40 d:/program files (x86)/gnu arm embedded toolchain/10 2021.10/bin/../lib/gcc/arm-none-eabi/10.3.1/thumb/v7-m/nofp/crtbegin.o
 .text          0x08000150      0x254 d:/program files (x86)/gnu arm embedded toolchain/10 2021.10/bin/../lib/gcc/arm-none-eabi/10.3.1/thumb/v7-m/nofp\libgcc.a(_arm_muldf3.o)
                0x08000150                __muldf3
                0x08000150                __aeabi_dmul
 .text          0x080003a4      0x378 d:/program files (x86)/gnu arm embedded toolchain/10 2021.10/bin/../lib/gcc/arm-none-eabi/10.3.1/thumb/v7-m/nofp\libgcc.a(_arm_addsubdf3.o)
                0x080003a4                __aeabi_drsub
                0x080003ac                __aeabi_dsub
                0x080003ac                __subdf3
                0x080003b0                __aeabi_dadd
                0x080003b0                __adddf3
                0x08000628                __floatunsidf
                0x08000628                __aeabi_ui2d
                0x08000648                __floatsidf
                0x08000648                __aeabi_i2d
                0x0800066c                __aeabi_f2d
                0x0800066c                __extendsfdf2
                0x080006b0                __floatundidf
                0x080006b0                __aeabi_ul2d
                0x080006c0                __floatdidf
                0x080006c0                __aeabi_l2d
 .text          0x0800071c       0xa0 d:/program files (x86)/gnu arm embedded toolchain/10 2021.10/bin/../lib/gcc/arm-none-eabi/10.3.1/thumb/v7-m/nofp\libgcc.a(_arm_truncdfsf2.o)
                0x0800071c                __truncdfsf2
                0x0800071c                __aeabi_d2f
 .text          0x080007bc       0x4c d:/program files (x86)/gnu arm embedded toolchain/10 2021.10/bin/../lib/gcc/arm-none-eabi/10.3.1/thumb/v7-m/nofp\libgcc.a(_arm_fixsfsi.o)
                0x080007bc                __aeabi_f2iz
                0x080007bc                __fixsfsi
 .text          0x08000808       0x40 d:/program files (x86)/gnu arm embedded toolchain/10 2021.10/bin/../lib/gcc/arm-none-eabi/10.3.1/thumb/v7-m/nofp\libgcc.a(_arm_fixunssfsi.o)
                0x08000808                __fixunssfsi
                0x08000808                __aeabi_f2uiz
 *(.text*)
 .text.SystemClock_Config
                0x08000848       0x74 build/main.o
                0x08000848                SystemClock_Config
 .text.startup.main
                0x080008bc       0x5c build/main.o
                0x080008bc                main
 .text.Error_Handler
                0x08000918        0x4 build/main.o
                0x08000918                Error_Handler
 .text.assert_failed
                0x0800091c        0x4 build/main.o
                0x0800091c                assert_failed
 .text.MX_GPIO_Init
                0x08000920      0x108 build/gpio.o
                0x08000920                MX_GPIO_Init
 .text.MX_RTC_Init
                0x08000a28       0x74 build/rtc.o
                0x08000a28                MX_RTC_Init
 .text.HAL_RTC_MspInit
                0x08000a9c       0x40 build/rtc.o
                0x08000a9c                HAL_RTC_MspInit
 .text.MX_TIM4_Init
                0x08000adc       0x74 build/tim.o
                0x08000adc                MX_TIM4_Init
 .text.HAL_TIM_Base_MspInit
                0x08000b50       0x2c build/tim.o
                0x08000b50                HAL_TIM_Base_MspInit
 .text.NMI_Handler
                0x08000b7c        0x4 build/stm32f1xx_it.o
                0x08000b7c                NMI_Handler
 .text.HardFault_Handler
                0x08000b80        0x4 build/stm32f1xx_it.o
                0x08000b80                HardFault_Handler
 .text.MemManage_Handler
                0x08000b84        0x4 build/stm32f1xx_it.o
                0x08000b84                MemManage_Handler
 .text.BusFault_Handler
                0x08000b88        0x4 build/stm32f1xx_it.o
                0x08000b88                BusFault_Handler
 .text.UsageFault_Handler
                0x08000b8c        0x4 build/stm32f1xx_it.o
                0x08000b8c                UsageFault_Handler
 .text.SVC_Handler
                0x08000b90        0x4 build/stm32f1xx_it.o
                0x08000b90                SVC_Handler
 .text.DebugMon_Handler
                0x08000b94        0x4 build/stm32f1xx_it.o
                0x08000b94                DebugMon_Handler
 .text.PendSV_Handler
                0x08000b98        0x4 build/stm32f1xx_it.o
                0x08000b98                PendSV_Handler
 .text.SysTick_Handler
                0x08000b9c        0x4 build/stm32f1xx_it.o
                0x08000b9c                SysTick_Handler
 .text.RTC_IRQHandler
                0x08000ba0       0x24 build/stm32f1xx_it.o
                0x08000ba0                RTC_IRQHandler
 .text.EXTI0_IRQHandler
                0x08000bc4        0x8 build/stm32f1xx_it.o
                0x08000bc4                EXTI0_IRQHandler
 .text.DMA1_Channel4_IRQHandler
                0x08000bcc        0xc build/stm32f1xx_it.o
                0x08000bcc                DMA1_Channel4_IRQHandler
 .text.DMA1_Channel5_IRQHandler
                0x08000bd8        0xc build/stm32f1xx_it.o
                0x08000bd8                DMA1_Channel5_IRQHandler
 .text.DMA1_Channel6_IRQHandler
                0x08000be4        0xc build/stm32f1xx_it.o
                0x08000be4                DMA1_Channel6_IRQHandler
 .text.DMA1_Channel7_IRQHandler
                0x08000bf0        0xc build/stm32f1xx_it.o
                0x08000bf0                DMA1_Channel7_IRQHandler
 .text.TIM4_IRQHandler
                0x08000bfc       0x14 build/stm32f1xx_it.o
                0x08000bfc                TIM4_IRQHandler
 .text.USART1_IRQHandler
                0x08000c10       0x18 build/stm32f1xx_it.o
                0x08000c10                USART1_IRQHandler
 .text.USART2_IRQHandler
                0x08000c28       0x18 build/stm32f1xx_it.o
                0x08000c28                USART2_IRQHandler
 .text.HAL_MspInit
                0x08000c40       0x4c build/stm32f1xx_hal_msp.o
                0x08000c40                HAL_MspInit
 .text.RTC_WriteAlarmCounter
                0x08000c8c       0x60 build/stm32f1xx_hal_rtc.o
 .text.HAL_RTC_GetTime.part.0
                0x08000cec      0x3cc build/stm32f1xx_hal_rtc.o
 .text.HAL_RTC_Init
                0x080010b8      0x160 build/stm32f1xx_hal_rtc.o
                0x080010b8                HAL_RTC_Init
 .text.HAL_RTC_SetTime
                0x08001218      0x1e8 build/stm32f1xx_hal_rtc.o
                0x08001218                HAL_RTC_SetTime
 .text.HAL_RTC_GetTime
                0x08001400       0x44 build/stm32f1xx_hal_rtc.o
                0x08001400                HAL_RTC_GetTime
 .text.HAL_RTC_SetDate
                0x08001444      0x2a4 build/stm32f1xx_hal_rtc.o
                0x08001444                HAL_RTC_SetDate
 .text.HAL_RTC_GetDate
                0x080016e8       0xe0 build/stm32f1xx_hal_rtc.o
                0x080016e8                HAL_RTC_GetDate
 .text.HAL_RTCEx_SetSecond_IT
                0x080017c8       0x30 build/stm32f1xx_hal_rtc_ex.o
                0x080017c8                HAL_RTCEx_SetSecond_IT
 .text.HAL_RTCEx_RTCEventCallback
                0x080017f8        0x4 build/stm32f1xx_hal_rtc_ex.o
                0x080017f8                HAL_RTCEx_RTCEventCallback
 .text.HAL_RTCEx_RTCEventErrorCallback
                0x080017fc        0x4 build/stm32f1xx_hal_rtc_ex.o
                0x080017fc                HAL_RTCEx_RTCEventErrorCallback
 .text.HAL_RTCEx_RTCIRQHandler
                0x08001800       0x48 build/stm32f1xx_hal_rtc_ex.o
                0x08001800                HAL_RTCEx_RTCIRQHandler
 .text.HAL_InitTick
                0x08001848       0x48 build/stm32f1xx_hal.o
                0x08001848                HAL_InitTick
 .text.HAL_Init
                0x08001890       0x24 build/stm32f1xx_hal.o
                0x08001890                HAL_Init
 .text.HAL_IncTick
                0x080018b4       0x18 build/stm32f1xx_hal.o
                0x080018b4                HAL_IncTick
 .text.HAL_GetTick
                0x080018cc        0xc build/stm32f1xx_hal.o
                0x080018cc                HAL_GetTick
 .text.HAL_Delay
                0x080018d8       0x24 build/stm32f1xx_hal.o
                0x080018d8                HAL_Delay
 .text.HAL_RCC_OscConfig
                0x080018fc      0x4f0 build/stm32f1xx_hal_rcc.o
                0x080018fc                HAL_RCC_OscConfig
 .text.HAL_RCC_ClockConfig
                0x08001dec      0x25c build/stm32f1xx_hal_rcc.o
                0x08001dec                HAL_RCC_ClockConfig
 .text.HAL_RCC_GetPCLK1Freq
                0x08002048       0x20 build/stm32f1xx_hal_rcc.o
                0x08002048                HAL_RCC_GetPCLK1Freq
 .text.HAL_RCC_GetPCLK2Freq
                0x08002068       0x20 build/stm32f1xx_hal_rcc.o
                0x08002068                HAL_RCC_GetPCLK2Freq
 .text.HAL_RCCEx_PeriphCLKConfig
                0x08002088      0x150 build/stm32f1xx_hal_rcc_ex.o
                0x08002088                HAL_RCCEx_PeriphCLKConfig
 .text.HAL_RCCEx_GetPeriphCLKFreq
                0x080021d8      0x108 build/stm32f1xx_hal_rcc_ex.o
                0x080021d8                HAL_RCCEx_GetPeriphCLKFreq
 .text.HAL_GPIO_Init
                0x080022e0      0x380 build/stm32f1xx_hal_gpio.o
                0x080022e0                HAL_GPIO_Init
 .text.HAL_GPIO_DeInit
                0x08002660      0x16c build/stm32f1xx_hal_gpio.o
                0x08002660                HAL_GPIO_DeInit
 .text.HAL_GPIO_ReadPin
                0x080027cc       0x24 build/stm32f1xx_hal_gpio.o
                0x080027cc                HAL_GPIO_ReadPin
 .text.HAL_GPIO_WritePin
                0x080027f0       0x34 build/stm32f1xx_hal_gpio.o
                0x080027f0                HAL_GPIO_WritePin
 .text.HAL_GPIO_TogglePin
                0x08002824       0x2c build/stm32f1xx_hal_gpio.o
                0x08002824                HAL_GPIO_TogglePin
 .text.HAL_GPIO_EXTI_IRQHandler
                0x08002850       0x18 build/stm32f1xx_hal_gpio.o
                0x08002850                HAL_GPIO_EXTI_IRQHandler
 .text.HAL_DMA_Init
                0x08002868      0x150 build/stm32f1xx_hal_dma.o
                0x08002868                HAL_DMA_Init
 .text.HAL_DMA_DeInit
                0x080029b8       0x94 build/stm32f1xx_hal_dma.o
                0x080029b8                HAL_DMA_DeInit
 .text.HAL_DMA_Start_IT
                0x08002a4c       0xb0 build/stm32f1xx_hal_dma.o
                0x08002a4c                HAL_DMA_Start_IT
 .text.HAL_DMA_Abort
                0x08002afc       0x44 build/stm32f1xx_hal_dma.o
                0x08002afc                HAL_DMA_Abort
 .text.HAL_DMA_Abort_IT
                0x08002b40       0x94 build/stm32f1xx_hal_dma.o
                0x08002b40                HAL_DMA_Abort_IT
 .text.HAL_DMA_IRQHandler
                0x08002bd4      0x128 build/stm32f1xx_hal_dma.o
                0x08002bd4                HAL_DMA_IRQHandler
 .text.HAL_NVIC_SetPriorityGrouping
                0x08002cfc       0x3c build/stm32f1xx_hal_cortex.o
                0x08002cfc                HAL_NVIC_SetPriorityGrouping
 .text.HAL_NVIC_SetPriority
                0x08002d38       0x94 build/stm32f1xx_hal_cortex.o
                0x08002d38                HAL_NVIC_SetPriority
 .text.HAL_NVIC_EnableIRQ
                0x08002dcc       0x28 build/stm32f1xx_hal_cortex.o
                0x08002dcc                HAL_NVIC_EnableIRQ
 .text.HAL_NVIC_DisableIRQ
                0x08002df4       0x34 build/stm32f1xx_hal_cortex.o
                0x08002df4                HAL_NVIC_DisableIRQ
 .text.HAL_SYSTICK_Config
                0x08002e28       0x30 build/stm32f1xx_hal_cortex.o
                0x08002e28                HAL_SYSTICK_Config
 .text.PWR_OverloadWfe
                0x08002e58        0x8 build/stm32f1xx_hal_pwr.o
 .text.HAL_PWR_EnableBkUpAccess
                0x08002e60        0xc build/stm32f1xx_hal_pwr.o
                0x08002e60                HAL_PWR_EnableBkUpAccess
 .text.HAL_PWR_EnterSTOPMode
                0x08002e6c       0x8c build/stm32f1xx_hal_pwr.o
                0x08002e6c                HAL_PWR_EnterSTOPMode
 .text.HAL_TIM_Base_Init
                0x08002ef8      0x168 build/stm32f1xx_hal_tim.o
                0x08002ef8                HAL_TIM_Base_Init
 .text.HAL_TIM_Base_Start_IT
                0x08003060       0x88 build/stm32f1xx_hal_tim.o
                0x08003060                HAL_TIM_Base_Start_IT
 .text.HAL_TIM_ConfigClockSource
                0x080030e8      0x3e4 build/stm32f1xx_hal_tim.o
                0x080030e8                HAL_TIM_ConfigClockSource
 .text.HAL_TIM_PeriodElapsedCallback
                0x080034cc        0x4 build/stm32f1xx_hal_tim.o
                0x080034cc                HAL_TIM_PeriodElapsedCallback
 .text.HAL_TIM_OC_DelayElapsedCallback
                0x080034d0        0x4 build/stm32f1xx_hal_tim.o
                0x080034d0                HAL_TIM_OC_DelayElapsedCallback
 .text.HAL_TIM_IC_CaptureCallback
                0x080034d4        0x4 build/stm32f1xx_hal_tim.o
                0x080034d4                HAL_TIM_IC_CaptureCallback
 .text.HAL_TIM_PWM_PulseFinishedCallback
                0x080034d8        0x4 build/stm32f1xx_hal_tim.o
                0x080034d8                HAL_TIM_PWM_PulseFinishedCallback
 .text.HAL_TIM_TriggerCallback
                0x080034dc        0x4 build/stm32f1xx_hal_tim.o
                0x080034dc                HAL_TIM_TriggerCallback
 .text.HAL_TIM_IRQHandler
                0x080034e0      0x154 build/stm32f1xx_hal_tim.o
                0x080034e0                HAL_TIM_IRQHandler
 .text.HAL_TIMEx_MasterConfigSynchronization
                0x08003634       0xc0 build/stm32f1xx_hal_tim_ex.o
                0x08003634                HAL_TIMEx_MasterConfigSynchronization
 .text.HAL_TIMEx_CommutCallback
                0x080036f4        0x4 build/stm32f1xx_hal_tim_ex.o
                0x080036f4                HAL_TIMEx_CommutCallback
 .text.HAL_TIMEx_BreakCallback
                0x080036f8        0x4 build/stm32f1xx_hal_tim_ex.o
                0x080036f8                HAL_TIMEx_BreakCallback
 .text.UART_SetConfig
                0x080036fc       0xe8 build/stm32f1xx_hal_uart.o
 .text.HAL_UART_Init
                0x080037e4       0xf0 build/stm32f1xx_hal_uart.o
                0x080037e4                HAL_UART_Init
 .text.HAL_UART_DeInit
                0x080038d4       0x60 build/stm32f1xx_hal_uart.o
                0x080038d4                HAL_UART_DeInit
 .text.HAL_UART_Transmit
                0x08003934      0x110 build/stm32f1xx_hal_uart.o
                0x08003934                HAL_UART_Transmit
 .text.HAL_UART_Receive_DMA
                0x08003a44       0xa0 build/stm32f1xx_hal_uart.o
                0x08003a44                HAL_UART_Receive_DMA
 .text.HAL_UART_DMAStop
                0x08003ae4       0x90 build/stm32f1xx_hal_uart.o
                0x08003ae4                HAL_UART_DMAStop
 .text.HAL_UARTEx_ReceiveToIdle_DMA
                0x08003b74       0xc4 build/stm32f1xx_hal_uart.o
                0x08003b74                HAL_UARTEx_ReceiveToIdle_DMA
 .text.HAL_UART_RxHalfCpltCallback
                0x08003c38        0x4 build/stm32f1xx_hal_uart.o
                0x08003c38                HAL_UART_RxHalfCpltCallback
 .text.HAL_UART_ErrorCallback
                0x08003c3c        0x4 build/stm32f1xx_hal_uart.o
                0x08003c3c                HAL_UART_ErrorCallback
 .text.UART_DMAError
                0x08003c40       0x7c build/stm32f1xx_hal_uart.o
 .text.UART_DMAAbortOnError
                0x08003cbc       0x10 build/stm32f1xx_hal_uart.o
 .text.HAL_UARTEx_RxEventCallback
                0x08003ccc        0x4 build/stm32f1xx_hal_uart.o
                0x08003ccc                HAL_UARTEx_RxEventCallback
 .text.UART_DMARxHalfCplt
                0x08003cd0       0x1c build/stm32f1xx_hal_uart.o
 .text.UART_DMAReceiveCplt
                0x08003cec       0x54 build/stm32f1xx_hal_uart.o
 .text.UART_Receive_IT.part.0.isra.0
                0x08003d40       0xb8 build/stm32f1xx_hal_uart.o
 .text.HAL_UART_IRQHandler
                0x08003df8      0x25c build/stm32f1xx_hal_uart.o
                0x08003df8                HAL_UART_IRQHandler
 .text.SystemInit
                0x08004054       0x50 build/system_stm32f1xx.o
                0x08004054                SystemInit
 .text.MX_USART1_UART_Init
                0x080040a4       0x38 build/usart.o
                0x080040a4                MX_USART1_UART_Init
 .text.MX_USART2_UART_Init
                0x080040dc       0x38 build/usart.o
                0x080040dc                MX_USART2_UART_Init
 .text.HAL_UART_MspInit
                0x08004114      0x1c4 build/usart.o
                0x08004114                HAL_UART_MspInit
 .text.HAL_UART_MspDeInit
                0x080042d8       0x78 build/usart.o
                0x080042d8                HAL_UART_MspDeInit
 .text.MX_DMA_Init
                0x08004350       0x64 build/dma.o
                0x08004350                MX_DMA_Init
 .text.COMMON_Init
                0x080043b4       0x4c build/common.o
                0x080043b4                COMMON_Init
 .text.COMMON_Process
                0x08004400       0xd8 build/common.o
                0x08004400                COMMON_Process
 .text.HAL_GPIO_EXTI_Callback
                0x080044d8       0x10 build/common.o
                0x080044d8                HAL_GPIO_EXTI_Callback
 .text.HAL_UART_TxCpltCallback
                0x080044e8       0x20 build/common.o
                0x080044e8                HAL_UART_TxCpltCallback
 .text.HAL_UART_RxCpltCallback
                0x08004508       0x20 build/common.o
                0x08004508                HAL_UART_RxCpltCallback
 .text.WIFI_Init
                0x08004528       0x30 build/esp8266_at.o
                0x08004528                WIFI_Init
 .text.WIFI_PowerOnOff
                0x08004558       0x34 build/esp8266_at.o
                0x08004558                WIFI_PowerOnOff
 .text.WIFI_CtrDec
                0x0800458c       0xbc build/esp8266_at.o
                0x0800458c                WIFI_CtrDec
 .text.WIFI_ReceiveProcess
                0x08004648      0x59c build/esp8266_at.o
                0x08004648                WIFI_ReceiveProcess
 .text.WriteByte
                0x08004be4       0xc4 build/htu21d.o
 .text.HTU21D_GetData.isra.0
                0x08004ca8      0x470 build/htu21d.o
 .text.HTU21D_GetTemperature
                0x08005118        0xc build/htu21d.o
                0x08005118                HTU21D_GetTemperature
 .text.HTU21D_GetHumidity
                0x08005124        0xc build/htu21d.o
                0x08005124                HTU21D_GetHumidity
 .text.HTU21D_Init
                0x08005130      0x258 build/htu21d.o
                0x08005130                HTU21D_Init
 .text.HTU21D_Sampling
                0x08005388       0x44 build/htu21d.o
                0x08005388                HTU21D_Sampling
 .text.HUB75D_DispScan
                0x080053cc      0x524 build/hub75d.o
                0x080053cc                HUB75D_DispScan
 .text.HUB75D_CalculateCalendar
                0x080058f0       0xc0 build/hub75d.o
                0x080058f0                HUB75D_CalculateCalendar
 .text.HUB75D_SetDispOffCtr
                0x080059b0        0xc build/hub75d.o
                0x080059b0                HUB75D_SetDispOffCtr
 .text.HUB75D_DispOnOff
                0x080059bc       0x5c build/hub75d.o
                0x080059bc                HUB75D_DispOnOff
 .text.HUB75D_CtrDec
                0x08005a18       0x44 build/hub75d.o
                0x08005a18                HUB75D_CtrDec
 .text.CalculationLunarCalendar
                0x08005a5c      0x164 build/lunar_calendar.o
                0x08005a5c                CalculationLunarCalendar
 .text.GetLunarCalendar
                0x08005bc0        0x8 build/lunar_calendar.o
                0x08005bc0                GetLunarCalendar
 .text.Get1sFlag
                0x08005bc8        0xc build/time.o
                0x08005bc8                Get1sFlag
 .text.Set1sFlag
                0x08005bd4        0xc build/time.o
                0x08005bd4                Set1sFlag
 .text.GetTimeData
                0x08005be0        0x8 build/time.o
                0x08005be0                GetTimeData
 .text.SetTimeData
                0x08005be8       0x34 build/time.o
                0x08005be8                SetTimeData
 .text.ClockRun
                0x08005c1c      0x19c build/time.o
                0x08005c1c                ClockRun
 .text.GetClock
                0x08005db8       0x80 build/time.o
                0x08005db8                GetClock
 .text.SetClock
                0x08005e38       0x80 build/time.o
                0x08005e38                SetClock
 .text.TRACE_UART_ReceiveIDLE
                0x08005eb8       0x70 build/trace_uart_if.o
                0x08005eb8                TRACE_UART_ReceiveIDLE
 .text.TRACE_UART_TxCpltCallback
                0x08005f28        0xc build/trace_uart_if.o
                0x08005f28                TRACE_UART_TxCpltCallback
 .text.TRACE_UART_RxCpltCallback
                0x08005f34        0x4 build/trace_uart_if.o
                0x08005f34                TRACE_UART_RxCpltCallback
 .text._write   0x08005f38       0x18 build/wifi_uart_if.o
                0x08005f38                _write
 .text.WIFI_ReceiveDmaInit
                0x08005f50       0x24 build/wifi_uart_if.o
                0x08005f50                WIFI_ReceiveDmaInit
 .text.WIFI_ReceiveIDLE
                0x08005f74       0x5c build/wifi_uart_if.o
                0x08005f74                WIFI_ReceiveIDLE
 .text.WIFI_HandlerUartData
                0x08005fd0       0x1c build/wifi_uart_if.o
                0x08005fd0                WIFI_HandlerUartData
 .text.WIFI_UART_TxCpltCallback
                0x08005fec       0x2c build/wifi_uart_if.o
                0x08005fec                WIFI_UART_TxCpltCallback
 .text.WIFI_UART_RxCpltCallback
                0x08006018        0x4 build/wifi_uart_if.o
                0x08006018                WIFI_UART_RxCpltCallback
 .text.Reset_Handler
                0x0800601c       0x48 build/startup_stm32f103xb.o
                0x0800601c                Reset_Handler
 .text.Default_Handler
                0x08006064        0x2 build/startup_stm32f103xb.o
                0x08006064                RTC_Alarm_IRQHandler
                0x08006064                EXTI2_IRQHandler
                0x08006064                TIM1_CC_IRQHandler
                0x08006064                PVD_IRQHandler
                0x08006064                EXTI3_IRQHandler
                0x08006064                I2C2_EV_IRQHandler
                0x08006064                ADC1_2_IRQHandler
                0x08006064                SPI1_IRQHandler
                0x08006064                TAMPER_IRQHandler
                0x08006064                USART3_IRQHandler
                0x08006064                CAN1_RX1_IRQHandler
                0x08006064                I2C1_EV_IRQHandler
                0x08006064                TIM3_IRQHandler
                0x08006064                RCC_IRQHandler
                0x08006064                TIM1_TRG_COM_IRQHandler
                0x08006064                DMA1_Channel1_IRQHandler
                0x08006064                Default_Handler
                0x08006064                EXTI15_10_IRQHandler
                0x08006064                EXTI9_5_IRQHandler
                0x08006064                SPI2_IRQHandler
                0x08006064                EXTI4_IRQHandler
                0x08006064                USB_LP_CAN1_RX0_IRQHandler
                0x08006064                USB_HP_CAN1_TX_IRQHandler
                0x08006064                DMA1_Channel3_IRQHandler
                0x08006064                TIM1_UP_IRQHandler
                0x08006064                WWDG_IRQHandler
                0x08006064                TIM2_IRQHandler
                0x08006064                TIM1_BRK_IRQHandler
                0x08006064                EXTI1_IRQHandler
                0x08006064                I2C2_ER_IRQHandler
                0x08006064                DMA1_Channel2_IRQHandler
                0x08006064                CAN1_SCE_IRQHandler
                0x08006064                FLASH_IRQHandler
                0x08006064                I2C1_ER_IRQHandler
                0x08006064                USBWakeUp_IRQHandler
 *fill*         0x08006066        0x2 
 .text.__libc_init_array
                0x08006068       0x48 d:/program files (x86)/gnu arm embedded toolchain/10 2021.10/bin/../lib/gcc/arm-none-eabi/10.3.1/../../../../arm-none-eabi/lib/thumb/v7-m/nofp\libc_nano.a(lib_a-init.o)
                0x08006068                __libc_init_array
 .text.memset   0x080060b0       0x10 d:/program files (x86)/gnu arm embedded toolchain/10 2021.10/bin/../lib/gcc/arm-none-eabi/10.3.1/../../../../arm-none-eabi/lib/thumb/v7-m/nofp\libc_nano.a(lib_a-memset.o)
                0x080060b0                memset
 .text.printf   0x080060c0       0x30 d:/program files (x86)/gnu arm embedded toolchain/10 2021.10/bin/../lib/gcc/arm-none-eabi/10.3.1/../../../../arm-none-eabi/lib/thumb/v7-m/nofp\libc_nano.a(lib_a-printf.o)
                0x080060c0                iprintf
                0x080060c0                printf
 .text._puts_r  0x080060f0       0xdc d:/program files (x86)/gnu arm embedded toolchain/10 2021.10/bin/../lib/gcc/arm-none-eabi/10.3.1/../../../../arm-none-eabi/lib/thumb/v7-m/nofp\libc_nano.a(lib_a-puts.o)
                0x080060f0                _puts_r
 .text.puts     0x080061cc       0x10 d:/program files (x86)/gnu arm embedded toolchain/10 2021.10/bin/../lib/gcc/arm-none-eabi/10.3.1/../../../../arm-none-eabi/lib/thumb/v7-m/nofp\libc_nano.a(lib_a-puts.o)
                0x080061cc                puts
 .text.strstr   0x080061dc       0x2c d:/program files (x86)/gnu arm embedded toolchain/10 2021.10/bin/../lib/gcc/arm-none-eabi/10.3.1/../../../../arm-none-eabi/lib/thumb/v7-m/nofp\libc_nano.a(lib_a-strstr.o)
                0x080061dc                strstr
 .text.__swbuf_r
                0x08006208       0xa4 d:/program files (x86)/gnu arm embedded toolchain/10 2021.10/bin/../lib/gcc/arm-none-eabi/10.3.1/../../../../arm-none-eabi/lib/thumb/v7-m/nofp\libc_nano.a(lib_a-wbuf.o)
                0x08006208                __swbuf_r
 .text.__swsetup_r
                0x080062ac       0xdc d:/program files (x86)/gnu arm embedded toolchain/10 2021.10/bin/../lib/gcc/arm-none-eabi/10.3.1/../../../../arm-none-eabi/lib/thumb/v7-m/nofp\libc_nano.a(lib_a-wsetup.o)
                0x080062ac                __swsetup_r
 .text.__sflush_r
                0x08006388      0x104 d:/program files (x86)/gnu arm embedded toolchain/10 2021.10/bin/../lib/gcc/arm-none-eabi/10.3.1/../../../../arm-none-eabi/lib/thumb/v7-m/nofp\libc_nano.a(lib_a-fflush.o)
                0x08006388                __sflush_r
 .text._fflush_r
                0x0800648c       0x78 d:/program files (x86)/gnu arm embedded toolchain/10 2021.10/bin/../lib/gcc/arm-none-eabi/10.3.1/../../../../arm-none-eabi/lib/thumb/v7-m/nofp\libc_nano.a(lib_a-fflush.o)
                0x0800648c                _fflush_r
 .text.std      0x08006504       0x48 d:/program files (x86)/gnu arm embedded toolchain/10 2021.10/bin/../lib/gcc/arm-none-eabi/10.3.1/../../../../arm-none-eabi/lib/thumb/v7-m/nofp\libc_nano.a(lib_a-findfp.o)
 .text._cleanup_r
                0x0800654c        0xc d:/program files (x86)/gnu arm embedded toolchain/10 2021.10/bin/../lib/gcc/arm-none-eabi/10.3.1/../../../../arm-none-eabi/lib/thumb/v7-m/nofp\libc_nano.a(lib_a-findfp.o)
                0x0800654c                _cleanup_r
 .text.__sfmoreglue
                0x08006558       0x2c d:/program files (x86)/gnu arm embedded toolchain/10 2021.10/bin/../lib/gcc/arm-none-eabi/10.3.1/../../../../arm-none-eabi/lib/thumb/v7-m/nofp\libc_nano.a(lib_a-findfp.o)
                0x08006558                __sfmoreglue
 .text.__sfp_lock_acquire
                0x08006584        0xc d:/program files (x86)/gnu arm embedded toolchain/10 2021.10/bin/../lib/gcc/arm-none-eabi/10.3.1/../../../../arm-none-eabi/lib/thumb/v7-m/nofp\libc_nano.a(lib_a-findfp.o)
                0x08006584                __sfp_lock_acquire
 .text.__sfp_lock_release
                0x08006590        0xc d:/program files (x86)/gnu arm embedded toolchain/10 2021.10/bin/../lib/gcc/arm-none-eabi/10.3.1/../../../../arm-none-eabi/lib/thumb/v7-m/nofp\libc_nano.a(lib_a-findfp.o)
                0x08006590                __sfp_lock_release
 .text.__sinit_lock_acquire
                0x0800659c        0xc d:/program files (x86)/gnu arm embedded toolchain/10 2021.10/bin/../lib/gcc/arm-none-eabi/10.3.1/../../../../arm-none-eabi/lib/thumb/v7-m/nofp\libc_nano.a(lib_a-findfp.o)
                0x0800659c                __sinit_lock_acquire
 .text.__sinit_lock_release
                0x080065a8        0xc d:/program files (x86)/gnu arm embedded toolchain/10 2021.10/bin/../lib/gcc/arm-none-eabi/10.3.1/../../../../arm-none-eabi/lib/thumb/v7-m/nofp\libc_nano.a(lib_a-findfp.o)
                0x080065a8                __sinit_lock_release
 .text.__sinit  0x080065b4       0x70 d:/program files (x86)/gnu arm embedded toolchain/10 2021.10/bin/../lib/gcc/arm-none-eabi/10.3.1/../../../../arm-none-eabi/lib/thumb/v7-m/nofp\libc_nano.a(lib_a-findfp.o)
                0x080065b4                __sinit
 .text.__sfp    0x08006624       0x8c d:/program files (x86)/gnu arm embedded toolchain/10 2021.10/bin/../lib/gcc/arm-none-eabi/10.3.1/../../../../arm-none-eabi/lib/thumb/v7-m/nofp\libc_nano.a(lib_a-findfp.o)
                0x08006624                __sfp
 .text._fwalk_reent
                0x080066b0       0x3e d:/program files (x86)/gnu arm embedded toolchain/10 2021.10/bin/../lib/gcc/arm-none-eabi/10.3.1/../../../../arm-none-eabi/lib/thumb/v7-m/nofp\libc_nano.a(lib_a-fwalk.o)
                0x080066b0                _fwalk_reent
 .text.__retarget_lock_init_recursive
                0x080066ee        0x2 d:/program files (x86)/gnu arm embedded toolchain/10 2021.10/bin/../lib/gcc/arm-none-eabi/10.3.1/../../../../arm-none-eabi/lib/thumb/v7-m/nofp\libc_nano.a(lib_a-lock.o)
                0x080066ee                __retarget_lock_init_recursive
 .text.__retarget_lock_acquire_recursive
                0x080066f0        0x2 d:/program files (x86)/gnu arm embedded toolchain/10 2021.10/bin/../lib/gcc/arm-none-eabi/10.3.1/../../../../arm-none-eabi/lib/thumb/v7-m/nofp\libc_nano.a(lib_a-lock.o)
                0x080066f0                __retarget_lock_acquire_recursive
 .text.__retarget_lock_release_recursive
                0x080066f2        0x2 d:/program files (x86)/gnu arm embedded toolchain/10 2021.10/bin/../lib/gcc/arm-none-eabi/10.3.1/../../../../arm-none-eabi/lib/thumb/v7-m/nofp\libc_nano.a(lib_a-lock.o)
                0x080066f2                __retarget_lock_release_recursive
 .text.__swhatbuf_r
                0x080066f4       0x4a d:/program files (x86)/gnu arm embedded toolchain/10 2021.10/bin/../lib/gcc/arm-none-eabi/10.3.1/../../../../arm-none-eabi/lib/thumb/v7-m/nofp\libc_nano.a(lib_a-makebuf.o)
                0x080066f4                __swhatbuf_r
 *fill*         0x0800673e        0x2 
 .text.__smakebuf_r
                0x08006740       0x80 d:/program files (x86)/gnu arm embedded toolchain/10 2021.10/bin/../lib/gcc/arm-none-eabi/10.3.1/../../../../arm-none-eabi/lib/thumb/v7-m/nofp\libc_nano.a(lib_a-makebuf.o)
                0x08006740                __smakebuf_r
 .text._free_r  0x080067c0       0x90 d:/program files (x86)/gnu arm embedded toolchain/10 2021.10/bin/../lib/gcc/arm-none-eabi/10.3.1/../../../../arm-none-eabi/lib/thumb/v7-m/nofp\libc_nano.a(lib_a-nano-freer.o)
                0x080067c0                _free_r
 .text.sbrk_aligned
                0x08006850       0x40 d:/program files (x86)/gnu arm embedded toolchain/10 2021.10/bin/../lib/gcc/arm-none-eabi/10.3.1/../../../../arm-none-eabi/lib/thumb/v7-m/nofp\libc_nano.a(lib_a-nano-mallocr.o)
 .text._malloc_r
                0x08006890       0xe8 d:/program files (x86)/gnu arm embedded toolchain/10 2021.10/bin/../lib/gcc/arm-none-eabi/10.3.1/../../../../arm-none-eabi/lib/thumb/v7-m/nofp\libc_nano.a(lib_a-nano-mallocr.o)
                0x08006890                _malloc_r
 .text.__sfputc_r
                0x08006978       0x2a d:/program files (x86)/gnu arm embedded toolchain/10 2021.10/bin/../lib/gcc/arm-none-eabi/10.3.1/../../../../arm-none-eabi/lib/thumb/v7-m/nofp\libc_nano.a(lib_a-nano-vfprintf.o)
 .text.__sfputs_r
                0x080069a2       0x24 d:/program files (x86)/gnu arm embedded toolchain/10 2021.10/bin/../lib/gcc/arm-none-eabi/10.3.1/../../../../arm-none-eabi/lib/thumb/v7-m/nofp\libc_nano.a(lib_a-nano-vfprintf.o)
                0x080069a2                __sfputs_r
 *fill*         0x080069c6        0x2 
 .text._vfprintf_r
                0x080069c8      0x260 d:/program files (x86)/gnu arm embedded toolchain/10 2021.10/bin/../lib/gcc/arm-none-eabi/10.3.1/../../../../arm-none-eabi/lib/thumb/v7-m/nofp\libc_nano.a(lib_a-nano-vfprintf.o)
                0x080069c8                _vfprintf_r
                0x080069c8                _vfiprintf_r
 .text._printf_common
                0x08006c28       0xde d:/program files (x86)/gnu arm embedded toolchain/10 2021.10/bin/../lib/gcc/arm-none-eabi/10.3.1/../../../../arm-none-eabi/lib/thumb/v7-m/nofp\libc_nano.a(lib_a-nano-vfprintf_i.o)
                0x08006c28                _printf_common
 *fill*         0x08006d06        0x2 
 .text._printf_i
                0x08006d08      0x24c d:/program files (x86)/gnu arm embedded toolchain/10 2021.10/bin/../lib/gcc/arm-none-eabi/10.3.1/../../../../arm-none-eabi/lib/thumb/v7-m/nofp\libc_nano.a(lib_a-nano-vfprintf_i.o)
                0x08006d08                _printf_i
 .text._sbrk_r  0x08006f54       0x20 d:/program files (x86)/gnu arm embedded toolchain/10 2021.10/bin/../lib/gcc/arm-none-eabi/10.3.1/../../../../arm-none-eabi/lib/thumb/v7-m/nofp\libc_nano.a(lib_a-sbrkr.o)
                0x08006f54                _sbrk_r
 .text.__sread  0x08006f74       0x22 d:/program files (x86)/gnu arm embedded toolchain/10 2021.10/bin/../lib/gcc/arm-none-eabi/10.3.1/../../../../arm-none-eabi/lib/thumb/v7-m/nofp\libc_nano.a(lib_a-stdio.o)
                0x08006f74                __sread
 .text.__swrite
                0x08006f96       0x38 d:/program files (x86)/gnu arm embedded toolchain/10 2021.10/bin/../lib/gcc/arm-none-eabi/10.3.1/../../../../arm-none-eabi/lib/thumb/v7-m/nofp\libc_nano.a(lib_a-stdio.o)
                0x08006f96                __swrite
 .text.__sseek  0x08006fce       0x24 d:/program files (x86)/gnu arm embedded toolchain/10 2021.10/bin/../lib/gcc/arm-none-eabi/10.3.1/../../../../arm-none-eabi/lib/thumb/v7-m/nofp\libc_nano.a(lib_a-stdio.o)
                0x08006fce                __sseek
 .text.__sclose
                0x08006ff2        0x8 d:/program files (x86)/gnu arm embedded toolchain/10 2021.10/bin/../lib/gcc/arm-none-eabi/10.3.1/../../../../arm-none-eabi/lib/thumb/v7-m/nofp\libc_nano.a(lib_a-stdio.o)
                0x08006ff2                __sclose
 *fill*         0x08006ffa        0x2 
 .text._write_r
                0x08006ffc       0x24 d:/program files (x86)/gnu arm embedded toolchain/10 2021.10/bin/../lib/gcc/arm-none-eabi/10.3.1/../../../../arm-none-eabi/lib/thumb/v7-m/nofp\libc_nano.a(lib_a-writer.o)
                0x08006ffc                _write_r
 .text._close_r
                0x08007020       0x20 d:/program files (x86)/gnu arm embedded toolchain/10 2021.10/bin/../lib/gcc/arm-none-eabi/10.3.1/../../../../arm-none-eabi/lib/thumb/v7-m/nofp\libc_nano.a(lib_a-closer.o)
                0x08007020                _close_r
 .text._fstat_r
                0x08007040       0x24 d:/program files (x86)/gnu arm embedded toolchain/10 2021.10/bin/../lib/gcc/arm-none-eabi/10.3.1/../../../../arm-none-eabi/lib/thumb/v7-m/nofp\libc_nano.a(lib_a-fstatr.o)
                0x08007040                _fstat_r
 .text._isatty_r
                0x08007064       0x20 d:/program files (x86)/gnu arm embedded toolchain/10 2021.10/bin/../lib/gcc/arm-none-eabi/10.3.1/../../../../arm-none-eabi/lib/thumb/v7-m/nofp\libc_nano.a(lib_a-isattyr.o)
                0x08007064                _isatty_r
 .text._lseek_r
                0x08007084       0x24 d:/program files (x86)/gnu arm embedded toolchain/10 2021.10/bin/../lib/gcc/arm-none-eabi/10.3.1/../../../../arm-none-eabi/lib/thumb/v7-m/nofp\libc_nano.a(lib_a-lseekr.o)
                0x08007084                _lseek_r
 .text.memchr   0x080070a8       0x1c d:/program files (x86)/gnu arm embedded toolchain/10 2021.10/bin/../lib/gcc/arm-none-eabi/10.3.1/../../../../arm-none-eabi/lib/thumb/v7-m/nofp\libc_nano.a(lib_a-memchr-stub.o)
                0x080070a8                memchr
 .text.__malloc_lock
                0x080070c4        0xc d:/program files (x86)/gnu arm embedded toolchain/10 2021.10/bin/../lib/gcc/arm-none-eabi/10.3.1/../../../../arm-none-eabi/lib/thumb/v7-m/nofp\libc_nano.a(lib_a-mlock.o)
                0x080070c4                __malloc_lock
 .text.__malloc_unlock
                0x080070d0        0xc d:/program files (x86)/gnu arm embedded toolchain/10 2021.10/bin/../lib/gcc/arm-none-eabi/10.3.1/../../../../arm-none-eabi/lib/thumb/v7-m/nofp\libc_nano.a(lib_a-mlock.o)
                0x080070d0                __malloc_unlock
 .text._read_r  0x080070dc       0x24 d:/program files (x86)/gnu arm embedded toolchain/10 2021.10/bin/../lib/gcc/arm-none-eabi/10.3.1/../../../../arm-none-eabi/lib/thumb/v7-m/nofp\libc_nano.a(lib_a-readr.o)
                0x080070dc                _read_r
 .text._close   0x08007100       0x10 d:/program files (x86)/gnu arm embedded toolchain/10 2021.10/bin/../lib/gcc/arm-none-eabi/10.3.1/../../../../arm-none-eabi/lib/thumb/v7-m/nofp\libnosys.a(close.o)
                0x08007100                _close
 .text._fstat   0x08007110       0x10 d:/program files (x86)/gnu arm embedded toolchain/10 2021.10/bin/../lib/gcc/arm-none-eabi/10.3.1/../../../../arm-none-eabi/lib/thumb/v7-m/nofp\libnosys.a(fstat.o)
                0x08007110                _fstat
 .text._isatty  0x08007120       0x10 d:/program files (x86)/gnu arm embedded toolchain/10 2021.10/bin/../lib/gcc/arm-none-eabi/10.3.1/../../../../arm-none-eabi/lib/thumb/v7-m/nofp\libnosys.a(isatty.o)
                0x08007120                _isatty
 .text._lseek   0x08007130       0x10 d:/program files (x86)/gnu arm embedded toolchain/10 2021.10/bin/../lib/gcc/arm-none-eabi/10.3.1/../../../../arm-none-eabi/lib/thumb/v7-m/nofp\libnosys.a(lseek.o)
                0x08007130                _lseek
 .text._read    0x08007140       0x10 d:/program files (x86)/gnu arm embedded toolchain/10 2021.10/bin/../lib/gcc/arm-none-eabi/10.3.1/../../../../arm-none-eabi/lib/thumb/v7-m/nofp\libnosys.a(read.o)
                0x08007140                _read
 .text._sbrk    0x08007150       0x1c d:/program files (x86)/gnu arm embedded toolchain/10 2021.10/bin/../lib/gcc/arm-none-eabi/10.3.1/../../../../arm-none-eabi/lib/thumb/v7-m/nofp\libnosys.a(sbrk.o)
                0x08007150                _sbrk
 *(.glue_7)
 .glue_7        0x0800716c        0x0 linker stubs
 *(.glue_7t)
 .glue_7t       0x0800716c        0x0 linker stubs
 *(.eh_frame)
 .eh_frame      0x0800716c        0x0 d:/program files (x86)/gnu arm embedded toolchain/10 2021.10/bin/../lib/gcc/arm-none-eabi/10.3.1/thumb/v7-m/nofp/crtbegin.o
 *(.init)
 .init          0x0800716c        0x4 d:/program files (x86)/gnu arm embedded toolchain/10 2021.10/bin/../lib/gcc/arm-none-eabi/10.3.1/thumb/v7-m/nofp/crti.o
                0x0800716c                _init
 .init          0x08007170        0x8 d:/program files (x86)/gnu arm embedded toolchain/10 2021.10/bin/../lib/gcc/arm-none-eabi/10.3.1/thumb/v7-m/nofp/crtn.o
 *(.fini)
 .fini          0x08007178        0x4 d:/program files (x86)/gnu arm embedded toolchain/10 2021.10/bin/../lib/gcc/arm-none-eabi/10.3.1/thumb/v7-m/nofp/crti.o
                0x08007178                _fini
 .fini          0x0800717c        0x8 d:/program files (x86)/gnu arm embedded toolchain/10 2021.10/bin/../lib/gcc/arm-none-eabi/10.3.1/thumb/v7-m/nofp/crtn.o
                0x08007184                . = ALIGN (0x4)
                0x08007184                _etext = .

.vfp11_veneer   0x08007184        0x0
 .vfp11_veneer  0x08007184        0x0 linker stubs

.v4_bx          0x08007184        0x0
 .v4_bx         0x08007184        0x0 linker stubs

.iplt           0x08007184        0x0
 .iplt          0x08007184        0x0 d:/program files (x86)/gnu arm embedded toolchain/10 2021.10/bin/../lib/gcc/arm-none-eabi/10.3.1/thumb/v7-m/nofp/crtbegin.o

.rodata         0x08007184      0xbb0
                0x08007184                . = ALIGN (0x4)
 *(.rodata)
 .rodata        0x08007184        0xd build/time.o
 *(.rodata*)
 *fill*         0x08007191        0x3 
 .rodata.HAL_RTC_Init.str1.4
                0x08007194       0x35 build/stm32f1xx_hal_rtc.o
 *fill*         0x080071c9        0x3 
 .rodata.HAL_RCC_OscConfig.str1.4
                0x080071cc       0x35 build/stm32f1xx_hal_rcc.o
 *fill*         0x08007201        0x3 
 .rodata.HAL_RCC_ClockConfig.str1.4
                0x08007204       0x11 build/stm32f1xx_hal_rcc.o
 *fill*         0x08007215        0x3 
 .rodata.HAL_RCCEx_PeriphCLKConfig.str1.4
                0x08007218       0x38 build/stm32f1xx_hal_rcc_ex.o
 .rodata.HAL_RCCEx_GetPeriphCLKFreq.str1.4
                0x08007250       0x11 build/stm32f1xx_hal_rcc_ex.o
 .rodata.HAL_GPIO_Init.str1.4
                0x08007250       0x36 build/stm32f1xx_hal_gpio.o
 *fill*         0x08007286        0x2 
 .rodata.HAL_DMA_Init.str1.4
                0x08007288       0x35 build/stm32f1xx_hal_dma.o
 *fill*         0x080072bd        0x3 
 .rodata.HAL_NVIC_SetPriorityGrouping.str1.4
                0x080072c0       0x38 build/stm32f1xx_hal_cortex.o
 .rodata.HAL_PWR_ConfigPVD.str1.4
                0x080072f8       0x35 build/stm32f1xx_hal_pwr.o
 *fill*         0x0800732d        0x3 
 .rodata.TIM_OC1_SetConfig.str1.4
                0x08007330       0x35 build/stm32f1xx_hal_tim.o
 *fill*         0x08007365        0x3 
 .rodata.HAL_TIMEx_HallSensor_Init.str1.4
                0x08007368       0x38 build/stm32f1xx_hal_tim_ex.o
 .rodata.UART_SetConfig.str1.4
                0x080073a0       0x36 build/stm32f1xx_hal_uart.o
 *fill*         0x080073d6        0x2 
 .rodata.AHBPrescTable
                0x080073d8       0x10 build/system_stm32f1xx.o
                0x080073d8                AHBPrescTable
 .rodata.APBPrescTable
                0x080073e8        0x8 build/system_stm32f1xx.o
                0x080073e8                APBPrescTable
 .rodata.COMMON_Process.str1.4
                0x080073f0       0x25 build/common.o
 *fill*         0x08007415        0x3 
 .rodata.WIFI_Init.str1.4
                0x08007418       0x3b build/esp8266_at.o
 *fill*         0x08007453        0x1 
 .rodata.WIFI_CtrDec.str1.4
                0x08007454       0x25 build/esp8266_at.o
 *fill*         0x08007479        0x3 
 .rodata.WIFI_ReceiveProcess.str1.4
                0x0800747c       0x32 build/esp8266_at.o
 *fill*         0x080074ae        0x2 
 .rodata.HTU21D_GetData.isra.0.str1.4
                0x080074b0       0x30 build/htu21d.o
 .rodata.HTU21D_Init.str1.4
                0x080074e0       0x3b build/htu21d.o
 *fill*         0x0800751b        0x1 
 .rodata.DateD  0x0800751c       0x80 build/hub75d.o
 .rodata.DateTable
                0x0800759c       0x98 build/hub75d.o
 .rodata.HZ     0x08007634       0x58 build/hub75d.o
 .rodata.Time8Mul16Table
                0x0800768c      0x1d0 build/hub75d.o
 .rodata.TimeSecondTable
                0x0800785c       0xc0 build/hub75d.o
 .rodata.g_lunarCalendarTable
                0x0800791c      0x31c build/lunar_calendar.o
 .rodata.g_monthAdd
                0x08007c38       0x18 build/lunar_calendar.o
 .rodata.GetClock.str1.4
                0x08007c50       0x23 build/time.o
 *fill*         0x08007c73        0x1 
 .rodata.SetClock.str1.4
                0x08007c74       0x25 build/time.o
 *fill*         0x08007c99        0x3 
 .rodata._global_impure_ptr
                0x08007c9c        0x4 d:/program files (x86)/gnu arm embedded toolchain/10 2021.10/bin/../lib/gcc/arm-none-eabi/10.3.1/../../../../arm-none-eabi/lib/thumb/v7-m/nofp\libc_nano.a(lib_a-impure.o)
                0x08007c9c                _global_impure_ptr
 .rodata.__sf_fake_stderr
                0x08007ca0       0x20 d:/program files (x86)/gnu arm embedded toolchain/10 2021.10/bin/../lib/gcc/arm-none-eabi/10.3.1/../../../../arm-none-eabi/lib/thumb/v7-m/nofp\libc_nano.a(lib_a-findfp.o)
                0x08007ca0                __sf_fake_stderr
 .rodata.__sf_fake_stdin
                0x08007cc0       0x20 d:/program files (x86)/gnu arm embedded toolchain/10 2021.10/bin/../lib/gcc/arm-none-eabi/10.3.1/../../../../arm-none-eabi/lib/thumb/v7-m/nofp\libc_nano.a(lib_a-findfp.o)
                0x08007cc0                __sf_fake_stdin
 .rodata.__sf_fake_stdout
                0x08007ce0       0x20 d:/program files (x86)/gnu arm embedded toolchain/10 2021.10/bin/../lib/gcc/arm-none-eabi/10.3.1/../../../../arm-none-eabi/lib/thumb/v7-m/nofp\libc_nano.a(lib_a-findfp.o)
                0x08007ce0                __sf_fake_stdout
 .rodata._vfprintf_r.str1.1
                0x08007d00       0x11 d:/program files (x86)/gnu arm embedded toolchain/10 2021.10/bin/../lib/gcc/arm-none-eabi/10.3.1/../../../../arm-none-eabi/lib/thumb/v7-m/nofp\libc_nano.a(lib_a-nano-vfprintf.o)
 .rodata._printf_i.str1.1
                0x08007d11       0x22 d:/program files (x86)/gnu arm embedded toolchain/10 2021.10/bin/../lib/gcc/arm-none-eabi/10.3.1/../../../../arm-none-eabi/lib/thumb/v7-m/nofp\libc_nano.a(lib_a-nano-vfprintf_i.o)
                0x08007d34                . = ALIGN (0x4)
 *fill*         0x08007d33        0x1 

.rel.dyn        0x08007d34        0x0
 .rel.iplt      0x08007d34        0x0 d:/program files (x86)/gnu arm embedded toolchain/10 2021.10/bin/../lib/gcc/arm-none-eabi/10.3.1/thumb/v7-m/nofp/crtbegin.o

.ARM.extab
 *(.ARM.extab* .gnu.linkonce.armextab.*)

.ARM            0x08007d34        0x0
                0x08007d34                __exidx_start = .
 *(.ARM.exidx*)
                0x08007d34                __exidx_end = .

.preinit_array  0x08007d34        0x0
                0x08007d34                PROVIDE (__preinit_array_start = .)
 *(.preinit_array*)
                0x08007d34                PROVIDE (__preinit_array_end = .)

.init_array     0x08007d34        0x4
                0x08007d34                PROVIDE (__init_array_start = .)
 *(SORT_BY_NAME(.init_array.*))
 *(.init_array*)
 .init_array    0x08007d34        0x4 d:/program files (x86)/gnu arm embedded toolchain/10 2021.10/bin/../lib/gcc/arm-none-eabi/10.3.1/thumb/v7-m/nofp/crtbegin.o
                0x08007d38                PROVIDE (__init_array_end = .)

.fini_array     0x08007d38        0x4
                [!provide]                PROVIDE (__fini_array_start = .)
 *(SORT_BY_NAME(.fini_array.*))
 *(.fini_array*)
 .fini_array    0x08007d38        0x4 d:/program files (x86)/gnu arm embedded toolchain/10 2021.10/bin/../lib/gcc/arm-none-eabi/10.3.1/thumb/v7-m/nofp/crtbegin.o
                [!provide]                PROVIDE (__fini_array_end = .)
                0x08007d3c                _sidata = LOADADDR (.data)

.data           0x20000000       0x70 load address 0x08007d3c
                0x20000000                . = ALIGN (0x4)
                0x20000000                _sdata = .
 *(.data)
 *(.data*)
 .data.uwTickFreq
                0x20000000        0x1 build/stm32f1xx_hal.o
                0x20000000                uwTickFreq
 *fill*         0x20000001        0x3 
 .data.uwTickPrio
                0x20000004        0x4 build/stm32f1xx_hal.o
                0x20000004                uwTickPrio
 .data.SystemCoreClock
                0x20000008        0x4 build/system_stm32f1xx.o
                0x20000008                SystemCoreClock
 .data._impure_ptr
                0x2000000c        0x4 d:/program files (x86)/gnu arm embedded toolchain/10 2021.10/bin/../lib/gcc/arm-none-eabi/10.3.1/../../../../arm-none-eabi/lib/thumb/v7-m/nofp\libc_nano.a(lib_a-impure.o)
                0x2000000c                _impure_ptr
 .data.impure_data
                0x20000010       0x60 d:/program files (x86)/gnu arm embedded toolchain/10 2021.10/bin/../lib/gcc/arm-none-eabi/10.3.1/../../../../arm-none-eabi/lib/thumb/v7-m/nofp\libc_nano.a(lib_a-impure.o)
                0x20000070                . = ALIGN (0x4)
                0x20000070                _edata = .

.igot.plt       0x20000070        0x0 load address 0x08007dac
 .igot.plt      0x20000070        0x0 d:/program files (x86)/gnu arm embedded toolchain/10 2021.10/bin/../lib/gcc/arm-none-eabi/10.3.1/thumb/v7-m/nofp/crtbegin.o
                0x20000070                . = ALIGN (0x4)

.bss            0x20000070      0x304 load address 0x08007dac
                0x20000070                _sbss = .
                0x20000070                __bss_start__ = _sbss
 *(.bss)
 .bss           0x20000070       0x1c d:/program files (x86)/gnu arm embedded toolchain/10 2021.10/bin/../lib/gcc/arm-none-eabi/10.3.1/thumb/v7-m/nofp/crtbegin.o
 *(.bss*)
 .bss.hrtc      0x2000008c       0x14 build/rtc.o
                0x2000008c                hrtc
 .bss.htim4     0x200000a0       0x48 build/tim.o
                0x200000a0                htim4
 .bss.uwTick    0x200000e8        0x4 build/stm32f1xx_hal.o
                0x200000e8                uwTick
 .bss.hdma_usart1_rx
                0x200000ec       0x44 build/usart.o
                0x200000ec                hdma_usart1_rx
 .bss.hdma_usart1_tx
                0x20000130       0x44 build/usart.o
                0x20000130                hdma_usart1_tx
 .bss.hdma_usart2_rx
                0x20000174       0x44 build/usart.o
                0x20000174                hdma_usart2_rx
 .bss.hdma_usart2_tx
                0x200001b8       0x44 build/usart.o
                0x200001b8                hdma_usart2_tx
 .bss.huart1    0x200001fc       0x44 build/usart.o
                0x200001fc                huart1
 .bss.huart2    0x20000240       0x44 build/usart.o
                0x20000240                huart2
 .bss.g_getTime
                0x20000284        0x6 build/esp8266_at.o
                0x20000284                g_getTime
 .bss.count.0   0x2000028a        0x1 build/htu21d.o
 .bss.g_i2cFial
                0x2000028b        0x1 build/htu21d.o
 .bss.g_thData  0x2000028c        0x4 build/htu21d.o
                0x2000028c                g_thData
 .bss.changeCtr.0
                0x20000290        0x1 build/hub75d.o
 .bss.count.1   0x20000291        0x1 build/hub75d.o
 *fill*         0x20000292        0x2 
 .bss.g_calendarDecimal
                0x20000294        0xe build/hub75d.o
                0x20000294                g_calendarDecimal
 .bss.g_displayOffCtr
                0x200002a2        0x2 build/hub75d.o
 .bss.g_displayTorH
                0x200002a4        0x1 build/hub75d.o
                0x200002a4                g_displayTorH
 *fill*         0x200002a5        0x3 
 .bss.g_lunarCalendarData
                0x200002a8        0x3 build/lunar_calendar.o
                0x200002a8                g_lunarCalendarData
 .bss.g_1sFlag  0x200002ab        0x1 build/time.o
 .bss.g_time    0x200002ac        0x8 build/time.o
                0x200002ac                g_time
 .bss.RxCpltCallback
                0x200002b4        0x4 build/trace_uart_if.o
 .bss.TxCpltCallback
                0x200002b8        0x4 build/trace_uart_if.o
 .bss.g_rxComplete
                0x200002bc        0x1 build/trace_uart_if.o
 *fill*         0x200002bd        0x3 
 .bss.g_rxType  0x200002c0       0x36 build/trace_uart_if.o
 *fill*         0x200002f6        0x2 
 .bss.g_usartType
                0x200002f8       0x68 build/wifi_uart_if.o
                0x200002f8                g_usartType
 .bss.__lock___malloc_recursive_mutex
                0x20000360        0x1 d:/program files (x86)/gnu arm embedded toolchain/10 2021.10/bin/../lib/gcc/arm-none-eabi/10.3.1/../../../../arm-none-eabi/lib/thumb/v7-m/nofp\libc_nano.a(lib_a-lock.o)
                0x20000360                __lock___malloc_recursive_mutex
 .bss.__lock___sfp_recursive_mutex
                0x20000361        0x1 d:/program files (x86)/gnu arm embedded toolchain/10 2021.10/bin/../lib/gcc/arm-none-eabi/10.3.1/../../../../arm-none-eabi/lib/thumb/v7-m/nofp\libc_nano.a(lib_a-lock.o)
                0x20000361                __lock___sfp_recursive_mutex
 .bss.__lock___sinit_recursive_mutex
                0x20000362        0x1 d:/program files (x86)/gnu arm embedded toolchain/10 2021.10/bin/../lib/gcc/arm-none-eabi/10.3.1/../../../../arm-none-eabi/lib/thumb/v7-m/nofp\libc_nano.a(lib_a-lock.o)
                0x20000362                __lock___sinit_recursive_mutex
 *fill*         0x20000363        0x1 
 .bss.__malloc_free_list
                0x20000364        0x4 d:/program files (x86)/gnu arm embedded toolchain/10 2021.10/bin/../lib/gcc/arm-none-eabi/10.3.1/../../../../arm-none-eabi/lib/thumb/v7-m/nofp\libc_nano.a(lib_a-nano-mallocr.o)
                0x20000364                __malloc_free_list
 .bss.__malloc_sbrk_start
                0x20000368        0x4 d:/program files (x86)/gnu arm embedded toolchain/10 2021.10/bin/../lib/gcc/arm-none-eabi/10.3.1/../../../../arm-none-eabi/lib/thumb/v7-m/nofp\libc_nano.a(lib_a-nano-mallocr.o)
                0x20000368                __malloc_sbrk_start
 .bss.errno     0x2000036c        0x4 d:/program files (x86)/gnu arm embedded toolchain/10 2021.10/bin/../lib/gcc/arm-none-eabi/10.3.1/../../../../arm-none-eabi/lib/thumb/v7-m/nofp\libc_nano.a(lib_a-reent.o)
                0x2000036c                errno
 .bss.heap_end.0
                0x20000370        0x4 d:/program files (x86)/gnu arm embedded toolchain/10 2021.10/bin/../lib/gcc/arm-none-eabi/10.3.1/../../../../arm-none-eabi/lib/thumb/v7-m/nofp\libnosys.a(sbrk.o)
 *(COMMON)
                0x20000374                . = ALIGN (0x4)
                0x20000374                _ebss = .
                0x20000374                __bss_end__ = _ebss

._user_heap_stack
                0x20000374      0x804 load address 0x08007dac
                0x20000378                . = ALIGN (0x8)
 *fill*         0x20000374        0x4 
                0x20000378                PROVIDE (end = .)
                [!provide]                PROVIDE (_end = .)
                0x20000778                . = (. + _Min_Heap_Size)
 *fill*         0x20000378      0x400 
                0x20000b78                . = (. + _Min_Stack_Size)
 *fill*         0x20000778      0x400 
                0x20000b78                . = ALIGN (0x8)

/DISCARD/
 libc.a(*)
 libm.a(*)
 libgcc.a(*)

.ARM.attributes
                0x00000000       0x29
 *(.ARM.attributes)
 .ARM.attributes
                0x00000000       0x1d d:/program files (x86)/gnu arm embedded toolchain/10 2021.10/bin/../lib/gcc/arm-none-eabi/10.3.1/thumb/v7-m/nofp/crti.o
 .ARM.attributes
                0x0000001d       0x2d d:/program files (x86)/gnu arm embedded toolchain/10 2021.10/bin/../lib/gcc/arm-none-eabi/10.3.1/thumb/v7-m/nofp/crtbegin.o
 .ARM.attributes
                0x0000004a       0x2d build/main.o
 .ARM.attributes
                0x00000077       0x2d build/gpio.o
 .ARM.attributes
                0x000000a4       0x2d build/rtc.o
 .ARM.attributes
                0x000000d1       0x2d build/tim.o
 .ARM.attributes
                0x000000fe       0x2d build/stm32f1xx_it.o
 .ARM.attributes
                0x0000012b       0x2d build/stm32f1xx_hal_msp.o
 .ARM.attributes
                0x00000158       0x2d build/stm32f1xx_hal_rtc.o
 .ARM.attributes
                0x00000185       0x2d build/stm32f1xx_hal_rtc_ex.o
 .ARM.attributes
                0x000001b2       0x2d build/stm32f1xx_hal.o
 .ARM.attributes
                0x000001df       0x2d build/stm32f1xx_hal_rcc.o
 .ARM.attributes
                0x0000020c       0x2d build/stm32f1xx_hal_rcc_ex.o
 .ARM.attributes
                0x00000239       0x2d build/stm32f1xx_hal_gpio.o
 .ARM.attributes
                0x00000266       0x2d build/stm32f1xx_hal_dma.o
 .ARM.attributes
                0x00000293       0x2d build/stm32f1xx_hal_cortex.o
 .ARM.attributes
                0x000002c0       0x2d build/stm32f1xx_hal_pwr.o
 .ARM.attributes
                0x000002ed       0x2d build/stm32f1xx_hal_tim.o
 .ARM.attributes
                0x0000031a       0x2d build/stm32f1xx_hal_tim_ex.o
 .ARM.attributes
                0x00000347       0x2d build/stm32f1xx_hal_uart.o
 .ARM.attributes
                0x00000374       0x2d build/system_stm32f1xx.o
 .ARM.attributes
                0x000003a1       0x2d build/usart.o
 .ARM.attributes
                0x000003ce       0x2d build/dma.o
 .ARM.attributes
                0x000003fb       0x2d build/common.o
 .ARM.attributes
                0x00000428       0x2d build/esp8266_at.o
 .ARM.attributes
                0x00000455       0x2d build/htu21d.o
 .ARM.attributes
                0x00000482       0x2d build/hub75d.o
 .ARM.attributes
                0x000004af       0x2d build/lunar_calendar.o
 .ARM.attributes
                0x000004dc       0x2d build/time.o
 .ARM.attributes
                0x00000509       0x2d build/trace_uart_if.o
 .ARM.attributes
                0x00000536       0x2d build/wifi_uart_if.o
 .ARM.attributes
                0x00000563       0x21 build/startup_stm32f103xb.o
 .ARM.attributes
                0x00000584       0x2d d:/program files (x86)/gnu arm embedded toolchain/10 2021.10/bin/../lib/gcc/arm-none-eabi/10.3.1/../../../../arm-none-eabi/lib/thumb/v7-m/nofp\libc_nano.a(lib_a-impure.o)
 .ARM.attributes
                0x000005b1       0x2d d:/program files (x86)/gnu arm embedded toolchain/10 2021.10/bin/../lib/gcc/arm-none-eabi/10.3.1/../../../../arm-none-eabi/lib/thumb/v7-m/nofp\libc_nano.a(lib_a-init.o)
 .ARM.attributes
                0x000005de       0x2d d:/program files (x86)/gnu arm embedded toolchain/10 2021.10/bin/../lib/gcc/arm-none-eabi/10.3.1/../../../../arm-none-eabi/lib/thumb/v7-m/nofp\libc_nano.a(lib_a-memset.o)
 .ARM.attributes
                0x0000060b       0x2d d:/program files (x86)/gnu arm embedded toolchain/10 2021.10/bin/../lib/gcc/arm-none-eabi/10.3.1/../../../../arm-none-eabi/lib/thumb/v7-m/nofp\libc_nano.a(lib_a-printf.o)
 .ARM.attributes
                0x00000638       0x2d d:/program files (x86)/gnu arm embedded toolchain/10 2021.10/bin/../lib/gcc/arm-none-eabi/10.3.1/../../../../arm-none-eabi/lib/thumb/v7-m/nofp\libc_nano.a(lib_a-puts.o)
 .ARM.attributes
                0x00000665       0x2d d:/program files (x86)/gnu arm embedded toolchain/10 2021.10/bin/../lib/gcc/arm-none-eabi/10.3.1/../../../../arm-none-eabi/lib/thumb/v7-m/nofp\libc_nano.a(lib_a-strstr.o)
 .ARM.attributes
                0x00000692       0x2d d:/program files (x86)/gnu arm embedded toolchain/10 2021.10/bin/../lib/gcc/arm-none-eabi/10.3.1/../../../../arm-none-eabi/lib/thumb/v7-m/nofp\libc_nano.a(lib_a-wbuf.o)
 .ARM.attributes
                0x000006bf       0x2d d:/program files (x86)/gnu arm embedded toolchain/10 2021.10/bin/../lib/gcc/arm-none-eabi/10.3.1/../../../../arm-none-eabi/lib/thumb/v7-m/nofp\libc_nano.a(lib_a-wsetup.o)
 .ARM.attributes
                0x000006ec       0x2d d:/program files (x86)/gnu arm embedded toolchain/10 2021.10/bin/../lib/gcc/arm-none-eabi/10.3.1/../../../../arm-none-eabi/lib/thumb/v7-m/nofp\libc_nano.a(lib_a-fflush.o)
 .ARM.attributes
                0x00000719       0x2d d:/program files (x86)/gnu arm embedded toolchain/10 2021.10/bin/../lib/gcc/arm-none-eabi/10.3.1/../../../../arm-none-eabi/lib/thumb/v7-m/nofp\libc_nano.a(lib_a-findfp.o)
 .ARM.attributes
                0x00000746       0x2d d:/program files (x86)/gnu arm embedded toolchain/10 2021.10/bin/../lib/gcc/arm-none-eabi/10.3.1/../../../../arm-none-eabi/lib/thumb/v7-m/nofp\libc_nano.a(lib_a-fwalk.o)
 .ARM.attributes
                0x00000773       0x2d d:/program files (x86)/gnu arm embedded toolchain/10 2021.10/bin/../lib/gcc/arm-none-eabi/10.3.1/../../../../arm-none-eabi/lib/thumb/v7-m/nofp\libc_nano.a(lib_a-lock.o)
 .ARM.attributes
                0x000007a0       0x2d d:/program files (x86)/gnu arm embedded toolchain/10 2021.10/bin/../lib/gcc/arm-none-eabi/10.3.1/../../../../arm-none-eabi/lib/thumb/v7-m/nofp\libc_nano.a(lib_a-makebuf.o)
 .ARM.attributes
                0x000007cd       0x2d d:/program files (x86)/gnu arm embedded toolchain/10 2021.10/bin/../lib/gcc/arm-none-eabi/10.3.1/../../../../arm-none-eabi/lib/thumb/v7-m/nofp\libc_nano.a(lib_a-nano-freer.o)
 .ARM.attributes
                0x000007fa       0x2d d:/program files (x86)/gnu arm embedded toolchain/10 2021.10/bin/../lib/gcc/arm-none-eabi/10.3.1/../../../../arm-none-eabi/lib/thumb/v7-m/nofp\libc_nano.a(lib_a-nano-mallocr.o)
 .ARM.attributes
                0x00000827       0x2d d:/program files (x86)/gnu arm embedded toolchain/10 2021.10/bin/../lib/gcc/arm-none-eabi/10.3.1/../../../../arm-none-eabi/lib/thumb/v7-m/nofp\libc_nano.a(lib_a-nano-vfprintf.o)
 .ARM.attributes
                0x00000854       0x2d d:/program files (x86)/gnu arm embedded toolchain/10 2021.10/bin/../lib/gcc/arm-none-eabi/10.3.1/../../../../arm-none-eabi/lib/thumb/v7-m/nofp\libc_nano.a(lib_a-nano-vfprintf_i.o)
 .ARM.attributes
                0x00000881       0x2d d:/program files (x86)/gnu arm embedded toolchain/10 2021.10/bin/../lib/gcc/arm-none-eabi/10.3.1/../../../../arm-none-eabi/lib/thumb/v7-m/nofp\libc_nano.a(lib_a-sbrkr.o)
 .ARM.attributes
                0x000008ae       0x2d d:/program files (x86)/gnu arm embedded toolchain/10 2021.10/bin/../lib/gcc/arm-none-eabi/10.3.1/../../../../arm-none-eabi/lib/thumb/v7-m/nofp\libc_nano.a(lib_a-stdio.o)
 .ARM.attributes
                0x000008db       0x2d d:/program files (x86)/gnu arm embedded toolchain/10 2021.10/bin/../lib/gcc/arm-none-eabi/10.3.1/../../../../arm-none-eabi/lib/thumb/v7-m/nofp\libc_nano.a(lib_a-writer.o)
 .ARM.attributes
                0x00000908       0x2d d:/program files (x86)/gnu arm embedded toolchain/10 2021.10/bin/../lib/gcc/arm-none-eabi/10.3.1/../../../../arm-none-eabi/lib/thumb/v7-m/nofp\libc_nano.a(lib_a-closer.o)
 .ARM.attributes
                0x00000935       0x2d d:/program files (x86)/gnu arm embedded toolchain/10 2021.10/bin/../lib/gcc/arm-none-eabi/10.3.1/../../../../arm-none-eabi/lib/thumb/v7-m/nofp\libc_nano.a(lib_a-fstatr.o)
 .ARM.attributes
                0x00000962       0x2d d:/program files (x86)/gnu arm embedded toolchain/10 2021.10/bin/../lib/gcc/arm-none-eabi/10.3.1/../../../../arm-none-eabi/lib/thumb/v7-m/nofp\libc_nano.a(lib_a-isattyr.o)
 .ARM.attributes
                0x0000098f       0x2d d:/program files (x86)/gnu arm embedded toolchain/10 2021.10/bin/../lib/gcc/arm-none-eabi/10.3.1/../../../../arm-none-eabi/lib/thumb/v7-m/nofp\libc_nano.a(lib_a-lseekr.o)
 .ARM.attributes
                0x000009bc       0x2d d:/program files (x86)/gnu arm embedded toolchain/10 2021.10/bin/../lib/gcc/arm-none-eabi/10.3.1/../../../../arm-none-eabi/lib/thumb/v7-m/nofp\libc_nano.a(lib_a-memchr-stub.o)
 .ARM.attributes
                0x000009e9       0x2d d:/program files (x86)/gnu arm embedded toolchain/10 2021.10/bin/../lib/gcc/arm-none-eabi/10.3.1/../../../../arm-none-eabi/lib/thumb/v7-m/nofp\libc_nano.a(lib_a-mlock.o)
 .ARM.attributes
                0x00000a16       0x2d d:/program files (x86)/gnu arm embedded toolchain/10 2021.10/bin/../lib/gcc/arm-none-eabi/10.3.1/../../../../arm-none-eabi/lib/thumb/v7-m/nofp\libc_nano.a(lib_a-readr.o)
 .ARM.attributes
                0x00000a43       0x2d d:/program files (x86)/gnu arm embedded toolchain/10 2021.10/bin/../lib/gcc/arm-none-eabi/10.3.1/../../../../arm-none-eabi/lib/thumb/v7-m/nofp\libc_nano.a(lib_a-reent.o)
 .ARM.attributes
                0x00000a70       0x2d d:/program files (x86)/gnu arm embedded toolchain/10 2021.10/bin/../lib/gcc/arm-none-eabi/10.3.1/../../../../arm-none-eabi/lib/thumb/v7-m/nofp\libnosys.a(close.o)
 .ARM.attributes
                0x00000a9d       0x2d d:/program files (x86)/gnu arm embedded toolchain/10 2021.10/bin/../lib/gcc/arm-none-eabi/10.3.1/../../../../arm-none-eabi/lib/thumb/v7-m/nofp\libnosys.a(fstat.o)
 .ARM.attributes
                0x00000aca       0x2d d:/program files (x86)/gnu arm embedded toolchain/10 2021.10/bin/../lib/gcc/arm-none-eabi/10.3.1/../../../../arm-none-eabi/lib/thumb/v7-m/nofp\libnosys.a(isatty.o)
 .ARM.attributes
                0x00000af7       0x2d d:/program files (x86)/gnu arm embedded toolchain/10 2021.10/bin/../lib/gcc/arm-none-eabi/10.3.1/../../../../arm-none-eabi/lib/thumb/v7-m/nofp\libnosys.a(lseek.o)
 .ARM.attributes
                0x00000b24       0x2d d:/program files (x86)/gnu arm embedded toolchain/10 2021.10/bin/../lib/gcc/arm-none-eabi/10.3.1/../../../../arm-none-eabi/lib/thumb/v7-m/nofp\libnosys.a(read.o)
 .ARM.attributes
                0x00000b51       0x2d d:/program files (x86)/gnu arm embedded toolchain/10 2021.10/bin/../lib/gcc/arm-none-eabi/10.3.1/../../../../arm-none-eabi/lib/thumb/v7-m/nofp\libnosys.a(sbrk.o)
 .ARM.attributes
                0x00000b7e       0x1d d:/program files (x86)/gnu arm embedded toolchain/10 2021.10/bin/../lib/gcc/arm-none-eabi/10.3.1/thumb/v7-m/nofp\libgcc.a(_arm_muldf3.o)
 .ARM.attributes
                0x00000b9b       0x1d d:/program files (x86)/gnu arm embedded toolchain/10 2021.10/bin/../lib/gcc/arm-none-eabi/10.3.1/thumb/v7-m/nofp\libgcc.a(_arm_addsubdf3.o)
 .ARM.attributes
                0x00000bb8       0x1d d:/program files (x86)/gnu arm embedded toolchain/10 2021.10/bin/../lib/gcc/arm-none-eabi/10.3.1/thumb/v7-m/nofp\libgcc.a(_arm_truncdfsf2.o)
 .ARM.attributes
                0x00000bd5       0x1d d:/program files (x86)/gnu arm embedded toolchain/10 2021.10/bin/../lib/gcc/arm-none-eabi/10.3.1/thumb/v7-m/nofp\libgcc.a(_arm_fixsfsi.o)
 .ARM.attributes
                0x00000bf2       0x1d d:/program files (x86)/gnu arm embedded toolchain/10 2021.10/bin/../lib/gcc/arm-none-eabi/10.3.1/thumb/v7-m/nofp\libgcc.a(_arm_fixunssfsi.o)
 .ARM.attributes
                0x00000c0f       0x1d d:/program files (x86)/gnu arm embedded toolchain/10 2021.10/bin/../lib/gcc/arm-none-eabi/10.3.1/thumb/v7-m/nofp/crtn.o
OUTPUT(build/CLOCK_STM32F103C8T6_WIFI.elf elf32-littlearm)
LOAD linker stubs
LOAD d:/program files (x86)/gnu arm embedded toolchain/10 2021.10/bin/../lib/gcc/arm-none-eabi/10.3.1/../../../../arm-none-eabi/lib/thumb/v7-m/nofp\libc.a
LOAD d:/program files (x86)/gnu arm embedded toolchain/10 2021.10/bin/../lib/gcc/arm-none-eabi/10.3.1/../../../../arm-none-eabi/lib/thumb/v7-m/nofp\libm.a
LOAD d:/program files (x86)/gnu arm embedded toolchain/10 2021.10/bin/../lib/gcc/arm-none-eabi/10.3.1/thumb/v7-m/nofp\libgcc.a

.debug_info     0x00000000    0x1e06d
 .debug_info    0x00000000      0x678 build/main.o
 .debug_info    0x00000678      0x3e7 build/gpio.o
 .debug_info    0x00000a5f      0x6f5 build/rtc.o
 .debug_info    0x00001154      0xabd build/tim.o
 .debug_info    0x00001c11      0xf19 build/stm32f1xx_it.o
 .debug_info    0x00002b2a      0x25a build/stm32f1xx_hal_msp.o
 .debug_info    0x00002d84     0x273e build/stm32f1xx_hal_rtc.o
 .debug_info    0x000054c2      0x926 build/stm32f1xx_hal_rtc_ex.o
 .debug_info    0x00005de8      0x8cc build/stm32f1xx_hal.o
 .debug_info    0x000066b4      0xe44 build/stm32f1xx_hal_rcc.o
 .debug_info    0x000074f8      0x517 build/stm32f1xx_hal_rcc_ex.o
 .debug_info    0x00007a0f      0x932 build/stm32f1xx_hal_gpio.o
 .debug_info    0x00008341      0xa4e build/stm32f1xx_hal_dma.o
 .debug_info    0x00008d8f      0xf86 build/stm32f1xx_hal_cortex.o
 .debug_info    0x00009d15      0x83b build/stm32f1xx_hal_pwr.o
 .debug_info    0x0000a550     0x6e6b build/stm32f1xx_hal_tim.o
 .debug_info    0x000113bb     0x2624 build/stm32f1xx_hal_tim_ex.o
 .debug_info    0x000139df     0x229f build/stm32f1xx_hal_uart.o
 .debug_info    0x00015c7e      0x459 build/system_stm32f1xx.o
 .debug_info    0x000160d7      0xcc3 build/usart.o
 .debug_info    0x00016d9a      0x3a2 build/dma.o
 .debug_info    0x0001713c     0x1167 build/common.o
 .debug_info    0x000182a3     0x1493 build/esp8266_at.o
 .debug_info    0x00019736     0x1b38 build/htu21d.o
 .debug_info    0x0001b26e      0xc15 build/hub75d.o
 .debug_info    0x0001be83      0x354 build/lunar_calendar.o
 .debug_info    0x0001c1d7      0x89c build/time.o
 .debug_info    0x0001ca73      0xd2a build/trace_uart_if.o
 .debug_info    0x0001d79d      0x8ae build/wifi_uart_if.o
 .debug_info    0x0001e04b       0x22 build/startup_stm32f103xb.o

.debug_abbrev   0x00000000     0x478d
 .debug_abbrev  0x00000000      0x1e4 build/main.o
 .debug_abbrev  0x000001e4      0x148 build/gpio.o
 .debug_abbrev  0x0000032c      0x1b2 build/rtc.o
 .debug_abbrev  0x000004de      0x20e build/tim.o
 .debug_abbrev  0x000006ec      0x24d build/stm32f1xx_it.o
 .debug_abbrev  0x00000939      0x114 build/stm32f1xx_hal_msp.o
 .debug_abbrev  0x00000a4d      0x346 build/stm32f1xx_hal_rtc.o
 .debug_abbrev  0x00000d93      0x267 build/stm32f1xx_hal_rtc_ex.o
 .debug_abbrev  0x00000ffa      0x259 build/stm32f1xx_hal.o
 .debug_abbrev  0x00001253      0x333 build/stm32f1xx_hal_rcc.o
 .debug_abbrev  0x00001586      0x1f0 build/stm32f1xx_hal_rcc_ex.o
 .debug_abbrev  0x00001776      0x23f build/stm32f1xx_hal_gpio.o
 .debug_abbrev  0x000019b5      0x279 build/stm32f1xx_hal_dma.o
 .debug_abbrev  0x00001c2e      0x3bc build/stm32f1xx_hal_cortex.o
 .debug_abbrev  0x00001fea      0x20b build/stm32f1xx_hal_pwr.o
 .debug_abbrev  0x000021f5      0x374 build/stm32f1xx_hal_tim.o
 .debug_abbrev  0x00002569      0x2f7 build/stm32f1xx_hal_tim_ex.o
 .debug_abbrev  0x00002860      0x3de build/stm32f1xx_hal_uart.o
 .debug_abbrev  0x00002c3e      0x140 build/system_stm32f1xx.o
 .debug_abbrev  0x00002d7e      0x200 build/usart.o
 .debug_abbrev  0x00002f7e      0x118 build/dma.o
 .debug_abbrev  0x00003096      0x220 build/common.o
 .debug_abbrev  0x000032b6      0x3f5 build/esp8266_at.o
 .debug_abbrev  0x000036ab      0x3be build/htu21d.o
 .debug_abbrev  0x00003a69      0x35f build/hub75d.o
 .debug_abbrev  0x00003dc8      0x183 build/lunar_calendar.o
 .debug_abbrev  0x00003f4b      0x2f7 build/time.o
 .debug_abbrev  0x00004242      0x2db build/trace_uart_if.o
 .debug_abbrev  0x0000451d      0x25e build/wifi_uart_if.o
 .debug_abbrev  0x0000477b       0x12 build/startup_stm32f103xb.o

.debug_loc      0x00000000    0x1897f
 .debug_loc     0x00000000       0x59 build/main.o
 .debug_loc     0x00000059       0x38 build/gpio.o
 .debug_loc     0x00000091       0xde build/rtc.o
 .debug_loc     0x0000016f       0xad build/tim.o
 .debug_loc     0x0000021c       0xb0 build/stm32f1xx_it.o
 .debug_loc     0x000002cc       0x4d build/stm32f1xx_hal_msp.o
 .debug_loc     0x00000319     0x30eb build/stm32f1xx_hal_rtc.o
 .debug_loc     0x00003404      0x950 build/stm32f1xx_hal_rtc_ex.o
 .debug_loc     0x00003d54      0x1da build/stm32f1xx_hal.o
 .debug_loc     0x00003f2e      0xabb build/stm32f1xx_hal_rcc.o
 .debug_loc     0x000049e9      0x447 build/stm32f1xx_hal_rcc_ex.o
 .debug_loc     0x00004e30      0x7dc build/stm32f1xx_hal_gpio.o
 .debug_loc     0x0000560c      0xc52 build/stm32f1xx_hal_dma.o
 .debug_loc     0x0000625e      0x934 build/stm32f1xx_hal_cortex.o
 .debug_loc     0x00006b92      0x295 build/stm32f1xx_hal_pwr.o
 .debug_loc     0x00006e27     0x92fd build/stm32f1xx_hal_tim.o
 .debug_loc     0x00010124     0x26d3 build/stm32f1xx_hal_tim_ex.o
 .debug_loc     0x000127f7     0x276a build/stm32f1xx_hal_uart.o
 .debug_loc     0x00014f61      0x113 build/system_stm32f1xx.o
 .debug_loc     0x00015074      0x1a8 build/usart.o
 .debug_loc     0x0001521c       0x44 build/dma.o
 .debug_loc     0x00015260      0x10d build/common.o
 .debug_loc     0x0001536d     0x17db build/esp8266_at.o
 .debug_loc     0x00016b48      0x706 build/htu21d.o
 .debug_loc     0x0001724e      0x783 build/hub75d.o
 .debug_loc     0x000179d1      0x540 build/lunar_calendar.o
 .debug_loc     0x00017f11      0x604 build/time.o
 .debug_loc     0x00018515      0x266 build/trace_uart_if.o
 .debug_loc     0x0001877b      0x204 build/wifi_uart_if.o

.debug_aranges  0x00000000      0xeb0
 .debug_aranges
                0x00000000       0x38 build/main.o
 .debug_aranges
                0x00000038       0x20 build/gpio.o
 .debug_aranges
                0x00000058       0x30 build/rtc.o
 .debug_aranges
                0x00000088       0x30 build/tim.o
 .debug_aranges
                0x000000b8       0x90 build/stm32f1xx_it.o
 .debug_aranges
                0x00000148       0x20 build/stm32f1xx_hal_msp.o
 .debug_aranges
                0x00000168       0xa0 build/stm32f1xx_hal_rtc.o
 .debug_aranges
                0x00000208       0x78 build/stm32f1xx_hal_rtc_ex.o
 .debug_aranges
                0x00000280       0xd8 build/stm32f1xx_hal.o
 .debug_aranges
                0x00000358       0x88 build/stm32f1xx_hal_rcc.o
 .debug_aranges
                0x000003e0       0x30 build/stm32f1xx_hal_rcc_ex.o
 .debug_aranges
                0x00000410       0x58 build/stm32f1xx_hal_gpio.o
 .debug_aranges
                0x00000468       0x78 build/stm32f1xx_hal_dma.o
 .debug_aranges
                0x000004e0       0x90 build/stm32f1xx_hal_cortex.o
 .debug_aranges
                0x00000570       0xa8 build/stm32f1xx_hal_pwr.o
 .debug_aranges
                0x00000618      0x2c8 build/stm32f1xx_hal_tim.o
 .debug_aranges
                0x000008e0      0x140 build/stm32f1xx_hal_tim_ex.o
 .debug_aranges
                0x00000a20      0x190 build/stm32f1xx_hal_uart.o
 .debug_aranges
                0x00000bb0       0x28 build/system_stm32f1xx.o
 .debug_aranges
                0x00000bd8       0x38 build/usart.o
 .debug_aranges
                0x00000c10       0x20 build/dma.o
 .debug_aranges
                0x00000c30       0x40 build/common.o
 .debug_aranges
                0x00000c70       0x50 build/esp8266_at.o
 .debug_aranges
                0x00000cc0       0x48 build/htu21d.o
 .debug_aranges
                0x00000d08       0x40 build/hub75d.o
 .debug_aranges
                0x00000d48       0x28 build/lunar_calendar.o
 .debug_aranges
                0x00000d70       0x58 build/time.o
 .debug_aranges
                0x00000dc8       0x70 build/trace_uart_if.o
 .debug_aranges
                0x00000e38       0x50 build/wifi_uart_if.o
 .debug_aranges
                0x00000e88       0x28 build/startup_stm32f103xb.o

.debug_ranges   0x00000000     0x34f0
 .debug_ranges  0x00000000       0x28 build/main.o
 .debug_ranges  0x00000028       0x68 build/gpio.o
 .debug_ranges  0x00000090       0x40 build/rtc.o
 .debug_ranges  0x000000d0       0x38 build/tim.o
 .debug_ranges  0x00000108       0x80 build/stm32f1xx_it.o
 .debug_ranges  0x00000188       0x38 build/stm32f1xx_hal_msp.o
 .debug_ranges  0x000001c0      0x4d0 build/stm32f1xx_hal_rtc.o
 .debug_ranges  0x00000690       0x68 build/stm32f1xx_hal_rtc_ex.o
 .debug_ranges  0x000006f8       0xc8 build/stm32f1xx_hal.o
 .debug_ranges  0x000007c0      0x138 build/stm32f1xx_hal_rcc.o
 .debug_ranges  0x000008f8       0x68 build/stm32f1xx_hal_rcc_ex.o
 .debug_ranges  0x00000960       0x70 build/stm32f1xx_hal_gpio.o
 .debug_ranges  0x000009d0       0xb0 build/stm32f1xx_hal_dma.o
 .debug_ranges  0x00000a80      0x168 build/stm32f1xx_hal_cortex.o
 .debug_ranges  0x00000be8       0x98 build/stm32f1xx_hal_pwr.o
 .debug_ranges  0x00000c80     0x1270 build/stm32f1xx_hal_tim.o
 .debug_ranges  0x00001ef0      0x330 build/stm32f1xx_hal_tim_ex.o
 .debug_ranges  0x00002220      0x3e0 build/stm32f1xx_hal_uart.o
 .debug_ranges  0x00002600       0x18 build/system_stm32f1xx.o
 .debug_ranges  0x00002618       0x98 build/usart.o
 .debug_ranges  0x000026b0       0x48 build/dma.o
 .debug_ranges  0x000026f8       0x48 build/common.o
 .debug_ranges  0x00002740      0x488 build/esp8266_at.o
 .debug_ranges  0x00002bc8      0x5d8 build/htu21d.o
 .debug_ranges  0x000031a0      0x168 build/hub75d.o
 .debug_ranges  0x00003308       0x40 build/lunar_calendar.o
 .debug_ranges  0x00003348       0xb0 build/time.o
 .debug_ranges  0x000033f8       0x78 build/trace_uart_if.o
 .debug_ranges  0x00003470       0x60 build/wifi_uart_if.o
 .debug_ranges  0x000034d0       0x20 build/startup_stm32f103xb.o

.debug_line     0x00000000    0x19be9
 .debug_line    0x00000000      0x352 build/main.o
 .debug_line    0x00000352      0x253 build/gpio.o
 .debug_line    0x000005a5      0x2ec build/rtc.o
 .debug_line    0x00000891      0x305 build/tim.o
 .debug_line    0x00000b96      0x45c build/stm32f1xx_it.o
 .debug_line    0x00000ff2      0x1c3 build/stm32f1xx_hal_msp.o
 .debug_line    0x000011b5     0x1e8e build/stm32f1xx_hal_rtc.o
 .debug_line    0x00003043      0x901 build/stm32f1xx_hal_rtc_ex.o
 .debug_line    0x00003944      0x596 build/stm32f1xx_hal.o
 .debug_line    0x00003eda      0xf9d build/stm32f1xx_hal_rcc.o
 .debug_line    0x00004e77      0x570 build/stm32f1xx_hal_rcc_ex.o
 .debug_line    0x000053e7      0x85a build/stm32f1xx_hal_gpio.o
 .debug_line    0x00005c41      0xdb3 build/stm32f1xx_hal_dma.o
 .debug_line    0x000069f4      0x7e2 build/stm32f1xx_hal_cortex.o
 .debug_line    0x000071d6      0x57b build/stm32f1xx_hal_pwr.o
 .debug_line    0x00007751     0x88d6 build/stm32f1xx_hal_tim.o
 .debug_line    0x00010027     0x2853 build/stm32f1xx_hal_tim_ex.o
 .debug_line    0x0001287a     0x2ab9 build/stm32f1xx_hal_uart.o
 .debug_line    0x00015333      0x297 build/system_stm32f1xx.o
 .debug_line    0x000155ca      0x557 build/usart.o
 .debug_line    0x00015b21      0x1b8 build/dma.o
 .debug_line    0x00015cd9      0x4cb build/common.o
 .debug_line    0x000161a4      0xcef build/esp8266_at.o
 .debug_line    0x00016e93     0x113b build/htu21d.o
 .debug_line    0x00017fce      0x9fb build/hub75d.o
 .debug_line    0x000189c9      0x361 build/lunar_calendar.o
 .debug_line    0x00018d2a      0x69a build/time.o
 .debug_line    0x000193c4      0x427 build/trace_uart_if.o
 .debug_line    0x000197eb      0x389 build/wifi_uart_if.o
 .debug_line    0x00019b74       0x75 build/startup_stm32f103xb.o

.debug_str      0x00000000     0x4b36
 .debug_str     0x00000000      0x6d9 build/main.o
                                0x71e (size before relaxing)
 .debug_str     0x000006d9       0xe0 build/gpio.o
                                0x249 (size before relaxing)
 .debug_str     0x000007b9      0x213 build/rtc.o
                                0x6e9 (size before relaxing)
 .debug_str     0x000009cc      0x550 build/tim.o
                                0xabd (size before relaxing)
 .debug_str     0x00000f1c      0x438 build/stm32f1xx_it.o
                                0xbb2 (size before relaxing)
 .debug_str     0x00001354       0x74 build/stm32f1xx_hal_msp.o
                                0x208 (size before relaxing)
 .debug_str     0x000013c8      0x324 build/stm32f1xx_hal_rtc.o
                                0x6e9 (size before relaxing)
 .debug_str     0x000016ec      0x206 build/stm32f1xx_hal_rtc_ex.o
                                0x57b (size before relaxing)
 .debug_str     0x000018f2      0x2d6 build/stm32f1xx_hal.o
                                0x810 (size before relaxing)
 .debug_str     0x00001bc8      0x1fe build/stm32f1xx_hal_rcc.o
                                0x605 (size before relaxing)
 .debug_str     0x00001dc6       0x81 build/stm32f1xx_hal_rcc_ex.o
                                0x3ad (size before relaxing)
 .debug_str     0x00001e47       0xde build/stm32f1xx_hal_gpio.o
                                0x3ec (size before relaxing)
 .debug_str     0x00001f25      0x224 build/stm32f1xx_hal_dma.o
                                0x5e9 (size before relaxing)
 .debug_str     0x00002149      0x39b build/stm32f1xx_hal_cortex.o
                                0x8ad (size before relaxing)
 .debug_str     0x000024e4      0x208 build/stm32f1xx_hal_pwr.o
                                0x475 (size before relaxing)
 .debug_str     0x000026ec      0xe3a build/stm32f1xx_hal_tim.o
                               0x1624 (size before relaxing)
 .debug_str     0x00003526      0x521 build/stm32f1xx_hal_tim_ex.o
                                0xe25 (size before relaxing)
 .debug_str     0x00003a47      0x5fb build/stm32f1xx_hal_uart.o
                                0xc68 (size before relaxing)
 .debug_str     0x00004042       0x4f build/system_stm32f1xx.o
                                0x27e (size before relaxing)
 .debug_str     0x00004091       0x1c build/usart.o
                                0x9e8 (size before relaxing)
 .debug_str     0x000040ad        0xf build/dma.o
                                0x4ac (size before relaxing)
 .debug_str     0x000040bc      0x1d6 build/common.o
                                0xc5e (size before relaxing)
 .debug_str     0x00004292      0x1ad build/esp8266_at.o
                                0x7cc (size before relaxing)
 .debug_str     0x0000443f      0x1cb build/htu21d.o
                                0x432 (size before relaxing)
 .debug_str     0x0000460a      0x1e4 build/hub75d.o
                                0x47e (size before relaxing)
 .debug_str     0x000047ee       0x7b build/lunar_calendar.o
                                0x262 (size before relaxing)
 .debug_str     0x00004869       0x7a build/time.o
                                0x48a (size before relaxing)
 .debug_str     0x000048e3      0x1b7 build/trace_uart_if.o
                                0xb59 (size before relaxing)
 .debug_str     0x00004a9a       0x78 build/wifi_uart_if.o
                                0x69a (size before relaxing)
 .debug_str     0x00004b12       0x24 build/startup_stm32f103xb.o
                                 0x3f (size before relaxing)

.comment        0x00000000       0x49
 .comment       0x00000000       0x49 build/main.o
                                 0x4a (size before relaxing)
 .comment       0x00000049       0x4a build/gpio.o
 .comment       0x00000049       0x4a build/rtc.o
 .comment       0x00000049       0x4a build/tim.o
 .comment       0x00000049       0x4a build/stm32f1xx_it.o
 .comment       0x00000049       0x4a build/stm32f1xx_hal_msp.o
 .comment       0x00000049       0x4a build/stm32f1xx_hal_rtc.o
 .comment       0x00000049       0x4a build/stm32f1xx_hal_rtc_ex.o
 .comment       0x00000049       0x4a build/stm32f1xx_hal.o
 .comment       0x00000049       0x4a build/stm32f1xx_hal_rcc.o
 .comment       0x00000049       0x4a build/stm32f1xx_hal_rcc_ex.o
 .comment       0x00000049       0x4a build/stm32f1xx_hal_gpio.o
 .comment       0x00000049       0x4a build/stm32f1xx_hal_dma.o
 .comment       0x00000049       0x4a build/stm32f1xx_hal_cortex.o
 .comment       0x00000049       0x4a build/stm32f1xx_hal_pwr.o
 .comment       0x00000049       0x4a build/stm32f1xx_hal_tim.o
 .comment       0x00000049       0x4a build/stm32f1xx_hal_tim_ex.o
 .comment       0x00000049       0x4a build/stm32f1xx_hal_uart.o
 .comment       0x00000049       0x4a build/system_stm32f1xx.o
 .comment       0x00000049       0x4a build/usart.o
 .comment       0x00000049       0x4a build/dma.o
 .comment       0x00000049       0x4a build/common.o
 .comment       0x00000049       0x4a build/esp8266_at.o
 .comment       0x00000049       0x4a build/htu21d.o
 .comment       0x00000049       0x4a build/hub75d.o
 .comment       0x00000049       0x4a build/lunar_calendar.o
 .comment       0x00000049       0x4a build/time.o
 .comment       0x00000049       0x4a build/trace_uart_if.o
 .comment       0x00000049       0x4a build/wifi_uart_if.o

.debug_frame    0x00000000     0x37f8
 .debug_frame   0x00000000       0x68 build/main.o
 .debug_frame   0x00000068       0x34 build/gpio.o
 .debug_frame   0x0000009c       0x64 build/rtc.o
 .debug_frame   0x00000100       0x60 build/tim.o
 .debug_frame   0x00000160      0x160 build/stm32f1xx_it.o
 .debug_frame   0x000002c0       0x2c build/stm32f1xx_hal_msp.o
 .debug_frame   0x000002ec      0x2e8 build/stm32f1xx_hal_rtc.o
 .debug_frame   0x000005d4      0x194 build/stm32f1xx_hal_rtc_ex.o
 .debug_frame   0x00000768      0x1d4 build/stm32f1xx_hal.o
 .debug_frame   0x0000093c      0x1c4 build/stm32f1xx_hal_rcc.o
 .debug_frame   0x00000b00       0x78 build/stm32f1xx_hal_rcc_ex.o
 .debug_frame   0x00000b78      0x110 build/stm32f1xx_hal_gpio.o
 .debug_frame   0x00000c88      0x16c build/stm32f1xx_hal_dma.o
 .debug_frame   0x00000df4      0x150 build/stm32f1xx_hal_cortex.o
 .debug_frame   0x00000f44      0x164 build/stm32f1xx_hal_pwr.o
 .debug_frame   0x000010a8      0xbc4 build/stm32f1xx_hal_tim.o
 .debug_frame   0x00001c6c      0x450 build/stm32f1xx_hal_tim_ex.o
 .debug_frame   0x000020bc      0x5f0 build/stm32f1xx_hal_uart.o
 .debug_frame   0x000026ac       0x3c build/system_stm32f1xx.o
 .debug_frame   0x000026e8       0xa0 build/usart.o
 .debug_frame   0x00002788       0x30 build/dma.o
 .debug_frame   0x000027b8       0x7c build/common.o
 .debug_frame   0x00002834       0xd4 build/esp8266_at.o
 .debug_frame   0x00002908       0xe4 build/htu21d.o
 .debug_frame   0x000029ec       0x8c build/hub75d.o
 .debug_frame   0x00002a78       0x40 build/lunar_calendar.o
 .debug_frame   0x00002ab8       0xe8 build/time.o
 .debug_frame   0x00002ba0      0x104 build/trace_uart_if.o
 .debug_frame   0x00002ca4       0xb4 build/wifi_uart_if.o
 .debug_frame   0x00002d58       0x2c d:/program files (x86)/gnu arm embedded toolchain/10 2021.10/bin/../lib/gcc/arm-none-eabi/10.3.1/../../../../arm-none-eabi/lib/thumb/v7-m/nofp\libc_nano.a(lib_a-init.o)
 .debug_frame   0x00002d84       0x20 d:/program files (x86)/gnu arm embedded toolchain/10 2021.10/bin/../lib/gcc/arm-none-eabi/10.3.1/../../../../arm-none-eabi/lib/thumb/v7-m/nofp\libc_nano.a(lib_a-memset.o)
 .debug_frame   0x00002da4       0x74 d:/program files (x86)/gnu arm embedded toolchain/10 2021.10/bin/../lib/gcc/arm-none-eabi/10.3.1/../../../../arm-none-eabi/lib/thumb/v7-m/nofp\libc_nano.a(lib_a-printf.o)
 .debug_frame   0x00002e18       0x3c d:/program files (x86)/gnu arm embedded toolchain/10 2021.10/bin/../lib/gcc/arm-none-eabi/10.3.1/../../../../arm-none-eabi/lib/thumb/v7-m/nofp\libc_nano.a(lib_a-puts.o)
 .debug_frame   0x00002e54       0x2c d:/program files (x86)/gnu arm embedded toolchain/10 2021.10/bin/../lib/gcc/arm-none-eabi/10.3.1/../../../../arm-none-eabi/lib/thumb/v7-m/nofp\libc_nano.a(lib_a-strstr.o)
 .debug_frame   0x00002e80       0x40 d:/program files (x86)/gnu arm embedded toolchain/10 2021.10/bin/../lib/gcc/arm-none-eabi/10.3.1/../../../../arm-none-eabi/lib/thumb/v7-m/nofp\libc_nano.a(lib_a-wbuf.o)
 .debug_frame   0x00002ec0       0x2c d:/program files (x86)/gnu arm embedded toolchain/10 2021.10/bin/../lib/gcc/arm-none-eabi/10.3.1/../../../../arm-none-eabi/lib/thumb/v7-m/nofp\libc_nano.a(lib_a-wsetup.o)
 .debug_frame   0x00002eec       0x5c d:/program files (x86)/gnu arm embedded toolchain/10 2021.10/bin/../lib/gcc/arm-none-eabi/10.3.1/../../../../arm-none-eabi/lib/thumb/v7-m/nofp\libc_nano.a(lib_a-fflush.o)
 .debug_frame   0x00002f48      0x14c d:/program files (x86)/gnu arm embedded toolchain/10 2021.10/bin/../lib/gcc/arm-none-eabi/10.3.1/../../../../arm-none-eabi/lib/thumb/v7-m/nofp\libc_nano.a(lib_a-findfp.o)
 .debug_frame   0x00003094       0x54 d:/program files (x86)/gnu arm embedded toolchain/10 2021.10/bin/../lib/gcc/arm-none-eabi/10.3.1/../../../../arm-none-eabi/lib/thumb/v7-m/nofp\libc_nano.a(lib_a-fwalk.o)
 .debug_frame   0x000030e8       0xb0 d:/program files (x86)/gnu arm embedded toolchain/10 2021.10/bin/../lib/gcc/arm-none-eabi/10.3.1/../../../../arm-none-eabi/lib/thumb/v7-m/nofp\libc_nano.a(lib_a-lock.o)
 .debug_frame   0x00003198       0x58 d:/program files (x86)/gnu arm embedded toolchain/10 2021.10/bin/../lib/gcc/arm-none-eabi/10.3.1/../../../../arm-none-eabi/lib/thumb/v7-m/nofp\libc_nano.a(lib_a-makebuf.o)
 .debug_frame   0x000031f0       0x38 d:/program files (x86)/gnu arm embedded toolchain/10 2021.10/bin/../lib/gcc/arm-none-eabi/10.3.1/../../../../arm-none-eabi/lib/thumb/v7-m/nofp\libc_nano.a(lib_a-nano-freer.o)
 .debug_frame   0x00003228       0x4c d:/program files (x86)/gnu arm embedded toolchain/10 2021.10/bin/../lib/gcc/arm-none-eabi/10.3.1/../../../../arm-none-eabi/lib/thumb/v7-m/nofp\libc_nano.a(lib_a-nano-mallocr.o)
 .debug_frame   0x00003274       0xac d:/program files (x86)/gnu arm embedded toolchain/10 2021.10/bin/../lib/gcc/arm-none-eabi/10.3.1/../../../../arm-none-eabi/lib/thumb/v7-m/nofp\libc_nano.a(lib_a-nano-vfprintf.o)
 .debug_frame   0x00003320       0x60 d:/program files (x86)/gnu arm embedded toolchain/10 2021.10/bin/../lib/gcc/arm-none-eabi/10.3.1/../../../../arm-none-eabi/lib/thumb/v7-m/nofp\libc_nano.a(lib_a-nano-vfprintf_i.o)
 .debug_frame   0x00003380       0x2c d:/program files (x86)/gnu arm embedded toolchain/10 2021.10/bin/../lib/gcc/arm-none-eabi/10.3.1/../../../../arm-none-eabi/lib/thumb/v7-m/nofp\libc_nano.a(lib_a-sbrkr.o)
 .debug_frame   0x000033ac       0x88 d:/program files (x86)/gnu arm embedded toolchain/10 2021.10/bin/../lib/gcc/arm-none-eabi/10.3.1/../../../../arm-none-eabi/lib/thumb/v7-m/nofp\libc_nano.a(lib_a-stdio.o)
 .debug_frame   0x00003434       0x2c d:/program files (x86)/gnu arm embedded toolchain/10 2021.10/bin/../lib/gcc/arm-none-eabi/10.3.1/../../../../arm-none-eabi/lib/thumb/v7-m/nofp\libc_nano.a(lib_a-writer.o)
 .debug_frame   0x00003460       0x2c d:/program files (x86)/gnu arm embedded toolchain/10 2021.10/bin/../lib/gcc/arm-none-eabi/10.3.1/../../../../arm-none-eabi/lib/thumb/v7-m/nofp\libc_nano.a(lib_a-closer.o)
 .debug_frame   0x0000348c       0x2c d:/program files (x86)/gnu arm embedded toolchain/10 2021.10/bin/../lib/gcc/arm-none-eabi/10.3.1/../../../../arm-none-eabi/lib/thumb/v7-m/nofp\libc_nano.a(lib_a-fstatr.o)
 .debug_frame   0x000034b8       0x2c d:/program files (x86)/gnu arm embedded toolchain/10 2021.10/bin/../lib/gcc/arm-none-eabi/10.3.1/../../../../arm-none-eabi/lib/thumb/v7-m/nofp\libc_nano.a(lib_a-isattyr.o)
 .debug_frame   0x000034e4       0x2c d:/program files (x86)/gnu arm embedded toolchain/10 2021.10/bin/../lib/gcc/arm-none-eabi/10.3.1/../../../../arm-none-eabi/lib/thumb/v7-m/nofp\libc_nano.a(lib_a-lseekr.o)
 .debug_frame   0x00003510       0x28 d:/program files (x86)/gnu arm embedded toolchain/10 2021.10/bin/../lib/gcc/arm-none-eabi/10.3.1/../../../../arm-none-eabi/lib/thumb/v7-m/nofp\libc_nano.a(lib_a-memchr-stub.o)
 .debug_frame   0x00003538       0x30 d:/program files (x86)/gnu arm embedded toolchain/10 2021.10/bin/../lib/gcc/arm-none-eabi/10.3.1/../../../../arm-none-eabi/lib/thumb/v7-m/nofp\libc_nano.a(lib_a-mlock.o)