Component: ARM Compiler 5.06 update 5 (build 528) Tool: armlink [4d35e2]

==============================================================================

Section Cross References

    startup_stm32f103xb.o(STACK) refers (Special) to heapauxi.o(.text) for __use_two_region_memory
    startup_stm32f103xb.o(HEAP) refers (Special) to heapauxi.o(.text) for __use_two_region_memory
    startup_stm32f103xb.o(RESET) refers (Special) to heapauxi.o(.text) for __use_two_region_memory
    startup_stm32f103xb.o(RESET) refers to startup_stm32f103xb.o(STACK) for __initial_sp
    startup_stm32f103xb.o(RESET) refers to startup_stm32f103xb.o(.text) for Reset_Handler
    startup_stm32f103xb.o(RESET) refers to stm32f1xx_it.o(i.NMI_Handler) for NMI_Handler
    startup_stm32f103xb.o(RESET) refers to stm32f1xx_it.o(i.HardFault_Handler) for HardFault_Handler
    startup_stm32f103xb.o(RESET) refers to stm32f1xx_it.o(i.MemManage_Handler) for MemManage_Handler
    startup_stm32f103xb.o(RESET) refers to stm32f1xx_it.o(i.BusFault_Handler) for BusFault_Handler
    startup_stm32f103xb.o(RESET) refers to stm32f1xx_it.o(i.UsageFault_Handler) for UsageFault_Handler
    startup_stm32f103xb.o(RESET) refers to stm32f1xx_it.o(i.SVC_Handler) for SVC_Handler
    startup_stm32f103xb.o(RESET) refers to stm32f1xx_it.o(i.DebugMon_Handler) for DebugMon_Handler
    startup_stm32f103xb.o(RESET) refers to stm32f1xx_it.o(i.PendSV_Handler) for PendSV_Handler
    startup_stm32f103xb.o(RESET) refers to stm32f1xx_it.o(i.SysTick_Handler) for SysTick_Handler
    startup_stm32f103xb.o(RESET) refers to stm32f1xx_it.o(i.RTC_IRQHandler) for RTC_IRQHandler
    startup_stm32f103xb.o(RESET) refers to stm32f1xx_it.o(i.EXTI0_IRQHandler) for EXTI0_IRQHandler
    startup_stm32f103xb.o(RESET) refers to stm32f1xx_it.o(i.DMA1_Channel4_IRQHandler) for DMA1_Channel4_IRQHandler
    startup_stm32f103xb.o(RESET) refers to stm32f1xx_it.o(i.DMA1_Channel5_IRQHandler) for DMA1_Channel5_IRQHandler
    startup_stm32f103xb.o(RESET) refers to stm32f1xx_it.o(i.TIM4_IRQHandler) for TIM4_IRQHandler
    startup_stm32f103xb.o(RESET) refers to stm32f1xx_it.o(i.USART1_IRQHandler) for USART1_IRQHandler
    startup_stm32f103xb.o(.text) refers (Special) to heapauxi.o(.text) for __use_two_region_memory
    startup_stm32f103xb.o(.text) refers to system_stm32f1xx.o(i.SystemInit) for SystemInit
    startup_stm32f103xb.o(.text) refers to __main.o(!!!main) for __main
    startup_stm32f103xb.o(.text) refers to startup_stm32f103xb.o(HEAP) for Heap_Mem
    startup_stm32f103xb.o(.text) refers to startup_stm32f103xb.o(STACK) for Stack_Mem
    main.o(i.EnterStandbyMode) refers to noretval__2printf.o(.text) for __2printf
    main.o(i.EnterStandbyMode) refers to esp8266_at.o(i.WIFI_PowerOnOff) for WIFI_PowerOnOff
    main.o(i.EnterStandbyMode) refers to hub75d.o(i.HUB75D_DispOnOff) for HUB75D_DispOnOff
    main.o(i.EnterStandbyMode) refers to stm32f1xx_hal_gpio.o(i.HAL_GPIO_WritePin) for HAL_GPIO_WritePin
    main.o(i.EnterStandbyMode) refers to stm32f1xx_hal_pwr.o(i.HAL_PWR_EnterSTOPMode) for HAL_PWR_EnterSTOPMode
    main.o(i.EnterStandbyMode) refers to stm32f1xx_hal.o(i.HAL_Init) for HAL_Init
    main.o(i.EnterStandbyMode) refers to main.o(i.SystemClock_Config) for SystemClock_Config
    main.o(i.EnterStandbyMode) refers to gpio.o(i.MX_GPIO_Init) for MX_GPIO_Init
    main.o(i.EnterStandbyMode) refers to dma.o(i.MX_DMA_Init) for MX_DMA_Init
    main.o(i.EnterStandbyMode) refers to usart.o(i.MX_USART1_UART_Init) for MX_USART1_UART_Init
    main.o(i.EnterStandbyMode) refers to main.o(i.MX_NVIC_Init) for MX_NVIC_Init
    main.o(i.EnterStandbyMode) refers to stm32f1xx_hal_rtc_ex.o(i.HAL_RTCEx_SetSecond_IT) for HAL_RTCEx_SetSecond_IT
    main.o(i.EnterStandbyMode) refers to time.o(i.GetClock) for GetClock
    main.o(i.EnterStandbyMode) refers to stm32f1xx_hal.o(i.HAL_Delay) for HAL_Delay
    main.o(i.EnterStandbyMode) refers to htu21d.o(i.HTU21D_Init) for HTU21D_Init
    main.o(i.EnterStandbyMode) refers to esp8266_at.o(i.WIFI_Init) for WIFI_Init
    main.o(i.EnterStandbyMode) refers to wifi_uart_if.o(i.USART1_ReceiveDmaInit) for USART1_ReceiveDmaInit
    main.o(i.EnterStandbyMode) refers to tim.o(i.MX_TIM4_Init) for MX_TIM4_Init
    main.o(i.EnterStandbyMode) refers to stm32f1xx_hal_tim.o(i.HAL_TIM_Base_Start_IT) for HAL_TIM_Base_Start_IT
    main.o(i.EnterStandbyMode) refers to rtc.o(.bss) for hrtc
    main.o(i.EnterStandbyMode) refers to tim.o(.bss) for htim4
    main.o(i.HAL_GPIO_EXTI_Callback) refers to hub75d.o(i.HUB75D_SetDispOffCtr) for HUB75D_SetDispOffCtr
    main.o(i.MX_NVIC_Init) refers to stm32f1xx_hal_cortex.o(i.HAL_NVIC_SetPriority) for HAL_NVIC_SetPriority
    main.o(i.MX_NVIC_Init) refers to stm32f1xx_hal_cortex.o(i.HAL_NVIC_EnableIRQ) for HAL_NVIC_EnableIRQ
    main.o(i.SystemClock_Config) refers to rt_memclr_w.o(.text) for __aeabi_memclr4
    main.o(i.SystemClock_Config) refers to stm32f1xx_hal_rcc.o(i.HAL_RCC_OscConfig) for HAL_RCC_OscConfig
[...]
    x$fpl$dfltu                              0x08005f24   Section       38  dflt_clz.o(x$fpl$dfltu)
    x$fpl$dmul                               0x08005f4c   Section      340  dmul.o(x$fpl$dmul)
    x$fpl$dnaninf                            0x080060a0   Section      156  dnaninf.o(x$fpl$dnaninf)
    x$fpl$dretinf                            0x0800613c   Section       12  dretinf.o(x$fpl$dretinf)
    x$fpl$dsub                               0x08006148   Section      468  daddsub_clz.o(x$fpl$dsub)
    _dsub1                                   0x08006159   Thumb Code     0  daddsub_clz.o(x$fpl$dsub)
    x$fpl$ffix                               0x0800631c   Section       54  ffix.o(x$fpl$ffix)
    x$fpl$ffixu                              0x08006354   Section       62  ffixu.o(x$fpl$ffixu)
    x$fpl$fnaninf                            0x08006392   Section      140  fnaninf.o(x$fpl$fnaninf)
    x$fpl$fretinf                            0x0800641e   Section       10  fretinf.o(x$fpl$fretinf)
    x$fpl$retnan                             0x08006428   Section      100  retnan.o(x$fpl$retnan)
    x$fpl$scalbn                             0x0800648c   Section       92  scalbn.o(x$fpl$scalbn)
    x$fpl$trapveneer                         0x080064e8   Section       48  trapv.o(x$fpl$trapveneer)
    .constdata                               0x08006518   Section       16  system_stm32f1xx.o(.constdata)
    x$fpl$usenofp                            0x08006518   Section        0  usenofp.o(x$fpl$usenofp)
    .constdata                               0x08006528   Section        8  system_stm32f1xx.o(.constdata)
    .constdata                               0x08006530   Section       80  esp8266_at.o(.constdata)
    .constdata                               0x08006580   Section     1024  hub75d.o(.constdata)
    DateTable                                0x08006580   Data         152  hub75d.o(.constdata)
    HZ                                       0x08006618   Data          88  hub75d.o(.constdata)
    DateD                                    0x08006670   Data         128  hub75d.o(.constdata)
    Time8Mul16Table                          0x080066f0   Data         464  hub75d.o(.constdata)
    TimeSecondTable                          0x080068c0   Data         192  hub75d.o(.constdata)
    .constdata                               0x08006980   Section      820  lunar_calendar.o(.constdata)
    g_lunarCalendarTable                     0x08006980   Data         796  lunar_calendar.o(.constdata)
    g_monthAdd                               0x08006c9c   Data          24  lunar_calendar.o(.constdata)
    .constdata                               0x08006cb4   Section       17  __printf_flags_wp.o(.constdata)
    maptable                                 0x08006cb4   Data          17  __printf_flags_wp.o(.constdata)
    .constdata                               0x08006cc5   Section        4  sys_io.o(.constdata)
    .constdata                               0x08006cc9   Section        4  sys_io.o(.constdata)
    .constdata                               0x08006ccd   Section        4  sys_io.o(.constdata)
    .data                                    0x20000000   Section       12  stm32f1xx_hal.o(.data)
    .data                                    0x2000000c   Section        4  system_stm32f1xx.o(.data)
    .data                                    0x20000010   Section        6  esp8266_at.o(.data)
    .data                                    0x20000016   Section        6  htu21d.o(.data)
    count                                    0x20000016   Data           1  htu21d.o(.data)
    g_i2cFial                                0x20000017   Data           1  htu21d.o(.data)
    .data                                    0x2000001c   Section        4  hub75d.o(.data)
    changeCtr                                0x2000001c   Data           1  hub75d.o(.data)
    g_displayOffCtr                          0x2000001e   Data           2  hub75d.o(.data)
    .data                                    0x20000020   Section        3  lunar_calendar.o(.data)
    .data                                    0x20000024   Section       10  time.o(.data)
    g_1sFlag                                 0x20000024   Data           1  time.o(.data)
    .data                                    0x20000030   Section        4  stdio_streams.o(.data)
    .data                                    0x20000034   Section        4  stdio_streams.o(.data)
    .data                                    0x20000038   Section        4  stdio_streams.o(.data)
    .data__ZZ15HUB75D_DispScanE5count        0x2000003c   Section        1  hub75d.o(.data__ZZ15HUB75D_DispScanE5count)
    .bss                                     0x20000040   Section       20  rtc.o(.bss)
    .bss                                     0x20000054   Section       72  tim.o(.bss)
    .bss                                     0x2000009c   Section      204  usart.o(.bss)
    .bss                                     0x20000168   Section       14  hub75d.o(.bss)
    .bss                                     0x20000176   Section      104  wifi_uart_if.o(.bss)
    .bss                                     0x200001e0   Section       84  stdio_streams.o(.bss)
    .bss                                     0x20000234   Section       84  stdio_streams.o(.bss)
    .bss                                     0x20000288   Section       84  stdio_streams.o(.bss)
    .bss                                     0x200002dc   Section       96  libspace.o(.bss)
    HEAP                                     0x20000340   Section     1024  startup_stm32f103xb.o(HEAP)
    Heap_Mem                                 0x20000340   Data        1024  startup_stm32f103xb.o(HEAP)
    STACK                                    0x20000740   Section     1024  startup_stm32f103xb.o(STACK)
    Stack_Mem                                0x20000740   Data        1024  startup_stm32f103xb.o(STACK)
    __initial_sp                             0x20000b40   Data           0  startup_stm32f103xb.o(STACK)

    Global Symbols

    Symbol Name                              Value     Ov Type        Size  Object(Section)

    BuildAttributes$$THM_ISAv4$P$D$K$B$S$PE$A:L22UL41UL21$X:L11$S22US41US21$IEEE1$IW$USESV6$~STKCKD$USESV7$~SHL$OTIME$ROPI$EBA8$UX$STANDARDLIB$REQ8$PRES8$EABIv2 0x00000000   Number         0  anon$$obj.o ABSOLUTE
    __ARM_use_no_argv                        0x00000000   Number         0  main.o ABSOLUTE
    _printf_flags                            0x00000000   Number         0  printf_stubs.o ABSOLUTE
    _printf_return_value                     0x00000000   Number         0  printf_stubs.o ABSOLUTE
    _printf_sizespec                         0x00000000   Number         0  printf_stubs.o ABSOLUTE
    _printf_widthprec                        0x00000000   Number         0  printf_stubs.o ABSOLUTE
    __ARM_exceptions_init                     - Undefined Weak Reference
    __alloca_initialize                       - Undefined Weak Reference
    __arm_preinit_                            - Undefined Weak Reference
    __cpp_initialize__aeabi_                  - Undefined Weak Reference
    __cxa_finalize                            - Undefined Weak Reference
    __rt_locale                               - Undefined Weak Reference
    __sigvec_lookup                           - Undefined Weak Reference
    __user_heap_extent                        - Undefined Weak Reference
    _atexit_init                              - Undefined Weak Reference
    _call_atexit_fns                          - Undefined Weak Reference
    _clock_init                               - Undefined Weak Reference
    _fp_trap_init                             - Undefined Weak Reference
    _fp_trap_shutdown                         - Undefined Weak Reference
    _get_lc_collate                           - Undefined Weak Reference
    _get_lc_ctype                             - Undefined Weak Reference
    _get_lc_monetary                          - Undefined Weak Reference
    _get_lc_numeric                           - Undefined Weak Reference
    _get_lc_time                              - Undefined Weak Reference
    _getenv_init                              - Undefined Weak Reference
    _handle_redirection                       - Undefined Weak Reference
    _mutex_acquire                            - Undefined Weak Reference
    _mutex_free                               - Undefined Weak Reference
    _mutex_release                            - Undefined Weak Reference
    _printf_truncate_signed                   - Undefined Weak Reference
    _printf_truncate_unsigned                 - Undefined Weak Reference
    _rand_init                                - Undefined Weak Reference
    _signal_finish                            - Undefined Weak Reference
    _signal_init                              - Undefined Weak Reference
    __Vectors_Size                           0x000000ec   Number         0  startup_stm32f103xb.o ABSOLUTE
    __Vectors                                0x08000000   Data           4  startup_stm32f103xb.o(RESET)
    __Vectors_End                            0x080000ec   Data           0  startup_stm32f103xb.o(RESET)
    __main                                   0x080000ed   Thumb Code     8  __main.o(!!!main)
    __scatterload                            0x080000f5   Thumb Code     0  __scatter.o(!!!scatter)
    __scatterload_rt2                        0x080000f5   Thumb Code    44  __scatter.o(!!!scatter)
    __scatterload_rt2_thumb_only             0x080000f5   Thumb Code     0  __scatter.o(!!!scatter)
    __scatterload_null                       0x08000103   Thumb Code     0  __scatter.o(!!!scatter)
    __scatterload_copy                       0x08000129   Thumb Code    26  __scatter_copy.o(!!handler_copy)
    __scatterload_zeroinit                   0x08000145   Thumb Code    28  __scatter_zi.o(!!handler_zi)
    _printf_d                                0x08000161   Thumb Code     0  _printf_d.o(.ARM.Collect$$_printf_percent$$00000009)
    _printf_percent                          0x08000161   Thumb Code     0  _printf_percent.o(.ARM.Collect$$_printf_percent$$00000000)
    _printf_percent_end                      0x08000167   Thumb Code     0  _printf_percent_end.o(.ARM.Collect$$_printf_percent$$00000017)
    __rt_lib_init                            0x0800016b   Thumb Code     0  libinit.o(.ARM.Collect$$libinit$$00000000)
    __rt_lib_init_fp_1                       0x0800016d   Thumb Code     0  libinit2.o(.ARM.Collect$$libinit$$00000002)
    __rt_lib_init_heap_2                     0x0800016d   Thumb Code     0  libinit2.o(.ARM.Collect$$libinit$$00000005)
    __rt_lib_init_preinit_1                  0x0800016d   Thumb Code     0  libinit2.o(.ARM.Collect$$libinit$$00000004)
    __rt_lib_init_atexit_1                   0x08000175   Thumb Code     0  libinit2.o(.ARM.Collect$$libinit$$0000001B)
    __rt_lib_init_clock_1                    0x08000175   Thumb Code     0  libinit2.o(.ARM.Collect$$libinit$$00000021)
    __rt_lib_init_fp_trap_1                  0x08000175   Thumb Code     0  libinit2.o(.ARM.Collect$$libinit$$0000001F)
    __rt_lib_init_getenv_1                   0x08000175   Thumb Code     0  libinit2.o(.ARM.Collect$$libinit$$00000023)
    __rt_lib_init_heap_1                     0x08000175   Thumb Code     0  libinit2.o(.ARM.Collect$$libinit$$0000000A)
    __rt_lib_init_lc_collate_1               0x08000175   Thumb Code     0  libinit2.o(.ARM.Collect$$libinit$$00000011)
    __rt_lib_init_lc_ctype_1                 0x08000175   Thumb Code     0  libinit2.o(.ARM.Collect$$libinit$$00000013)
    __rt_lib_init_lc_monetary_1              0x08000175   Thumb Code     0  libinit2.o(.ARM.Collect$$libinit$$00000015)
    __rt_lib_init_lc_numeric_1               0x08000175   Thumb Code     0  libinit2.o(.ARM.Collect$$libinit$$00000017)
    __rt_lib_init_lc_time_1                  0x08000175   Thumb Code     0  libinit2.o(.ARM.Collect$$libinit$$00000019)
    __rt_lib_init_rand_1                     0x08000175   Thumb Code     0  libinit2.o(.ARM.Collect$$libinit$$0000000E)
    __rt_lib_init_signal_1                   0x08000175   Thumb Code     0  libinit2.o(.ARM.Collect$$libinit$$0000001D)
    __rt_lib_init_stdio_2                    0x08000175   Thumb Code     0  libinit2.o(.ARM.Collect$$libinit$$00000024)
    __rt_lib_init_user_alloc_1               0x08000175   Thumb Code     0  libinit2.o(.ARM.Collect$$libinit$$0000000C)
    __rt_lib_init_alloca_1                   0x08000179   Thumb Code     0  libinit2.o(.ARM.Collect$$libinit$$0000002E)
    __rt_lib_init_argv_1                     0x08000179   Thumb Code     0  libinit2.o(.ARM.Collect$$libinit$$0000002C)
    __rt_lib_init_cpp_1                      0x08000179   Thumb Code     0  libinit2.o(.ARM.Collect$$libinit$$00000032)
    __rt_lib_init_exceptions_1               0x08000179   Thumb Code     0  libinit2.o(.ARM.Collect$$libinit$$00000030)
    __rt_lib_init_return                     0x08000179   Thumb Code     0  libinit2.o(.ARM.Collect$$libinit$$00000033)
    __rt_lib_init_stdio_1                    0x08000179   Thumb Code     0  libinit2.o(.ARM.Collect$$libinit$$00000025)
    __rt_lib_shutdown                        0x0800017b   Thumb Code     0  libshutdown.o(.ARM.Collect$$libshutdown$$00000000)
    __rt_lib_shutdown_cpp_1                  0x0800017d   Thumb Code     0  libshutdown2.o(.ARM.Collect$$libshutdown$$00000002)
    __rt_lib_shutdown_stdio_2                0x0800017d   Thumb Code     0  libshutdown2.o(.ARM.Collect$$libshutdown$$00000003)
    __rt_lib_shutdown_fp_trap_1              0x08000181   Thumb Code     0  libshutdown2.o(.ARM.Collect$$libshutdown$$00000007)
    __rt_lib_shutdown_heap_1                 0x08000181   Thumb Code     0  libshutdown2.o(.ARM.Collect$$libshutdown$$0000000F)
    __rt_lib_shutdown_return                 0x08000181   Thumb Code     0  libshutdown2.o(.ARM.Collect$$libshutdown$$00000010)
    __rt_lib_shutdown_signal_1               0x08000181   Thumb Code     0  libshutdown2.o(.ARM.Collect$$libshutdown$$0000000A)
    __rt_lib_shutdown_stdio_1                0x08000181   Thumb Code     0  libshutdown2.o(.ARM.Collect$$libshutdown$$00000004)
    __rt_lib_shutdown_user_alloc_1           0x08000181   Thumb Code     0  libshutdown2.o(.ARM.Collect$$libshutdown$$0000000C)
    __rt_entry                               0x08000183   Thumb Code     0  __rtentry.o(.ARM.Collect$$rtentry$$00000000)
    __rt_entry_presh_1                       0x08000183   Thumb Code     0  __rtentry2.o(.ARM.Collect$$rtentry$$00000002)
    __rt_entry_sh                            0x08000183   Thumb Code     0  __rtentry4.o(.ARM.Collect$$rtentry$$00000004)
    __rt_entry_li                            0x08000189   Thumb Code     0  __rtentry2.o(.ARM.Collect$$rtentry$$0000000A)
    __rt_entry_postsh_1                      0x08000189   Thumb Code     0  __rtentry2.o(.ARM.Collect$$rtentry$$00000009)
    __rt_entry_main                          0x0800018d   Thumb Code     0  __rtentry2.o(.ARM.Collect$$rtentry$$0000000D)
    __rt_entry_postli_1                      0x0800018d   Thumb Code     0  __rtentry2.o(.ARM.Collect$$rtentry$$0000000C)
    __rt_exit                                0x08000195   Thumb Code     0  rtexit.o(.ARM.Collect$$rtexit$$00000000)
    __rt_exit_ls                             0x08000197   Thumb Code     0  rtexit2.o(.ARM.Collect$$rtexit$$00000003)
    __rt_exit_prels_1                        0x08000197   Thumb Code     0  rtexit2.o(.ARM.Collect$$rtexit$$00000002)
    __rt_exit_exit                           0x0800019b   Thumb Code     0  rtexit2.o(.ARM.Collect$$rtexit$$00000004)
    Reset_Handler                            0x080001a1   Thumb Code     8  startup_stm32f103xb.o(.text)
    _maybe_terminate_alloc                   0x080001a1   Thumb Code     0  maybetermalloc1.o(.emb_text)
    ADC1_2_IRQHandler                        0x080001bb   Thumb Code     0  startup_stm32f103xb.o(.text)
    CAN1_RX1_IRQHandler                      0x080001bb   Thumb Code     0  startup_stm32f103xb.o(.text)
    CAN1_SCE_IRQHandler                      0x080001bb   Thumb Code     0  startup_stm32f103xb.o(.text)
    DMA1_Channel1_IRQHandler                 0x080001bb   Thumb Code     0  startup_stm32f103xb.o(.text)
    DMA1_Channel2_IRQHandler                 0x080001bb   Thumb Code     0  startup_stm32f103xb.o(.text)
    DMA1_Channel3_IRQHandler                 0x080001bb   Thumb Code     0  startup_stm32f103xb.o(.text)
    DMA1_Channel6_IRQHandler                 0x080001bb   Thumb Code     0  startup_stm32f103xb.o(.text)
    DMA1_Channel7_IRQHandler                 0x080001bb   Thumb Code     0  startup_stm32f103xb.o(.text)
    EXTI15_10_IRQHandler                     0x080001bb   Thumb Code     0  startup_stm32f103xb.o(.text)
    EXTI1_IRQHandler                         0x080001bb   Thumb Code     0  startup_stm32f103xb.o(.text)
    EXTI2_IRQHandler                         0x080001bb   Thumb Code     0  startup_stm32f103xb.o(.text)
    EXTI3_IRQHandler                         0x080001bb   Thumb Code     0  startup_stm32f103xb.o(.text)
    EXTI4_IRQHandler                         0x080001bb   Thumb Code     0  startup_stm32f103xb.o(.text)
    EXTI9_5_IRQHandler                       0x080001bb   Thumb Code     0  startup_stm32f103xb.o(.text)
    FLASH_IRQHandler                         0x080001bb   Thumb Code     0  startup_stm32f103xb.o(.text)
    I2C1_ER_IRQHandler                       0x080001bb   Thumb Code     0  startup_stm32f103xb.o(.text)
    I2C1_EV_IRQHandler                       0x080001bb   Thumb Code     0  startup_stm32f103xb.o(.text)
    I2C2_ER_IRQHandler                       0x080001bb   Thumb Code     0  startup_stm32f103xb.o(.text)
    I2C2_EV_IRQHandler                       0x080001bb   Thumb Code     0  startup_stm32f103xb.o(.text)
    PVD_IRQHandler                           0x080001bb   Thumb Code     0  startup_stm32f103xb.o(.text)
    RCC_IRQHandler                           0x080001bb   Thumb Code     0  startup_stm32f103xb.o(.text)
    RTC_Alarm_IRQHandler                     0x080001bb   Thumb Code     0  startup_stm32f103xb.o(.text)
    SPI1_IRQHandler                          0x080001bb   Thumb Code     0  startup_stm32f103xb.o(.text)
    SPI2_IRQHandler                          0x080001bb   Thumb Code     0  startup_stm32f103xb.o(.text)
    TAMPER_IRQHandler                        0x080001bb   Thumb Code     0  startup_stm32f103xb.o(.text)
    TIM1_BRK_IRQHandler                      0x080001bb   Thumb Code     0  startup_stm32f103xb.o(.text)
    TIM1_CC_IRQHandler                       0x080001bb   Thumb Code     0  startup_stm32f103xb.o(.text)
    TIM1_TRG_COM_IRQHandler                  0x080001bb   Thumb Code     0  startup_stm32f103xb.o(.text)
    TIM1_UP_IRQHandler                       0x080001bb   Thumb Code     0  startup_stm32f103xb.o(.text)
    TIM2_IRQHandler                          0x080001bb   Thumb Code     0  startup_stm32f103xb.o(.text)
    TIM3_IRQHandler                          0x080001bb   Thumb Code     0  startup_stm32f103xb.o(.text)
    USART2_IRQHandler                        0x080001bb   Thumb Code     0  startup_stm32f103xb.o(.text)
    USART3_IRQHandler                        0x080001bb   Thumb Code     0  startup_stm32f103xb.o(.text)
    USBWakeUp_IRQHandler                     0x080001bb   Thumb Code     0  startup_stm32f103xb.o(.text)
    USB_HP_CAN1_TX_IRQHandler                0x080001bb   Thumb Code     0  startup_stm32f103xb.o(.text)
    USB_LP_CAN1_RX0_IRQHandler               0x080001bb   Thumb Code     0  startup_stm32f103xb.o(.text)
    WWDG_IRQHandler                          0x080001bb   Thumb Code     0  startup_stm32f103xb.o(.text)
    __user_initial_stackheap                 0x080001bd   Thumb Code     0  startup_stm32f103xb.o(.text)
    __2printf                                0x080001e1   Thumb Code    20  noretval__2printf.o(.text)
    _printf_pre_padding                      0x080001f9   Thumb Code    44  _printf_pad.o(.text)
    _printf_post_padding                     0x08000225   Thumb Code    34  _printf_pad.o(.text)
    _printf_int_dec                          0x08000249   Thumb Code   104  _printf_dec.o(.text)
    __printf                                 0x080002c1   Thumb Code   308  __printf_flags_wp.o(.text)
    strstr                                   0x080003f9   Thumb Code    36  strstr.o(.text)
    __aeabi_memcpy4                          0x0800041d   Thumb Code     0  rt_memcpy_w.o(.text)
    __aeabi_memcpy8                          0x0800041d   Thumb Code     0  rt_memcpy_w.o(.text)
    __rt_memcpy_w                            0x0800041d   Thumb Code   100  rt_memcpy_w.o(.text)
    _memcpy_lastbytes_aligned                0x08000465   Thumb Code     0  rt_memcpy_w.o(.text)
    __aeabi_memclr4                          0x08000481   Thumb Code     0  rt_memclr_w.o(.text)
    __aeabi_memclr8                          0x08000481   Thumb Code     0  rt_memclr_w.o(.text)
    __rt_memclr_w                            0x08000481   Thumb Code    78  rt_memclr_w.o(.text)
    _memset_w                                0x08000485   Thumb Code     0  rt_memclr_w.o(.text)
    __use_two_region_memory                  0x080004cf   Thumb Code     2  heapauxi.o(.text)
    __rt_heap_escrow                         0x080004d1   Thumb Code     2  heapauxi.o(.text)
    __rt_heap_expand                         0x080004d3   Thumb Code     2  heapauxi.o(.text)
    _printf_int_common                       0x080004d5   Thumb Code   178  _printf_intcommon.o(.text)
    _printf_char_file                        0x08000589   Thumb Code    32  _printf_char_file.o(.text)
    _printf_char_common                      0x080005b7   Thumb Code    32  _printf_char_common.o(.text)
    ferror                                   0x080005dd   Thumb Code     8  ferror.o(.text)
    _initio                                  0x080005e5   Thumb Code   210  initio.o(.text)
    _terminateio                             0x080006b7   Thumb Code    56  initio.o(.text)
    _sys_open                                0x0800071d   Thumb Code    20  sys_io.o(.text)
    _sys_close                               0x08000731   Thumb Code    12  sys_io.o(.text)
    _sys_write                               0x0800073d   Thumb Code    16  sys_io.o(.text)
    _sys_read                                0x0800074d   Thumb Code    14  sys_io.o(.text)
    _sys_istty                               0x0800075b   Thumb Code    12  sys_io.o(.text)
    _sys_seek                                0x08000767   Thumb Code    14  sys_io.o(.text)
    _sys_ensure                              0x08000775   Thumb Code     2  sys_io.o(.text)
    _sys_flen                                0x08000777   Thumb Code    12  sys_io.o(.text)
    __user_setup_stackheap                   0x08000783   Thumb Code    74  sys_stackheap_outer.o(.text)
    free                                     0x080007cd   Thumb Code    78  h1_free.o(.text)
    setvbuf                                  0x0800081b   Thumb Code    70  setvbuf.o(.text)
    freopen                                  0x08000861   Thumb Code   158  fopen.o(.text)
    fopen                                    0x080008ff   Thumb Code    74  fopen.o(.text)
    _fclose_internal                         0x0800094d   Thumb Code    76  fclose.o(.text)
    fclose                                   0x0800094d   Thumb Code     0  fclose.o(.text)
    exit                                     0x08000999   Thumb Code    18  exit.o(.text)
    __rt_SIGRTRED                            0x080009ab   Thumb Code    14  defsig_rtred_outer.o(.text)
    __user_libspace                          0x080009b9   Thumb Code     8  libspace.o(.text)
    __user_perproc_libspace                  0x080009b9   Thumb Code     0  libspace.o(.text)
    __user_perthread_libspace                0x080009b9   Thumb Code     0  libspace.o(.text)
    __I$use$semihosting                      0x080009c1   Thumb Code     0  use_no_semi.o(.text)
    __use_no_semihosting_swi                 0x080009c1   Thumb Code     2  use_no_semi.o(.text)
    __semihosting_library_function           0x080009c3   Thumb Code     0  indicate_semi.o(.text)
    __rt_heap_descriptor                     0x080009c5   Thumb Code     8  rt_heap_descriptor_intlibspace.o(.text)
    __use_no_heap                            0x080009cd   Thumb Code     2  hguard.o(.text)
    __heap$guard                             0x080009cf   Thumb Code     2  hguard.o(.text)
    _terminate_user_alloc                    0x080009d1   Thumb Code     2  init_alloc.o(.text)
    _init_user_alloc                         0x080009d3   Thumb Code     2  init_alloc.o(.text)
    __Heap_Full                              0x080009d5   Thumb Code    34  init_alloc.o(.text)
    __Heap_Broken                            0x080009f7   Thumb Code     6  init_alloc.o(.text)
    _init_alloc                              0x080009fd   Thumb Code    94  init_alloc.o(.text)
    malloc                                   0x08000a5b   Thumb Code    94  h1_alloc.o(.text)
    _fseek                                   0x08000ab9   Thumb Code   242  fseek.o(.text)
    fseek                                    0x08000ab9   Thumb Code     0  fseek.o(.text)
    _seterr                                  0x08000bb1   Thumb Code    20  stdio.o(.text)
    _writebuf                                0x08000bc5   Thumb Code    84  stdio.o(.text)
    _fflush                                  0x08000c19   Thumb Code    70  stdio.o(.text)
    _deferredlazyseek                        0x08000c5f   Thumb Code    60  stdio.o(.text)
    __sig_exit                               0x08000ca1   Thumb Code    10  defsig_exit.o(.text)
    __rt_SIGRTRED_inner                      0x08000cad   Thumb Code    14  defsig_rtred_inner.o(.text)
    strlen                                   0x08000ce1   Thumb Code    62  strlen.o(.text)
    _sys_exit                                0x08000d21   Thumb Code     8  sys_exit.o(.text)
    __Heap_Initialize                        0x08000d2d   Thumb Code    10  h1_init.o(.text)
    __Heap_DescSize                          0x08000d37   Thumb Code     4  h1_init.o(.text)
    __Heap_ProvideMemory                     0x08000d3b   Thumb Code    52  h1_extend.o(.text)
    _ftell_internal                          0x08000d6f   Thumb Code    66  ftell.o(.text)
    ftell                                    0x08000d6f   Thumb Code     0  ftell.o(.text)
    __default_signal_display                 0x08000db1   Thumb Code    50  defsig_general.o(.text)
    __rt_SIGRTMEM                            0x08000de3   Thumb Code    14  defsig_rtmem_outer.o(.text)
    _ttywrch                                 0x08000df1   Thumb Code    14  sys_wrch.o(.text)
    __aeabi_errno_addr                       0x08000e01   Thumb Code     8  rt_errno_addr_intlibspace.o(.text)
    __errno$intlibspace                      0x08000e01   Thumb Code     0  rt_errno_addr_intlibspace.o(.text)
    __rt_errno_addr$intlibspace              0x08000e01   Thumb Code     0  rt_errno_addr_intlibspace.o(.text)
    __rt_SIGRTMEM_inner                      0x08000e09   Thumb Code    22  defsig_rtmem_inner.o(.text)
    BusFault_Handler                         0x08000edf   Thumb Code     2  stm32f1xx_it.o(i.BusFault_Handler)
    CalculateWeek                            0x08000ee1   Thumb Code    96  time.o(i.CalculateWeek)
    CalculationLunarCalendar                 0x08000f41   Thumb Code     6  lunar_calendar.o(i.CalculationLunarCalendar)
    ClockRun                                 0x08000f4d   Thumb Code   160  time.o(i.ClockRun)
    DMA1_Channel4_IRQHandler                 0x08001001   Thumb Code     6  stm32f1xx_it.o(i.DMA1_Channel4_IRQHandler)
    DMA1_Channel5_IRQHandler                 0x0800100d   Thumb Code     6  stm32f1xx_it.o(i.DMA1_Channel5_IRQHandler)
    DebugMon_Handler                         0x08001043   Thumb Code     2  stm32f1xx_it.o(i.DebugMon_Handler)
    EXTI0_IRQHandler                         0x08001509   Thumb Code     6  stm32f1xx_it.o(i.EXTI0_IRQHandler)
    EnterStandbyMode                         0x08001511   Thumb Code   136  main.o(i.EnterStandbyMode)
    Error_Handler                            0x080015cd   Thumb Code     2  main.o(i.Error_Handler)
    Get1sFlag                                0x080015d1   Thumb Code     6  time.o(i.Get1sFlag)
    GetClock                                 0x080015dd   Thumb Code   110  time.o(i.GetClock)
    GetLunarCalendar                         0x08001679   Thumb Code     4  lunar_calendar.o(i.GetLunarCalendar)
    GetMonth                                 0x08001681   Thumb Code    44  esp8266_at.o(i.GetMonth)
    GetTimeData                              0x080016b1   Thumb Code     4  time.o(i.GetTimeData)
    HAL_DMA_Abort                            0x080016b9   Thumb Code    70  stm32f1xx_hal_dma.o(i.HAL_DMA_Abort)
    HAL_DMA_Abort_IT                         0x08001701   Thumb Code   148  stm32f1xx_hal_dma.o(i.HAL_DMA_Abort_IT)
    HAL_DMA_DeInit                           0x08001799   Thumb Code   152  stm32f1xx_hal_dma.o(i.HAL_DMA_DeInit)
    HAL_DMA_IRQHandler                       0x0800186d   Thumb Code   316  stm32f1xx_hal_dma.o(i.HAL_DMA_IRQHandler)
    HAL_DMA_Init                             0x080019c1   Thumb Code   304  stm32f1xx_hal_dma.o(i.HAL_DMA_Init)
    HAL_DMA_Start_IT                         0x08001b2d   Thumb Code   148  stm32f1xx_hal_dma.o(i.HAL_DMA_Start_IT)
    HAL_Delay                                0x08001bf9   Thumb Code    32  stm32f1xx_hal.o(i.HAL_Delay)
    HAL_GPIO_DeInit                          0x08001c1d   Thumb Code   276  stm32f1xx_hal_gpio.o(i.HAL_GPIO_DeInit)
    HAL_GPIO_EXTI_Callback                   0x08001d89   Thumb Code    14  main.o(i.HAL_GPIO_EXTI_Callback)
    HAL_GPIO_EXTI_IRQHandler                 0x08001d99   Thumb Code    18  stm32f1xx_hal_gpio.o(i.HAL_GPIO_EXTI_IRQHandler)
    HAL_GPIO_Init                            0x08001db1   Thumb Code   674  stm32f1xx_hal_gpio.o(i.HAL_GPIO_Init)
    HAL_GPIO_ReadPin                         0x080020d5   Thumb Code    28  stm32f1xx_hal_gpio.o(i.HAL_GPIO_ReadPin)
    HAL_GPIO_TogglePin                       0x0800212d   Thumb Code    34  stm32f1xx_hal_gpio.o(i.HAL_GPIO_TogglePin)
    HAL_GPIO_WritePin                        0x0800218d   Thumb Code    46  stm32f1xx_hal_gpio.o(i.HAL_GPIO_WritePin)
    HAL_GetTick                              0x080021f9   Thumb Code     6  stm32f1xx_hal.o(i.HAL_GetTick)
    HAL_IncTick                              0x08002205   Thumb Code    12  stm32f1xx_hal.o(i.HAL_IncTick)
    HAL_Init                                 0x08002215   Thumb Code    32  stm32f1xx_hal.o(i.HAL_Init)
    HAL_InitTick                             0x08002239   Thumb Code    54  stm32f1xx_hal.o(i.HAL_InitTick)
    HAL_MspInit                              0x08002279   Thumb Code    58  stm32f1xx_hal_msp.o(i.HAL_MspInit)
    HAL_NVIC_DisableIRQ                      0x080022bd   Thumb Code    48  stm32f1xx_hal_cortex.o(i.HAL_NVIC_DisableIRQ)
    HAL_NVIC_EnableIRQ                       0x08002329   Thumb Code    40  stm32f1xx_hal_cortex.o(i.HAL_NVIC_EnableIRQ)
    HAL_NVIC_SetPriority                     0x0800238d   Thumb Code    94  stm32f1xx_hal_cortex.o(i.HAL_NVIC_SetPriority)
    HAL_NVIC_SetPriorityGrouping             0x0800242d   Thumb Code    58  stm32f1xx_hal_cortex.o(i.HAL_NVIC_SetPriorityGrouping)
    HAL_PWR_EnableBkUpAccess                 0x080024ad   Thumb Code     8  stm32f1xx_hal_pwr.o(i.HAL_PWR_EnableBkUpAccess)
    HAL_PWR_EnterSTOPMode                    0x080024b9   Thumb Code    98  stm32f1xx_hal_pwr.o(i.HAL_PWR_EnterSTOPMode)
    HAL_RCCEx_GetPeriphCLKFreq               0x0800255d   Thumb Code   188  stm32f1xx_hal_rcc_ex.o(i.HAL_RCCEx_GetPeriphCLKFreq)
    HAL_RCCEx_PeriphCLKConfig                0x08002675   Thumb Code   330  stm32f1xx_hal_rcc_ex.o(i.HAL_RCCEx_PeriphCLKConfig)
    HAL_RCC_ClockConfig                      0x08002809   Thumb Code   480  stm32f1xx_hal_rcc.o(i.HAL_RCC_ClockConfig)
    HAL_RCC_GetPCLK1Freq                     0x08002a35   Thumb Code    20  stm32f1xx_hal_rcc.o(i.HAL_RCC_GetPCLK1Freq)
    HAL_RCC_GetPCLK2Freq                     0x08002a55   Thumb Code    20  stm32f1xx_hal_rcc.o(i.HAL_RCC_GetPCLK2Freq)
    HAL_RCC_GetSysClockFreq                  0x08002a75   Thumb Code    74  stm32f1xx_hal_rcc.o(i.HAL_RCC_GetSysClockFreq)
    HAL_RCC_OscConfig                        0x08002ae1   Thumb Code  1166  stm32f1xx_hal_rcc.o(i.HAL_RCC_OscConfig)
    HAL_RTCEx_RTCEventCallback               0x08002f6f   Thumb Code     2  stm32f1xx_hal_rtc_ex.o(i.HAL_RTCEx_RTCEventCallback)
    HAL_RTCEx_RTCEventErrorCallback          0x08002f71   Thumb Code     2  stm32f1xx_hal_rtc_ex.o(i.HAL_RTCEx_RTCEventErrorCallback)
    HAL_RTCEx_RTCIRQHandler                  0x08002f73   Thumb Code    62  stm32f1xx_hal_rtc_ex.o(i.HAL_RTCEx_RTCIRQHandler)
    HAL_RTCEx_SetSecond_IT                   0x08002fb1   Thumb Code    44  stm32f1xx_hal_rtc_ex.o(i.HAL_RTCEx_SetSecond_IT)
    HAL_RTC_GetDate                          0x08002fdd   Thumb Code    94  stm32f1xx_hal_rtc.o(i.HAL_RTC_GetDate)
    HAL_RTC_GetTime                          0x08003075   Thumb Code   228  stm32f1xx_hal_rtc.o(i.HAL_RTC_GetTime)
    HAL_RTC_Init                             0x08003191   Thumb Code   224  stm32f1xx_hal_rtc.o(i.HAL_RTC_Init)
    HAL_RTC_MspInit                          0x080032b1   Thumb Code    40  rtc.o(i.HAL_RTC_MspInit)
    HAL_RTC_SetDate                          0x080032e5   Thumb Code   340  stm32f1xx_hal_rtc.o(i.HAL_RTC_SetDate)
    HAL_RTC_SetTime                          0x08003475   Thumb Code   300  stm32f1xx_hal_rtc.o(i.HAL_RTC_SetTime)
    HAL_RTC_WaitForSynchro                   0x080035dd   Thumb Code    58  stm32f1xx_hal_rtc.o(i.HAL_RTC_WaitForSynchro)
    HAL_SYSTICK_Config                       0x08003617   Thumb Code    40  stm32f1xx_hal_cortex.o(i.HAL_SYSTICK_Config)
    HAL_TIMEx_BreakCallback                  0x0800363f   Thumb Code     2  stm32f1xx_hal_tim_ex.o(i.HAL_TIMEx_BreakCallback)
    HAL_TIMEx_CommutCallback                 0x08003641   Thumb Code     2  stm32f1xx_hal_tim_ex.o(i.HAL_TIMEx_CommutCallback)
    HAL_TIMEx_MasterConfigSynchronization    0x08003645   Thumb Code   192  stm32f1xx_hal_tim_ex.o(i.HAL_TIMEx_MasterConfigSynchronization)
    HAL_TIM_Base_Init                        0x0800374d   Thumb Code   200  stm32f1xx_hal_tim.o(i.HAL_TIM_Base_Init)
    HAL_TIM_Base_MspInit                     0x08003859   Thumb Code    30  tim.o(i.HAL_TIM_Base_MspInit)
    HAL_TIM_Base_Start_IT                    0x08003881   Thumb Code   114  stm32f1xx_hal_tim.o(i.HAL_TIM_Base_Start_IT)
    HAL_TIM_ConfigClockSource                0x08003939   Thumb Code   754  stm32f1xx_hal_tim.o(i.HAL_TIM_ConfigClockSource)
    HAL_TIM_IC_CaptureCallback               0x08003c71   Thumb Code     2  stm32f1xx_hal_tim.o(i.HAL_TIM_IC_CaptureCallback)
    HAL_TIM_IRQHandler                       0x08003c73   Thumb Code   358  stm32f1xx_hal_tim.o(i.HAL_TIM_IRQHandler)
    HAL_TIM_OC_DelayElapsedCallback          0x08003dd9   Thumb Code     2  stm32f1xx_hal_tim.o(i.HAL_TIM_OC_DelayElapsedCallback)
    HAL_TIM_PWM_PulseFinishedCallback        0x08003ddb   Thumb Code     2  stm32f1xx_hal_tim.o(i.HAL_TIM_PWM_PulseFinishedCallback)
    HAL_TIM_PeriodElapsedCallback            0x08003ddd   Thumb Code     2  stm32f1xx_hal_tim.o(i.HAL_TIM_PeriodElapsedCallback)
    HAL_TIM_TriggerCallback                  0x08003ddf   Thumb Code     2  stm32f1xx_hal_tim.o(i.HAL_TIM_TriggerCallback)
    HAL_UARTEx_RxEventCallback               0x08003de1   Thumb Code     2  stm32f1xx_hal_uart.o(i.HAL_UARTEx_RxEventCallback)
    HAL_UART_DMAStop                         0x08003de3   Thumb Code    88  stm32f1xx_hal_uart.o(i.HAL_UART_DMAStop)
    HAL_UART_DeInit                          0x08003e3d   Thumb Code    82  stm32f1xx_hal_uart.o(i.HAL_UART_DeInit)
    HAL_UART_ErrorCallback                   0x08003ed9   Thumb Code     2  stm32f1xx_hal_uart.o(i.HAL_UART_ErrorCallback)
    HAL_UART_IRQHandler                      0x08003edd   Thumb Code   520  stm32f1xx_hal_uart.o(i.HAL_UART_IRQHandler)
    HAL_UART_Init                            0x080040e9   Thumb Code   204  stm32f1xx_hal_uart.o(i.HAL_UART_Init)
    HAL_UART_MspDeInit                       0x080041fd   Thumb Code    56  usart.o(i.HAL_UART_MspDeInit)
    HAL_UART_MspInit                         0x08004241   Thumb Code   198  usart.o(i.HAL_UART_MspInit)
    HAL_UART_Receive_DMA                     0x0800431d   Thumb Code    42  stm32f1xx_hal_uart.o(i.HAL_UART_Receive_DMA)
    HAL_UART_RxCpltCallback                  0x08004347   Thumb Code     2  stm32f1xx_hal_uart.o(i.HAL_UART_RxCpltCallback)
    HAL_UART_RxHalfCpltCallback              0x08004349   Thumb Code     2  stm32f1xx_hal_uart.o(i.HAL_UART_RxHalfCpltCallback)
    HAL_UART_Transmit                        0x0800434d   Thumb Code   178  stm32f1xx_hal_uart.o(i.HAL_UART_Transmit)
    HAL_UART_TxCpltCallback                  0x08004401   Thumb Code    34  wifi_uart_if.o(i.HAL_UART_TxCpltCallback)
    HTU21D_GetHumidity                       0x08004629   Thumb Code     6  htu21d.o(i.HTU21D_GetHumidity)
    HTU21D_GetTemperature                    0x08004635   Thumb Code     8  htu21d.o(i.HTU21D_GetTemperature)
    HTU21D_Init                              0x08004641   Thumb Code   152  htu21d.o(i.HTU21D_Init)
    HTU21D_Sampling                          0x08004749   Thumb Code    42  htu21d.o(i.HTU21D_Sampling)
    HUB75D_CalculateCalendar                 0x08004779   Thumb Code   154  hub75d.o(i.HUB75D_CalculateCalendar)
    HUB75D_CtrDec                            0x08004819   Thumb Code    48  hub75d.o(i.HUB75D_CtrDec)
    HUB75D_DispOnOff                         0x0800484d   Thumb Code    78  hub75d.o(i.HUB75D_DispOnOff)
    HUB75D_DispScan                          0x080048a9   Thumb Code    84  hub75d.o(i.HUB75D_DispScan)
    HUB75D_SetDispOffCtr                     0x08004905   Thumb Code     6  hub75d.o(i.HUB75D_SetDispOffCtr)
    HardFault_Handler                        0x08004911   Thumb Code     2  stm32f1xx_it.o(i.HardFault_Handler)
    MX_DMA_Init                              0x08004a51   Thumb Code    56  dma.o(i.MX_DMA_Init)
    MX_GPIO_Init                             0x08004a8d   Thumb Code   230  gpio.o(i.MX_GPIO_Init)
    MX_RTC_Init                              0x08004bc1   Thumb Code   106  rtc.o(i.MX_RTC_Init)
    MX_TIM4_Init                             0x08004c35   Thumb Code    96  tim.o(i.MX_TIM4_Init)
    MX_USART1_UART_Init                      0x08004c9d   Thumb Code    48  usart.o(i.MX_USART1_UART_Init)
    MemManage_Handler                        0x08004cd5   Thumb Code     2  stm32f1xx_it.o(i.MemManage_Handler)
    NMI_Handler                              0x08004cd7   Thumb Code     2  stm32f1xx_it.o(i.NMI_Handler)
    PendSV_Handler                           0x08004d17   Thumb Code     2  stm32f1xx_it.o(i.PendSV_Handler)
    RTC_IRQHandler                           0x08004fdd   Thumb Code    28  stm32f1xx_it.o(i.RTC_IRQHandler)
    SVC_Handler                              0x08005129   Thumb Code     2  stm32f1xx_it.o(i.SVC_Handler)
    Set1sFlag                                0x0800512d   Thumb Code     6  time.o(i.Set1sFlag)
    SetClock                                 0x08005139   Thumb Code   104  time.o(i.SetClock)
    SetTimeData                              0x0800530d   Thumb Code    32  time.o(i.SetTimeData)
    SysTick_Handler                          0x080053b9   Thumb Code     4  stm32f1xx_it.o(i.SysTick_Handler)
    SystemClock_Config                       0x080053bd   Thumb Code   104  main.o(i.SystemClock_Config)
    SystemInit                               0x08005425   Thumb Code    56  system_stm32f1xx.o(i.SystemInit)
    TIM4_IRQHandler                          0x0800546d   Thumb Code    16  stm32f1xx_it.o(i.TIM4_IRQHandler)
    TIM_Base_SetConfig                       0x08005481   Thumb Code    94  stm32f1xx_hal_tim.o(i.TIM_Base_SetConfig)
    TIM_ETR_SetConfig                        0x080054ed   Thumb Code    20  stm32f1xx_hal_tim.o(i.TIM_ETR_SetConfig)
    UART_Start_Receive_DMA                   0x08005869   Thumb Code    98  stm32f1xx_hal_uart.o(i.UART_Start_Receive_DMA)
    USART1_HandlerUartData                   0x0800593d   Thumb Code    22  wifi_uart_if.o(i.USART1_HandlerUartData)
    USART1_IRQHandler                        0x08005959   Thumb Code    18  stm32f1xx_it.o(i.USART1_IRQHandler)
    USART1_ReceiveDmaInit                    0x08005971   Thumb Code    26  wifi_uart_if.o(i.USART1_ReceiveDmaInit)
    USART1_Receive_IDLE                      0x08005995   Thumb Code    74  wifi_uart_if.o(i.USART1_Receive_IDLE)
    UsageFault_Handler                       0x080059e9   Thumb Code     2  stm32f1xx_it.o(i.UsageFault_Handler)
    WIFI_CtrDec                              0x080059ed   Thumb Code   110  esp8266_at.o(i.WIFI_CtrDec)
    WIFI_Init                                0x08005a75   Thumb Code    36  esp8266_at.o(i.WIFI_Init)
    WIFI_PowerOnOff                          0x08005ad9   Thumb Code    50  esp8266_at.o(i.WIFI_PowerOnOff)
    WIFI_ReceiveProcess                      0x08005b15   Thumb Code    90  esp8266_at.o(i.WIFI_ReceiveProcess)
    _is_digit                                0x08005c91   Thumb Code    14  __printf_wp.o(i._is_digit)
    assert_failed                            0x08005c9f   Thumb Code     2  main.o(i.assert_failed)
    fputc                                    0x08005ca1   Thumb Code    20  wifi_uart_if.o(i.fputc)
    main                                     0x08005cb9   Thumb Code   158  main.o(i.main)
    __aeabi_d2f                              0x08005d61   Thumb Code     0  d2f.o(x$fpl$d2f)
    _d2f                                     0x08005d61   Thumb Code    98  d2f.o(x$fpl$d2f)
    __aeabi_dadd                             0x08005dc5   Thumb Code     0  daddsub_clz.o(x$fpl$dadd)
    _dadd                                    0x08005dc5   Thumb Code   332  daddsub_clz.o(x$fpl$dadd)
    __fpl_dcheck_NaN1                        0x08005f15   Thumb Code    10  dcheck1.o(x$fpl$dcheck1)
    __aeabi_ui2d                             0x08005f25   Thumb Code     0  dflt_clz.o(x$fpl$dfltu)
    _dfltu                                   0x08005f25   Thumb Code    38  dflt_clz.o(x$fpl$dfltu)
    __aeabi_dmul                             0x08005f4d   Thumb Code     0  dmul.o(x$fpl$dmul)
    _dmul                                    0x08005f4d   Thumb Code   332  dmul.o(x$fpl$dmul)
    __fpl_dnaninf                            0x080060a1   Thumb Code   156  dnaninf.o(x$fpl$dnaninf)
    __fpl_dretinf                            0x0800613d   Thumb Code    12  dretinf.o(x$fpl$dretinf)
    __aeabi_dsub                             0x08006149   Thumb Code     0  daddsub_clz.o(x$fpl$dsub)
    _dsub                                    0x08006149   Thumb Code   464  daddsub_clz.o(x$fpl$dsub)
    __aeabi_f2iz                             0x0800631d   Thumb Code     0  ffix.o(x$fpl$ffix)
    _ffix                                    0x0800631d   Thumb Code    54  ffix.o(x$fpl$ffix)
    __aeabi_f2uiz                            0x08006355   Thumb Code     0  ffixu.o(x$fpl$ffixu)
    _ffixu                                   0x08006355   Thumb Code    62  ffixu.o(x$fpl$ffixu)
    __fpl_fnaninf                            0x08006393   Thumb Code   140  fnaninf.o(x$fpl$fnaninf)
    __fpl_fretinf                            0x0800641f   Thumb Code    10  fretinf.o(x$fpl$fretinf)
    __fpl_return_NaN                         0x08006429   Thumb Code   100  retnan.o(x$fpl$retnan)
    __ARM_scalbn                             0x0800648d   Thumb Code    92  scalbn.o(x$fpl$scalbn)
    __fpl_cmpreturn                          0x080064e9   Thumb Code    48  trapv.o(x$fpl$trapveneer)
    AHBPrescTable                            0x08006518   Data          16  system_stm32f1xx.o(.constdata)
    __I$use$fp                               0x08006518   Number         0  usenofp.o(x$fpl$usenofp)
    APBPrescTable                            0x08006528   Data           8  system_stm32f1xx.o(.constdata)
    __stdin_name                             0x08006cc5   Data           4  sys_io.o(.constdata)
    __stdout_name                            0x08006cc9   Data           4  sys_io.o(.constdata)
    __stderr_name                            0x08006ccd   Data           4  sys_io.o(.constdata)
    Region$$Table$$Base                      0x08006cd4   Number         0  anon$$obj.o(Region$$Table)
    Region$$Table$$Limit                     0x08006cf4   Number         0  anon$$obj.o(Region$$Table)
    uwTickFreq                               0x20000000   Data           1  stm32f1xx_hal.o(.data)
    uwTickPrio                               0x20000004   Data           4  stm32f1xx_hal.o(.data)
    uwTick                                   0x20000008   Data           4  stm32f1xx_hal.o(.data)
    SystemCoreClock                          0x2000000c   Data           4  system_stm32f1xx.o(.data)
    g_getTime                                0x20000010   Data           6  esp8266_at.o(.data)
    g_thData                                 0x20000018   Data           4  htu21d.o(.data)
    g_displayTorH                            0x2000001d   Data           1  hub75d.o(.data)
    g_lunarCalendarData                      0x20000020   Data           3  lunar_calendar.o(.data)
    g_time                                   0x20000026   Data           8  time.o(.data)
    __aeabi_stdin                            0x20000030   Data           4  stdio_streams.o(.data)
    __aeabi_stdout                           0x20000034   Data           4  stdio_streams.o(.data)
    __aeabi_stderr                           0x20000038   Data           4  stdio_streams.o(.data)
    HUB75D_DispScan::count                   0x2000003c   Data           1  hub75d.o(.data__ZZ15HUB75D_DispScanE5count)
    hrtc                                     0x20000040   Data          20  rtc.o(.bss)
    htim4                                    0x20000054   Data          72  tim.o(.bss)
    huart1                                   0x2000009c   Data          68  usart.o(.bss)
    hdma_usart1_rx                           0x200000e0   Data          68  usart.o(.bss)
    hdma_usart1_tx                           0x20000124   Data          68  usart.o(.bss)
    g_calendarDecimal                        0x20000168   Data          14  hub75d.o(.bss)
    g_usartType                              0x20000176   Data         104  wifi_uart_if.o(.bss)
    __stdin                                  0x200001e0   Data          84  stdio_streams.o(.bss)
    __stdout                                 0x20000234   Data          84  stdio_streams.o(.bss)
    __stderr                                 0x20000288   Data          84  stdio_streams.o(.bss)
    __libspace_start                         0x200002dc   Data          96  libspace.o(.bss)
    __temporary_stack_top$libspace           0x2000033c   Data           0  libspace.o(.bss)



==============================================================================

Memory Map of the image

  Image Entry point : 0x080000ed

  Load Region LR_IROM1 (Base: 0x08000000, Size: 0x00006d34, Max: 0x00010000, ABSOLUTE)

    Execution Region ER_IROM1 (Exec base: 0x08000000, Load base: 0x08000000, Size: 0x00006cf4, Max: 0x00010000, ABSOLUTE)

    Exec Addr    Load Addr    Size         Type   Attr      Idx    E Section Name        Object

    0x08000000   0x08000000   0x000000ec   Data   RO            3    RESET               startup_stm32f103xb.o
    0x080000ec   0x080000ec   0x00000008   Code   RO         3681  * !!!main             c_w.l(__main.o)
    0x080000f4   0x080000f4   0x00000034   Code   RO         4041    !!!scatter          c_w.l(__scatter.o)
    0x08000128   0x08000128   0x0000001a   Code   RO         4043    !!handler_copy      c_w.l(__scatter_copy.o)
    0x08000142   0x08000142   0x00000002   PAD
    0x08000144   0x08000144   0x0000001c   Code   RO         4045    !!handler_zi        c_w.l(__scatter_zi.o)
    0x08000160   0x08000160   0x00000000   Code   RO         3672    .ARM.Collect$$_printf_percent$$00000000  c_w.l(_printf_percent.o)
    0x08000160   0x08000160   0x00000006   Code   RO         3671    .ARM.Collect$$_printf_percent$$00000009  c_w.l(_printf_d.o)
    0x08000166   0x08000166   0x00000004   Code   RO         3714    .ARM.Collect$$_printf_percent$$00000017  c_w.l(_printf_percent_end.o)
    0x0800016a   0x0800016a   0x00000002   Code   RO         3848    .ARM.Collect$$libinit$$00000000  c_w.l(libinit.o)
    0x0800016c   0x0800016c   0x00000000   Code   RO         3850    .ARM.Collect$$libinit$$00000002  c_w.l(libinit2.o)
    0x0800016c   0x0800016c   0x00000000   Code   RO         3852    .ARM.Collect$$libinit$$00000004  c_w.l(libinit2.o)
    0x0800016c   0x0800016c   0x00000008   Code   RO         3853    .ARM.Collect$$libinit$$00000005  c_w.l(libinit2.o)
    0x08000174   0x08000174   0x00000000   Code   RO         3855    .ARM.Collect$$libinit$$0000000A  c_w.l(libinit2.o)
    0x08000174   0x08000174   0x00000000   Code   RO         3857    .ARM.Collect$$libinit$$0000000C  c_w.l(libinit2.o)
    0x08000174   0x08000174   0x00000000   Code   RO         3859    .ARM.Collect$$libinit$$0000000E  c_w.l(libinit2.o)
    0x08000174   0x08000174   0x00000000   Code   RO         3862    .ARM.Collect$$libinit$$00000011  c_w.l(libinit2.o)
    0x08000174   0x08000174   0x00000000   Code   RO         3864    .ARM.Collect$$libinit$$00000013  c_w.l(libinit2.o)
    0x08000174   0x08000174   0x00000000   Code   RO         3866    .ARM.Collect$$libinit$$00000015  c_w.l(libinit2.o)
    0x08000174   0x08000174   0x00000000   Code   RO         3868    .ARM.Collect$$libinit$$00000017  c_w.l(libinit2.o)
    0x08000174   0x08000174   0x00000000   Code   RO         3870    .ARM.Collect$$libinit$$00000019  c_w.l(libinit2.o)
    0x08000174   0x08000174   0x00000000   Code   RO         3872    .ARM.Collect$$libinit$$0000001B  c_w.l(libinit2.o)
    0x08000174   0x08000174   0x00000000   Code   RO         3874    .ARM.Collect$$libinit$$0000001D  c_w.l(libinit2.o)
    0x08000174   0x08000174   0x00000000   Code   RO         3876    .ARM.Collect$$libinit$$0000001F  c_w.l(libinit2.o)
    0x08000174   0x08000174   0x00000000   Code   RO         3878    .ARM.Collect$$libinit$$00000021  c_w.l(libinit2.o)
    0x08000174   0x08000174   0x00000000   Code   RO         3880    .ARM.Collect$$libinit$$00000023  c_w.l(libinit2.o)
    0x08000174   0x08000174   0x00000004   Code   RO         3881    .ARM.Collect$$libinit$$00000024  c_w.l(libinit2.o)
    0x08000178   0x08000178   0x00000000   Code   RO         3882    .ARM.Collect$$libinit$$00000025  c_w.l(libinit2.o)
    0x08000178   0x08000178   0x00000000   Code   RO         3886    .ARM.Collect$$libinit$$0000002C  c_w.l(libinit2.o)
    0x08000178   0x08000178   0x00000000   Code   RO         3888    .ARM.Collect$$libinit$$0000002E  c_w.l(libinit2.o)
    0x08000178   0x08000178   0x00000000   Code   RO         3890    .ARM.Collect$$libinit$$00000030  c_w.l(libinit2.o)
    0x08000178   0x08000178   0x00000000   Code   RO         3892    .ARM.Collect$$libinit$$00000032  c_w.l(libinit2.o)
    0x08000178   0x08000178   0x00000002   Code   RO         3893    .ARM.Collect$$libinit$$00000033  c_w.l(libinit2.o)
    0x0800017a   0x0800017a   0x00000002   Code   RO         4020    .ARM.Collect$$libshutdown$$00000000  c_w.l(libshutdown.o)
    0x0800017c   0x0800017c   0x00000000   Code   RO         3895    .ARM.Collect$$libshutdown$$00000002  c_w.l(libshutdown2.o)
    0x0800017c   0x0800017c   0x00000004   Code   RO         3896    .ARM.Collect$$libshutdown$$00000003  c_w.l(libshutdown2.o)
    0x08000180   0x08000180   0x00000000   Code   RO         3897    .ARM.Collect$$libshutdown$$00000004  c_w.l(libshutdown2.o)
    0x08000180   0x08000180   0x00000000   Code   RO         3900    .ARM.Collect$$libshutdown$$00000007  c_w.l(libshutdown2.o)
    0x08000180   0x08000180   0x00000000   Code   RO         3903    .ARM.Collect$$libshutdown$$0000000A  c_w.l(libshutdown2.o)
    0x08000180   0x08000180   0x00000000   Code   RO         3905    .ARM.Collect$$libshutdown$$0000000C  c_w.l(libshutdown2.o)
    0x08000180   0x08000180   0x00000000   Code   RO         3908    .ARM.Collect$$libshutdown$$0000000F  c_w.l(libshutdown2.o)
    0x08000180   0x08000180   0x00000002   Code   RO         3909    .ARM.Collect$$libshutdown$$00000010  c_w.l(libshutdown2.o)
    0x08000182   0x08000182   0x00000000   Code   RO         3709    .ARM.Collect$$rtentry$$00000000  c_w.l(__rtentry.o)
    0x08000182   0x08000182   0x00000000   Code   RO         3733    .ARM.Collect$$rtentry$$00000002  c_w.l(__rtentry2.o)
    0x08000182   0x08000182   0x00000006   Code   RO         3745    .ARM.Collect$$rtentry$$00000004  c_w.l(__rtentry4.o)
    0x08000188   0x08000188   0x00000000   Code   RO         3735    .ARM.Collect$$rtentry$$00000009  c_w.l(__rtentry2.o)
    0x08000188   0x08000188   0x00000004   Code   RO         3736    .ARM.Collect$$rtentry$$0000000A  c_w.l(__rtentry2.o)
    0x0800018c   0x0800018c   0x00000000   Code   RO         3738    .ARM.Collect$$rtentry$$0000000C  c_w.l(__rtentry2.o)
    0x0800018c   0x0800018c   0x00000008   Code   RO         3739    .ARM.Collect$$rtentry$$0000000D  c_w.l(__rtentry2.o)
    0x08000194   0x08000194   0x00000002   Code   RO         3918    .ARM.Collect$$rtexit$$00000000  c_w.l(rtexit.o)
    0x08000196   0x08000196   0x00000000   Code   RO         3966    .ARM.Collect$$rtexit$$00000002  c_w.l(rtexit2.o)
    0x08000196   0x08000196   0x00000004   Code   RO         3967    .ARM.Collect$$rtexit$$00000003  c_w.l(rtexit2.o)
    0x0800019a   0x0800019a   0x00000006   Code   RO         3968    .ARM.Collect$$rtexit$$00000004  c_w.l(rtexit2.o)
    0x080001a0   0x080001a0   0x00000000   Code   RO         3972    .emb_text           c_w.l(maybetermalloc1.o)
    0x080001a0   0x080001a0   0x00000040   Code   RO            4    .text               startup_stm32f103xb.o
    0x080001e0   0x080001e0   0x00000018   Code   RO         3643    .text               c_w.l(noretval__2printf.o)
    0x080001f8   0x080001f8   0x0000004e   Code   RO         3647    .text               c_w.l(_printf_pad.o)
    0x08000246   0x08000246   0x00000002   PAD
    0x08000248   0x08000248   0x00000078   Code   RO         3649    .text               c_w.l(_printf_dec.o)
    0x080002c0   0x080002c0   0x00000138   Code   RO         3663    .text               c_w.l(__printf_flags_wp.o)
    0x080003f8   0x080003f8   0x00000024   Code   RO         3673    .text               c_w.l(strstr.o)
    0x0800041c   0x0800041c   0x00000064   Code   RO         3675    .text               c_w.l(rt_memcpy_w.o)
    0x08000480   0x08000480   0x0000004e   Code   RO         3677    .text               c_w.l(rt_memclr_w.o)
    0x080004ce   0x080004ce   0x00000006   Code   RO         3679    .text               c_w.l(heapauxi.o)
    0x080004d4   0x080004d4   0x000000b2   Code   RO         3710    .text               c_w.l(_printf_intcommon.o)
    0x08000586   0x08000586   0x00000002   PAD
    0x08000588   0x08000588   0x00000024   Code   RO         3712    .text               c_w.l(_printf_char_file.o)
    0x080005ac   0x080005ac   0x00000030   Code   RO         3747    .text               c_w.l(_printf_char_common.o)
    0x080005dc   0x080005dc   0x00000008   Code   RO         3749    .text               c_w.l(ferror.o)
    0x080005e4   0x080005e4   0x00000138   Code   RO         3751    .text               c_w.l(initio.o)
    0x0800071c   0x0800071c   0x00000066   Code   RO         3759    .text               c_w.l(sys_io.o)
    0x08000782   0x08000782   0x0000004a   Code   RO         3766    .text               c_w.l(sys_stackheap_outer.o)
    0x080007cc   0x080007cc   0x0000004e   Code   RO         3770    .text               c_w.l(h1_free.o)
    0x0800081a   0x0800081a   0x00000046   Code   RO         3826    .text               c_w.l(setvbuf.o)
    0x08000860   0x08000860   0x000000ec   Code   RO         3829    .text               c_w.l(fopen.o)
    0x0800094c   0x0800094c   0x0000004c   Code   RO         3831    .text               c_w.l(fclose.o)
    0x08000998   0x08000998   0x00000012   Code   RO         3837    .text               c_w.l(exit.o)
    0x080009aa   0x080009aa   0x0000000e   Code   RO         3839    .text               c_w.l(defsig_rtred_outer.o)
    0x080009b8   0x080009b8   0x00000008   Code   RO         3912    .text               c_w.l(libspace.o)
    0x080009c0   0x080009c0   0x00000002   Code   RO         3915    .text               c_w.l(use_no_semi.o)
    0x080009c2   0x080009c2   0x00000000   Code   RO         3917    .text               c_w.l(indicate_semi.o)
    0x080009c2   0x080009c2   0x00000002   PAD
    0x080009c4   0x080009c4   0x00000008   Code   RO         3925    .text               c_w.l(rt_heap_descriptor_intlibspace.o)
    0x080009cc   0x080009cc   0x00000004   Code   RO         3927    .text               c_w.l(hguard.o)
    0x080009d0   0x080009d0   0x0000008a   Code   RO         3929    .text               c_w.l(init_alloc.o)
    0x08000a5a   0x08000a5a   0x0000005e   Code   RO         3935    .text               c_w.l(h1_alloc.o)
    0x08000ab8   0x08000ab8   0x000000f8   Code   RO         3949    .text               c_w.l(fseek.o)
    0x08000bb0   0x08000bb0   0x000000f0   Code   RO         3951    .text               c_w.l(stdio.o)
    0x08000ca0   0x08000ca0   0x0000000a   Code   RO         3953    .text               c_w.l(defsig_exit.o)
    0x08000caa   0x08000caa   0x00000002   PAD
    0x08000cac   0x08000cac   0x00000034   Code   RO         3955    .text               c_w.l(defsig_rtred_inner.o)
    0x08000ce0   0x08000ce0   0x0000003e   Code   RO         3957    .text               c_w.l(strlen.o)
    0x08000d1e   0x08000d1e   0x00000002   PAD
    0x08000d20   0x08000d20   0x0000000c   Code   RO         3963    .text               c_w.l(sys_exit.o)
    0x08000d2c   0x08000d2c   0x0000000e   Code   RO         3974    .text               c_w.l(h1_init.o)
    0x08000d3a   0x08000d3a   0x00000034   Code   RO         3976    .text               c_w.l(h1_extend.o)
    0x08000d6e   0x08000d6e   0x00000042   Code   RO         3982    .text               c_w.l(ftell.o)
    0x08000db0   0x08000db0   0x00000032   Code   RO         3986    .text               c_w.l(defsig_general.o)
    0x08000de2   0x08000de2   0x0000000e   Code   RO         3988    .text               c_w.l(defsig_rtmem_outer.o)
    0x08000df0   0x08000df0   0x0000000e   Code   RO         4001    .text               c_w.l(sys_wrch.o)
    0x08000dfe   0x08000dfe   0x00000002   PAD
    0x08000e00   0x08000e00   0x00000008   Code   RO         4008    .text               c_w.l(rt_errno_addr_intlibspace.o)
    0x08000e08   0x08000e08   0x00000050   Code   RO         4014    .text               c_w.l(defsig_rtmem_inner.o)
    0x08000e58   0x08000e58   0x0000005c   Code   RO         3294    i.AckBus            htu21d.o
    0x08000eb4   0x08000eb4   0x0000002a   Code   RO         3212    i.AscToHex          esp8266_at.o
    0x08000ede   0x08000ede   0x00000002   Code   RO          383    i.BusFault_Handler  stm32f1xx_it.o
    0x08000ee0   0x08000ee0   0x00000060   Code   RO         3511    i.CalculateWeek     time.o
    0x08000f40   0x08000f40   0x0000000c   Code   RO         3478    i.CalculationLunarCalendar  lunar_calendar.o
    0x08000f4c   0x08000f4c   0x000000b4   Code   RO         3512    i.ClockRun          time.o
    0x08001000   0x08001000   0x0000000c   Code   RO          384    i.DMA1_Channel4_IRQHandler  stm32f1xx_it.o
    0x0800100c   0x0800100c   0x0000000c   Code   RO          385    i.DMA1_Channel5_IRQHandler  stm32f1xx_it.o
    0x08001018   0x08001018   0x0000002a   Code   RO         1205    i.DMA_SetConfig     stm32f1xx_hal_dma.o
    0x08001042   0x08001042   0x00000002   Code   RO          386    i.DebugMon_Handler  stm32f1xx_it.o
    0x08001044   0x08001044   0x00000008   Code   RO         3295    i.DelayUs           htu21d.o
    0x0800104c   0x0800104c   0x0000015c   Code   RO         3392    i.DispDate          hub75d.o
    0x080011a8   0x080011a8   0x000000b8   Code   RO         3393    i.DispLunarCalendar  hub75d.o
    0x08001260   0x08001260   0x00000110   Code   RO         3394    i.DispTemperatureHumidity  hub75d.o
    0x08001370   0x08001370   0x0000017c   Code   RO         3395    i.DispTime          hub75d.o
    0x080014ec   0x080014ec   0x0000001c   Code   RO         3213    i.ESP8266_AT_GetTime  esp8266_at.o
    0x08001508   0x08001508   0x00000006   Code   RO          387    i.EXTI0_IRQHandler  stm32f1xx_it.o
    0x0800150e   0x0800150e   0x00000002   PAD
    0x08001510   0x08001510   0x000000bc   Code   RO           13    i.EnterStandbyMode  main.o
    0x080015cc   0x080015cc   0x00000002   Code   RO           14    i.Error_Handler     main.o
    0x080015ce   0x080015ce   0x00000002   PAD
    0x080015d0   0x080015d0   0x0000000c   Code   RO         3513    i.Get1sFlag         time.o
    0x080015dc   0x080015dc   0x0000009c   Code   RO         3514    i.GetClock          time.o
    0x08001678   0x08001678   0x00000008   Code   RO         3479    i.GetLunarCalendar  lunar_calendar.o
    0x08001680   0x08001680   0x00000030   Code   RO         3214    i.GetMonth          esp8266_at.o
    0x080016b0   0x080016b0   0x00000008   Code   RO         3515    i.GetTimeData       time.o
    0x080016b8   0x080016b8   0x00000046   Code   RO         1206    i.HAL_DMA_Abort     stm32f1xx_hal_dma.o
    0x080016fe   0x080016fe   0x00000002   PAD
    0x08001700   0x08001700   0x00000098   Code   RO         1207    i.HAL_DMA_Abort_IT  stm32f1xx_hal_dma.o
    0x08001798   0x08001798   0x000000d4   Code   RO         1208    i.HAL_DMA_DeInit    stm32f1xx_hal_dma.o
    0x0800186c   0x0800186c   0x00000154   Code   RO         1211    i.HAL_DMA_IRQHandler  stm32f1xx_hal_dma.o
    0x080019c0   0x080019c0   0x0000016c   Code   RO         1212    i.HAL_DMA_Init      stm32f1xx_hal_dma.o
    0x08001b2c   0x08001b2c   0x000000cc   Code   RO         1216    i.HAL_DMA_Start_IT  stm32f1xx_hal_dma.o
    0x08001bf8   0x08001bf8   0x00000024   Code   RO          834    i.HAL_Delay         stm32f1xx_hal.o
    0x08001c1c   0x08001c1c   0x0000016c   Code   RO         1139    i.HAL_GPIO_DeInit   stm32f1xx_hal_gpio.o
    0x08001d88   0x08001d88   0x0000000e   Code   RO           15    i.HAL_GPIO_EXTI_Callback  main.o
    0x08001d96   0x08001d96   0x00000002   PAD
    0x08001d98   0x08001d98   0x00000018   Code   RO         1141    i.HAL_GPIO_EXTI_IRQHandler  stm32f1xx_hal_gpio.o
    0x08001db0   0x08001db0   0x00000324   Code   RO         1142    i.HAL_GPIO_Init     stm32f1xx_hal_gpio.o
    0x080020d4   0x080020d4   0x00000058   Code   RO         1144    i.HAL_GPIO_ReadPin  stm32f1xx_hal_gpio.o
    0x0800212c   0x0800212c   0x00000060   Code   RO         1145    i.HAL_GPIO_TogglePin  stm32f1xx_hal_gpio.o
    0x0800218c   0x0800218c   0x0000006c   Code   RO         1146    i.HAL_GPIO_WritePin  stm32f1xx_hal_gpio.o
    0x080021f8   0x080021f8   0x0000000c   Code   RO          838    i.HAL_GetTick       stm32f1xx_hal.o
    0x08002204   0x08002204   0x00000010   Code   RO          844    i.HAL_IncTick       stm32f1xx_hal.o
    0x08002214   0x08002214   0x00000024   Code   RO          845    i.HAL_Init          stm32f1xx_hal.o
    0x08002238   0x08002238   0x00000040   Code   RO          846    i.HAL_InitTick      stm32f1xx_hal.o
    0x08002278   0x08002278   0x00000044   Code   RO          495    i.HAL_MspInit       stm32f1xx_hal_msp.o
    0x080022bc   0x080022bc   0x0000006c   Code   RO         1301    i.HAL_NVIC_DisableIRQ  stm32f1xx_hal_cortex.o
    0x08002328   0x08002328   0x00000064   Code   RO         1302    i.HAL_NVIC_EnableIRQ  stm32f1xx_hal_cortex.o
    0x0800238c   0x0800238c   0x000000a0   Code   RO         1308    i.HAL_NVIC_SetPriority  stm32f1xx_hal_cortex.o
    0x0800242c   0x0800242c   0x00000080   Code   RO         1309    i.HAL_NVIC_SetPriorityGrouping  stm32f1xx_hal_cortex.o
    0x080024ac   0x080024ac   0x0000000c   Code   RO         1424    i.HAL_PWR_EnableBkUpAccess  stm32f1xx_hal_pwr.o
    0x080024b8   0x080024b8   0x000000a4   Code   RO         1431    i.HAL_PWR_EnterSTOPMode  stm32f1xx_hal_pwr.o
    0x0800255c   0x0800255c   0x00000118   Code   RO         1104    i.HAL_RCCEx_GetPeriphCLKFreq  stm32f1xx_hal_rcc_ex.o
    0x08002674   0x08002674   0x00000194   Code   RO         1105    i.HAL_RCCEx_PeriphCLKConfig  stm32f1xx_hal_rcc_ex.o
    0x08002808   0x08002808   0x0000022c   Code   RO         1002    i.HAL_RCC_ClockConfig  stm32f1xx_hal_rcc.o
    0x08002a34   0x08002a34   0x00000020   Code   RO         1009    i.HAL_RCC_GetPCLK1Freq  stm32f1xx_hal_rcc.o
    0x08002a54   0x08002a54   0x00000020   Code   RO         1010    i.HAL_RCC_GetPCLK2Freq  stm32f1xx_hal_rcc.o
    0x08002a74   0x08002a74   0x0000006c   Code   RO         1011    i.HAL_RCC_GetSysClockFreq  stm32f1xx_hal_rcc.o
    0x08002ae0   0x08002ae0   0x0000048e   Code   RO         1014    i.HAL_RCC_OscConfig  stm32f1xx_hal_rcc.o
    0x08002f6e   0x08002f6e   0x00000002   Code   RO          730    i.HAL_RTCEx_RTCEventCallback  stm32f1xx_hal_rtc_ex.o
    0x08002f70   0x08002f70   0x00000002   Code   RO          731    i.HAL_RTCEx_RTCEventErrorCallback  stm32f1xx_hal_rtc_ex.o
    0x08002f72   0x08002f72   0x0000003e   Code   RO          732    i.HAL_RTCEx_RTCIRQHandler  stm32f1xx_hal_rtc_ex.o
    0x08002fb0   0x08002fb0   0x0000002c   Code   RO          733    i.HAL_RTCEx_SetSecond_IT  stm32f1xx_hal_rtc_ex.o
    0x08002fdc   0x08002fdc   0x00000098   Code   RO          560    i.HAL_RTC_GetDate   stm32f1xx_hal_rtc.o
    0x08003074   0x08003074   0x0000011c   Code   RO          562    i.HAL_RTC_GetTime   stm32f1xx_hal_rtc.o
    0x08003190   0x08003190   0x00000120   Code   RO          563    i.HAL_RTC_Init      stm32f1xx_hal_rtc.o
    0x080032b0   0x080032b0   0x00000034   Code   RO          258    i.HAL_RTC_MspInit   rtc.o
    0x080032e4   0x080032e4   0x00000190   Code   RO          569    i.HAL_RTC_SetDate   stm32f1xx_hal_rtc.o
    0x08003474   0x08003474   0x00000168   Code   RO          570    i.HAL_RTC_SetTime   stm32f1xx_hal_rtc.o
    0x080035dc   0x080035dc   0x0000003a   Code   RO          571    i.HAL_RTC_WaitForSynchro  stm32f1xx_hal_rtc.o
    0x08003616   0x08003616   0x00000028   Code   RO         1313    i.HAL_SYSTICK_Config  stm32f1xx_hal_cortex.o
    0x0800363e   0x0800363e   0x00000002   Code   RO         2519    i.HAL_TIMEx_BreakCallback  stm32f1xx_hal_tim_ex.o
    0x08003640   0x08003640   0x00000002   Code   RO         2520    i.HAL_TIMEx_CommutCallback  stm32f1xx_hal_tim_ex.o
    0x08003642   0x08003642   0x00000002   PAD
    0x08003644   0x08003644   0x00000108   Code   RO         2538    i.HAL_TIMEx_MasterConfigSynchronization  stm32f1xx_hal_tim_ex.o
    0x0800374c   0x0800374c   0x0000010c   Code   RO         1814    i.HAL_TIM_Base_Init  stm32f1xx_hal_tim.o
    0x08003858   0x08003858   0x00000028   Code   RO          300    i.HAL_TIM_Base_MspInit  tim.o
    0x08003880   0x08003880   0x000000b8   Code   RO         1819    i.HAL_TIM_Base_Start_IT  stm32f1xx_hal_tim.o
    0x08003938   0x08003938   0x00000338   Code   RO         1823    i.HAL_TIM_ConfigClockSource  stm32f1xx_hal_tim.o
    0x08003c70   0x08003c70   0x00000002   Code   RO         1848    i.HAL_TIM_IC_CaptureCallback  stm32f1xx_hal_tim.o
    0x08003c72   0x08003c72   0x00000166   Code   RO         1862    i.HAL_TIM_IRQHandler  stm32f1xx_hal_tim.o
    0x08003dd8   0x08003dd8   0x00000002   Code   RO         1865    i.HAL_TIM_OC_DelayElapsedCallback  stm32f1xx_hal_tim.o
    0x08003dda   0x08003dda   0x00000002   Code   RO         1892    i.HAL_TIM_PWM_PulseFinishedCallback  stm32f1xx_hal_tim.o
    0x08003ddc   0x08003ddc   0x00000002   Code   RO         1900    i.HAL_TIM_PeriodElapsedCallback  stm32f1xx_hal_tim.o
    0x08003dde   0x08003dde   0x00000002   Code   RO         1905    i.HAL_TIM_TriggerCallback  stm32f1xx_hal_tim.o
    0x08003de0   0x08003de0   0x00000002   Code   RO         2797    i.HAL_UARTEx_RxEventCallback  stm32f1xx_hal_uart.o
    0x08003de2   0x08003de2   0x00000058   Code   RO         2809    i.HAL_UART_DMAStop  stm32f1xx_hal_uart.o
    0x08003e3a   0x08003e3a   0x00000002   PAD
    0x08003e3c   0x08003e3c   0x0000009c   Code   RO         2810    i.HAL_UART_DeInit   stm32f1xx_hal_uart.o
    0x08003ed8   0x08003ed8   0x00000002   Code   RO         2811    i.HAL_UART_ErrorCallback  stm32f1xx_hal_uart.o
    0x08003eda   0x08003eda   0x00000002   PAD
    0x08003edc   0x08003edc   0x0000020c   Code   RO         2814    i.HAL_UART_IRQHandler  stm32f1xx_hal_uart.o
    0x080040e8   0x080040e8   0x00000114   Code   RO         2815    i.HAL_UART_Init     stm32f1xx_hal_uart.o
    0x080041fc   0x080041fc   0x00000044   Code   RO          341    i.HAL_UART_MspDeInit  usart.o
    0x08004240   0x08004240   0x000000dc   Code   RO          342    i.HAL_UART_MspInit  usart.o
    0x0800431c   0x0800431c   0x0000002a   Code   RO         2819    i.HAL_UART_Receive_DMA  stm32f1xx_hal_uart.o
    0x08004346   0x08004346   0x00000002   Code   RO         2821    i.HAL_UART_RxCpltCallback  stm32f1xx_hal_uart.o
    0x08004348   0x08004348   0x00000002   Code   RO         2822    i.HAL_UART_RxHalfCpltCallback  stm32f1xx_hal_uart.o
    0x0800434a   0x0800434a   0x00000002   PAD
    0x0800434c   0x0800434c   0x000000b2   Code   RO         2823    i.HAL_UART_Transmit  stm32f1xx_hal_uart.o
    0x080043fe   0x080043fe   0x00000002   PAD
    0x08004400   0x08004400   0x0000002c   Code   RO         3583    i.HAL_UART_TxCpltCallback  wifi_uart_if.o
    0x0800442c   0x0800442c   0x00000068   Code   RO         3296    i.HTU21D_FuncInit   htu21d.o
    0x08004494   0x08004494   0x00000194   Code   RO         3297    i.HTU21D_GetData    htu21d.o
    0x08004628   0x08004628   0x0000000c   Code   RO         3298    i.HTU21D_GetHumidity  htu21d.o
    0x08004634   0x08004634   0x0000000c   Code   RO         3299    i.HTU21D_GetTemperature  htu21d.o
    0x08004640   0x08004640   0x000000dc   Code   RO         3300    i.HTU21D_Init       htu21d.o
    0x0800471c   0x0800471c   0x0000002c   Code   RO         3301    i.HTU21D_SDA_SET    htu21d.o
    0x08004748   0x08004748   0x00000030   Code   RO         3302    i.HTU21D_Sampling   htu21d.o
    0x08004778   0x08004778   0x000000a0   Code   RO         3396    i.HUB75D_CalculateCalendar  hub75d.o
    0x08004818   0x08004818   0x00000034   Code   RO         3397    i.HUB75D_CtrDec     hub75d.o
    0x0800484c   0x0800484c   0x0000005c   Code   RO         3398    i.HUB75D_DispOnOff  hub75d.o
    0x080048a8   0x080048a8   0x0000005c   Code   RO         3457    i.HUB75D_DispScan   hub75d.o
    0x08004904   0x08004904   0x0000000c   Code   RO         3399    i.HUB75D_SetDispOffCtr  hub75d.o
    0x08004910   0x08004910   0x00000002   Code   RO          388    i.HardFault_Handler  stm32f1xx_it.o
    0x08004912   0x08004912   0x00000002   PAD
    0x08004914   0x08004914   0x0000013c   Code   RO         3480    i.LunarCalendar     lunar_calendar.o
    0x08004a50   0x08004a50   0x0000003c   Code   RO          233    i.MX_DMA_Init       dma.o
    0x08004a8c   0x08004a8c   0x000000fc   Code   RO          209    i.MX_GPIO_Init      gpio.o
    0x08004b88   0x08004b88   0x00000036   Code   RO           16    i.MX_NVIC_Init      main.o
    0x08004bbe   0x08004bbe   0x00000002   PAD
    0x08004bc0   0x08004bc0   0x00000074   Code   RO          259    i.MX_RTC_Init       rtc.o
    0x08004c34   0x08004c34   0x00000068   Code   RO          301    i.MX_TIM4_Init      tim.o
    0x08004c9c   0x08004c9c   0x00000038   Code   RO          343    i.MX_USART1_UART_Init  usart.o
    0x08004cd4   0x08004cd4   0x00000002   Code   RO          389    i.MemManage_Handler  stm32f1xx_it.o
    0x08004cd6   0x08004cd6   0x00000002   Code   RO          390    i.NMI_Handler       stm32f1xx_it.o
    0x08004cd8   0x08004cd8   0x00000038   Code   RO         3303    i.NoAckBus          htu21d.o
    0x08004d10   0x08004d10   0x00000006   Code   RO         1434    i.PWR_OverloadWfe   stm32f1xx_hal_pwr.o
    0x08004d16   0x08004d16   0x00000002   Code   RO          391    i.PendSV_Handler    stm32f1xx_it.o
    0x08004d18   0x08004d18   0x00000180   Code   RO         3215    i.ProcessClock      esp8266_at.o
    0x08004e98   0x08004e98   0x00000012   Code   RO          572    i.RTC_Bcd2ToByte    stm32f1xx_hal_rtc.o
    0x08004eaa   0x08004eaa   0x00000016   Code   RO          573    i.RTC_ByteToBcd2    stm32f1xx_hal_rtc.o
    0x08004ec0   0x08004ec0   0x000000ae   Code   RO          574    i.RTC_DateUpdate    stm32f1xx_hal_rtc.o
    0x08004f6e   0x08004f6e   0x00000034   Code   RO          575    i.RTC_EnterInitMode  stm32f1xx_hal_rtc.o
    0x08004fa2   0x08004fa2   0x00000002   PAD
    0x08004fa4   0x08004fa4   0x00000036   Code   RO          576    i.RTC_ExitInitMode  stm32f1xx_hal_rtc.o
    0x08004fda   0x08004fda   0x00000002   PAD
    0x08004fdc   0x08004fdc   0x00000024   Code   RO          392    i.RTC_IRQHandler    stm32f1xx_it.o
    0x08005000   0x08005000   0x0000000e   Code   RO          577    i.RTC_ReadAlarmCounter  stm32f1xx_hal_rtc.o
    0x0800500e   0x0800500e   0x00000020   Code   RO          578    i.RTC_ReadTimeCounter  stm32f1xx_hal_rtc.o
    0x0800502e   0x0800502e   0x00000056   Code   RO          579    i.RTC_WeekDayNum    stm32f1xx_hal_rtc.o
    0x08005084   0x08005084   0x00000028   Code   RO          580    i.RTC_WriteAlarmCounter  stm32f1xx_hal_rtc.o
    0x080050ac   0x080050ac   0x00000028   Code   RO          581    i.RTC_WriteTimeCounter  stm32f1xx_hal_rtc.o
    0x080050d4   0x080050d4   0x00000054   Code   RO         3304    i.ReadByte          htu21d.o
    0x08005128   0x08005128   0x00000002   Code   RO          393    i.SVC_Handler       stm32f1xx_it.o
    0x0800512a   0x0800512a   0x00000002   PAD
    0x0800512c   0x0800512c   0x0000000c   Code   RO         3516    i.Set1sFlag         time.o
    0x08005138   0x08005138   0x00000094   Code   RO         3517    i.SetClock          time.o
    0x080051cc   0x080051cc   0x00000140   Code   RO         3400    i.SetScanPin        hub75d.o
    0x0800530c   0x0800530c   0x00000024   Code   RO         3518    i.SetTimeData       time.o
    0x08005330   0x08005330   0x0000004c   Code   RO         3305    i.StartBus          htu21d.o
    0x0800537c   0x0800537c   0x0000003c   Code   RO         3306    i.StopBus           htu21d.o
    0x080053b8   0x080053b8   0x00000004   Code   RO          394    i.SysTick_Handler   stm32f1xx_it.o
    0x080053bc   0x080053bc   0x00000068   Code   RO           17    i.SystemClock_Config  main.o
    0x08005424   0x08005424   0x00000048   Code   RO         3144    i.SystemInit        system_stm32f1xx.o
    0x0800546c   0x0800546c   0x00000014   Code   RO          395    i.TIM4_IRQHandler   stm32f1xx_it.o
    0x08005480   0x08005480   0x0000006c   Code   RO         1907    i.TIM_Base_SetConfig  stm32f1xx_hal_tim.o
    0x080054ec   0x080054ec   0x00000014   Code   RO         1918    i.TIM_ETR_SetConfig  stm32f1xx_hal_tim.o
    0x08005500   0x08005500   0x00000010   Code   RO         1919    i.TIM_ITRx_SetConfig  stm32f1xx_hal_tim.o
    0x08005510   0x08005510   0x00000022   Code   RO         1925    i.TIM_TI1_ConfigInputStage  stm32f1xx_hal_tim.o
    0x08005532   0x08005532   0x00000024   Code   RO         1927    i.TIM_TI2_ConfigInputStage  stm32f1xx_hal_tim.o
    0x08005556   0x08005556   0x00000010   Code   RO         2828    i.UART_DMAAbortOnError  stm32f1xx_hal_uart.o
    0x08005566   0x08005566   0x0000004a   Code   RO         2829    i.UART_DMAError     stm32f1xx_hal_uart.o
    0x080055b0   0x080055b0   0x0000005a   Code   RO         2830    i.UART_DMAReceiveCplt  stm32f1xx_hal_uart.o
    0x0800560a   0x0800560a   0x0000001a   Code   RO         2832    i.UART_DMARxHalfCplt  stm32f1xx_hal_uart.o
    0x08005624   0x08005624   0x00000030   Code   RO         2838    i.UART_EndRxTransfer  stm32f1xx_hal_uart.o
    0x08005654   0x08005654   0x00000012   Code   RO         2839    i.UART_EndTxTransfer  stm32f1xx_hal_uart.o
    0x08005666   0x08005666   0x000000b6   Code   RO         2840    i.UART_Receive_IT   stm32f1xx_hal_uart.o
    0x0800571c   0x0800571c   0x0000014c   Code   RO         2841    i.UART_SetConfig    stm32f1xx_hal_uart.o
    0x08005868   0x08005868   0x00000070   Code   RO         2842    i.UART_Start_Receive_DMA  stm32f1xx_hal_uart.o
    0x080058d8   0x080058d8   0x00000064   Code   RO         2844    i.UART_WaitOnFlagUntilTimeout  stm32f1xx_hal_uart.o
    0x0800593c   0x0800593c   0x0000001c   Code   RO         3584    i.USART1_HandlerUartData  wifi_uart_if.o
    0x08005958   0x08005958   0x00000018   Code   RO          396    i.USART1_IRQHandler  stm32f1xx_it.o
    0x08005970   0x08005970   0x00000024   Code   RO         3585    i.USART1_ReceiveDmaInit  wifi_uart_if.o
    0x08005994   0x08005994   0x00000054   Code   RO         3586    i.USART1_Receive_IDLE  wifi_uart_if.o
    0x080059e8   0x080059e8   0x00000002   Code   RO          397    i.UsageFault_Handler  stm32f1xx_it.o
    0x080059ea   0x080059ea   0x00000002   PAD
    0x080059ec   0x080059ec   0x00000088   Code   RO         3216    i.WIFI_CtrDec       esp8266_at.o
    0x08005a74   0x08005a74   0x00000064   Code   RO         3218    i.WIFI_Init         esp8266_at.o
    0x08005ad8   0x08005ad8   0x0000003c   Code   RO         3219    i.WIFI_PowerOnOff   esp8266_at.o
    0x08005b14   0x08005b14   0x00000094   Code   RO         3220    i.WIFI_ReceiveProcess  esp8266_at.o
    0x08005ba8   0x08005ba8   0x000000c8   Code   RO         3307    i.WriteByte         htu21d.o
    0x08005c70   0x08005c70   0x00000020   Code   RO         1315    i.__NVIC_SetPriority  stm32f1xx_hal_cortex.o
    0x08005c90   0x08005c90   0x0000000e   Code   RO         3661    i._is_digit         c_w.l(__printf_wp.o)
    0x08005c9e   0x08005c9e   0x00000002   Code   RO           18    i.assert_failed     main.o
    0x08005ca0   0x08005ca0   0x00000018   Code   RO         3588    i.fputc             wifi_uart_if.o
    0x08005cb8   0x08005cb8   0x000000a8   Code   RO           19    i.main              main.o
    0x08005d60   0x08005d60   0x00000062   Code   RO         3683    x$fpl$d2f           fz_ws.l(d2f.o)
    0x08005dc2   0x08005dc2   0x00000002   PAD
    0x08005dc4   0x08005dc4   0x00000150   Code   RO         3685    x$fpl$dadd          fz_ws.l(daddsub_clz.o)
    0x08005f14   0x08005f14   0x00000010   Code   RO         3721    x$fpl$dcheck1       fz_ws.l(dcheck1.o)
    0x08005f24   0x08005f24   0x00000026   Code   RO         3691    x$fpl$dfltu         fz_ws.l(dflt_clz.o)
    0x08005f4a   0x08005f4a   0x00000002   PAD
    0x08005f4c   0x08005f4c   0x00000154   Code   RO         3697    x$fpl$dmul          fz_ws.l(dmul.o)
    0x080060a0   0x080060a0   0x0000009c   Code   RO         3723    x$fpl$dnaninf       fz_ws.l(dnaninf.o)
    0x0800613c   0x0800613c   0x0000000c   Code   RO         3725    x$fpl$dretinf       fz_ws.l(dretinf.o)
    0x08006148   0x08006148   0x000001d4   Code   RO         3687    x$fpl$dsub          fz_ws.l(daddsub_clz.o)
    0x0800631c   0x0800631c   0x00000036   Code   RO         3699    x$fpl$ffix          fz_ws.l(ffix.o)
    0x08006352   0x08006352   0x00000002   PAD
    0x08006354   0x08006354   0x0000003e   Code   RO         3703    x$fpl$ffixu         fz_ws.l(ffixu.o)
    0x08006392   0x08006392   0x0000008c   Code   RO         3727    x$fpl$fnaninf       fz_ws.l(fnaninf.o)
    0x0800641e   0x0800641e   0x0000000a   Code   RO         3729    x$fpl$fretinf       fz_ws.l(fretinf.o)
    0x08006428   0x08006428   0x00000064   Code   RO         3757    x$fpl$retnan        fz_ws.l(retnan.o)
    0x0800648c   0x0800648c   0x0000005c   Code   RO         3707    x$fpl$scalbn        fz_ws.l(scalbn.o)
    0x080064e8   0x080064e8   0x00000030   Code   RO         3910    x$fpl$trapveneer    fz_ws.l(trapv.o)
    0x08006518   0x08006518   0x00000000   Code   RO         3731    x$fpl$usenofp       fz_ws.l(usenofp.o)
    0x08006518   0x08006518   0x00000010   Data   RO         3145    .constdata          system_stm32f1xx.o
    0x08006528   0x08006528   0x00000008   Data   RO         3146    .constdata          system_stm32f1xx.o
    0x08006530   0x08006530   0x00000050   Data   RO         3222    .constdata          esp8266_at.o
    0x08006580   0x08006580   0x00000400   Data   RO         3402    .constdata          hub75d.o
    0x08006980   0x08006980   0x00000334   Data   RO         3481    .constdata          lunar_calendar.o
    0x08006cb4   0x08006cb4   0x00000011   Data   RO         3664    .constdata          c_w.l(__printf_flags_wp.o)
    0x08006cc5   0x08006cc5   0x00000004   Data   RO         3760    .constdata          c_w.l(sys_io.o)
    0x08006cc9   0x08006cc9   0x00000004   Data   RO         3761    .constdata          c_w.l(sys_io.o)
    0x08006ccd   0x08006ccd   0x00000004   Data   RO         3762    .constdata          c_w.l(sys_io.o)
    0x08006cd1   0x08006cd1   0x00000003   PAD
    0x08006cd4   0x08006cd4   0x00000020   Data   RO         4039    Region$$Table       anon$$obj.o


    Execution Region RW_IRAM1 (Exec base: 0x20000000, Load base: 0x08006cf4, Size: 0x00000b40, Max: 0x00005000, ABSOLUTE)

    Exec Addr    Load Addr    Size         Type   Attr      Idx    E Section Name        Object

    0x20000000   0x08006cf4   0x0000000c   Data   RW          852    .data               stm32f1xx_hal.o
    0x2000000c   0x08006d00   0x00000004   Data   RW         3147    .data               system_stm32f1xx.o
    0x20000010   0x08006d04   0x00000006   Data   RW         3223    .data               esp8266_at.o
    0x20000016   0x08006d0a   0x00000006   Data   RW         3308    .data               htu21d.o
    0x2000001c   0x08006d10   0x00000004   Data   RW         3403    .data               hub75d.o
    0x20000020   0x08006d14   0x00000003   Data   RW         3482    .data               lunar_calendar.o
    0x20000023   0x08006d17   0x00000001   PAD
    0x20000024   0x08006d18   0x0000000a   Data   RW         3519    .data               time.o
    0x2000002e   0x08006d22   0x00000002   PAD
    0x20000030   0x08006d24   0x00000004   Data   RW         3718    .data               c_w.l(stdio_streams.o)
    0x20000034   0x08006d28   0x00000004   Data   RW         3719    .data               c_w.l(stdio_streams.o)
    0x20000038   0x08006d2c   0x00000004   Data   RW         3720    .data               c_w.l(stdio_streams.o)
    0x2000003c   0x08006d30   0x00000001   Data   RW         3463    .data__ZZ15HUB75D_DispScanE5count  hub75d.o
    0x2000003d   0x08006d31   0x00000003   PAD
    0x20000040        -       0x00000014   Zero   RW          260    .bss                rtc.o
    0x20000054        -       0x00000048   Zero   RW          302    .bss                tim.o
    0x2000009c        -       0x000000cc   Zero   RW          344    .bss                usart.o
    0x20000168        -       0x0000000e   Zero   RW         3401    .bss                hub75d.o
    0x20000176        -       0x00000068   Zero   RW         3589    .bss                wifi_uart_if.o
    0x200001de   0x08006d31   0x00000002   PAD
    0x200001e0        -       0x00000054   Zero   RW         3715    .bss                c_w.l(stdio_streams.o)
    0x20000234        -       0x00000054   Zero   RW         3716    .bss                c_w.l(stdio_streams.o)
    0x20000288        -       0x00000054   Zero   RW         3717    .bss                c_w.l(stdio_streams.o)
    0x200002dc        -       0x00000060   Zero   RW         3913    .bss                c_w.l(libspace.o)
    0x2000033c   0x08006d31   0x00000004   PAD
    0x20000340        -       0x00000400   Zero   RW            2    HEAP                startup_stm32f103xb.o
    0x20000740        -       0x00000400   Zero   RW            1    STACK               startup_stm32f103xb.o


==============================================================================

Image component sizes


      Code (inc. data)   RO Data    RW Data    ZI Data      Debug   Object Name

        60          4          0          0          0        714   dma.o
         0          0          0          0          0       1228   emw3060_at.o
       946        200         80          6          0       7145   esp8266_at.o
       252         22          0          0          0        959   gpio.o
      1420        210          0          6          0       8856   htu21d.o
      1912         76       1024          5         14       9381   hub75d.o
       336         20        820          3          0       3104   lunar_calendar.o
       532         62          0          0          0     437836   main.o
       168         22          0          0         20       1483   rtc.o
        64         26        236          0       2048        784   startup_stm32f103xb.o
       164         28          0         12          0       5697   stm32f1xx_hal.o
       568        256          0          0          0      29613   stm32f1xx_hal_cortex.o
      1384        204          0          0          0       5647   stm32f1xx_hal_dma.o
      1484        408          0          0          0       5869   stm32f1xx_hal_gpio.o
        68         10          0          0          0        818   stm32f1xx_hal_msp.o
       182         70          0          0          0       1587   stm32f1xx_hal_pwr.o
      1894        210          0          0          0       5200   stm32f1xx_hal_rcc.o
       684        166          0          0          0       2481   stm32f1xx_hal_rcc_ex.o
      2074        298          0          0          0      12460   stm32f1xx_hal_rtc.o
       110          0          0          0          0       2634   stm32f1xx_hal_rtc_ex.o
      1858        222          0          0          0      10123   stm32f1xx_hal_tim.o
       268         72          0          0          0       2341   stm32f1xx_hal_tim_ex.o
      2270        232          0          0          0      14389   stm32f1xx_hal_uart.o
       130         30          0          0          0       6258   stm32f1xx_it.o
        72         16         24          4          0       1107   system_stm32f1xx.o
       144         18          0          0         72       1522   tim.o
       648        130          0         10          0       5454   time.o
       344         42          0          0        204       2329   usart.o
       216         40          0          0        104       3367   wifi_uart_if.o

    ----------------------------------------------------------------------
     20282       3094       2216         52       2464     590386   Object Totals
         0          0         32          0          0          0   (incl. Generated)
        30          0          0          6          2          0   (incl. Padding)

    ----------------------------------------------------------------------

      Code (inc. data)   RO Data    RW Data    ZI Data      Debug   Library Member Name

         8          0          0          0          0         68   __main.o
       312          4         17          0          0         92   __printf_flags_wp.o
        14          0          0          0          0         68   __printf_wp.o
         0          0          0          0          0          0   __rtentry.o
        12          0          0          0          0          0   __rtentry2.o
         6          0          0          0          0          0   __rtentry4.o
        52          8          0          0          0          0   __scatter.o
        26          0          0          0          0          0   __scatter_copy.o
        28          0          0          0          0          0   __scatter_zi.o
        48          6          0          0          0         96   _printf_char_common.o
        36          4          0          0          0         80   _printf_char_file.o
         6          0          0          0          0          0   _printf_d.o
       120         16          0          0          0         92   _printf_dec.o
       178          0          0          0          0         88   _printf_intcommon.o
        78          0          0          0          0        108   _printf_pad.o
         0          0          0          0          0          0   _printf_percent.o
         4          0          0          0          0          0   _printf_percent_end.o
        10          0          0          0          0         68   defsig_exit.o
        50          0          0          0          0         88   defsig_general.o
        80         58          0          0          0         76   defsig_rtmem_inner.o
        14          0          0          0          0         80   defsig_rtmem_outer.o
        52         38          0          0          0         76   defsig_rtred_inner.o
        14          0          0          0          0         80   defsig_rtred_outer.o
        18          0          0          0          0         80   exit.o
        76          0          0          0          0         88   fclose.o
         8          0          0          0          0         68   ferror.o
       236          4          0          0          0        128   fopen.o
       248          6          0          0          0         84   fseek.o
        66          0          0          0          0         76   ftell.o
        94          0          0          0          0         80   h1_alloc.o
        52          0          0          0          0         68   h1_extend.o
        78          0          0          0          0         80   h1_free.o
        14          0          0          0          0         84   h1_init.o
         6          0          0          0          0        152   heapauxi.o
         4          0          0          0          0        136   hguard.o
         0          0          0          0          0          0   indicate_semi.o
       138          0          0          0          0        168   init_alloc.o
       312         46          0          0          0        112   initio.o
         2          0          0          0          0          0   libinit.o
        14          0          0          0          0          0   libinit2.o
         2          0          0          0          0          0   libshutdown.o
         6          0          0          0          0          0   libshutdown2.o
         8          4          0          0         96         68   libspace.o
         0          0          0          0          0          0   maybetermalloc1.o
        24          4          0          0          0         84   noretval__2printf.o
         8          4          0          0          0         68   rt_errno_addr_intlibspace.o
         8          4          0          0          0         68   rt_heap_descriptor_intlibspace.o
        78          0          0          0          0         80   rt_memclr_w.o
       100          0          0          0          0         80   rt_memcpy_w.o
         2          0          0          0          0          0   rtexit.o
        10          0          0          0          0          0   rtexit2.o
        70          0          0          0          0         80   setvbuf.o
       240          6          0          0          0        156   stdio.o
         0          0          0         12        252          0   stdio_streams.o
        62          0          0          0          0         76   strlen.o
        36          0          0          0          0         80   strstr.o
        12          4          0          0          0         68   sys_exit.o
       102          0         12          0          0        240   sys_io.o
        74          0          0          0          0         80   sys_stackheap_outer.o
        14          0          0          0          0         76   sys_wrch.o
         2          0          0          0          0         68   use_no_semi.o
        98          4          0          0          0         92   d2f.o
       804         16          0          0          0        272   daddsub_clz.o
        16          4          0          0          0         68   dcheck1.o
        38          0          0          0          0         68   dflt_clz.o
       340         12          0          0          0        104   dmul.o
       156          4          0          0          0         92   dnaninf.o
        12          0          0          0          0         68   dretinf.o
        54          4          0          0          0         84   ffix.o
        62          4          0          0          0         84   ffixu.o
       140          4          0          0          0         84   fnaninf.o
        10          0          0          0          0         68   fretinf.o
       100          0          0          0          0         68   retnan.o
        92          0          0          0          0         68   scalbn.o
        48          0          0          0          0         68   trapv.o
         0          0          0          0          0          0   usenofp.o

    ----------------------------------------------------------------------
      5362        268         32         12        352       5224   Library Totals
        20          0          3          0          4          0   (incl. Padding)

    ----------------------------------------------------------------------

      Code (inc. data)   RO Data    RW Data    ZI Data      Debug   Library Name

      3372        216         29         12        348       3936   c_w.l
      1970         52          0          0          0       1288   fz_ws.l

    ----------------------------------------------------------------------
      5362        268         32         12        352       5224   Library Totals

    ----------------------------------------------------------------------

==============================================================================


      Code (inc. data)   RO Data    RW Data    ZI Data      Debug   

     25644       3362       2248         64       2816     584114   Grand Totals
     25644       3362       2248         64       2816     584114   ELF Image Totals
     25644       3362       2248         64          0          0   ROM Totals

==============================================================================

    Total RO  Size (Code + RO Data)                27892 (  27.24kB)
    Total RW  Size (RW Data + ZI Data)              2880 (   2.81kB)
    Total ROM Size (Code + RO Data + RW Data)      27956 (  27.30kB)

==============================================================================

