Component: ARM Compiler 5.06 update 5 (build 528) Tool: armlink [4d35e2]

==============================================================================

Section Cross References

    startup_stm32f103xb.o(STACK) refers (Special) to heapauxi.o(.text) for __use_two_region_memory
    startup_stm32f103xb.o(HEAP) refers (Special) to heapauxi.o(.text) for __use_two_region_memory
    startup_stm32f103xb.o(RESET) refers (Special) to heapauxi.o(.text) for __use_two_region_memory
    startup_stm32f103xb.o(RESET) refers to startup_stm32f103xb.o(STACK) for __initial_sp
    startup_stm32f103xb.o(RESET) refers to startup_stm32f103xb.o(.text) for Reset_Handler
    startup_stm32f103xb.o(RESET) refers to stm32f1xx_it.o(i.NMI_Handler) for NMI_Handler
    startup_stm32f103xb.o(RESET) refers to stm32f1xx_it.o(i.HardFault_Handler) for HardFault_Handler
    startup_stm32f103xb.o(RESET) refers to stm32f1xx_it.o(i.MemManage_Handler) for MemManage_Handler
    startup_stm32f103xb.o(RESET) refers to stm32f1xx_it.o(i.BusFault_Handler) for BusFault_Handler
    startup_stm32f103xb.o(RESET) refers to stm32f1xx_it.o(i.UsageFault_Handler) for UsageFault_Handler
    startup_stm32f103xb.o(RESET) refers to stm32f1xx_it.o(i.SVC_Handler) for SVC_Handler
    startup_stm32f103xb.o(RESET) refers to stm32f1xx_it.o(i.DebugMon_Handler) for DebugMon_Handler
    startup_stm32f103xb.o(RESET) refers to stm32f1xx_it.o(i.PendSV_Handler) for PendSV_Handler
    startup_stm32f103xb.o(RESET) refers to stm32f1xx_it.o(i.SysTick_Handler) for SysTick_Handler
    startup_stm32f103xb.o(RESET) refers to stm32f1xx_it.o(i.RTC_IRQHandler) for RTC_IRQHandler
    startup_stm32f103xb.o(RESET) refers to stm32f1xx_it.o(i.EXTI0_IRQHandler) for EXTI0_IRQHandler
    startup_stm32f103xb.o(RESET) refers to stm32f1xx_it.o(i.DMA1_Channel4_IRQHandler) for DMA1_Channel4_IRQHandler
    startup_stm32f103xb.o(RESET) refers to stm32f1xx_it.o(i.DMA1_Channel5_IRQHandler) for DMA1_Channel5_IRQHandler
    startup_stm32f103xb.o(RESET) refers to stm32f1xx_it.o(i.TIM4_IRQHandler) for TIM4_IRQHandler
    startup_stm32f103xb.o(RESET) refers to stm32f1xx_it.o(i.USART1_IRQHandler) for USART1_IRQHandler
    startup_stm32f103xb.o(.text) refers (Special) to heapauxi.o(.text) for __use_two_region_memory
    startup_stm32f103xb.o(.text) refers to system_stm32f1xx.o(i.SystemInit) for SystemInit
    startup_stm32f103xb.o(.text) refers to __main.o(!!!main) for __main
    startup_stm32f103xb.o(.text) refers to startup_stm32f103xb.o(HEAP) for Heap_Mem
    startup_stm32f103xb.o(.text) refers to startup_stm32f103xb.o(STACK) for Stack_Mem
    main.o(i.EnterStandbyMode) refers to noretval__2printf.o(.text) for __2printf
    main.o(i.EnterStandbyMode) refers to emw3060_at.o(i.WIFI_PowerOnOff) for WIFI_PowerOnOff
    main.o(i.EnterStandbyMode) refers to hub75d.o(i.HUB75D_DispOnOff) for HUB75D_DispOnOff
    main.o(i.EnterStandbyMode) refers to stm32f1xx_hal_gpio.o(i.HAL_GPIO_WritePin) for HAL_GPIO_WritePin
    main.o(i.EnterStandbyMode) refers to stm32f1xx_hal_pwr.o(i.HAL_PWR_EnterSTOPMode) for HAL_PWR_EnterSTOPMode
    main.o(i.EnterStandbyMode) refers to stm32f1xx_hal.o(i.HAL_Init) for HAL_Init
    main.o(i.EnterStandbyMode) refers to main.o(i.SystemClock_Config) for SystemClock_Config
    main.o(i.EnterStandbyMode) refers to gpio.o(i.MX_GPIO_Init) for MX_GPIO_Init
    main.o(i.EnterStandbyMode) refers to dma.o(i.MX_DMA_Init) for MX_DMA_Init
    main.o(i.EnterStandbyMode) refers to usart.o(i.MX_USART1_UART_Init) for MX_USART1_UART_Init
    main.o(i.EnterStandbyMode) refers to main.o(i.MX_NVIC_Init) for MX_NVIC_Init
    main.o(i.EnterStandbyMode) refers to htu21d.o(i.HTU21D_I2cInit) for HTU21D_I2cInit
    main.o(i.EnterStandbyMode) refers to stm32f1xx_hal_rtc_ex.o(i.HAL_RTCEx_SetSecond_IT) for HAL_RTCEx_SetSecond_IT
    main.o(i.EnterStandbyMode) refers to time.o(i.GetClock) for GetClock
    main.o(i.EnterStandbyMode) refers to stm32f1xx_hal.o(i.HAL_Delay) for HAL_Delay
    main.o(i.EnterStandbyMode) refers to htu21d.o(i.HTU21D_Init) for HTU21D_Init
    main.o(i.EnterStandbyMode) refers to htu21d.o(i.HTU21D_Reset) for HTU21D_Reset
    main.o(i.EnterStandbyMode) refers to htu21d.o(i.HTU21D_GetData) for HTU21D_GetData
    main.o(i.EnterStandbyMode) refers to emw3060_at.o(i.WIFI_Init) for WIFI_Init
    main.o(i.EnterStandbyMode) refers to stm32f1xx_hal_uart.o(i.HAL_UART_Receive_DMA) for HAL_UART_Receive_DMA
    main.o(i.EnterStandbyMode) refers to tim.o(i.MX_TIM4_Init) for MX_TIM4_Init
    main.o(i.EnterStandbyMode) refers to stm32f1xx_hal_tim.o(i.HAL_TIM_Base_Start) for HAL_TIM_Base_Start
    main.o(i.EnterStandbyMode) refers to stm32f1xx_hal_tim.o(i.HAL_TIM_Base_Start_IT) for HAL_TIM_Base_Start_IT
    main.o(i.EnterStandbyMode) refers to rtc.o(.bss) for hrtc
    main.o(i.EnterStandbyMode) refers to usart.o(.bss) for UsartType1
    main.o(i.EnterStandbyMode) refers to tim.o(.bss) for htim4
    main.o(i.HAL_GPIO_EXTI_Callback) refers to hub75d.o(i.HUB75D_SetDispOffCtr) for HUB75D_SetDispOffCtr
[...]
    i.WriteByte                              0x08005b94   Section        0  htu21d.o(i.WriteByte)
    WriteByte                                0x08005b95   Thumb Code   194  htu21d.o(i.WriteByte)
    i.__NVIC_SetPriority                     0x08005c5c   Section        0  stm32f1xx_hal_cortex.o(i.__NVIC_SetPriority)
    __NVIC_SetPriority                       0x08005c5d   Thumb Code    32  stm32f1xx_hal_cortex.o(i.__NVIC_SetPriority)
    i._is_digit                              0x08005c7c   Section        0  __printf_wp.o(i._is_digit)
    i.assert_failed                          0x08005c8a   Section        0  main.o(i.assert_failed)
    i.fputc                                  0x08005c8c   Section        0  usart.o(i.fputc)
    i.main                                   0x08005ca4   Section        0  main.o(i.main)
    x$fpl$d2f                                0x08005d9c   Section       98  d2f.o(x$fpl$d2f)
    x$fpl$dadd                               0x08005e00   Section      336  daddsub_clz.o(x$fpl$dadd)
    _dadd1                                   0x08005e11   Thumb Code     0  daddsub_clz.o(x$fpl$dadd)
    x$fpl$dcheck1                            0x08005f50   Section       16  dcheck1.o(x$fpl$dcheck1)
    x$fpl$dfltu                              0x08005f60   Section       38  dflt_clz.o(x$fpl$dfltu)
    x$fpl$dmul                               0x08005f88   Section      340  dmul.o(x$fpl$dmul)
    x$fpl$dnaninf                            0x080060dc   Section      156  dnaninf.o(x$fpl$dnaninf)
    x$fpl$dretinf                            0x08006178   Section       12  dretinf.o(x$fpl$dretinf)
    x$fpl$dsub                               0x08006184   Section      468  daddsub_clz.o(x$fpl$dsub)
    _dsub1                                   0x08006195   Thumb Code     0  daddsub_clz.o(x$fpl$dsub)
    x$fpl$ffix                               0x08006358   Section       54  ffix.o(x$fpl$ffix)
    x$fpl$ffixu                              0x08006390   Section       62  ffixu.o(x$fpl$ffixu)
    x$fpl$fnaninf                            0x080063ce   Section      140  fnaninf.o(x$fpl$fnaninf)
    x$fpl$fretinf                            0x0800645a   Section       10  fretinf.o(x$fpl$fretinf)
    x$fpl$retnan                             0x08006464   Section      100  retnan.o(x$fpl$retnan)
    x$fpl$scalbn                             0x080064c8   Section       92  scalbn.o(x$fpl$scalbn)
    x$fpl$trapveneer                         0x08006524   Section       48  trapv.o(x$fpl$trapveneer)
    .constdata                               0x08006554   Section       16  system_stm32f1xx.o(.constdata)
    x$fpl$usenofp                            0x08006554   Section        0  usenofp.o(x$fpl$usenofp)
    .constdata                               0x08006564   Section        8  system_stm32f1xx.o(.constdata)
    .constdata                               0x0800656c   Section     1024  hub75d.o(.constdata)
    DateTable                                0x0800656c   Data         152  hub75d.o(.constdata)
    HZ                                       0x08006604   Data          88  hub75d.o(.constdata)
    DateD                                    0x0800665c   Data         128  hub75d.o(.constdata)
    Time8Mul16Table                          0x080066dc   Data         464  hub75d.o(.constdata)
    TimeSecondTable                          0x080068ac   Data         192  hub75d.o(.constdata)
    .constdata                               0x0800696c   Section      820  lunar_calendar.o(.constdata)
    g_lunarCalendarTable                     0x0800696c   Data         796  lunar_calendar.o(.constdata)
    g_monthAdd                               0x08006c88   Data          24  lunar_calendar.o(.constdata)
    .constdata                               0x08006ca0   Section       17  __printf_flags_wp.o(.constdata)
    maptable                                 0x08006ca0   Data          17  __printf_flags_wp.o(.constdata)
    .constdata                               0x08006cb1   Section        4  sys_io.o(.constdata)
    .constdata                               0x08006cb5   Section        4  sys_io.o(.constdata)
    .constdata                               0x08006cb9   Section        4  sys_io.o(.constdata)
    .data                                    0x20000000   Section       12  stm32f1xx_hal.o(.data)
    .data                                    0x2000000c   Section        4  system_stm32f1xx.o(.data)
    .data                                    0x20000010   Section        5  emw3060_at.o(.data)
    g_powerOffCtr                            0x20000010   Data           1  emw3060_at.o(.data)
    g_getTimeCtr                             0x20000011   Data           1  emw3060_at.o(.data)
    g_renewInitCtr                           0x20000012   Data           1  emw3060_at.o(.data)
    g_renewInitCtr_1                         0x20000013   Data           1  emw3060_at.o(.data)
    g_connect                                0x20000014   Data           1  emw3060_at.o(.data)
    .data                                    0x20000016   Section        6  htu21d.o(.data)
    count                                    0x20000016   Data           1  htu21d.o(.data)
    .data                                    0x2000001c   Section        6  hub75d.o(.data)
    count                                    0x2000001c   Data           1  hub75d.o(.data)
    changeCtr                                0x2000001d   Data           1  hub75d.o(.data)
    g_displayOffCtr                          0x20000020   Data           2  hub75d.o(.data)
    .data                                    0x20000022   Section        3  lunar_calendar.o(.data)
    .data                                    0x20000026   Section       10  time.o(.data)
    .data                                    0x20000030   Section        4  stdio_streams.o(.data)
    .data                                    0x20000034   Section        4  stdio_streams.o(.data)
    .data                                    0x20000038   Section        4  stdio_streams.o(.data)
    .bss                                     0x2000003c   Section       20  rtc.o(.bss)
    .bss                                     0x20000050   Section       72  tim.o(.bss)
    .bss                                     0x20000098   Section      308  usart.o(.bss)
    .bss                                     0x200001cc   Section       14  hub75d.o(.bss)
    .bss                                     0x200001dc   Section       84  stdio_streams.o(.bss)
    .bss                                     0x20000230   Section       84  stdio_streams.o(.bss)
    .bss                                     0x20000284   Section       84  stdio_streams.o(.bss)
    .bss                                     0x200002d8   Section       96  libspace.o(.bss)
    HEAP                                     0x20000338   Section     1024  startup_stm32f103xb.o(HEAP)
    Heap_Mem                                 0x20000338   Data        1024  startup_stm32f103xb.o(HEAP)
    STACK                                    0x20000738   Section     1024  startup_stm32f103xb.o(STACK)
    Stack_Mem                                0x20000738   Data        1024  startup_stm32f103xb.o(STACK)
    __initial_sp                             0x20000b38   Data           0  startup_stm32f103xb.o(STACK)

    Global Symbols

    Symbol Name                              Value     Ov Type        Size  Object(Section)

    BuildAttributes$$THM_ISAv4$P$D$K$B$S$PE$A:L22UL41UL21$X:L11$S22US41US21$IEEE1$IW$USESV6$~STKCKD$USESV7$~SHL$OTIME$ROPI$EBA8$UX$STANDARDLIB$REQ8$PRES8$EABIv2 0x00000000   Number         0  anon$$obj.o ABSOLUTE
    __ARM_use_no_argv                        0x00000000   Number         0  main.o ABSOLUTE
    _printf_flags                            0x00000000   Number         0  printf_stubs.o ABSOLUTE
    _printf_return_value                     0x00000000   Number         0  printf_stubs.o ABSOLUTE
    _printf_sizespec                         0x00000000   Number         0  printf_stubs.o ABSOLUTE
    _printf_widthprec                        0x00000000   Number         0  printf_stubs.o ABSOLUTE
    __ARM_exceptions_init                     - Undefined Weak Reference
    __alloca_initialize                       - Undefined Weak Reference
    __arm_preinit_                            - Undefined Weak Reference
    __cpp_initialize__aeabi_                  - Undefined Weak Reference
    __cxa_finalize                            - Undefined Weak Reference
    __rt_locale                               - Undefined Weak Reference
    __sigvec_lookup                           - Undefined Weak Reference
    __user_heap_extent                        - Undefined Weak Reference
    _atexit_init                              - Undefined Weak Reference
    _call_atexit_fns                          - Undefined Weak Reference
    _clock_init                               - Undefined Weak Reference
    _fp_trap_init                             - Undefined Weak Reference
    _fp_trap_shutdown                         - Undefined Weak Reference
    _get_lc_collate                           - Undefined Weak Reference
    _get_lc_ctype                             - Undefined Weak Reference
    _get_lc_monetary                          - Undefined Weak Reference
    _get_lc_numeric                           - Undefined Weak Reference
    _get_lc_time                              - Undefined Weak Reference
    _getenv_init                              - Undefined Weak Reference
    _handle_redirection                       - Undefined Weak Reference
    _mutex_acquire                            - Undefined Weak Reference
    _mutex_free                               - Undefined Weak Reference
    _mutex_release                            - Undefined Weak Reference
    _printf_truncate_signed                   - Undefined Weak Reference
    _printf_truncate_unsigned                 - Undefined Weak Reference
    _rand_init                                - Undefined Weak Reference
    _signal_finish                            - Undefined Weak Reference
    _signal_init                              - Undefined Weak Reference
    __Vectors_Size                           0x000000ec   Number         0  startup_stm32f103xb.o ABSOLUTE
    __Vectors                                0x08000000   Data           4  startup_stm32f103xb.o(RESET)
    __Vectors_End                            0x080000ec   Data           0  startup_stm32f103xb.o(RESET)
    __main                                   0x080000ed   Thumb Code     8  __main.o(!!!main)
    __scatterload                            0x080000f5   Thumb Code     0  __scatter.o(!!!scatter)
    __scatterload_rt2                        0x080000f5   Thumb Code    44  __scatter.o(!!!scatter)
    __scatterload_rt2_thumb_only             0x080000f5   Thumb Code     0  __scatter.o(!!!scatter)
    __scatterload_null                       0x08000103   Thumb Code     0  __scatter.o(!!!scatter)
    __scatterload_copy                       0x08000129   Thumb Code    26  __scatter_copy.o(!!handler_copy)
    __scatterload_zeroinit                   0x08000145   Thumb Code    28  __scatter_zi.o(!!handler_zi)
    _printf_d                                0x08000161   Thumb Code     0  _printf_d.o(.ARM.Collect$$_printf_percent$$00000009)
    _printf_percent                          0x08000161   Thumb Code     0  _printf_percent.o(.ARM.Collect$$_printf_percent$$00000000)
    _printf_percent_end                      0x08000167   Thumb Code     0  _printf_percent_end.o(.ARM.Collect$$_printf_percent$$00000017)
    __rt_lib_init                            0x0800016b   Thumb Code     0  libinit.o(.ARM.Collect$$libinit$$00000000)
    __rt_lib_init_fp_1                       0x0800016d   Thumb Code     0  libinit2.o(.ARM.Collect$$libinit$$00000002)
    __rt_lib_init_heap_2                     0x0800016d   Thumb Code     0  libinit2.o(.ARM.Collect$$libinit$$00000005)
    __rt_lib_init_preinit_1                  0x0800016d   Thumb Code     0  libinit2.o(.ARM.Collect$$libinit$$00000004)
    __rt_lib_init_atexit_1                   0x08000175   Thumb Code     0  libinit2.o(.ARM.Collect$$libinit$$0000001B)
    __rt_lib_init_clock_1                    0x08000175   Thumb Code     0  libinit2.o(.ARM.Collect$$libinit$$00000021)
    __rt_lib_init_fp_trap_1                  0x08000175   Thumb Code     0  libinit2.o(.ARM.Collect$$libinit$$0000001F)
    __rt_lib_init_getenv_1                   0x08000175   Thumb Code     0  libinit2.o(.ARM.Collect$$libinit$$00000023)
    __rt_lib_init_heap_1                     0x08000175   Thumb Code     0  libinit2.o(.ARM.Collect$$libinit$$0000000A)
    __rt_lib_init_lc_collate_1               0x08000175   Thumb Code     0  libinit2.o(.ARM.Collect$$libinit$$00000011)
    __rt_lib_init_lc_ctype_1                 0x08000175   Thumb Code     0  libinit2.o(.ARM.Collect$$libinit$$00000013)
    __rt_lib_init_lc_monetary_1              0x08000175   Thumb Code     0  libinit2.o(.ARM.Collect$$libinit$$00000015)
    __rt_lib_init_lc_numeric_1               0x08000175   Thumb Code     0  libinit2.o(.ARM.Collect$$libinit$$00000017)
    __rt_lib_init_lc_time_1                  0x08000175   Thumb Code     0  libinit2.o(.ARM.Collect$$libinit$$00000019)
    __rt_lib_init_rand_1                     0x08000175   Thumb Code     0  libinit2.o(.ARM.Collect$$libinit$$0000000E)
    __rt_lib_init_signal_1                   0x08000175   Thumb Code     0  libinit2.o(.ARM.Collect$$libinit$$0000001D)
    __rt_lib_init_stdio_2                    0x08000175   Thumb Code     0  libinit2.o(.ARM.Collect$$libinit$$00000024)
    __rt_lib_init_user_alloc_1               0x08000175   Thumb Code     0  libinit2.o(.ARM.Collect$$libinit$$0000000C)
    __rt_lib_init_alloca_1                   0x08000179   Thumb Code     0  libinit2.o(.ARM.Collect$$libinit$$0000002E)
    __rt_lib_init_argv_1                     0x08000179   Thumb Code     0  libinit2.o(.ARM.Collect$$libinit$$0000002C)
    __rt_lib_init_cpp_1                      0x08000179   Thumb Code     0  libinit2.o(.ARM.Collect$$libinit$$00000032)
    __rt_lib_init_exceptions_1               0x08000179   Thumb Code     0  libinit2.o(.ARM.Collect$$libinit$$00000030)
    __rt_lib_init_return                     0x08000179   Thumb Code     0  libinit2.o(.ARM.Collect$$libinit$$00000033)
    __rt_lib_init_stdio_1                    0x08000179   Thumb Code     0  libinit2.o(.ARM.Collect$$libinit$$00000025)
    __rt_lib_shutdown                        0x0800017b   Thumb Code     0  libshutdown.o(.ARM.Collect$$libshutdown$$00000000)
    __rt_lib_shutdown_cpp_1                  0x0800017d   Thumb Code     0  libshutdown2.o(.ARM.Collect$$libshutdown$$00000002)
    __rt_lib_shutdown_stdio_2                0x0800017d   Thumb Code     0  libshutdown2.o(.ARM.Collect$$libshutdown$$00000003)
    __rt_lib_shutdown_fp_trap_1              0x08000181   Thumb Code     0  libshutdown2.o(.ARM.Collect$$libshutdown$$00000007)
    __rt_lib_shutdown_heap_1                 0x08000181   Thumb Code     0  libshutdown2.o(.ARM.Collect$$libshutdown$$0000000F)
    __rt_lib_shutdown_return                 0x08000181   Thumb Code     0  libshutdown2.o(.ARM.Collect$$libshutdown$$00000010)
    __rt_lib_shutdown_signal_1               0x08000181   Thumb Code     0  libshutdown2.o(.ARM.Collect$$libshutdown$$0000000A)
    __rt_lib_shutdown_stdio_1                0x08000181   Thumb Code     0  libshutdown2.o(.ARM.Collect$$libshutdown$$00000004)
    __rt_lib_shutdown_user_alloc_1           0x08000181   Thumb Code     0  libshutdown2.o(.ARM.Collect$$libshutdown$$0000000C)
    __rt_entry                               0x08000183   Thumb Code     0  __rtentry.o(.ARM.Collect$$rtentry$$00000000)
    __rt_entry_presh_1                       0x08000183   Thumb Code     0  __rtentry2.o(.ARM.Collect$$rtentry$$00000002)
    __rt_entry_sh                            0x08000183   Thumb Code     0  __rtentry4.o(.ARM.Collect$$rtentry$$00000004)
    __rt_entry_li                            0x08000189   Thumb Code     0  __rtentry2.o(.ARM.Collect$$rtentry$$0000000A)
    __rt_entry_postsh_1                      0x08000189   Thumb Code     0  __rtentry2.o(.ARM.Collect$$rtentry$$00000009)
    __rt_entry_main                          0x0800018d   Thumb Code     0  __rtentry2.o(.ARM.Collect$$rtentry$$0000000D)
    __rt_entry_postli_1                      0x0800018d   Thumb Code     0  __rtentry2.o(.ARM.Collect$$rtentry$$0000000C)
    __rt_exit                                0x08000195   Thumb Code     0  rtexit.o(.ARM.Collect$$rtexit$$00000000)
    __rt_exit_ls                             0x08000197   Thumb Code     0  rtexit2.o(.ARM.Collect$$rtexit$$00000003)
    __rt_exit_prels_1                        0x08000197   Thumb Code     0  rtexit2.o(.ARM.Collect$$rtexit$$00000002)
    __rt_exit_exit                           0x0800019b   Thumb Code     0  rtexit2.o(.ARM.Collect$$rtexit$$00000004)
    Reset_Handler                            0x080001a1   Thumb Code     8  startup_stm32f103xb.o(.text)
    _maybe_terminate_alloc                   0x080001a1   Thumb Code     0  maybetermalloc1.o(.emb_text)
    ADC1_2_IRQHandler                        0x080001bb   Thumb Code     0  startup_stm32f103xb.o(.text)
    CAN1_RX1_IRQHandler                      0x080001bb   Thumb Code     0  startup_stm32f103xb.o(.text)
    CAN1_SCE_IRQHandler                      0x080001bb   Thumb Code     0  startup_stm32f103xb.o(.text)
    DMA1_Channel1_IRQHandler                 0x080001bb   Thumb Code     0  startup_stm32f103xb.o(.text)
    DMA1_Channel2_IRQHandler                 0x080001bb   Thumb Code     0  startup_stm32f103xb.o(.text)
    DMA1_Channel3_IRQHandler                 0x080001bb   Thumb Code     0  startup_stm32f103xb.o(.text)
    DMA1_Channel6_IRQHandler                 0x080001bb   Thumb Code     0  startup_stm32f103xb.o(.text)
    DMA1_Channel7_IRQHandler                 0x080001bb   Thumb Code     0  startup_stm32f103xb.o(.text)
    EXTI15_10_IRQHandler                     0x080001bb   Thumb Code     0  startup_stm32f103xb.o(.text)
    EXTI1_IRQHandler                         0x080001bb   Thumb Code     0  startup_stm32f103xb.o(.text)
    EXTI2_IRQHandler                         0x080001bb   Thumb Code     0  startup_stm32f103xb.o(.text)
    EXTI3_IRQHandler                         0x080001bb   Thumb Code     0  startup_stm32f103xb.o(.text)
    EXTI4_IRQHandler                         0x080001bb   Thumb Code     0  startup_stm32f103xb.o(.text)
    EXTI9_5_IRQHandler                       0x080001bb   Thumb Code     0  startup_stm32f103xb.o(.text)
    FLASH_IRQHandler                         0x080001bb   Thumb Code     0  startup_stm32f103xb.o(.text)
    I2C1_ER_IRQHandler                       0x080001bb   Thumb Code     0  startup_stm32f103xb.o(.text)
    I2C1_EV_IRQHandler                       0x080001bb   Thumb Code     0  startup_stm32f103xb.o(.text)
    I2C2_ER_IRQHandler                       0x080001bb   Thumb Code     0  startup_stm32f103xb.o(.text)
    I2C2_EV_IRQHandler                       0x080001bb   Thumb Code     0  startup_stm32f103xb.o(.text)
    PVD_IRQHandler                           0x080001bb   Thumb Code     0  startup_stm32f103xb.o(.text)
    RCC_IRQHandler                           0x080001bb   Thumb Code     0  startup_stm32f103xb.o(.text)
    RTC_Alarm_IRQHandler                     0x080001bb   Thumb Code     0  startup_stm32f103xb.o(.text)
    SPI1_IRQHandler                          0x080001bb   Thumb Code     0  startup_stm32f103xb.o(.text)
    SPI2_IRQHandler                          0x080001bb   Thumb Code     0  startup_stm32f103xb.o(.text)
    TAMPER_IRQHandler                        0x080001bb   Thumb Code     0  startup_stm32f103xb.o(.text)
    TIM1_BRK_IRQHandler                      0x080001bb   Thumb Code     0  startup_stm32f103xb.o(.text)
    TIM1_CC_IRQHandler                       0x080001bb   Thumb Code     0  startup_stm32f103xb.o(.text)
    TIM1_TRG_COM_IRQHandler                  0x080001bb   Thumb Code     0  startup_stm32f103xb.o(.text)
    TIM1_UP_IRQHandler                       0x080001bb   Thumb Code     0  startup_stm32f103xb.o(.text)
    TIM2_IRQHandler                          0x080001bb   Thumb Code     0  startup_stm32f103xb.o(.text)
    TIM3_IRQHandler                          0x080001bb   Thumb Code     0  startup_stm32f103xb.o(.text)
    USART2_IRQHandler                        0x080001bb   Thumb Code     0  startup_stm32f103xb.o(.text)
    USART3_IRQHandler                        0x080001bb   Thumb Code     0  startup_stm32f103xb.o(.text)
    USBWakeUp_IRQHandler                     0x080001bb   Thumb Code     0  startup_stm32f103xb.o(.text)
    USB_HP_CAN1_TX_IRQHandler                0x080001bb   Thumb Code     0  startup_stm32f103xb.o(.text)
    USB_LP_CAN1_RX0_IRQHandler               0x080001bb   Thumb Code     0  startup_stm32f103xb.o(.text)
    WWDG_IRQHandler                          0x080001bb   Thumb Code     0  startup_stm32f103xb.o(.text)
    __user_initial_stackheap                 0x080001bd   Thumb Code     0  startup_stm32f103xb.o(.text)
    __2printf                                0x080001e1   Thumb Code    20  noretval__2printf.o(.text)
    _printf_pre_padding                      0x080001f9   Thumb Code    44  _printf_pad.o(.text)
    _printf_post_padding                     0x08000225   Thumb Code    34  _printf_pad.o(.text)
    _printf_int_dec                          0x08000249   Thumb Code   104  _printf_dec.o(.text)
    __printf                                 0x080002c1   Thumb Code   308  __printf_flags_wp.o(.text)
    strstr                                   0x080003f9   Thumb Code    36  strstr.o(.text)
    __aeabi_memclr4                          0x0800041d   Thumb Code     0  rt_memclr_w.o(.text)
    __aeabi_memclr8                          0x0800041d   Thumb Code     0  rt_memclr_w.o(.text)
    __rt_memclr_w                            0x0800041d   Thumb Code    78  rt_memclr_w.o(.text)
    _memset_w                                0x08000421   Thumb Code     0  rt_memclr_w.o(.text)
    __use_two_region_memory                  0x0800046b   Thumb Code     2  heapauxi.o(.text)
    __rt_heap_escrow                         0x0800046d   Thumb Code     2  heapauxi.o(.text)
    __rt_heap_expand                         0x0800046f   Thumb Code     2  heapauxi.o(.text)
    _printf_int_common                       0x08000471   Thumb Code   178  _printf_intcommon.o(.text)
    _printf_char_file                        0x08000525   Thumb Code    32  _printf_char_file.o(.text)
    _printf_char_common                      0x08000553   Thumb Code    32  _printf_char_common.o(.text)
    ferror                                   0x08000579   Thumb Code     8  ferror.o(.text)
    _initio                                  0x08000581   Thumb Code   210  initio.o(.text)
    _terminateio                             0x08000653   Thumb Code    56  initio.o(.text)
    _sys_open                                0x080006b9   Thumb Code    20  sys_io.o(.text)
    _sys_close                               0x080006cd   Thumb Code    12  sys_io.o(.text)
    _sys_write                               0x080006d9   Thumb Code    16  sys_io.o(.text)
    _sys_read                                0x080006e9   Thumb Code    14  sys_io.o(.text)
    _sys_istty                               0x080006f7   Thumb Code    12  sys_io.o(.text)
    _sys_seek                                0x08000703   Thumb Code    14  sys_io.o(.text)
    _sys_ensure                              0x08000711   Thumb Code     2  sys_io.o(.text)
    _sys_flen                                0x08000713   Thumb Code    12  sys_io.o(.text)
    __user_setup_stackheap                   0x0800071f   Thumb Code    74  sys_stackheap_outer.o(.text)
    free                                     0x08000769   Thumb Code    78  h1_free.o(.text)
    setvbuf                                  0x080007b7   Thumb Code    70  setvbuf.o(.text)
    freopen                                  0x080007fd   Thumb Code   158  fopen.o(.text)
    fopen                                    0x0800089b   Thumb Code    74  fopen.o(.text)
    _fclose_internal                         0x080008e9   Thumb Code    76  fclose.o(.text)
    fclose                                   0x080008e9   Thumb Code     0  fclose.o(.text)
    exit                                     0x08000935   Thumb Code    18  exit.o(.text)
    __rt_SIGRTRED                            0x08000947   Thumb Code    14  defsig_rtred_outer.o(.text)
    __user_libspace                          0x08000955   Thumb Code     8  libspace.o(.text)
    __user_perproc_libspace                  0x08000955   Thumb Code     0  libspace.o(.text)
    __user_perthread_libspace                0x08000955   Thumb Code     0  libspace.o(.text)
    __I$use$semihosting                      0x0800095d   Thumb Code     0  use_no_semi.o(.text)
    __use_no_semihosting_swi                 0x0800095d   Thumb Code     2  use_no_semi.o(.text)
    __semihosting_library_function           0x0800095f   Thumb Code     0  indicate_semi.o(.text)
    __rt_heap_descriptor                     0x08000961   Thumb Code     8  rt_heap_descriptor_intlibspace.o(.text)
    __use_no_heap                            0x08000969   Thumb Code     2  hguard.o(.text)
    __heap$guard                             0x0800096b   Thumb Code     2  hguard.o(.text)
    _terminate_user_alloc                    0x0800096d   Thumb Code     2  init_alloc.o(.text)
    _init_user_alloc                         0x0800096f   Thumb Code     2  init_alloc.o(.text)
    __Heap_Full                              0x08000971   Thumb Code    34  init_alloc.o(.text)
    __Heap_Broken                            0x08000993   Thumb Code     6  init_alloc.o(.text)
    _init_alloc                              0x08000999   Thumb Code    94  init_alloc.o(.text)
    malloc                                   0x080009f7   Thumb Code    94  h1_alloc.o(.text)
    _fseek                                   0x08000a55   Thumb Code   242  fseek.o(.text)
    fseek                                    0x08000a55   Thumb Code     0  fseek.o(.text)
    _seterr                                  0x08000b4d   Thumb Code    20  stdio.o(.text)
    _writebuf                                0x08000b61   Thumb Code    84  stdio.o(.text)
    _fflush                                  0x08000bb5   Thumb Code    70  stdio.o(.text)
    _deferredlazyseek                        0x08000bfb   Thumb Code    60  stdio.o(.text)
    __sig_exit                               0x08000c3d   Thumb Code    10  defsig_exit.o(.text)
    __rt_SIGRTRED_inner                      0x08000c49   Thumb Code    14  defsig_rtred_inner.o(.text)
    strlen                                   0x08000c7d   Thumb Code    62  strlen.o(.text)
    _sys_exit                                0x08000cbd   Thumb Code     8  sys_exit.o(.text)
    __Heap_Initialize                        0x08000cc9   Thumb Code    10  h1_init.o(.text)
    __Heap_DescSize                          0x08000cd3   Thumb Code     4  h1_init.o(.text)
    __Heap_ProvideMemory                     0x08000cd7   Thumb Code    52  h1_extend.o(.text)
    _ftell_internal                          0x08000d0b   Thumb Code    66  ftell.o(.text)
    ftell                                    0x08000d0b   Thumb Code     0  ftell.o(.text)
    __default_signal_display                 0x08000d4d   Thumb Code    50  defsig_general.o(.text)
    __rt_SIGRTMEM                            0x08000d7f   Thumb Code    14  defsig_rtmem_outer.o(.text)
    _ttywrch                                 0x08000d8d   Thumb Code    14  sys_wrch.o(.text)
    __aeabi_errno_addr                       0x08000d9d   Thumb Code     8  rt_errno_addr_intlibspace.o(.text)
    __errno$intlibspace                      0x08000d9d   Thumb Code     0  rt_errno_addr_intlibspace.o(.text)
    __rt_errno_addr$intlibspace              0x08000d9d   Thumb Code     0  rt_errno_addr_intlibspace.o(.text)
    __rt_SIGRTMEM_inner                      0x08000da5   Thumb Code    22  defsig_rtmem_inner.o(.text)
    BusFault_Handler                         0x08000e7b   Thumb Code     2  stm32f1xx_it.o(i.BusFault_Handler)
    CalculateWeek                            0x08000e7d   Thumb Code    96  time.o(i.CalculateWeek)
    CalculationLunarCalendar                 0x08000edd   Thumb Code     6  lunar_calendar.o(i.CalculationLunarCalendar)
    ClockRun                                 0x08000ee9   Thumb Code   160  time.o(i.ClockRun)
    DMA1_Channel4_IRQHandler                 0x08000f9d   Thumb Code     6  stm32f1xx_it.o(i.DMA1_Channel4_IRQHandler)
    DMA1_Channel5_IRQHandler                 0x08000fa9   Thumb Code     6  stm32f1xx_it.o(i.DMA1_Channel5_IRQHandler)
    DebugMon_Handler                         0x08000fdf   Thumb Code     2  stm32f1xx_it.o(i.DebugMon_Handler)
    EXTI0_IRQHandler                         0x080014ad   Thumb Code     6  stm32f1xx_it.o(i.EXTI0_IRQHandler)
    EnterStandbyMode                         0x080014b5   Thumb Code   184  main.o(i.EnterStandbyMode)
    Error_Handler                            0x080015a9   Thumb Code     2  main.o(i.Error_Handler)
    Get1sFlag                                0x080015ad   Thumb Code     6  time.o(i.Get1sFlag)
    GetClock                                 0x080015b9   Thumb Code   110  time.o(i.GetClock)
    GetHumidity                              0x08001655   Thumb Code     6  htu21d.o(i.GetHumidity)
    GetLunarCalendar                         0x08001661   Thumb Code    12  lunar_calendar.o(i.GetLunarCalendar)
    GetTemperature                           0x08001671   Thumb Code     8  htu21d.o(i.GetTemperature)
    GetTimeData                              0x0800167d   Thumb Code     4  time.o(i.GetTimeData)
    HAL_DMA_Abort                            0x08001685   Thumb Code    70  stm32f1xx_hal_dma.o(i.HAL_DMA_Abort)
    HAL_DMA_Abort_IT                         0x080016cd   Thumb Code   148  stm32f1xx_hal_dma.o(i.HAL_DMA_Abort_IT)
    HAL_DMA_DeInit                           0x08001765   Thumb Code   152  stm32f1xx_hal_dma.o(i.HAL_DMA_DeInit)
    HAL_DMA_IRQHandler                       0x08001839   Thumb Code   316  stm32f1xx_hal_dma.o(i.HAL_DMA_IRQHandler)
    HAL_DMA_Init                             0x0800198d   Thumb Code   304  stm32f1xx_hal_dma.o(i.HAL_DMA_Init)
    HAL_DMA_Start_IT                         0x08001af9   Thumb Code   148  stm32f1xx_hal_dma.o(i.HAL_DMA_Start_IT)
    HAL_Delay                                0x08001bc5   Thumb Code    32  stm32f1xx_hal.o(i.HAL_Delay)
    HAL_GPIO_DeInit                          0x08001be9   Thumb Code   276  stm32f1xx_hal_gpio.o(i.HAL_GPIO_DeInit)
    HAL_GPIO_EXTI_Callback                   0x08001d55   Thumb Code    14  main.o(i.HAL_GPIO_EXTI_Callback)
    HAL_GPIO_EXTI_IRQHandler                 0x08001d65   Thumb Code    18  stm32f1xx_hal_gpio.o(i.HAL_GPIO_EXTI_IRQHandler)
    HAL_GPIO_Init                            0x08001d7d   Thumb Code   674  stm32f1xx_hal_gpio.o(i.HAL_GPIO_Init)
    HAL_GPIO_ReadPin                         0x080020a1   Thumb Code    28  stm32f1xx_hal_gpio.o(i.HAL_GPIO_ReadPin)
    HAL_GPIO_TogglePin                       0x080020f9   Thumb Code    34  stm32f1xx_hal_gpio.o(i.HAL_GPIO_TogglePin)
    HAL_GPIO_WritePin                        0x08002159   Thumb Code    46  stm32f1xx_hal_gpio.o(i.HAL_GPIO_WritePin)
    HAL_GetTick                              0x080021c5   Thumb Code     6  stm32f1xx_hal.o(i.HAL_GetTick)
    HAL_IncTick                              0x080021d1   Thumb Code    12  stm32f1xx_hal.o(i.HAL_IncTick)
    HAL_Init                                 0x080021e1   Thumb Code    32  stm32f1xx_hal.o(i.HAL_Init)
    HAL_InitTick                             0x08002205   Thumb Code    54  stm32f1xx_hal.o(i.HAL_InitTick)
    HAL_MspInit                              0x08002245   Thumb Code    58  stm32f1xx_hal_msp.o(i.HAL_MspInit)
    HAL_NVIC_DisableIRQ                      0x08002289   Thumb Code    48  stm32f1xx_hal_cortex.o(i.HAL_NVIC_DisableIRQ)
    HAL_NVIC_EnableIRQ                       0x080022f5   Thumb Code    40  stm32f1xx_hal_cortex.o(i.HAL_NVIC_EnableIRQ)
    HAL_NVIC_SetPriority                     0x08002359   Thumb Code    94  stm32f1xx_hal_cortex.o(i.HAL_NVIC_SetPriority)
    HAL_NVIC_SetPriorityGrouping             0x080023f9   Thumb Code    58  stm32f1xx_hal_cortex.o(i.HAL_NVIC_SetPriorityGrouping)
    HAL_PWR_EnableBkUpAccess                 0x08002479   Thumb Code     8  stm32f1xx_hal_pwr.o(i.HAL_PWR_EnableBkUpAccess)
    HAL_PWR_EnterSTOPMode                    0x08002485   Thumb Code    98  stm32f1xx_hal_pwr.o(i.HAL_PWR_EnterSTOPMode)
    HAL_RCCEx_GetPeriphCLKFreq               0x08002529   Thumb Code   188  stm32f1xx_hal_rcc_ex.o(i.HAL_RCCEx_GetPeriphCLKFreq)
    HAL_RCCEx_PeriphCLKConfig                0x08002641   Thumb Code   330  stm32f1xx_hal_rcc_ex.o(i.HAL_RCCEx_PeriphCLKConfig)
    HAL_RCC_ClockConfig                      0x080027d5   Thumb Code   480  stm32f1xx_hal_rcc.o(i.HAL_RCC_ClockConfig)
    HAL_RCC_GetPCLK1Freq                     0x08002a01   Thumb Code    20  stm32f1xx_hal_rcc.o(i.HAL_RCC_GetPCLK1Freq)
    HAL_RCC_GetPCLK2Freq                     0x08002a21   Thumb Code    20  stm32f1xx_hal_rcc.o(i.HAL_RCC_GetPCLK2Freq)
    HAL_RCC_GetSysClockFreq                  0x08002a41   Thumb Code    74  stm32f1xx_hal_rcc.o(i.HAL_RCC_GetSysClockFreq)
    HAL_RCC_OscConfig                        0x08002aad   Thumb Code  1166  stm32f1xx_hal_rcc.o(i.HAL_RCC_OscConfig)
    HAL_RTCEx_RTCEventCallback               0x08002f3b   Thumb Code     2  stm32f1xx_hal_rtc_ex.o(i.HAL_RTCEx_RTCEventCallback)
    HAL_RTCEx_RTCEventErrorCallback          0x08002f3d   Thumb Code     2  stm32f1xx_hal_rtc_ex.o(i.HAL_RTCEx_RTCEventErrorCallback)
    HAL_RTCEx_RTCIRQHandler                  0x08002f3f   Thumb Code    62  stm32f1xx_hal_rtc_ex.o(i.HAL_RTCEx_RTCIRQHandler)
    HAL_RTCEx_SetSecond_IT                   0x08002f7d   Thumb Code    44  stm32f1xx_hal_rtc_ex.o(i.HAL_RTCEx_SetSecond_IT)
    HAL_RTC_GetDate                          0x08002fa9   Thumb Code    94  stm32f1xx_hal_rtc.o(i.HAL_RTC_GetDate)
    HAL_RTC_GetTime                          0x08003041   Thumb Code   228  stm32f1xx_hal_rtc.o(i.HAL_RTC_GetTime)
    HAL_RTC_Init                             0x0800315d   Thumb Code   224  stm32f1xx_hal_rtc.o(i.HAL_RTC_Init)
    HAL_RTC_MspInit                          0x0800327d   Thumb Code    40  rtc.o(i.HAL_RTC_MspInit)
    HAL_RTC_SetDate                          0x080032b1   Thumb Code   340  stm32f1xx_hal_rtc.o(i.HAL_RTC_SetDate)
    HAL_RTC_SetTime                          0x08003441   Thumb Code   300  stm32f1xx_hal_rtc.o(i.HAL_RTC_SetTime)
    HAL_RTC_WaitForSynchro                   0x080035a9   Thumb Code    58  stm32f1xx_hal_rtc.o(i.HAL_RTC_WaitForSynchro)
    HAL_SYSTICK_Config                       0x080035e3   Thumb Code    40  stm32f1xx_hal_cortex.o(i.HAL_SYSTICK_Config)
    HAL_TIMEx_BreakCallback                  0x0800360b   Thumb Code     2  stm32f1xx_hal_tim_ex.o(i.HAL_TIMEx_BreakCallback)
    HAL_TIMEx_CommutCallback                 0x0800360d   Thumb Code     2  stm32f1xx_hal_tim_ex.o(i.HAL_TIMEx_CommutCallback)
    HAL_TIMEx_MasterConfigSynchronization    0x08003611   Thumb Code   192  stm32f1xx_hal_tim_ex.o(i.HAL_TIMEx_MasterConfigSynchronization)
    HAL_TIM_Base_Init                        0x08003719   Thumb Code   200  stm32f1xx_hal_tim.o(i.HAL_TIM_Base_Init)
    HAL_TIM_Base_MspInit                     0x08003825   Thumb Code    30  tim.o(i.HAL_TIM_Base_MspInit)
    HAL_TIM_Base_Start                       0x0800384d   Thumb Code   104  stm32f1xx_hal_tim.o(i.HAL_TIM_Base_Start)
    HAL_TIM_Base_Start_IT                    0x080038f9   Thumb Code   114  stm32f1xx_hal_tim.o(i.HAL_TIM_Base_Start_IT)
    HAL_TIM_ConfigClockSource                0x080039b1   Thumb Code   754  stm32f1xx_hal_tim.o(i.HAL_TIM_ConfigClockSource)
    HAL_TIM_IC_CaptureCallback               0x08003ce9   Thumb Code     2  stm32f1xx_hal_tim.o(i.HAL_TIM_IC_CaptureCallback)
    HAL_TIM_IRQHandler                       0x08003ceb   Thumb Code   358  stm32f1xx_hal_tim.o(i.HAL_TIM_IRQHandler)
    HAL_TIM_OC_DelayElapsedCallback          0x08003e51   Thumb Code     2  stm32f1xx_hal_tim.o(i.HAL_TIM_OC_DelayElapsedCallback)
    HAL_TIM_PWM_PulseFinishedCallback        0x08003e53   Thumb Code     2  stm32f1xx_hal_tim.o(i.HAL_TIM_PWM_PulseFinishedCallback)
    HAL_TIM_PeriodElapsedCallback            0x08003e55   Thumb Code     2  stm32f1xx_hal_tim.o(i.HAL_TIM_PeriodElapsedCallback)
    HAL_TIM_TriggerCallback                  0x08003e57   Thumb Code     2  stm32f1xx_hal_tim.o(i.HAL_TIM_TriggerCallback)
    HAL_UARTEx_RxEventCallback               0x08003e59   Thumb Code     2  stm32f1xx_hal_uart.o(i.HAL_UARTEx_RxEventCallback)
    HAL_UART_DMAStop                         0x08003e5b   Thumb Code    88  stm32f1xx_hal_uart.o(i.HAL_UART_DMAStop)
    HAL_UART_DeInit                          0x08003eb5   Thumb Code    82  stm32f1xx_hal_uart.o(i.HAL_UART_DeInit)
    HAL_UART_ErrorCallback                   0x08003f51   Thumb Code     2  stm32f1xx_hal_uart.o(i.HAL_UART_ErrorCallback)
    HAL_UART_IRQHandler                      0x08003f55   Thumb Code   520  stm32f1xx_hal_uart.o(i.HAL_UART_IRQHandler)
    HAL_UART_Init                            0x08004161   Thumb Code   204  stm32f1xx_hal_uart.o(i.HAL_UART_Init)
    HAL_UART_MspDeInit                       0x08004275   Thumb Code    56  usart.o(i.HAL_UART_MspDeInit)
    HAL_UART_MspInit                         0x080042b9   Thumb Code   184  usart.o(i.HAL_UART_MspInit)
    HAL_UART_Receive_DMA                     0x08004385   Thumb Code    42  stm32f1xx_hal_uart.o(i.HAL_UART_Receive_DMA)
    HAL_UART_RxCpltCallback                  0x080043af   Thumb Code     2  stm32f1xx_hal_uart.o(i.HAL_UART_RxCpltCallback)
    HAL_UART_RxHalfCpltCallback              0x080043b1   Thumb Code     2  stm32f1xx_hal_uart.o(i.HAL_UART_RxHalfCpltCallback)
    HAL_UART_Transmit                        0x080043b5   Thumb Code   178  stm32f1xx_hal_uart.o(i.HAL_UART_Transmit)
    HAL_UART_TxCpltCallback                  0x08004469   Thumb Code    36  usart.o(i.HAL_UART_TxCpltCallback)
    HTU21D_GetData                           0x08004491   Thumb Code   308  htu21d.o(i.HTU21D_GetData)
    HTU21D_I2cInit                           0x08004619   Thumb Code    62  htu21d.o(i.HTU21D_I2cInit)
    HTU21D_Init                              0x0800465d   Thumb Code   110  htu21d.o(i.HTU21D_Init)
    HTU21D_Reset                             0x080046f9   Thumb Code    62  htu21d.o(i.HTU21D_Reset)
    HTU21D_Sampling                          0x08004791   Thumb Code    56  htu21d.o(i.HTU21D_Sampling)
    HUB75D_CalculateCalendar                 0x080047cd   Thumb Code   154  hub75d.o(i.HUB75D_CalculateCalendar)
    HUB75D_CtrDec                            0x0800486d   Thumb Code    48  hub75d.o(i.HUB75D_CtrDec)
    HUB75D_DispOnOff                         0x080048a1   Thumb Code    78  hub75d.o(i.HUB75D_DispOnOff)
    HUB75D_DispScan                          0x080048fd   Thumb Code    84  hub75d.o(i.HUB75D_DispScan)
    HUB75D_SetDispOffCtr                     0x08004959   Thumb Code     6  hub75d.o(i.HUB75D_SetDispOffCtr)
    HardFault_Handler                        0x08004965   Thumb Code     2  stm32f1xx_it.o(i.HardFault_Handler)
    MX_DMA_Init                              0x08004aa5   Thumb Code    22  dma.o(i.MX_DMA_Init)
    MX_GPIO_Init                             0x08004ac1   Thumb Code   230  gpio.o(i.MX_GPIO_Init)
    MX_RTC_Init                              0x08004c25   Thumb Code   106  rtc.o(i.MX_RTC_Init)
    MX_TIM4_Init                             0x08004c99   Thumb Code    96  tim.o(i.MX_TIM4_Init)
    MX_USART1_UART_Init                      0x08004d01   Thumb Code    48  usart.o(i.MX_USART1_UART_Init)
    MemManage_Handler                        0x08004d39   Thumb Code     2  stm32f1xx_it.o(i.MemManage_Handler)
    NMI_Handler                              0x08004d3b   Thumb Code     2  stm32f1xx_it.o(i.NMI_Handler)
    PendSV_Handler                           0x08004d7b   Thumb Code     2  stm32f1xx_it.o(i.PendSV_Handler)
    RTC_IRQHandler                           0x08005011   Thumb Code    28  stm32f1xx_it.o(i.RTC_IRQHandler)
    SVC_Handler                              0x0800515d   Thumb Code     2  stm32f1xx_it.o(i.SVC_Handler)
    Set1sFlag                                0x08005161   Thumb Code     8  time.o(i.Set1sFlag)
    SetClock                                 0x0800516d   Thumb Code   104  time.o(i.SetClock)
    SysTick_Handler                          0x080053c9   Thumb Code     4  stm32f1xx_it.o(i.SysTick_Handler)
    SystemClock_Config                       0x080053cd   Thumb Code   104  main.o(i.SystemClock_Config)
    SystemInit                               0x08005435   Thumb Code    56  system_stm32f1xx.o(i.SystemInit)
    TIM4_IRQHandler                          0x0800547d   Thumb Code    16  stm32f1xx_it.o(i.TIM4_IRQHandler)
    TIM_Base_SetConfig                       0x08005491   Thumb Code    94  stm32f1xx_hal_tim.o(i.TIM_Base_SetConfig)
    TIM_ETR_SetConfig                        0x080054fd   Thumb Code    20  stm32f1xx_hal_tim.o(i.TIM_ETR_SetConfig)
    UART_Start_Receive_DMA                   0x08005879   Thumb Code    98  stm32f1xx_hal_uart.o(i.UART_Start_Receive_DMA)
    USART1_IRQHandler                        0x0800594d   Thumb Code    18  stm32f1xx_it.o(i.USART1_IRQHandler)
    UsageFault_Handler                       0x08005965   Thumb Code     2  stm32f1xx_it.o(i.UsageFault_Handler)
    UsartReceive_IDLE                        0x08005969   Thumb Code    76  usart.o(i.UsartReceive_IDLE)
    WIFI_CtrDec                              0x080059b9   Thumb Code   106  emw3060_at.o(i.WIFI_CtrDec)
    WIFI_Init                                0x08005a55   Thumb Code    50  emw3060_at.o(i.WIFI_Init)
    WIFI_PowerOnOff                          0x08005ad1   Thumb Code    50  emw3060_at.o(i.WIFI_PowerOnOff)
    WIFI_ReceiveProcess                      0x08005b0d   Thumb Code    70  emw3060_at.o(i.WIFI_ReceiveProcess)
    _is_digit                                0x08005c7d   Thumb Code    14  __printf_wp.o(i._is_digit)
    assert_failed                            0x08005c8b   Thumb Code     2  main.o(i.assert_failed)
    fputc                                    0x08005c8d   Thumb Code    20  usart.o(i.fputc)
    main                                     0x08005ca5   Thumb Code   232  main.o(i.main)
    __aeabi_d2f                              0x08005d9d   Thumb Code     0  d2f.o(x$fpl$d2f)
    _d2f                                     0x08005d9d   Thumb Code    98  d2f.o(x$fpl$d2f)
    __aeabi_dadd                             0x08005e01   Thumb Code     0  daddsub_clz.o(x$fpl$dadd)
    _dadd                                    0x08005e01   Thumb Code   332  daddsub_clz.o(x$fpl$dadd)
    __fpl_dcheck_NaN1                        0x08005f51   Thumb Code    10  dcheck1.o(x$fpl$dcheck1)
    __aeabi_ui2d                             0x08005f61   Thumb Code     0  dflt_clz.o(x$fpl$dfltu)
    _dfltu                                   0x08005f61   Thumb Code    38  dflt_clz.o(x$fpl$dfltu)
    __aeabi_dmul                             0x08005f89   Thumb Code     0  dmul.o(x$fpl$dmul)
    _dmul                                    0x08005f89   Thumb Code   332  dmul.o(x$fpl$dmul)
    __fpl_dnaninf                            0x080060dd   Thumb Code   156  dnaninf.o(x$fpl$dnaninf)
    __fpl_dretinf                            0x08006179   Thumb Code    12  dretinf.o(x$fpl$dretinf)
    __aeabi_dsub                             0x08006185   Thumb Code     0  daddsub_clz.o(x$fpl$dsub)
    _dsub                                    0x08006185   Thumb Code   464  daddsub_clz.o(x$fpl$dsub)
    __aeabi_f2iz                             0x08006359   Thumb Code     0  ffix.o(x$fpl$ffix)
    _ffix                                    0x08006359   Thumb Code    54  ffix.o(x$fpl$ffix)
    __aeabi_f2uiz                            0x08006391   Thumb Code     0  ffixu.o(x$fpl$ffixu)
    _ffixu                                   0x08006391   Thumb Code    62  ffixu.o(x$fpl$ffixu)
    __fpl_fnaninf                            0x080063cf   Thumb Code   140  fnaninf.o(x$fpl$fnaninf)
    __fpl_fretinf                            0x0800645b   Thumb Code    10  fretinf.o(x$fpl$fretinf)
    __fpl_return_NaN                         0x08006465   Thumb Code   100  retnan.o(x$fpl$retnan)
    __ARM_scalbn                             0x080064c9   Thumb Code    92  scalbn.o(x$fpl$scalbn)
    __fpl_cmpreturn                          0x08006525   Thumb Code    48  trapv.o(x$fpl$trapveneer)
    AHBPrescTable                            0x08006554   Data          16  system_stm32f1xx.o(.constdata)
    __I$use$fp                               0x08006554   Number         0  usenofp.o(x$fpl$usenofp)
    APBPrescTable                            0x08006564   Data           8  system_stm32f1xx.o(.constdata)
    __stdin_name                             0x08006cb1   Data           4  sys_io.o(.constdata)
    __stdout_name                            0x08006cb5   Data           4  sys_io.o(.constdata)
    __stderr_name                            0x08006cb9   Data           4  sys_io.o(.constdata)
    Region$$Table$$Base                      0x08006cc0   Number         0  anon$$obj.o(Region$$Table)
    Region$$Table$$Limit                     0x08006ce0   Number         0  anon$$obj.o(Region$$Table)
    uwTickFreq                               0x20000000   Data           1  stm32f1xx_hal.o(.data)
    uwTickPrio                               0x20000004   Data           4  stm32f1xx_hal.o(.data)
    uwTick                                   0x20000008   Data           4  stm32f1xx_hal.o(.data)
    SystemCoreClock                          0x2000000c   Data           4  system_stm32f1xx.o(.data)
    g_i2cFial                                0x20000017   Data           1  htu21d.o(.data)
    g_temperature                            0x20000018   Data           2  htu21d.o(.data)
    g_humidity                               0x2000001a   Data           2  htu21d.o(.data)
    g_dispTorH                               0x2000001e   Data           1  hub75d.o(.data)
    g_lunarCalendarData                      0x20000022   Data           3  lunar_calendar.o(.data)
    g_1sFlag                                 0x20000026   Data           1  time.o(.data)
    g_time                                   0x20000028   Data           8  time.o(.data)
    __aeabi_stdin                            0x20000030   Data           4  stdio_streams.o(.data)
    __aeabi_stdout                           0x20000034   Data           4  stdio_streams.o(.data)
    __aeabi_stderr                           0x20000038   Data           4  stdio_streams.o(.data)
    hrtc                                     0x2000003c   Data          20  rtc.o(.bss)
    htim4                                    0x20000050   Data          72  tim.o(.bss)
    UsartType1                               0x20000098   Data         104  usart.o(.bss)
    huart1                                   0x20000100   Data          68  usart.o(.bss)
    hdma_usart1_rx                           0x20000144   Data          68  usart.o(.bss)
    hdma_usart1_tx                           0x20000188   Data          68  usart.o(.bss)
    g_calendarDecimal                        0x200001cc   Data          14  hub75d.o(.bss)
    __stdin                                  0x200001dc   Data          84  stdio_streams.o(.bss)
    __stdout                                 0x20000230   Data          84  stdio_streams.o(.bss)
    __stderr                                 0x20000284   Data          84  stdio_streams.o(.bss)
    __libspace_start                         0x200002d8   Data          96  libspace.o(.bss)
    __temporary_stack_top$libspace           0x20000338   Data           0  libspace.o(.bss)



==============================================================================

Memory Map of the image

  Image Entry point : 0x080000ed

  Load Region LR_IROM1 (Base: 0x08000000, Size: 0x00006d1c, Max: 0x00010000, ABSOLUTE)

    Execution Region ER_IROM1 (Exec base: 0x08000000, Load base: 0x08000000, Size: 0x00006ce0, Max: 0x00010000, ABSOLUTE)

    Exec Addr    Load Addr    Size         Type   Attr      Idx    E Section Name        Object

    0x08000000   0x08000000   0x000000ec   Data   RO            3    RESET               startup_stm32f103xb.o
    0x080000ec   0x080000ec   0x00000008   Code   RO         3656  * !!!main             c_w.l(__main.o)
    0x080000f4   0x080000f4   0x00000034   Code   RO         4018    !!!scatter          c_w.l(__scatter.o)
    0x08000128   0x08000128   0x0000001a   Code   RO         4020    !!handler_copy      c_w.l(__scatter_copy.o)
    0x08000142   0x08000142   0x00000002   PAD
    0x08000144   0x08000144   0x0000001c   Code   RO         4022    !!handler_zi        c_w.l(__scatter_zi.o)
    0x08000160   0x08000160   0x00000000   Code   RO         3649    .ARM.Collect$$_printf_percent$$00000000  c_w.l(_printf_percent.o)
    0x08000160   0x08000160   0x00000006   Code   RO         3648    .ARM.Collect$$_printf_percent$$00000009  c_w.l(_printf_d.o)
    0x08000166   0x08000166   0x00000004   Code   RO         3689    .ARM.Collect$$_printf_percent$$00000017  c_w.l(_printf_percent_end.o)
    0x0800016a   0x0800016a   0x00000002   Code   RO         3823    .ARM.Collect$$libinit$$00000000  c_w.l(libinit.o)
    0x0800016c   0x0800016c   0x00000000   Code   RO         3825    .ARM.Collect$$libinit$$00000002  c_w.l(libinit2.o)
    0x0800016c   0x0800016c   0x00000000   Code   RO         3827    .ARM.Collect$$libinit$$00000004  c_w.l(libinit2.o)
    0x0800016c   0x0800016c   0x00000008   Code   RO         3828    .ARM.Collect$$libinit$$00000005  c_w.l(libinit2.o)
    0x08000174   0x08000174   0x00000000   Code   RO         3830    .ARM.Collect$$libinit$$0000000A  c_w.l(libinit2.o)
    0x08000174   0x08000174   0x00000000   Code   RO         3832    .ARM.Collect$$libinit$$0000000C  c_w.l(libinit2.o)
    0x08000174   0x08000174   0x00000000   Code   RO         3834    .ARM.Collect$$libinit$$0000000E  c_w.l(libinit2.o)
    0x08000174   0x08000174   0x00000000   Code   RO         3837    .ARM.Collect$$libinit$$00000011  c_w.l(libinit2.o)
    0x08000174   0x08000174   0x00000000   Code   RO         3839    .ARM.Collect$$libinit$$00000013  c_w.l(libinit2.o)
    0x08000174   0x08000174   0x00000000   Code   RO         3841    .ARM.Collect$$libinit$$00000015  c_w.l(libinit2.o)
    0x08000174   0x08000174   0x00000000   Code   RO         3843    .ARM.Collect$$libinit$$00000017  c_w.l(libinit2.o)
    0x08000174   0x08000174   0x00000000   Code   RO         3845    .ARM.Collect$$libinit$$00000019  c_w.l(libinit2.o)
    0x08000174   0x08000174   0x00000000   Code   RO         3847    .ARM.Collect$$libinit$$0000001B  c_w.l(libinit2.o)
    0x08000174   0x08000174   0x00000000   Code   RO         3849    .ARM.Collect$$libinit$$0000001D  c_w.l(libinit2.o)
    0x08000174   0x08000174   0x00000000   Code   RO         3851    .ARM.Collect$$libinit$$0000001F  c_w.l(libinit2.o)
    0x08000174   0x08000174   0x00000000   Code   RO         3853    .ARM.Collect$$libinit$$00000021  c_w.l(libinit2.o)
    0x08000174   0x08000174   0x00000000   Code   RO         3855    .ARM.Collect$$libinit$$00000023  c_w.l(libinit2.o)
    0x08000174   0x08000174   0x00000004   Code   RO         3856    .ARM.Collect$$libinit$$00000024  c_w.l(libinit2.o)
    0x08000178   0x08000178   0x00000000   Code   RO         3857    .ARM.Collect$$libinit$$00000025  c_w.l(libinit2.o)
    0x08000178   0x08000178   0x00000000   Code   RO         3861    .ARM.Collect$$libinit$$0000002C  c_w.l(libinit2.o)
    0x08000178   0x08000178   0x00000000   Code   RO         3863    .ARM.Collect$$libinit$$0000002E  c_w.l(libinit2.o)
    0x08000178   0x08000178   0x00000000   Code   RO         3865    .ARM.Collect$$libinit$$00000030  c_w.l(libinit2.o)
    0x08000178   0x08000178   0x00000000   Code   RO         3867    .ARM.Collect$$libinit$$00000032  c_w.l(libinit2.o)
    0x08000178   0x08000178   0x00000002   Code   RO         3868    .ARM.Collect$$libinit$$00000033  c_w.l(libinit2.o)
    0x0800017a   0x0800017a   0x00000002   Code   RO         3997    .ARM.Collect$$libshutdown$$00000000  c_w.l(libshutdown.o)
    0x0800017c   0x0800017c   0x00000000   Code   RO         3870    .ARM.Collect$$libshutdown$$00000002  c_w.l(libshutdown2.o)
    0x0800017c   0x0800017c   0x00000004   Code   RO         3871    .ARM.Collect$$libshutdown$$00000003  c_w.l(libshutdown2.o)
    0x08000180   0x08000180   0x00000000   Code   RO         3872    .ARM.Collect$$libshutdown$$00000004  c_w.l(libshutdown2.o)
    0x08000180   0x08000180   0x00000000   Code   RO         3875    .ARM.Collect$$libshutdown$$00000007  c_w.l(libshutdown2.o)
    0x08000180   0x08000180   0x00000000   Code   RO         3878    .ARM.Collect$$libshutdown$$0000000A  c_w.l(libshutdown2.o)
    0x08000180   0x08000180   0x00000000   Code   RO         3880    .ARM.Collect$$libshutdown$$0000000C  c_w.l(libshutdown2.o)
    0x08000180   0x08000180   0x00000000   Code   RO         3883    .ARM.Collect$$libshutdown$$0000000F  c_w.l(libshutdown2.o)
    0x08000180   0x08000180   0x00000002   Code   RO         3884    .ARM.Collect$$libshutdown$$00000010  c_w.l(libshutdown2.o)
    0x08000182   0x08000182   0x00000000   Code   RO         3684    .ARM.Collect$$rtentry$$00000000  c_w.l(__rtentry.o)
    0x08000182   0x08000182   0x00000000   Code   RO         3708    .ARM.Collect$$rtentry$$00000002  c_w.l(__rtentry2.o)
    0x08000182   0x08000182   0x00000006   Code   RO         3720    .ARM.Collect$$rtentry$$00000004  c_w.l(__rtentry4.o)
    0x08000188   0x08000188   0x00000000   Code   RO         3710    .ARM.Collect$$rtentry$$00000009  c_w.l(__rtentry2.o)
    0x08000188   0x08000188   0x00000004   Code   RO         3711    .ARM.Collect$$rtentry$$0000000A  c_w.l(__rtentry2.o)
    0x0800018c   0x0800018c   0x00000000   Code   RO         3713    .ARM.Collect$$rtentry$$0000000C  c_w.l(__rtentry2.o)
    0x0800018c   0x0800018c   0x00000008   Code   RO         3714    .ARM.Collect$$rtentry$$0000000D  c_w.l(__rtentry2.o)
    0x08000194   0x08000194   0x00000002   Code   RO         3893    .ARM.Collect$$rtexit$$00000000  c_w.l(rtexit.o)
    0x08000196   0x08000196   0x00000000   Code   RO         3943    .ARM.Collect$$rtexit$$00000002  c_w.l(rtexit2.o)
    0x08000196   0x08000196   0x00000004   Code   RO         3944    .ARM.Collect$$rtexit$$00000003  c_w.l(rtexit2.o)
    0x0800019a   0x0800019a   0x00000006   Code   RO         3945    .ARM.Collect$$rtexit$$00000004  c_w.l(rtexit2.o)
    0x080001a0   0x080001a0   0x00000000   Code   RO         3949    .emb_text           c_w.l(maybetermalloc1.o)
    0x080001a0   0x080001a0   0x00000040   Code   RO            4    .text               startup_stm32f103xb.o
    0x080001e0   0x080001e0   0x00000018   Code   RO         3620    .text               c_w.l(noretval__2printf.o)
    0x080001f8   0x080001f8   0x0000004e   Code   RO         3624    .text               c_w.l(_printf_pad.o)
    0x08000246   0x08000246   0x00000002   PAD
    0x08000248   0x08000248   0x00000078   Code   RO         3626    .text               c_w.l(_printf_dec.o)
    0x080002c0   0x080002c0   0x00000138   Code   RO         3640    .text               c_w.l(__printf_flags_wp.o)
    0x080003f8   0x080003f8   0x00000024   Code   RO         3650    .text               c_w.l(strstr.o)
    0x0800041c   0x0800041c   0x0000004e   Code   RO         3652    .text               c_w.l(rt_memclr_w.o)
    0x0800046a   0x0800046a   0x00000006   Code   RO         3654    .text               c_w.l(heapauxi.o)
    0x08000470   0x08000470   0x000000b2   Code   RO         3685    .text               c_w.l(_printf_intcommon.o)
    0x08000522   0x08000522   0x00000002   PAD
    0x08000524   0x08000524   0x00000024   Code   RO         3687    .text               c_w.l(_printf_char_file.o)
    0x08000548   0x08000548   0x00000030   Code   RO         3722    .text               c_w.l(_printf_char_common.o)
    0x08000578   0x08000578   0x00000008   Code   RO         3724    .text               c_w.l(ferror.o)
    0x08000580   0x08000580   0x00000138   Code   RO         3726    .text               c_w.l(initio.o)
    0x080006b8   0x080006b8   0x00000066   Code   RO         3734    .text               c_w.l(sys_io.o)
    0x0800071e   0x0800071e   0x0000004a   Code   RO         3741    .text               c_w.l(sys_stackheap_outer.o)
    0x08000768   0x08000768   0x0000004e   Code   RO         3745    .text               c_w.l(h1_free.o)
    0x080007b6   0x080007b6   0x00000046   Code   RO         3801    .text               c_w.l(setvbuf.o)
    0x080007fc   0x080007fc   0x000000ec   Code   RO         3804    .text               c_w.l(fopen.o)
    0x080008e8   0x080008e8   0x0000004c   Code   RO         3806    .text               c_w.l(fclose.o)
    0x08000934   0x08000934   0x00000012   Code   RO         3812    .text               c_w.l(exit.o)
    0x08000946   0x08000946   0x0000000e   Code   RO         3814    .text               c_w.l(defsig_rtred_outer.o)
    0x08000954   0x08000954   0x00000008   Code   RO         3887    .text               c_w.l(libspace.o)
    0x0800095c   0x0800095c   0x00000002   Code   RO         3890    .text               c_w.l(use_no_semi.o)
    0x0800095e   0x0800095e   0x00000000   Code   RO         3892    .text               c_w.l(indicate_semi.o)
    0x0800095e   0x0800095e   0x00000002   PAD
    0x08000960   0x08000960   0x00000008   Code   RO         3900    .text               c_w.l(rt_heap_descriptor_intlibspace.o)
    0x08000968   0x08000968   0x00000004   Code   RO         3902    .text               c_w.l(hguard.o)
    0x0800096c   0x0800096c   0x0000008a   Code   RO         3904    .text               c_w.l(init_alloc.o)
    0x080009f6   0x080009f6   0x0000005e   Code   RO         3910    .text               c_w.l(h1_alloc.o)
    0x08000a54   0x08000a54   0x000000f8   Code   RO         3924    .text               c_w.l(fseek.o)
    0x08000b4c   0x08000b4c   0x000000f0   Code   RO         3926    .text               c_w.l(stdio.o)
    0x08000c3c   0x08000c3c   0x0000000a   Code   RO         3928    .text               c_w.l(defsig_exit.o)
    0x08000c46   0x08000c46   0x00000002   PAD
    0x08000c48   0x08000c48   0x00000034   Code   RO         3930    .text               c_w.l(defsig_rtred_inner.o)
    0x08000c7c   0x08000c7c   0x0000003e   Code   RO         3932    .text               c_w.l(strlen.o)
    0x08000cba   0x08000cba   0x00000002   PAD
    0x08000cbc   0x08000cbc   0x0000000c   Code   RO         3940    .text               c_w.l(sys_exit.o)
    0x08000cc8   0x08000cc8   0x0000000e   Code   RO         3951    .text               c_w.l(h1_init.o)
    0x08000cd6   0x08000cd6   0x00000034   Code   RO         3953    .text               c_w.l(h1_extend.o)
    0x08000d0a   0x08000d0a   0x00000042   Code   RO         3959    .text               c_w.l(ftell.o)
    0x08000d4c   0x08000d4c   0x00000032   Code   RO         3963    .text               c_w.l(defsig_general.o)
    0x08000d7e   0x08000d7e   0x0000000e   Code   RO         3965    .text               c_w.l(defsig_rtmem_outer.o)
    0x08000d8c   0x08000d8c   0x0000000e   Code   RO         3978    .text               c_w.l(sys_wrch.o)
    0x08000d9a   0x08000d9a   0x00000002   PAD
    0x08000d9c   0x08000d9c   0x00000008   Code   RO         3985    .text               c_w.l(rt_errno_addr_intlibspace.o)
    0x08000da4   0x08000da4   0x00000050   Code   RO         3991    .text               c_w.l(defsig_rtmem_inner.o)
    0x08000df4   0x08000df4   0x0000005c   Code   RO         3342    i.AckBus            htu21d.o
    0x08000e50   0x08000e50   0x0000002a   Code   RO         3252    i.AscToHex          emw3060_at.o
    0x08000e7a   0x08000e7a   0x00000002   Code   RO          410    i.BusFault_Handler  stm32f1xx_it.o
    0x08000e7c   0x08000e7c   0x00000060   Code   RO         3554    i.CalculateWeek     time.o
    0x08000edc   0x08000edc   0x0000000c   Code   RO         3524    i.CalculationLunarCalendar  lunar_calendar.o
    0x08000ee8   0x08000ee8   0x000000b4   Code   RO         3555    i.ClockRun          time.o
    0x08000f9c   0x08000f9c   0x0000000c   Code   RO          411    i.DMA1_Channel4_IRQHandler  stm32f1xx_it.o
    0x08000fa8   0x08000fa8   0x0000000c   Code   RO          412    i.DMA1_Channel5_IRQHandler  stm32f1xx_it.o
    0x08000fb4   0x08000fb4   0x0000002a   Code   RO         1235    i.DMA_SetConfig     stm32f1xx_hal_dma.o
    0x08000fde   0x08000fde   0x00000002   Code   RO          413    i.DebugMon_Handler  stm32f1xx_it.o
    0x08000fe0   0x08000fe0   0x00000008   Code   RO         3343    i.DelayUs           htu21d.o
    0x08000fe8   0x08000fe8   0x0000015c   Code   RO         3445    i.DispDate          hub75d.o
    0x08001144   0x08001144   0x000000ac   Code   RO         3446    i.DispLunarCalendar  hub75d.o
    0x080011f0   0x080011f0   0x00000128   Code   RO         3447    i.DispTemperatureHumidity  hub75d.o
    0x08001318   0x08001318   0x0000017c   Code   RO         3448    i.DispTime          hub75d.o
    0x08001494   0x08001494   0x00000018   Code   RO         3253    i.EMW3060_AT_GetTime  emw3060_at.o
    0x080014ac   0x080014ac   0x00000006   Code   RO          414    i.EXTI0_IRQHandler  stm32f1xx_it.o
    0x080014b2   0x080014b2   0x00000002   PAD
    0x080014b4   0x080014b4   0x000000f4   Code   RO           13    i.EnterStandbyMode  main.o
    0x080015a8   0x080015a8   0x00000002   Code   RO           14    i.Error_Handler     main.o
    0x080015aa   0x080015aa   0x00000002   PAD
    0x080015ac   0x080015ac   0x0000000c   Code   RO         3556    i.Get1sFlag         time.o
    0x080015b8   0x080015b8   0x0000009c   Code   RO         3557    i.GetClock          time.o
    0x08001654   0x08001654   0x0000000c   Code   RO         3344    i.GetHumidity       htu21d.o
    0x08001660   0x08001660   0x00000010   Code   RO         3525    i.GetLunarCalendar  lunar_calendar.o
    0x08001670   0x08001670   0x0000000c   Code   RO         3345    i.GetTemperature    htu21d.o
    0x0800167c   0x0800167c   0x00000008   Code   RO         3558    i.GetTimeData       time.o
    0x08001684   0x08001684   0x00000046   Code   RO         1236    i.HAL_DMA_Abort     stm32f1xx_hal_dma.o
    0x080016ca   0x080016ca   0x00000002   PAD
    0x080016cc   0x080016cc   0x00000098   Code   RO         1237    i.HAL_DMA_Abort_IT  stm32f1xx_hal_dma.o
    0x08001764   0x08001764   0x000000d4   Code   RO         1238    i.HAL_DMA_DeInit    stm32f1xx_hal_dma.o
    0x08001838   0x08001838   0x00000154   Code   RO         1241    i.HAL_DMA_IRQHandler  stm32f1xx_hal_dma.o
    0x0800198c   0x0800198c   0x0000016c   Code   RO         1242    i.HAL_DMA_Init      stm32f1xx_hal_dma.o
    0x08001af8   0x08001af8   0x000000cc   Code   RO         1246    i.HAL_DMA_Start_IT  stm32f1xx_hal_dma.o
    0x08001bc4   0x08001bc4   0x00000024   Code   RO          864    i.HAL_Delay         stm32f1xx_hal.o
    0x08001be8   0x08001be8   0x0000016c   Code   RO         1169    i.HAL_GPIO_DeInit   stm32f1xx_hal_gpio.o
    0x08001d54   0x08001d54   0x0000000e   Code   RO           15    i.HAL_GPIO_EXTI_Callback  main.o
    0x08001d62   0x08001d62   0x00000002   PAD
    0x08001d64   0x08001d64   0x00000018   Code   RO         1171    i.HAL_GPIO_EXTI_IRQHandler  stm32f1xx_hal_gpio.o
    0x08001d7c   0x08001d7c   0x00000324   Code   RO         1172    i.HAL_GPIO_Init     stm32f1xx_hal_gpio.o
    0x080020a0   0x080020a0   0x00000058   Code   RO         1174    i.HAL_GPIO_ReadPin  stm32f1xx_hal_gpio.o
    0x080020f8   0x080020f8   0x00000060   Code   RO         1175    i.HAL_GPIO_TogglePin  stm32f1xx_hal_gpio.o
    0x08002158   0x08002158   0x0000006c   Code   RO         1176    i.HAL_GPIO_WritePin  stm32f1xx_hal_gpio.o
    0x080021c4   0x080021c4   0x0000000c   Code   RO          868    i.HAL_GetTick       stm32f1xx_hal.o
    0x080021d0   0x080021d0   0x00000010   Code   RO          874    i.HAL_IncTick       stm32f1xx_hal.o
    0x080021e0   0x080021e0   0x00000024   Code   RO          875    i.HAL_Init          stm32f1xx_hal.o
    0x08002204   0x08002204   0x00000040   Code   RO          876    i.HAL_InitTick      stm32f1xx_hal.o
    0x08002244   0x08002244   0x00000044   Code   RO          525    i.HAL_MspInit       stm32f1xx_hal_msp.o
    0x08002288   0x08002288   0x0000006c   Code   RO         1331    i.HAL_NVIC_DisableIRQ  stm32f1xx_hal_cortex.o
    0x080022f4   0x080022f4   0x00000064   Code   RO         1332    i.HAL_NVIC_EnableIRQ  stm32f1xx_hal_cortex.o
    0x08002358   0x08002358   0x000000a0   Code   RO         1338    i.HAL_NVIC_SetPriority  stm32f1xx_hal_cortex.o
    0x080023f8   0x080023f8   0x00000080   Code   RO         1339    i.HAL_NVIC_SetPriorityGrouping  stm32f1xx_hal_cortex.o
    0x08002478   0x08002478   0x0000000c   Code   RO         1454    i.HAL_PWR_EnableBkUpAccess  stm32f1xx_hal_pwr.o
    0x08002484   0x08002484   0x000000a4   Code   RO         1461    i.HAL_PWR_EnterSTOPMode  stm32f1xx_hal_pwr.o
    0x08002528   0x08002528   0x00000118   Code   RO         1134    i.HAL_RCCEx_GetPeriphCLKFreq  stm32f1xx_hal_rcc_ex.o
    0x08002640   0x08002640   0x00000194   Code   RO         1135    i.HAL_RCCEx_PeriphCLKConfig  stm32f1xx_hal_rcc_ex.o
    0x080027d4   0x080027d4   0x0000022c   Code   RO         1032    i.HAL_RCC_ClockConfig  stm32f1xx_hal_rcc.o
    0x08002a00   0x08002a00   0x00000020   Code   RO         1039    i.HAL_RCC_GetPCLK1Freq  stm32f1xx_hal_rcc.o
    0x08002a20   0x08002a20   0x00000020   Code   RO         1040    i.HAL_RCC_GetPCLK2Freq  stm32f1xx_hal_rcc.o
    0x08002a40   0x08002a40   0x0000006c   Code   RO         1041    i.HAL_RCC_GetSysClockFreq  stm32f1xx_hal_rcc.o
    0x08002aac   0x08002aac   0x0000048e   Code   RO         1044    i.HAL_RCC_OscConfig  stm32f1xx_hal_rcc.o
    0x08002f3a   0x08002f3a   0x00000002   Code   RO          760    i.HAL_RTCEx_RTCEventCallback  stm32f1xx_hal_rtc_ex.o
    0x08002f3c   0x08002f3c   0x00000002   Code   RO          761    i.HAL_RTCEx_RTCEventErrorCallback  stm32f1xx_hal_rtc_ex.o
    0x08002f3e   0x08002f3e   0x0000003e   Code   RO          762    i.HAL_RTCEx_RTCIRQHandler  stm32f1xx_hal_rtc_ex.o
    0x08002f7c   0x08002f7c   0x0000002c   Code   RO          763    i.HAL_RTCEx_SetSecond_IT  stm32f1xx_hal_rtc_ex.o
    0x08002fa8   0x08002fa8   0x00000098   Code   RO          590    i.HAL_RTC_GetDate   stm32f1xx_hal_rtc.o
    0x08003040   0x08003040   0x0000011c   Code   RO          592    i.HAL_RTC_GetTime   stm32f1xx_hal_rtc.o
    0x0800315c   0x0800315c   0x00000120   Code   RO          593    i.HAL_RTC_Init      stm32f1xx_hal_rtc.o
    0x0800327c   0x0800327c   0x00000034   Code   RO          261    i.HAL_RTC_MspInit   rtc.o
    0x080032b0   0x080032b0   0x00000190   Code   RO          599    i.HAL_RTC_SetDate   stm32f1xx_hal_rtc.o
    0x08003440   0x08003440   0x00000168   Code   RO          600    i.HAL_RTC_SetTime   stm32f1xx_hal_rtc.o
    0x080035a8   0x080035a8   0x0000003a   Code   RO          601    i.HAL_RTC_WaitForSynchro  stm32f1xx_hal_rtc.o
    0x080035e2   0x080035e2   0x00000028   Code   RO         1343    i.HAL_SYSTICK_Config  stm32f1xx_hal_cortex.o
    0x0800360a   0x0800360a   0x00000002   Code   RO         2549    i.HAL_TIMEx_BreakCallback  stm32f1xx_hal_tim_ex.o
    0x0800360c   0x0800360c   0x00000002   Code   RO         2550    i.HAL_TIMEx_CommutCallback  stm32f1xx_hal_tim_ex.o
    0x0800360e   0x0800360e   0x00000002   PAD
    0x08003610   0x08003610   0x00000108   Code   RO         2568    i.HAL_TIMEx_MasterConfigSynchronization  stm32f1xx_hal_tim_ex.o
    0x08003718   0x08003718   0x0000010c   Code   RO         1844    i.HAL_TIM_Base_Init  stm32f1xx_hal_tim.o
    0x08003824   0x08003824   0x00000028   Code   RO          303    i.HAL_TIM_Base_MspInit  tim.o
    0x0800384c   0x0800384c   0x000000ac   Code   RO         1847    i.HAL_TIM_Base_Start  stm32f1xx_hal_tim.o
    0x080038f8   0x080038f8   0x000000b8   Code   RO         1849    i.HAL_TIM_Base_Start_IT  stm32f1xx_hal_tim.o
    0x080039b0   0x080039b0   0x00000338   Code   RO         1853    i.HAL_TIM_ConfigClockSource  stm32f1xx_hal_tim.o
    0x08003ce8   0x08003ce8   0x00000002   Code   RO         1878    i.HAL_TIM_IC_CaptureCallback  stm32f1xx_hal_tim.o
    0x08003cea   0x08003cea   0x00000166   Code   RO         1892    i.HAL_TIM_IRQHandler  stm32f1xx_hal_tim.o
    0x08003e50   0x08003e50   0x00000002   Code   RO         1895    i.HAL_TIM_OC_DelayElapsedCallback  stm32f1xx_hal_tim.o
    0x08003e52   0x08003e52   0x00000002   Code   RO         1922    i.HAL_TIM_PWM_PulseFinishedCallback  stm32f1xx_hal_tim.o
    0x08003e54   0x08003e54   0x00000002   Code   RO         1930    i.HAL_TIM_PeriodElapsedCallback  stm32f1xx_hal_tim.o
    0x08003e56   0x08003e56   0x00000002   Code   RO         1935    i.HAL_TIM_TriggerCallback  stm32f1xx_hal_tim.o
    0x08003e58   0x08003e58   0x00000002   Code   RO         2827    i.HAL_UARTEx_RxEventCallback  stm32f1xx_hal_uart.o
    0x08003e5a   0x08003e5a   0x00000058   Code   RO         2839    i.HAL_UART_DMAStop  stm32f1xx_hal_uart.o
    0x08003eb2   0x08003eb2   0x00000002   PAD
    0x08003eb4   0x08003eb4   0x0000009c   Code   RO         2840    i.HAL_UART_DeInit   stm32f1xx_hal_uart.o
    0x08003f50   0x08003f50   0x00000002   Code   RO         2841    i.HAL_UART_ErrorCallback  stm32f1xx_hal_uart.o
    0x08003f52   0x08003f52   0x00000002   PAD
    0x08003f54   0x08003f54   0x0000020c   Code   RO         2844    i.HAL_UART_IRQHandler  stm32f1xx_hal_uart.o
    0x08004160   0x08004160   0x00000114   Code   RO         2845    i.HAL_UART_Init     stm32f1xx_hal_uart.o
    0x08004274   0x08004274   0x00000044   Code   RO          344    i.HAL_UART_MspDeInit  usart.o
    0x080042b8   0x080042b8   0x000000cc   Code   RO          345    i.HAL_UART_MspInit  usart.o
    0x08004384   0x08004384   0x0000002a   Code   RO         2849    i.HAL_UART_Receive_DMA  stm32f1xx_hal_uart.o
    0x080043ae   0x080043ae   0x00000002   Code   RO         2851    i.HAL_UART_RxCpltCallback  stm32f1xx_hal_uart.o
    0x080043b0   0x080043b0   0x00000002   Code   RO         2852    i.HAL_UART_RxHalfCpltCallback  stm32f1xx_hal_uart.o
    0x080043b2   0x080043b2   0x00000002   PAD
    0x080043b4   0x080043b4   0x000000b2   Code   RO         2853    i.HAL_UART_Transmit  stm32f1xx_hal_uart.o
    0x08004466   0x08004466   0x00000002   PAD
    0x08004468   0x08004468   0x00000028   Code   RO          346    i.HAL_UART_TxCpltCallback  usart.o
    0x08004490   0x08004490   0x00000188   Code   RO         3346    i.HTU21D_GetData    htu21d.o
    0x08004618   0x08004618   0x00000044   Code   RO         3347    i.HTU21D_I2cInit    htu21d.o
    0x0800465c   0x0800465c   0x0000009c   Code   RO         3348    i.HTU21D_Init       htu21d.o
    0x080046f8   0x080046f8   0x0000006c   Code   RO         3349    i.HTU21D_Reset      htu21d.o
    0x08004764   0x08004764   0x0000002c   Code   RO         3350    i.HTU21D_SDA_SET    htu21d.o
    0x08004790   0x08004790   0x0000003c   Code   RO         3351    i.HTU21D_Sampling   htu21d.o
    0x080047cc   0x080047cc   0x000000a0   Code   RO         3449    i.HUB75D_CalculateCalendar  hub75d.o
    0x0800486c   0x0800486c   0x00000034   Code   RO         3450    i.HUB75D_CtrDec     hub75d.o
    0x080048a0   0x080048a0   0x0000005c   Code   RO         3451    i.HUB75D_DispOnOff  hub75d.o
    0x080048fc   0x080048fc   0x0000005c   Code   RO         3452    i.HUB75D_DispScan   hub75d.o
    0x08004958   0x08004958   0x0000000c   Code   RO         3453    i.HUB75D_SetDispOffCtr  hub75d.o
    0x08004964   0x08004964   0x00000002   Code   RO          415    i.HardFault_Handler  stm32f1xx_it.o
    0x08004966   0x08004966   0x00000002   PAD
    0x08004968   0x08004968   0x0000013c   Code   RO         3526    i.LunarCalendar     lunar_calendar.o
    0x08004aa4   0x08004aa4   0x0000001c   Code   RO          236    i.MX_DMA_Init       dma.o
    0x08004ac0   0x08004ac0   0x000000fc   Code   RO          212    i.MX_GPIO_Init      gpio.o
    0x08004bbc   0x08004bbc   0x00000066   Code   RO           16    i.MX_NVIC_Init      main.o
    0x08004c22   0x08004c22   0x00000002   PAD
    0x08004c24   0x08004c24   0x00000074   Code   RO          262    i.MX_RTC_Init       rtc.o
    0x08004c98   0x08004c98   0x00000068   Code   RO          304    i.MX_TIM4_Init      tim.o
    0x08004d00   0x08004d00   0x00000038   Code   RO          347    i.MX_USART1_UART_Init  usart.o
    0x08004d38   0x08004d38   0x00000002   Code   RO          416    i.MemManage_Handler  stm32f1xx_it.o
    0x08004d3a   0x08004d3a   0x00000002   Code   RO          417    i.NMI_Handler       stm32f1xx_it.o
    0x08004d3c   0x08004d3c   0x00000038   Code   RO         3352    i.NoAckBus          htu21d.o
    0x08004d74   0x08004d74   0x00000006   Code   RO         1464    i.PWR_OverloadWfe   stm32f1xx_hal_pwr.o
    0x08004d7a   0x08004d7a   0x00000002   Code   RO          418    i.PendSV_Handler    stm32f1xx_it.o
    0x08004d7c   0x08004d7c   0x00000150   Code   RO         3254    i.ProcessClock      emw3060_at.o
    0x08004ecc   0x08004ecc   0x00000012   Code   RO          602    i.RTC_Bcd2ToByte    stm32f1xx_hal_rtc.o
    0x08004ede   0x08004ede   0x00000016   Code   RO          603    i.RTC_ByteToBcd2    stm32f1xx_hal_rtc.o
    0x08004ef4   0x08004ef4   0x000000ae   Code   RO          604    i.RTC_DateUpdate    stm32f1xx_hal_rtc.o
    0x08004fa2   0x08004fa2   0x00000034   Code   RO          605    i.RTC_EnterInitMode  stm32f1xx_hal_rtc.o
    0x08004fd6   0x08004fd6   0x00000002   PAD
    0x08004fd8   0x08004fd8   0x00000036   Code   RO          606    i.RTC_ExitInitMode  stm32f1xx_hal_rtc.o
    0x0800500e   0x0800500e   0x00000002   PAD
    0x08005010   0x08005010   0x00000024   Code   RO          419    i.RTC_IRQHandler    stm32f1xx_it.o
    0x08005034   0x08005034   0x0000000e   Code   RO          607    i.RTC_ReadAlarmCounter  stm32f1xx_hal_rtc.o
    0x08005042   0x08005042   0x00000020   Code   RO          608    i.RTC_ReadTimeCounter  stm32f1xx_hal_rtc.o
    0x08005062   0x08005062   0x00000056   Code   RO          609    i.RTC_WeekDayNum    stm32f1xx_hal_rtc.o
    0x080050b8   0x080050b8   0x00000028   Code   RO          610    i.RTC_WriteAlarmCounter  stm32f1xx_hal_rtc.o
    0x080050e0   0x080050e0   0x00000028   Code   RO          611    i.RTC_WriteTimeCounter  stm32f1xx_hal_rtc.o
    0x08005108   0x08005108   0x00000054   Code   RO         3353    i.ReadByte          htu21d.o
    0x0800515c   0x0800515c   0x00000002   Code   RO          420    i.SVC_Handler       stm32f1xx_it.o
    0x0800515e   0x0800515e   0x00000002   PAD
    0x08005160   0x08005160   0x0000000c   Code   RO         3559    i.Set1sFlag         time.o
    0x0800516c   0x0800516c   0x00000094   Code   RO         3560    i.SetClock          time.o
    0x08005200   0x08005200   0x00000140   Code   RO         3454    i.SetScanPin        hub75d.o
    0x08005340   0x08005340   0x0000004c   Code   RO         3354    i.StartBus          htu21d.o
    0x0800538c   0x0800538c   0x0000003c   Code   RO         3355    i.StopBus           htu21d.o
    0x080053c8   0x080053c8   0x00000004   Code   RO          421    i.SysTick_Handler   stm32f1xx_it.o
    0x080053cc   0x080053cc   0x00000068   Code   RO           17    i.SystemClock_Config  main.o
    0x08005434   0x08005434   0x00000048   Code   RO         3174    i.SystemInit        system_stm32f1xx.o
    0x0800547c   0x0800547c   0x00000014   Code   RO          422    i.TIM4_IRQHandler   stm32f1xx_it.o
    0x08005490   0x08005490   0x0000006c   Code   RO         1937    i.TIM_Base_SetConfig  stm32f1xx_hal_tim.o
    0x080054fc   0x080054fc   0x00000014   Code   RO         1948    i.TIM_ETR_SetConfig  stm32f1xx_hal_tim.o
    0x08005510   0x08005510   0x00000010   Code   RO         1949    i.TIM_ITRx_SetConfig  stm32f1xx_hal_tim.o
    0x08005520   0x08005520   0x00000022   Code   RO         1955    i.TIM_TI1_ConfigInputStage  stm32f1xx_hal_tim.o
    0x08005542   0x08005542   0x00000024   Code   RO         1957    i.TIM_TI2_ConfigInputStage  stm32f1xx_hal_tim.o
    0x08005566   0x08005566   0x00000010   Code   RO         2858    i.UART_DMAAbortOnError  stm32f1xx_hal_uart.o
    0x08005576   0x08005576   0x0000004a   Code   RO         2859    i.UART_DMAError     stm32f1xx_hal_uart.o
    0x080055c0   0x080055c0   0x0000005a   Code   RO         2860    i.UART_DMAReceiveCplt  stm32f1xx_hal_uart.o
    0x0800561a   0x0800561a   0x0000001a   Code   RO         2862    i.UART_DMARxHalfCplt  stm32f1xx_hal_uart.o
    0x08005634   0x08005634   0x00000030   Code   RO         2868    i.UART_EndRxTransfer  stm32f1xx_hal_uart.o
    0x08005664   0x08005664   0x00000012   Code   RO         2869    i.UART_EndTxTransfer  stm32f1xx_hal_uart.o
    0x08005676   0x08005676   0x000000b6   Code   RO         2870    i.UART_Receive_IT   stm32f1xx_hal_uart.o
    0x0800572c   0x0800572c   0x0000014c   Code   RO         2871    i.UART_SetConfig    stm32f1xx_hal_uart.o
    0x08005878   0x08005878   0x00000070   Code   RO         2872    i.UART_Start_Receive_DMA  stm32f1xx_hal_uart.o
    0x080058e8   0x080058e8   0x00000064   Code   RO         2874    i.UART_WaitOnFlagUntilTimeout  stm32f1xx_hal_uart.o
    0x0800594c   0x0800594c   0x00000018   Code   RO          423    i.USART1_IRQHandler  stm32f1xx_it.o
    0x08005964   0x08005964   0x00000002   Code   RO          424    i.UsageFault_Handler  stm32f1xx_it.o
    0x08005966   0x08005966   0x00000002   PAD
    0x08005968   0x08005968   0x00000050   Code   RO          349    i.UsartReceive_IDLE  usart.o
    0x080059b8   0x080059b8   0x0000009c   Code   RO         3255    i.WIFI_CtrDec       emw3060_at.o
    0x08005a54   0x08005a54   0x0000007c   Code   RO         3256    i.WIFI_Init         emw3060_at.o
    0x08005ad0   0x08005ad0   0x0000003c   Code   RO         3257    i.WIFI_PowerOnOff   emw3060_at.o
    0x08005b0c   0x08005b0c   0x00000088   Code   RO         3258    i.WIFI_ReceiveProcess  emw3060_at.o
    0x08005b94   0x08005b94   0x000000c8   Code   RO         3356    i.WriteByte         htu21d.o
    0x08005c5c   0x08005c5c   0x00000020   Code   RO         1345    i.__NVIC_SetPriority  stm32f1xx_hal_cortex.o
    0x08005c7c   0x08005c7c   0x0000000e   Code   RO         3638    i._is_digit         c_w.l(__printf_wp.o)
    0x08005c8a   0x08005c8a   0x00000002   Code   RO           18    i.assert_failed     main.o
    0x08005c8c   0x08005c8c   0x00000018   Code   RO          350    i.fputc             usart.o
    0x08005ca4   0x08005ca4   0x000000f8   Code   RO           19    i.main              main.o
    0x08005d9c   0x08005d9c   0x00000062   Code   RO         3658    x$fpl$d2f           fz_ws.l(d2f.o)
    0x08005dfe   0x08005dfe   0x00000002   PAD
    0x08005e00   0x08005e00   0x00000150   Code   RO         3660    x$fpl$dadd          fz_ws.l(daddsub_clz.o)
    0x08005f50   0x08005f50   0x00000010   Code   RO         3696    x$fpl$dcheck1       fz_ws.l(dcheck1.o)
    0x08005f60   0x08005f60   0x00000026   Code   RO         3666    x$fpl$dfltu         fz_ws.l(dflt_clz.o)
    0x08005f86   0x08005f86   0x00000002   PAD
    0x08005f88   0x08005f88   0x00000154   Code   RO         3672    x$fpl$dmul          fz_ws.l(dmul.o)
    0x080060dc   0x080060dc   0x0000009c   Code   RO         3698    x$fpl$dnaninf       fz_ws.l(dnaninf.o)
    0x08006178   0x08006178   0x0000000c   Code   RO         3700    x$fpl$dretinf       fz_ws.l(dretinf.o)
    0x08006184   0x08006184   0x000001d4   Code   RO         3662    x$fpl$dsub          fz_ws.l(daddsub_clz.o)
    0x08006358   0x08006358   0x00000036   Code   RO         3674    x$fpl$ffix          fz_ws.l(ffix.o)
    0x0800638e   0x0800638e   0x00000002   PAD
    0x08006390   0x08006390   0x0000003e   Code   RO         3678    x$fpl$ffixu         fz_ws.l(ffixu.o)
    0x080063ce   0x080063ce   0x0000008c   Code   RO         3702    x$fpl$fnaninf       fz_ws.l(fnaninf.o)
    0x0800645a   0x0800645a   0x0000000a   Code   RO         3704    x$fpl$fretinf       fz_ws.l(fretinf.o)
    0x08006464   0x08006464   0x00000064   Code   RO         3732    x$fpl$retnan        fz_ws.l(retnan.o)
    0x080064c8   0x080064c8   0x0000005c   Code   RO         3682    x$fpl$scalbn        fz_ws.l(scalbn.o)
    0x08006524   0x08006524   0x00000030   Code   RO         3885    x$fpl$trapveneer    fz_ws.l(trapv.o)
    0x08006554   0x08006554   0x00000000   Code   RO         3706    x$fpl$usenofp       fz_ws.l(usenofp.o)
    0x08006554   0x08006554   0x00000010   Data   RO         3175    .constdata          system_stm32f1xx.o
    0x08006564   0x08006564   0x00000008   Data   RO         3176    .constdata          system_stm32f1xx.o
    0x0800656c   0x0800656c   0x00000400   Data   RO         3456    .constdata          hub75d.o
    0x0800696c   0x0800696c   0x00000334   Data   RO         3527    .constdata          lunar_calendar.o
    0x08006ca0   0x08006ca0   0x00000011   Data   RO         3641    .constdata          c_w.l(__printf_flags_wp.o)
    0x08006cb1   0x08006cb1   0x00000004   Data   RO         3735    .constdata          c_w.l(sys_io.o)
    0x08006cb5   0x08006cb5   0x00000004   Data   RO         3736    .constdata          c_w.l(sys_io.o)
    0x08006cb9   0x08006cb9   0x00000004   Data   RO         3737    .constdata          c_w.l(sys_io.o)
    0x08006cbd   0x08006cbd   0x00000003   PAD
    0x08006cc0   0x08006cc0   0x00000020   Data   RO         4016    Region$$Table       anon$$obj.o


    Execution Region RW_IRAM1 (Exec base: 0x20000000, Load base: 0x08006ce0, Size: 0x00000b38, Max: 0x00005000, ABSOLUTE)

    Exec Addr    Load Addr    Size         Type   Attr      Idx    E Section Name        Object

    0x20000000   0x08006ce0   0x0000000c   Data   RW          882    .data               stm32f1xx_hal.o
    0x2000000c   0x08006cec   0x00000004   Data   RW         3177    .data               system_stm32f1xx.o
    0x20000010   0x08006cf0   0x00000005   Data   RW         3259    .data               emw3060_at.o
    0x20000015   0x08006cf5   0x00000001   PAD
    0x20000016   0x08006cf6   0x00000006   Data   RW         3357    .data               htu21d.o
    0x2000001c   0x08006cfc   0x00000006   Data   RW         3457    .data               hub75d.o
    0x20000022   0x08006d02   0x00000003   Data   RW         3528    .data               lunar_calendar.o
    0x20000025   0x08006d05   0x00000001   PAD
    0x20000026   0x08006d06   0x0000000a   Data   RW         3561    .data               time.o
    0x20000030   0x08006d10   0x00000004   Data   RW         3693    .data               c_w.l(stdio_streams.o)
    0x20000034   0x08006d14   0x00000004   Data   RW         3694    .data               c_w.l(stdio_streams.o)
    0x20000038   0x08006d18   0x00000004   Data   RW         3695    .data               c_w.l(stdio_streams.o)
    0x2000003c        -       0x00000014   Zero   RW          263    .bss                rtc.o
    0x20000050        -       0x00000048   Zero   RW          305    .bss                tim.o
    0x20000098        -       0x00000134   Zero   RW          351    .bss                usart.o
    0x200001cc        -       0x0000000e   Zero   RW         3455    .bss                hub75d.o
    0x200001da   0x08006d1c   0x00000002   PAD
    0x200001dc        -       0x00000054   Zero   RW         3690    .bss                c_w.l(stdio_streams.o)
    0x20000230        -       0x00000054   Zero   RW         3691    .bss                c_w.l(stdio_streams.o)
    0x20000284        -       0x00000054   Zero   RW         3692    .bss                c_w.l(stdio_streams.o)
    0x200002d8        -       0x00000060   Zero   RW         3888    .bss                c_w.l(libspace.o)
    0x20000338        -       0x00000400   Zero   RW            2    HEAP                startup_stm32f103xb.o
    0x20000738        -       0x00000400   Zero   RW            1    STACK               startup_stm32f103xb.o


==============================================================================

Image component sizes


      Code (inc. data)   RO Data    RW Data    ZI Data      Debug   Object Name

        28          6          0          0          0        686   dma.o
       878        230          0          5          0       5106   emw3060_at.o
       252         22          0          0          0        959   gpio.o
      1428        230          0          6          0       9065   htu21d.o
      1924         74       1024          6         14       8802   hub75d.o
       344         20        820          3          0       2520   lunar_calendar.o
       716         76          0          0          0     440520   main.o
       168         22          0          0         20       1483   rtc.o
        64         26        236          0       2048        784   startup_stm32f103xb.o
       164         28          0         12          0       5697   stm32f1xx_hal.o
       568        256          0          0          0      29613   stm32f1xx_hal_cortex.o
      1384        204          0          0          0       5647   stm32f1xx_hal_dma.o
      1484        408          0          0          0       5869   stm32f1xx_hal_gpio.o
        68         10          0          0          0        818   stm32f1xx_hal_msp.o
       182         70          0          0          0       1587   stm32f1xx_hal_pwr.o
      1894        210          0          0          0       5200   stm32f1xx_hal_rcc.o
       684        166          0          0          0       2481   stm32f1xx_hal_rcc_ex.o
      2074        298          0          0          0      12460   stm32f1xx_hal_rtc.o
       110          0          0          0          0       2634   stm32f1xx_hal_rtc_ex.o
      2030        290          0          0          0      10816   stm32f1xx_hal_tim.o
       268         72          0          0          0       2341   stm32f1xx_hal_tim_ex.o
      2270        232          0          0          0      14389   stm32f1xx_hal_uart.o
       130         30          0          0          0       6258   stm32f1xx_it.o
        72         16         24          4          0       1107   system_stm32f1xx.o
       144         18          0          0         72       1522   tim.o
       612        124          0         10          0       4509   time.o
       472         52          0          0        308       4426   usart.o

    ----------------------------------------------------------------------
     20442       3190       2136         48       2464     587299   Object Totals
         0          0         32          0          0          0   (incl. Generated)
        30          0          0          2          2          0   (incl. Padding)

    ----------------------------------------------------------------------

      Code (inc. data)   RO Data    RW Data    ZI Data      Debug   Library Member Name

         8          0          0          0          0         68   __main.o
       312          4         17          0          0         92   __printf_flags_wp.o
        14          0          0          0          0         68   __printf_wp.o
         0          0          0          0          0          0   __rtentry.o
        12          0          0          0          0          0   __rtentry2.o
         6          0          0          0          0          0   __rtentry4.o
        52          8          0          0          0          0   __scatter.o
        26          0          0          0          0          0   __scatter_copy.o
        28          0          0          0          0          0   __scatter_zi.o
        48          6          0          0          0         96   _printf_char_common.o
        36          4          0          0          0         80   _printf_char_file.o
         6          0          0          0          0          0   _printf_d.o
       120         16          0          0          0         92   _printf_dec.o
       178          0          0          0          0         88   _printf_intcommon.o
        78          0          0          0          0        108   _printf_pad.o
         0          0          0          0          0          0   _printf_percent.o
         4          0          0          0          0          0   _printf_percent_end.o
        10          0          0          0          0         68   defsig_exit.o
        50          0          0          0          0         88   defsig_general.o
        80         58          0          0          0         76   defsig_rtmem_inner.o
        14          0          0          0          0         80   defsig_rtmem_outer.o
        52         38          0          0          0         76   defsig_rtred_inner.o
        14          0          0          0          0         80   defsig_rtred_outer.o
        18          0          0          0          0         80   exit.o
        76          0          0          0          0         88   fclose.o
         8          0          0          0          0         68   ferror.o
       236          4          0          0          0        128   fopen.o
       248          6          0          0          0         84   fseek.o
        66          0          0          0          0         76   ftell.o
        94          0          0          0          0         80   h1_alloc.o
        52          0          0          0          0         68   h1_extend.o
        78          0          0          0          0         80   h1_free.o
        14          0          0          0          0         84   h1_init.o
         6          0          0          0          0        152   heapauxi.o
         4          0          0          0          0        136   hguard.o
         0          0          0          0          0          0   indicate_semi.o
       138          0          0          0          0        168   init_alloc.o
       312         46          0          0          0        112   initio.o
         2          0          0          0          0          0   libinit.o
        14          0          0          0          0          0   libinit2.o
         2          0          0          0          0          0   libshutdown.o
         6          0          0          0          0          0   libshutdown2.o
         8          4          0          0         96         68   libspace.o
         0          0          0          0          0          0   maybetermalloc1.o
        24          4          0          0          0         84   noretval__2printf.o
         8          4          0          0          0         68   rt_errno_addr_intlibspace.o
         8          4          0          0          0         68   rt_heap_descriptor_intlibspace.o
        78          0          0          0          0         80   rt_memclr_w.o
         2          0          0          0          0          0   rtexit.o
        10          0          0          0          0          0   rtexit2.o
        70          0          0          0          0         80   setvbuf.o
       240          6          0          0          0        156   stdio.o
         0          0          0         12        252          0   stdio_streams.o
        62          0          0          0          0         76   strlen.o
        36          0          0          0          0         80   strstr.o
        12          4          0          0          0         68   sys_exit.o
       102          0         12          0          0        240   sys_io.o
        74          0          0          0          0         80   sys_stackheap_outer.o
        14          0          0          0          0         76   sys_wrch.o
         2          0          0          0          0         68   use_no_semi.o
        98          4          0          0          0         92   d2f.o
       804         16          0          0          0        272   daddsub_clz.o
        16          4          0          0          0         68   dcheck1.o
        38          0          0          0          0         68   dflt_clz.o
       340         12          0          0          0        104   dmul.o
       156          4          0          0          0         92   dnaninf.o
        12          0          0          0          0         68   dretinf.o
        54          4          0          0          0         84   ffix.o
        62          4          0          0          0         84   ffixu.o
       140          4          0          0          0         84   fnaninf.o
        10          0          0          0          0         68   fretinf.o
       100          0          0          0          0         68   retnan.o
        92          0          0          0          0         68   scalbn.o
        48          0          0          0          0         68   trapv.o
         0          0          0          0          0          0   usenofp.o

    ----------------------------------------------------------------------
      5262        268         32         12        348       5144   Library Totals
        20          0          3          0          0          0   (incl. Padding)

    ----------------------------------------------------------------------

      Code (inc. data)   RO Data    RW Data    ZI Data      Debug   Library Name

      3272        216         29         12        348       3856   c_w.l
      1970         52          0          0          0       1288   fz_ws.l

    ----------------------------------------------------------------------
      5262        268         32         12        348       5144   Library Totals

    ----------------------------------------------------------------------

==============================================================================


      Code (inc. data)   RO Data    RW Data    ZI Data      Debug   

     25704       3458       2168         60       2812     581103   Grand Totals
     25704       3458       2168         60       2812     581103   ELF Image Totals
     25704       3458       2168         60          0          0   ROM Totals

==============================================================================

    Total RO  Size (Code + RO Data)                27872 (  27.22kB)
    Total RW  Size (RW Data + ZI Data)              2872 (   2.80kB)
    Total ROM Size (Code + RO Data + RW Data)      27932 (  27.28kB)

==============================================================================

