<html>
<body>
<pre>
<h1>µVision Build Log</h1>
<h2>Tool Versions:</h2>
IDE-Version: ¦ÌVision V5.24.2.0
Copyright (C) 2017 ARM Ltd and ARM Germany GmbH. All rights reserved.
License Information: wen huafeng, ABC, LIC=32B1Q-NCLF6-45BT5-GWUAB-JXCRL-JTUCN
 
Tool Versions:
Toolchain:       MDK-ARM Plus  Version: 5.24.1
Toolchain Path:  D:\Keil_v5\ARM\ARMCC\Bin
C Compiler:      Armcc.exe V5.06 update 5 (build 528)
Assembler:       Armasm.exe V5.06 update 5 (build 528)
Linker/Locator:  ArmLink.exe V5.06 update 5 (build 528)
Library Manager: ArmAr.exe V5.06 update 5 (build 528)
Hex Converter:   FromElf.exe V5.06 update 5 (build 528)
CPU DLL:         SARMCM3.DLL V5.24.1
Dialog DLL:      DCM.DLL V1.16.0.0
Target DLL:      UL2CM3.DLL V1.160.3.0
Dialog DLL:      TCM.DLL V1.32.0.0
 
<h2>Project:</h2>
D:\src\LED32X64_WIFI_CLOCK\MDK-ARM\CLOCK_STM32F103C8T6_WIFI.uvprojx
Project File Date:  01/01/2022

<h2>Output:</h2>
*** Using Compiler 'V5.06 update 5 (build 528)', folder: 'D:\Keil_v5\ARM\ARMCC\Bin'
Rebuild target 'CLOCK_STM32F103C8T6_WIFI'
assembling startup_stm32f103xb.s...
compiling dma.c...
compiling stm32f1xx_hal_gpio_ex.c...
compiling tim.c...
compiling rtc.c...
compiling stm32f1xx_hal_msp.c...
compiling stm32f1xx_it.c...
compiling stm32f1xx_hal_rtc.c...
compiling main.c...
../Core/Src/main.c(74): warning:  #1215-D: #warning directive: message "Software_Version: <V209>"
  #warning message "Software_Version: <V209>"
../Core/Src/main.c(75): warning:  #1215-D: #warning directive: message "Software_Date:    2022/01/01"
  #warning message "Software_Date:    2022/01/01"
../Core/Src/main.c(76): warning:  #1215-D: #warning directive: message "Software_Project: CLOCK_WIFI"
  #warning message "Software_Project: CLOCK_WIFI"
../Core/Src/main.c(77): warning:  #1215-D: #warning directive: message "Software_MCU:     STM32F103C8T6"
  #warning message "Software_MCU:     STM32F103C8T6"
../Core/Src/main.c(78): warning:  #1215-D: #warning directive: message "Main_OSC:         EXT_8M=IXT_72MHz"
  #warning message "Main_OSC:         EXT_8M=IXT_72MHz"
../Core/Src/main.c(79): warning:  #1215-D: #warning directive: message "SUB_OSC:          EXT_32.768KHZ"
  #warning message "SUB_OSC:          EXT_32.768KHZ"
../Core/Src/main.c(80): warning:  #1215-D: #warning directive: message "Author:           wenhuafeng"
  #warning message "Author:           wenhuafeng"
../Core/Src/main.c: 7 warnings, 0 errors
compiling stm32f1xx_hal_rtc_ex.c...
compiling usart.c...
compiling gpio.c...
compiling stm32f1xx_hal.c...
compiling stm32f1xx_hal_gpio.c...
compiling stm32f1xx_hal_rcc_ex.c...
compiling stm32f1xx_hal_flash_ex.c...
compiling stm32f1xx_hal_rcc.c...
compiling stm32f1xx_hal_flash.c...
compiling stm32f1xx_hal_dma.c...
compiling stm32f1xx_hal_cortex.c...
compiling stm32f1xx_hal_pwr.c...
compiling lunar_calendar.c...
compiling stm32f1xx_hal_exti.c...
compiling system_stm32f1xx.c...
compiling stm32f1xx_hal_uart.c...
compiling delay.c...
compiling esp8266_at.c...
compiling time.c...
compiling stm32f1xx_hal_tim_ex.c...
compiling emw3060_at.c...
compiling htu21d.c...
compiling hub75d.c...
compiling stm32f1xx_hal_tim.c...
linking...
Program Size: Code=25704 RO-data=2168 RW-data=60 ZI-data=2812  
FromELF: creating hex file...
"CLOCK_STM32F103C8T6_WIFI\CLOCK_STM32F103C8T6_WIFI.axf" - 0 Error(s), 7 Warning(s).

<h2>Software Packages used:</h2>

Package Vendor: ARM
                http://www.keil.com/pack/ARM.CMSIS.5.0.1.pack
                ARM.CMSIS.5.0.1
                CMSIS (Cortex Microcontroller Software Interface Standard)
   * Component: CORE Version: 5.0.1

Package Vendor: Keil
                http://www.keil.com/pack/Keil.STM32F1xx_DFP.2.3.0.pack
                Keil.STM32F1xx_DFP.2.3.0
                STMicroelectronics STM32F1 Series Device Support, Drivers and Examples

<h2>Collection of Component include folders:</h2>
  .\RTE\_CLOCK_STM32F103C8T6_WIFI
  D:\Keil_v5\ARM\PACK\ARM\CMSIS\5.0.1\CMSIS\Include
  D:\Keil_v5\ARM\PACK\Keil\STM32F1xx_DFP\2.3.0\Device\Include

<h2>Collection of Component Files used:</h2>

   * Component: ARM::CMSIS:CORE:5.0.1
Build Time Elapsed:  00:00:15
</pre>
</body>
</html>
